07-31 17:37:04.277  4274  4274 I LightBarController: onStatusBarAppearanceChanged appearanceRegions:AppearanceRegion{LIGHT_STATUS_BARS bounds=[0,0][1840,2800]},  sbModeChanged:false, statusBarMode:0, stackAppearancesChanged:true, navbarColorManagedByIme:false
07-31 17:37:04.277  4274  4274 I LightBarController: statusbar mAppearanceRegions:AppearanceRegion{LIGHT_STATUS_BARS bounds=[0,0][1840,2800]}
07-31 17:37:04.277  4274  4274 I LightBarController: updateStatus numLightStacks:1, numStacks:1
07-31 17:37:04.277  4274  4274 I HwStatusBarCapsuleHelper: onUiModeChanged
07-31 17:37:04.278  4274  4274 I StatusBarLayout: refreshTint: tint: b2000000, area:Rect(0, 0 - 0, 0)
07-31 17:37:04.278  4274  4274 I HwStatusBarCapsuleHelper: onUiModeChanged
07-31 17:37:04.278  1851  1901 I ActivityManager: before write dropbox time 1753954624277 eventType is wtf dataFile is false
07-31 17:37:04.278  4274  4274 I NavigationBar: navigationbar appearance:1000,mAppearance:1000,mTransientShown:false
07-31 17:37:04.288  4588  9291 I ApsSceneManager: APS: APK: setSceneInfoToAgp: scene:TRANSIT_OLD_ACTIVITY_CLOSE, scnenCategory:TRANSIT_ACTIVITY, state:1
07-31 17:37:04.288  4588  9291 I ApsBdata: cacheSceneInfo come scene: TRANSIT_OLD_ACTIVITY_CLOSE, state: 1
07-31 17:37:04.288  1315  1315 I AGPService: Bn-> aps-info: set scene info - scene: TRANSIT_OLD_ACTIVITY_CLOSE, sceneCategory: TRANSIT_ACTIVITY, status: 1, priorityLevel: 0
07-31 17:37:04.288  1315  1315 I AGPService: FrameRateManager:[UpdateSceneStatus] scene TRANSIT_OLD_ACTIVITY_CLOSE and sceneCategory TRANSIT_ACTIVITY enter
07-31 17:37:04.288  1315  1353 I AGPService: FrameRateManager:[CheckAnimationTimeOut] timeout animation check Before 0, After 0
07-31 17:37:04.288  1315  1353 I AGPService: FrameRateManager:[HandleFrameRateRefresh] currPkgName: com.simplemobiletools.musicplayer, strategyCode 6090: dynamicCode 1, isFactor 0, min 60, max 90, down 90, idle 60
07-31 17:37:04.288  1315  1353 I AGPService: FrameRateManager:[JudgeFinalLcdFps] sceneinfo(90, 4, 1, 0);touchinfo(1, 0, 2, 90);isFHF 0 animFps -1 sfFps 45 damageFps -1 pkg  isSurface 1
07-31 17:37:04.288  1315  1353 I AGPService: FrameRateManager:[JudgeFinalLcdFps] Finish judging and final lcd fps: 90
07-31 17:37:04.288  1315  1353 I AGPService: FrameRateManager:[DecideAndSendRefreshRate] displayEngineLimitFps -1, sf: 45, overHeatLcdFps -1, final refresh rate 90
07-31 17:37:04.289  1315  1353 I AGPService: display get fps - current_fps:90;default_fps:120;support_fps_list:120,45,48,60,72,90,144;product_panel_num:1;current_panel_id:0;panel_id:0;panel_type:LTPO2;support_fps:120,45,48,60,72,90,144
07-31 17:37:04.289  1315  1360 I AGPService: FrameRateManager:[SetActiveConfigByFps] reset Pkg isSurface, AnimFps -1, fps to sf 90
07-31 17:37:04.289   907  2461 I SurfaceFlinger: changeRefreshRate: new mode 5, fps 90, active display 0
07-31 17:37:04.289   907  2461 I DisplayDevice: setDesiredActiveMode: already at the desired mode 5
07-31 17:37:04.289  1315  1360 I AGPService: FrameRateManager: set active config - fps 90 pkgName  isSurface 1
07-31 17:37:04.289  1315  1360 I AGPService: FrameRefreshThread: [CheckRefreshRateSuccess]: fps 90
07-31 17:37:04.289   852   852 E HW_DISPLAY_TEST: ltpo_set_fps: open file /sys/class/graphics/fb0/lcd_fps_cmd fail
07-31 17:37:04.289   852   852 E vendor.huawei.hardware.hwdisplay@1.1-service: call display_set_brightness failed: -1
07-31 17:37:04.289  1315  1360 E AGPService: DisplayFreqClient: displaySetFps error, freqIndex: 4, ret: -2
07-31 17:37:04.289  1315  1360 I AGPService: display get fps - current_fps:90;default_fps:120;support_fps_list:120,45,48,60,72,90,144;product_panel_num:1;current_panel_id:0;panel_id:0;panel_type:LTPO2;support_fps:120,45,48,60,72,90,144
07-31 17:37:04.289  1315  1360 I AGPService: FrameRefreshThread: set refreshrate finished, tryRefreshCount = 0, lcdFps = 90
07-31 17:37:04.289  1315  1360 E ITouchService: itouch OneFrameDetect instance is nullptr or oneFrameSwitch is not change
07-31 17:37:04.297   637   637 I android.system.suspend@1.0-service: decSuspendCounter kname=native_PowerManagerService.WakeLocks --mSuspendCounter= 2
07-31 17:37:04.297   907   907 I BufferLayer: preparePerFrameCompositionState: com.simplemobiletools.musicplayer/com.simplemobiletools.musicplayer.activities.MainActivity#13690: first buffer updated to LayerFE. frame=3
07-31 17:37:04.297  1851  4769 I ActivityTaskManager: Stopping ActivityRecord{942453e u11 com.simplemobiletools.musicplayer/.activities.TrackActivity t1100113 f}}: nowVisible=true animating=true finishing=true
07-31 17:37:04.309  1851  4393 I PackageManager: checkQueryAppsPermission, package:com.android.shell callingUid:2000 callingPid:24923
07-31 17:37:04.315  1851  4393 I PackageManager: getInstalledPackages cost 5 ms, flags: 0, userId: 0, callingUid: 2000, callingPid: 24923
07-31 17:37:04.336  1776  1872 W HwLauncher: LauncherDeviceManagerService getCachedLocalDevice: device Manager did not complete initialization
07-31 17:37:04.336  1776  1872 W HwLauncher: LauncherDeviceManagerService getCachedLocalDevice: device Manager did not complete initialization
07-31 17:37:04.336  1776  1776 W HwLauncher: LauncherDeviceManagerService getCachedLocalDevice: device Manager did not complete initialization
07-31 17:37:04.336 23136 23136 W HwLauncher: LauncherDeviceManagerService getCachedLocalDevice: device Manager did not complete initialization
07-31 17:37:04.336  1851  4393 W ActivityTaskManager: do not allow hiding recent tasks, task id: 1100113 , package = com.simplemobiletools.musicplayer
07-31 17:37:04.337  1851  4769 W ActivityTaskManager: do not allow hiding recent tasks, task id: 1100113 , package = com.simplemobiletools.musicplayer
07-31 17:37:04.337  1776  2506 I HwLauncher: LocalTaskList loadTasksInBackground:3 numTasks:3 currentUserId:11
07-31 17:37:04.337  1776  1776 W HwLauncher: LauncherDeviceManagerService getCachedLocalDevice: device Manager did not complete initialization
07-31 17:37:04.337  1776  1776 W HwLauncher: LauncherDeviceManagerService getCachedLocalDevice: device Manager did not complete initialization
07-31 17:37:04.337  1776  1776 W HwLauncher: LauncherDeviceManagerService getCachedLocalDevice: device Manager did not complete initialization
07-31 17:37:04.339  1851  4392 W ActivityTaskManager: do not allow hiding recent tasks, task id: 1100113 , package = com.simplemobiletools.musicplayer
07-31 17:37:04.340  1776  2506 I HwLauncher: LocalTaskList loadTasksInBackground:11 numTasks:16 currentUserId:11
07-31 17:37:04.343 23136 23363 I HwLauncher: LocalTaskList loadTasksInBackground:16 numTasks:16 currentUserId:0
07-31 17:37:04.348  1851  1920 I HwAmbientLuxFilterAlgo: SceneBufferAmbientLux input error,end=30,start=-141,bufferSize=59
07-31 17:37:04.351 23243 24926 W System.err: java.net.SocketException: Broken pipe
07-31 17:37:04.351 23243 24926 W System.err: 	at java.net.SocketOutputStream.socketWrite0(Native Method)
07-31 17:37:04.351 23243 24926 W System.err: 	at java.net.SocketOutputStream.socketWrite(SocketOutputStream.java:117)
07-31 17:37:04.351 23243 24926 W System.err: 	at java.net.SocketOutputStream.write(SocketOutputStream.java:149)
07-31 17:37:04.351 23243 24926 W System.err: 	at io.github.privacystreams.utils.PSDebugSocketServer$SocketSendThread.run(PSDebugSocketServer.java:119)
07-31 17:37:04.365  1851  4393 I Binder  : dump {serviceName:HwPackageManagerService, formatArgs:com.simplemobiletools.musicplayer, callChain:/apex/com.android.adbd/bin/adbd->dumpsys}
07-31 17:37:04.365  1851  4393 I PackageManager: Start dump, calling from : pid=24927,ppid=22076, uid=2000
07-31 17:37:04.371   594   594 I servicemanager: Since 'apexservice' could not be found, trying to start it as a lazy AIDL service
07-31 17:37:04.391   594   594 I servicemanager: add service 'apexservice' from 24931
07-31 17:37:04.392   594   594 I BpBinder: onLastStrongRef automatically unlinking death recipients: <uncached descriptor>
07-31 17:37:04.392   594   594 I servicemanager: Tried to unregister apexservice, but there is about to be a client.
07-31 17:37:04.393  1851  4393 I PackageManager: Finish dump , calling from : pid=24927, ppid=22076, uid=2000
07-31 17:37:04.444 14812 23780 I ols.musicplaye: [SuspendGCController] restore footprint = 35MB
07-31 17:37:04.453  1851  4393 I Binder  : dump {serviceName:HwActivityManagerService, formatArgs:activities, callChain:/apex/com.android.adbd/bin/adbd->dumpsys}
07-31 17:37:04.541  1851  4393 I InputMethodManagerService: reportStartInput to window:android.os.BinderProxy@4f2c384
07-31 17:37:04.542   907  2461 I Layer   : Surface(name=82ed50f InputMethod)/@0xcba7fa5 - animation-leash of insets_animation#13696: created
07-31 17:37:04.542  1851  4392 I Binder  : dump {serviceName:HwActivityManagerService, formatArgs:activities, callChain:/apex/com.android.adbd/bin/adbd->dumpsys}
07-31 17:37:04.545  1851  4769 I HwOcrImeController: updateMultiWindow focus window = com.simplemobiletools.musicplayer/com.simplemobiletools.musicplayer.activities.MainActivity mIsInMultiScreen = false
07-31 17:37:04.545  1851  4769 I HwOcrImeController: updateUser userId = 11 mIsOwnerUser = false
07-31 17:37:04.545  1851  4769 I HwOcrImeController: setOcrImeSupportProp mIsOcrImeValid = true mIsHardKeyboardAvailable = false mIsInMultiScreen = false mIsOwnerUser = false
07-31 17:37:04.545  1851  4769 I HwOcrImeController: setOcrImeSupportProp mIsOcrImeValid = true mIsHardKeyboardAvailable = false mIsInMultiScreen = false mIsOwnerUser = false
07-31 17:37:04.551   907   907 I Layer   : [*#13689] reparent null
07-31 17:37:04.551   907   907 I Layer   : Surface(name=82ed50f InputMethod)/@0xcba7fa5 - animation-leash of insets_animation#13689: destroyed
07-31 17:37:04.633  1851  4769 I Binder  : dump {serviceName:HwActivityManagerService, formatArgs:activities, callChain:/apex/com.android.adbd/bin/adbd->dumpsys}
07-31 17:37:04.666 23243 23243 I InputMethodService: removeImeSurface window.hide
07-31 17:37:04.666  1851  4392 I HwInputMethodManagerService: hideCurrentInputMethodFromWindowNoToken
07-31 17:37:04.699  1851  1920 I HwAmbientLuxFilterAlgo: SceneBufferAmbientLux input error,end=30,start=-141,bufferSize=59
07-31 17:37:04.711  1851  4392 I Binder  : dump {serviceName:HwActivityManagerService, formatArgs:services, callChain:/apex/com.android.adbd/bin/adbd->dumpsys}
07-31 17:37:04.718   907   907 I ExtremeAnimationCore: ExtremeAnimationSpec onAnimationEnd: [ExtremeAnimationSpec: Surface(name=ActivityRecord{6ab2c4 u11 com.simplemobiletools.musicplayer/.activities.MainActivity t1100113})/@0x291e977 - animation-leash of app_transition#13692,0.000000,[Rect: 0,1840,0,2800],[Point: 0,0],1,285661019,{Animation: 0,426,0,1,1,0,0,0,AccelerateDecelerateInterpolator][type:AnimationSet:[childSize:2]{CHILDREN:{Animation: 285661041,426,0,0,1,0,0,0,PathInterpolator 24,24][type:TranslateAnimation -0.200000,0.000000,0.000000,0.000000,-368.000092,0.000000,0.000000,0.000000,1840,1840]}{Animation: 285661041,426,0,0,1,0,0,0,PathInterpolator 24,24][type:AlphaAnimation 0.900000,1.000000]} END_CHILDREN}]]
07-31 17:37:04.718  1851  4393 I system_server: oneway function results for code 2 on binder at 0x6f9e75d4a0 will be dropped but finished with status UNKNOWN_TRANSACTION
07-31 17:37:04.718   907   907 I ExtremeAnimationCore: ExtremeAnimationSpec onAnimationEnd: [ExtremeAnimationSpec: Surface(name=ActivityRecord{942453e u11 com.simplemobiletools.musicplayer/.activities.TrackActivity t1100113})/@0xf7bfe9b - animation-leash of app_transition#13694,0.000000,[Rect: 0,1840,0,2800],[Point: 0,0],1,285661019,{Animation: 0,426,0,1,1,0,0,0,AccelerateDecelerateInterpolator][type:AnimationSet:[childSize:3]{CHILDREN:{Animation: 285661041,426,0,0,1,0,0,0,PathInterpolator 24,24][type:TranslateAnimation 0.000000,0.500000,0.000000,0.000000,0.000000,920.000000,0.000000,0.000000,1840,1840]}{Animation: 285661041,426,0,0,1,0,0,0,PathInterpolator 24,24][type:ClipAnimation [Rect: 0,1840,0,2800],[Rect: 920,1840,0,2800]]}{Animation: 285661041,426,0,0,1,0,0,0,PathInterpolator 24,24][type:AlphaAnimation 1.000000,1.000000]} END_CHILDREN}]]
07-31 17:37:04.718  1851  4350 I system_server: oneway function results for code 2 on binder at 0x6f9e75d5c0 will be dropped but finished with status UNKNOWN_TRANSACTION
07-31 17:37:04.719  4588  9291 I ApsSceneManager: APS: APK: setSceneInfoToAgp: scene:TRANSIT_OLD_ACTIVITY_CLOSE, scnenCategory:TRANSIT_ACTIVITY, state:0
07-31 17:37:04.719  4588  9291 I ApsBdata: cacheSceneInfo come scene: TRANSIT_OLD_ACTIVITY_CLOSE, state: 0
07-31 17:37:04.719  1315  1315 I AGPService: Bn-> aps-info: set scene info - scene: TRANSIT_OLD_ACTIVITY_CLOSE, sceneCategory: TRANSIT_ACTIVITY, status: 0, priorityLevel: 0
07-31 17:37:04.719  1315  1315 I AGPService: FrameRateManager:[UpdateSceneStatus] scene TRANSIT_OLD_ACTIVITY_CLOSE and sceneCategory TRANSIT_ACTIVITY exit
07-31 17:37:04.719  1315  1353 I AGPService: FrameRateManager:[CheckAnimationTimeOut] timeout animation check Before 0, After 0
07-31 17:37:04.720  1315  1353 I AGPService: FrameRateManager:[HandleFrameRateRefresh] currPkgName: com.simplemobiletools.musicplayer, strategyCode 6090: dynamicCode 1, isFactor 0, min 60, max 90, down 90, idle 60
07-31 17:37:04.720  1315  1353 I AGPService: FrameRateManager:[JudgeFinalLcdFps] sceneinfo(0, -2, 0, 0);touchinfo(1, 0, 2, 90);isFHF 0 animFps -1 sfFps 45 damageFps -1 pkg  isSurface 1
07-31 17:37:04.720  1315  1353 I AGPService: FrameRateManager:[JudgeFinalLcdFps] Finish judging and final lcd fps: 90
07-31 17:37:04.720  1315  1353 I AGPService: FrameRateManager:[DecideAndSendRefreshRate] displayEngineLimitFps -1, sf: 45, overHeatLcdFps -1, final refresh rate 90
07-31 17:37:04.720  1315  1353 I AGPService: display get fps - current_fps:90;default_fps:120;support_fps_list:120,45,48,60,72,90,144;product_panel_num:1;current_panel_id:0;panel_id:0;panel_type:LTPO2;support_fps:120,45,48,60,72,90,144
07-31 17:37:04.720  1315  1360 I AGPService: FrameRateManager:[SetActiveConfigByFps] reset Pkg isSurface, AnimFps -1, fps to sf 90
07-31 17:37:04.720   907  2461 I SurfaceFlinger: changeRefreshRate: new mode 5, fps 90, active display 0
07-31 17:37:04.720   907  2461 I DisplayDevice: setDesiredActiveMode: already at the desired mode 5
07-31 17:37:04.720  1315  1360 I AGPService: FrameRateManager: set active config - fps 90 pkgName  isSurface 1
07-31 17:37:04.720  1315  1360 I AGPService: FrameRefreshThread: [CheckRefreshRateSuccess]: fps 90
07-31 17:37:04.720   852   852 E HW_DISPLAY_TEST: ltpo_set_fps: open file /sys/class/graphics/fb0/lcd_fps_cmd fail
07-31 17:37:04.720   852   852 E vendor.huawei.hardware.hwdisplay@1.1-service: call display_set_brightness failed: -1
07-31 17:37:04.720  1315  1360 E AGPService: DisplayFreqClient: displaySetFps error, freqIndex: 4, ret: -2
07-31 17:37:04.720  1315  1360 I AGPService: display get fps - current_fps:90;default_fps:120;support_fps_list:120,45,48,60,72,90,144;product_panel_num:1;current_panel_id:0;panel_id:0;panel_type:LTPO2;support_fps:120,45,48,60,72,90,144
07-31 17:37:04.720  1315  1360 I AGPService: FrameRefreshThread: set refreshrate finished, tryRefreshCount = 0, lcdFps = 90
07-31 17:37:04.721  1315  1360 E ITouchService: itouch OneFrameDetect instance is nullptr or oneFrameSwitch is not change
07-31 17:37:04.724  1851  1883 W WindowManager: onAppTransitionFinishedLocked
07-31 17:37:04.724 14812 23787 I LifecycleTransaction: lifecycleStateRequest DestroyActivityItem{finished=true,mConfigChanges=0}
07-31 17:37:04.724 14812 23799 W BufferQueueProducer: [com.simplemobiletools.musicplayer/com.simplemobiletools.musicplayer.activities.TrackActivity#1(BLAST Consumer)1](id:39dc00000001,api:0,p:-1,c:14812) disconnect: not connected (req=1)
07-31 17:37:04.724 14812 23799 W libEGL  : EGLNativeWindowType 0x6fb12dd010 disconnect failed
07-31 17:37:04.724  1851  4393 I WindowManager: tryStartExitingAnimation destroySurface win=Window{17fbe16 u11 com.simplemobiletools.musicplayer/com.simplemobiletools.musicplayer.activities.TrackActivity}
07-31 17:37:04.727 14812 14812 I ActivityThread: Remove activity client record, r= ActivityRecord{da2469b token=android.os.BinderProxy@461ee63 {com.simplemobiletools.musicplayer/com.simplemobiletools.musicplayer.activities.TrackActivity}} token= android.os.BinderProxy@461ee63
07-31 17:37:04.728  1851  4393 I WindowManager: removeIfPossible: Window{17fbe16 u11 com.simplemobiletools.musicplayer/com.simplemobiletools.musicplayer.activities.TrackActivity} callers=com.android.server.wm.WindowState.removeIfPossible:3430 com.android.server.wm.WindowManagerService.removeWindow:2942 com.android.server.wm.Session.remove:228 android.view.IWindowSession$Stub.onTransact:897 com.android.server.wm.Session.onTransact:179 
07-31 17:37:04.728  1851  4393 W InputManager-JNI: Input channel object '17fbe16 com.simplemobiletools.musicplayer/com.simplemobiletools.musicplayer.activities.TrackActivity (client)' was disposed without first being removed with the input manager!
07-31 17:37:04.728  1851  4393 I WindowManager: Removing Window{17fbe16 u11 com.simplemobiletools.musicplayer/com.simplemobiletools.musicplayer.activities.TrackActivity} from ActivityRecord{942453e u11 com.simplemobiletools.musicplayer/.activities.TrackActivity t1100113 f}}
07-31 17:37:04.729   907   907 I Layer   : [*#13692] reparent null
07-31 17:37:04.729   907   907 I SurfaceFlinger: setClientStateLocked: DelAnimationInfo layer Surface(name=ActivityRecord{6ab2c4 u11 com.simplemobiletools.musicplayer/.activities.MainActivity t1100113})/@0x291e977 - animation-leash of app_transition#13692
07-31 17:37:04.729   907   907 I Layer   : [*#13693] reparent null
07-31 17:37:04.729   907   907 I Layer   : [*#13694] reparent null
07-31 17:37:04.729   907   907 I SurfaceFlinger: setClientStateLocked: DelAnimationInfo layer Surface(name=ActivityRecord{942453e u11 com.simplemobiletools.musicplayer/.activities.TrackActivity t1100113})/@0xf7bfe9b - animation-leash of app_transition#13694
07-31 17:37:04.729   907   907 I Layer   : [*#13695] reparent null
07-31 17:37:04.729   907   907 I Layer   : setFlags: com.simplemobiletools.musicplayer/com.simplemobiletools.musicplayer.activities.TrackActivity#13677 hide
07-31 17:37:04.729   907   907 I Layer   : [*#13677] reparent null
07-31 17:37:04.729   907   907 I Layer   : Surface(name=ActivityRecord{6ab2c4 u11 com.simplemobiletools.musicplayer/.activities.MainActivity t1100113})/@0x291e977 - animation-bounds#13693: destroyed
07-31 17:37:04.729   907   907 I Layer   : Surface(name=ActivityRecord{6ab2c4 u11 com.simplemobiletools.musicplayer/.activities.MainActivity t1100113})/@0x291e977 - animation-leash of app_transition#13692: destroyed
07-31 17:37:04.729   907   907 I Layer   : Surface(name=ActivityRecord{942453e u11 com.simplemobiletools.musicplayer/.activities.TrackActivity t1100113})/@0xf7bfe9b - animation-bounds#13695: destroyed
07-31 17:37:04.729   907   907 I Layer   : Surface(name=ActivityRecord{942453e u11 com.simplemobiletools.musicplayer/.activities.TrackActivity t1100113})/@0xf7bfe9b - animation-leash of app_transition#13694: destroyed
07-31 17:37:04.730  1851  4387 I WindowManager: removeWindowToken: displayid:0 binder:Token{5d360c0 ActivityRecord{942453e u11 com.simplemobiletools.musicplayer/.activities.TrackActivity t1100113 f}}} token:ActivityRecord{942453e u11 com.simplemobiletools.musicplayer/.activities.TrackActivity t1100113 f}}
07-31 17:37:04.730  1851  4387 I WindowManager: removeWindowToken: displayid:0 binder:Token{5d360c0 ActivityRecord{942453e u11 com.simplemobiletools.musicplayer/.activities.TrackActivity t1100113 f}}} token:null
07-31 17:37:04.730  1851  4387 I WindowManager: removeChild: child=ActivityRecord{942453e u11 com.simplemobiletools.musicplayer/.activities.TrackActivity t1100113 f}} reason=removeChild
07-31 17:37:04.730  1851  4387 W ActivityTaskManager: stopFreezingScreen return caused by mFreezingScreen=false this=ActivityRecord{942453e u11 com.simplemobiletools.musicplayer/.activities.TrackActivity t-1 f}}
07-31 17:37:04.730  1851  4387 W ActivityTaskManager: stopFreezingScreen return caused by mFreezingScreen false.
07-31 17:37:04.731  1851  4387 W HwActivityTaskManagerServiceEx: invalid param when resuming applock
07-31 17:37:04.740   907   907 I Layer   : [*#13676] reparent null
07-31 17:37:04.740   907   907 I Layer   : [*#13675] reparent null
07-31 17:37:04.740   907   907 I Layer   : com.simplemobiletools.musicplayer/com.simplemobiletools.musicplayer.activities.TrackActivity#13677: destroyed
07-31 17:37:04.740   907   907 I Layer   : ActivityRecord{942453e u11 com.simplemobiletools.musicplayer/.activities.TrackActivity t1100113}#13675: destroyed
07-31 17:37:04.740   907   907 I Layer   : 17fbe16 com.simplemobiletools.musicplayer/com.simplemobiletools.musicplayer.activities.TrackActivity#13676: destroyed
07-31 17:37:04.874   907  1282 I SurfaceFlinger: hasCaptureBlackoutContentPermission: pid 24958, uid 2000, checkPermissionResult is false
07-31 17:37:04.874   907  1282 I SurfaceFlinger: captureDisplay: end, status 0
07-31 17:37:04.876   595   595 I hwservicemanager: getTransport: Cannot find entry android.hardware.graphics.mapper@4.0::IMapper/default in either framework or device VINTF manifest.
07-31 17:37:04.877 24958 24963 I Gralloc4: mapper 4.x is not supported
07-31 17:37:04.877   595   595 I hwservicemanager: getTransport: Cannot find entry android.hardware.graphics.mapper@3.0::IMapper/default in either framework or device VINTF manifest.
07-31 17:37:04.877 24958 24963 W Gralloc3: mapper 3.x is not supported
07-31 17:37:05.049  1851  1920 I HwAmbientLuxFilterAlgo: SceneBufferAmbientLux input error,end=30,start=-141,bufferSize=59
07-31 17:37:05.170  1851  4350 E UserInfoExt: setUserInfo: userInfo is null!
07-31 17:37:05.170  1851  4350 E UserInfoExt: isClonedProfile: mUserInfo is null!
07-31 17:37:05.170  1851  4350 E UserInfoExt: setUserInfo: userInfo is null!
07-31 17:37:05.178  1350  8694 I CPU_STATS: iawared: query next cpu load with 2!
07-31 17:37:05.179  1350  8694 I CPU_STATS: total cost time 2009715625 ns
07-31 17:37:05.181  1350  8694 I CPU_STATS: iawared: current total load is 0.181177, capacity : 5166, pre load:  15557870179647, current load : 15559707106732
07-31 17:37:05.182  2935  2935 I MediaReceiver: onReceive android.intent.action.MEDIA_SCANNER_SCAN_FILE
07-31 17:37:05.186  1350  8694 I CPU_STATS: read once cost time 7025 us
07-31 17:37:05.194  1851  4392 I ActivityManager: power push bindservice callingPkg:android, pkg:com.android.providers.media.module, callerApp pid:1851, pid:2935
07-31 17:37:05.199  1851  4387 I BroadcastQueue: Finished with ordered [background] broadcast BroadcastRecord{1840a51 u11 android.intent.action.MEDIA_SCANNER_SCAN_FILE} cost time 27,receiversNum 1,max receiver ResolveInfo{4f8d442 com.android.providers.media.module/com.android.providers.media.MediaReceiver m=0x208000} cost time 27
07-31 17:37:05.199  2935  2935 I MediaService: onCreate {MediaVolume name: [external_primary] id: [emulated;11] user: [UserHandle{11}] path: [/storage/emulated/11]}
07-31 17:37:05.199  2935  2935 I MediaService: onBind
07-31 17:37:05.202  4588  3792 I KStateManager: send binder call message, called pid:2935, calling pid:[1851]
07-31 17:37:05.202   637   637 I android.system.suspend@1.0-service: incSuspendCounter kname=native_PowerManagerService.WakeLocks ++mSuspendCounter= 3
07-31 17:37:05.202  4588  5225 I PG_ash  : 1851 binder call 2935
07-31 17:37:05.205  2935  3699 I MediaService: Begin Intent { act=android.intent.action.MEDIA_SCANNER_SCAN_FILE dat=file:///sdcard/screen_2025-07-31_173704.png flg=0x1400010 cmp=com.android.providers.media.module/com.android.providers.media.MediaService }file:///sdcard/screen_2025-07-31_173704.png
07-31 17:37:05.209  2935  3699 I MediaProvider: handleScanSingleFile but scan path is not single file!
07-31 17:37:05.219  2935  3699 I ModernMediaScanner: max id 38
07-31 17:37:05.220  2935  3699 W ModernMediaScanner: Failed to visit one file, meet exception
07-31 17:37:05.220  2935  3699 I ModernMediaScanner: sqlSelection ifnull(format,12288) != 47621 AND (_data LIKE ? ESCAPE '\' OR _data LIKE ? ESCAPE '\') AND generation_added <= 75
07-31 17:37:05.220  2935  3699 W Bundle  : Key android:query-arg-match-trashed expected String but value was a java.lang.Integer.  The default value <null> was returned.
07-31 17:37:05.221  2935  3699 W Bundle  : Attempt to cast generated internal exception:
07-31 17:37:05.221  2935  3699 W Bundle  : java.lang.ClassCastException: java.lang.Integer cannot be cast to java.lang.String
07-31 17:37:05.221  2935  3699 W Bundle  : 	at android.os.BaseBundle.getString(BaseBundle.java:1298)
07-31 17:37:05.221  2935  3699 W Bundle  : 	at com.android.providers.media.scan.ModernMediaScanner$Scan.reconcileAndClean(ModernMediaScanner.java:674)
07-31 17:37:05.221  2935  3699 W Bundle  : 	at com.android.providers.media.scan.ModernMediaScanner$Scan.runInternal(ModernMediaScanner.java:527)
07-31 17:37:05.221  2935  3699 W Bundle  : 	at com.android.providers.media.scan.ModernMediaScanner$Scan.run(ModernMediaScanner.java:503)
07-31 17:37:05.221  2935  3699 W Bundle  : 	at com.android.providers.media.scan.ModernMediaScanner.scanFile(ModernMediaScanner.java:337)
07-31 17:37:05.221  2935  3699 W Bundle  : 	at com.huawei.media.scan.MediaScannerEx.scanFile(MediaScannerEx.java:252)
07-31 17:37:05.221  2935  3699 W Bundle  : 	at com.huawei.media.scan.MediaScannerEx.handleScanSingleFile(MediaScannerEx.java:236)
07-31 17:37:05.221  2935  3699 W Bundle  : 	at com.huawei.media.scan.MediaScannerEx.handledAction(MediaScannerEx.java:157)
07-31 17:37:05.221  2935  3699 W Bundle  : 	at com.huawei.media.scan.MediaScannerEx.onHandleWorkEx(MediaScannerEx.java:115)
07-31 17:37:05.221  2935  3699 W Bundle  : 	at com.android.providers.media.MediaProvider.onHandleWorkEx(MediaProvider.java:1778)
07-31 17:37:05.221  2935  3699 W Bundle  : 	at com.android.providers.media.MediaService.onHandleWorkEx(MediaService.java:406)
07-31 17:37:05.221  2935  3699 W Bundle  : 	at com.android.providers.media.MediaService.onHandleWork(MediaService.java:152)
07-31 17:37:05.221  2935  3699 W Bundle  : 	at androidx.core.app.JobIntentService$CommandProcessor.doInBackground(JobIntentService.java:396)
07-31 17:37:05.221  2935  3699 W Bundle  : 	at androidx.core.app.JobIntentService$CommandProcessor.doInBackground(JobIntentService.java:387)
07-31 17:37:05.221  2935  3699 W Bundle  : 	at android.os.AsyncTask$3.call(AsyncTask.java:394)
07-31 17:37:05.221  2935  3699 W Bundle  : 	at java.util.concurrent.FutureTask.run(FutureTask.java:266)
07-31 17:37:05.221  2935  3699 W Bundle  : 	at java.util.concurrent.ThreadPoolExecutor.runWorker(ThreadPoolExecutor.java:1167)
07-31 17:37:05.221  2935  3699 W Bundle  : 	at java.util.concurrent.ThreadPoolExecutor$Worker.run(ThreadPoolExecutor.java:641)
07-31 17:37:05.221  2935  3699 W Bundle  : 	at java.lang.Thread.run(Thread.java:933)
07-31 17:37:05.221  2935  3699 I ModernMediaScanner: queryArgs key:= android:query-arg-match-trashed cotent:= null
07-31 17:37:05.221  2935  3699 W Bundle  : Key android:query-arg-match-pending expected String but value was a java.lang.Integer.  The default value <null> was returned.
07-31 17:37:05.221  2935  3699 W Bundle  : Attempt to cast generated internal exception:
07-31 17:37:05.221  2935  3699 W Bundle  : java.lang.ClassCastException: java.lang.Integer cannot be cast to java.lang.String
07-31 17:37:05.221  2935  3699 W Bundle  : 	at android.os.BaseBundle.getString(BaseBundle.java:1298)
07-31 17:37:05.221  2935  3699 W Bundle  : 	at com.android.providers.media.scan.ModernMediaScanner$Scan.reconcileAndClean(ModernMediaScanner.java:674)
07-31 17:37:05.221  2935  3699 W Bundle  : 	at com.android.providers.media.scan.ModernMediaScanner$Scan.runInternal(ModernMediaScanner.java:527)
07-31 17:37:05.221  2935  3699 W Bundle  : 	at com.android.providers.media.scan.ModernMediaScanner$Scan.run(ModernMediaScanner.java:503)
07-31 17:37:05.221  2935  3699 W Bundle  : 	at com.android.providers.media.scan.ModernMediaScanner.scanFile(ModernMediaScanner.java:337)
07-31 17:37:05.221  2935  3699 W Bundle  : 	at com.huawei.media.scan.MediaScannerEx.scanFile(MediaScannerEx.java:252)
07-31 17:37:05.221  2935  3699 W Bundle  : 	at com.huawei.media.scan.MediaScannerEx.handleScanSingleFile(MediaScannerEx.java:236)
07-31 17:37:05.221  2935  3699 W Bundle  : 	at com.huawei.media.scan.MediaScannerEx.handledAction(MediaScannerEx.java:157)
07-31 17:37:05.221  2935  3699 W Bundle  : 	at com.huawei.media.scan.MediaScannerEx.onHandleWorkEx(MediaScannerEx.java:115)
07-31 17:37:05.221  2935  3699 W Bundle  : 	at com.android.providers.media.MediaProvider.onHandleWorkEx(MediaProvider.java:1778)
07-31 17:37:05.221  2935  3699 W Bundle  : 	at com.android.providers.media.MediaService.onHandleWorkEx(MediaService.java:406)
07-31 17:37:05.221  2935  3699 W Bundle  : 	at com.android.providers.media.MediaService.onHandleWork(MediaService.java:152)
07-31 17:37:05.221  2935  3699 W Bundle  : 	at androidx.core.app.JobIntentService$CommandProcessor.doInBackground(JobIntentService.java:396)
07-31 17:37:05.221  2935  3699 W Bundle  : 	at androidx.core.app.JobIntentService$CommandProcessor.doInBackground(JobIntentService.java:387)
07-31 17:37:05.221  2935  3699 W Bundle  : 	at android.os.AsyncTask$3.call(AsyncTask.java:394)
07-31 17:37:05.221  2935  3699 W Bundle  : 	at java.util.concurrent.FutureTask.run(FutureTask.java:266)
07-31 17:37:05.221  2935  3699 W Bundle  : 	at java.util.concurrent.ThreadPoolExecutor.runWorker(ThreadPoolExecutor.java:1167)
07-31 17:37:05.221  2935  3699 W Bundle  : 	at java.util.concurrent.ThreadPoolExecutor$Worker.run(ThreadPoolExecutor.java:641)
07-31 17:37:05.221  2935  3699 W Bundle  : 	at java.lang.Thread.run(Thread.java:933)
07-31 17:37:05.221  2935  3699 I ModernMediaScanner: queryArgs key:= android:query-arg-match-pending cotent:= null
07-31 17:37:05.221  2935  3699 I ModernMediaScanner: queryArgs key:= android:query-arg-sql-selection cotent:= ifnull(format,12288) != 47621 AND (_data LIKE ? ESCAPE '\' OR _data LIKE ? ESCAPE '\') AND generation_added <= 75
07-31 17:37:05.221  2935  3699 W Bundle  : Key android:query-arg-sql-selection-args expected String but value was a [Ljava.lang.String;.  The default value <null> was returned.
07-31 17:37:05.221  2935  3699 W Bundle  : Attempt to cast generated internal exception:
07-31 17:37:05.221  2935  3699 W Bundle  : java.lang.ClassCastException: java.lang.String[] cannot be cast to java.lang.String
07-31 17:37:05.221  2935  3699 W Bundle  : 	at android.os.BaseBundle.getString(BaseBundle.java:1298)
07-31 17:37:05.221  2935  3699 W Bundle  : 	at com.android.providers.media.scan.ModernMediaScanner$Scan.reconcileAndClean(ModernMediaScanner.java:674)
07-31 17:37:05.221  2935  3699 W Bundle  : 	at com.android.providers.media.scan.ModernMediaScanner$Scan.runInternal(ModernMediaScanner.java:527)
07-31 17:37:05.221  2935  3699 W Bundle  : 	at com.android.providers.media.scan.ModernMediaScanner$Scan.run(ModernMediaScanner.java:503)
07-31 17:37:05.221  2935  3699 W Bundle  : 	at com.android.providers.media.scan.ModernMediaScanner.scanFile(ModernMediaScanner.java:337)
07-31 17:37:05.221  2935  3699 W Bundle  : 	at com.huawei.media.scan.MediaScannerEx.scanFile(MediaScannerEx.java:252)
07-31 17:37:05.221  2935  3699 W Bundle  : 	at com.huawei.media.scan.MediaScannerEx.handleScanSingleFile(MediaScannerEx.java:236)
07-31 17:37:05.221  2935  3699 W Bundle  : 	at com.huawei.media.scan.MediaScannerEx.handledAction(MediaScannerEx.java:157)
07-31 17:37:05.221  2935  3699 W Bundle  : 	at com.huawei.media.scan.MediaScannerEx.onHandleWorkEx(MediaScannerEx.java:115)
07-31 17:37:05.221  2935  3699 W Bundle  : 	at com.android.providers.media.MediaProvider.onHandleWorkEx(MediaProvider.java:1778)
07-31 17:37:05.221  2935  3699 W Bundle  : 	at com.android.providers.media.MediaService.onHandleWorkEx(MediaService.java:406)
07-31 17:37:05.221  2935  3699 W Bundle  : 	at com.android.providers.media.MediaService.onHandleWork(MediaService.java:152)
07-31 17:37:05.221  2935  3699 W Bundle  : 	at androidx.core.app.JobIntentService$CommandProcessor.doInBackground(JobIntentService.java:396)
07-31 17:37:05.221  2935  3699 W Bundle  : 	at androidx.core.app.JobIntentService$CommandProcessor.doInBackground(JobIntentService.java:387)
07-31 17:37:05.221  2935  3699 W Bundle  : 	at android.os.AsyncTask$3.call(AsyncTask.java:394)
07-31 17:37:05.221  2935  3699 W Bundle  : 	at java.util.concurrent.FutureTask.run(FutureTask.java:266)
07-31 17:37:05.221  2935  3699 W Bundle  : 	at java.util.concurrent.ThreadPoolExecutor.runWorker(ThreadPoolExecutor.java:1167)
07-31 17:37:05.221  2935  3699 W Bundle  : 	at java.util.concurrent.ThreadPoolExecutor$Worker.run(ThreadPoolExecutor.java:641)
07-31 17:37:05.221  2935  3699 W Bundle  : 	at java.lang.Thread.run(Thread.java:933)
07-31 17:37:05.221  2935  3699 I ModernMediaScanner: queryArgs key:= android:query-arg-sql-selection-args cotent:= null
07-31 17:37:05.221  2935  3699 I ModernMediaScanner: queryArgs key:= android:query-arg-sql-sort-order cotent:= _id DESC
07-31 17:37:05.221  2935  3699 W Bundle  : Key android:query-arg-match-favorite expected String but value was a java.lang.Integer.  The default value <null> was returned.
07-31 17:37:05.221  2935  3699 W Bundle  : Attempt to cast generated internal exception:
07-31 17:37:05.221  2935  3699 W Bundle  : java.lang.ClassCastException: java.lang.Integer cannot be cast to java.lang.String
07-31 17:37:05.221  2935  3699 W Bundle  : 	at android.os.BaseBundle.getString(BaseBundle.java:1298)
07-31 17:37:05.221  2935  3699 W Bundle  : 	at com.android.providers.media.scan.ModernMediaScanner$Scan.reconcileAndClean(ModernMediaScanner.java:674)
07-31 17:37:05.221  2935  3699 W Bundle  : 	at com.android.providers.media.scan.ModernMediaScanner$Scan.runInternal(ModernMediaScanner.java:527)
07-31 17:37:05.221  2935  3699 W Bundle  : 	at com.android.providers.media.scan.ModernMediaScanner$Scan.run(ModernMediaScanner.java:503)
07-31 17:37:05.221  2935  3699 W Bundle  : 	at com.android.providers.media.scan.ModernMediaScanner.scanFile(ModernMediaScanner.java:337)
07-31 17:37:05.221  2935  3699 W Bundle  : 	at com.huawei.media.scan.MediaScannerEx.scanFile(MediaScannerEx.java:252)
07-31 17:37:05.221  2935  3699 W Bundle  : 	at com.huawei.media.scan.MediaScannerEx.handleScanSingleFile(MediaScannerEx.java:236)
07-31 17:37:05.221  2935  3699 W Bundle  : 	at com.huawei.media.scan.MediaScannerEx.handledAction(MediaScannerEx.java:157)
07-31 17:37:05.221  2935  3699 W Bundle  : 	at com.huawei.media.scan.MediaScannerEx.onHandleWorkEx(MediaScannerEx.java:115)
07-31 17:37:05.221  2935  3699 W Bundle  : 	at com.android.providers.media.MediaProvider.onHandleWorkEx(MediaProvider.java:1778)
07-31 17:37:05.221  2935  3699 W Bundle  : 	at com.android.providers.media.MediaService.onHandleWorkEx(MediaService.java:406)
07-31 17:37:05.221  2935  3699 W Bundle  : 	at com.android.providers.media.MediaService.onHandleWork(MediaService.java:152)
07-31 17:37:05.221  2935  3699 W Bundle  : 	at androidx.core.app.JobIntentService$CommandProcessor.doInBackground(JobIntentService.java:396)
07-31 17:37:05.221  2935  3699 W Bundle  : 	at androidx.core.app.JobIntentService$CommandProcessor.doInBackground(JobIntentService.java:387)
07-31 17:37:05.221  2935  3699 W Bundle  : 	at android.os.AsyncTask$3.call(AsyncTask.java:394)
07-31 17:37:05.221  2935  3699 W Bundle  : 	at java.util.concurrent.FutureTask.run(FutureTask.java:266)
07-31 17:37:05.221  2935  3699 W Bundle  : 	at java.util.concurrent.ThreadPoolExecutor.runWorker(ThreadPoolExecutor.java:1167)
07-31 17:37:05.221  2935  3699 W Bundle  : 	at java.util.concurrent.ThreadPoolExecutor$Worker.run(ThreadPoolExecutor.java:641)
07-31 17:37:05.221  2935  3699 W Bundle  : 	at java.lang.Thread.run(Thread.java:933)
07-31 17:37:05.221  2935  3699 I ModernMediaScanner: queryArgs key:= android:query-arg-match-favorite cotent:= null
07-31 17:37:05.222  2935  3699 I ModernMediaScanner: reconcileAndClean mUnknownIds size 0
07-31 17:37:05.222  2935  3699 I ModernMediaScanner: runInternal: 2, filename: **/emulated/11/screen_2025-07-31_173704.png**
07-31 17:37:05.222  2935  3699 I MediaProvider: Scanned external_primary due to REASON_DEMAND, found 0 items in 2ms, 0 inserts 0 updates 0 deletes
07-31 17:37:05.223  2935  3699 I MediaProvider: try scan file with encoded path
07-31 17:37:05.223  2935  3699 I MediaProvider: handleScanSingleFile but scan path is not single file!
07-31 17:37:05.225  2935  3699 I ModernMediaScanner: max id 38
07-31 17:37:05.226  2935  3699 W ModernMediaScanner: Failed to visit one file, meet exception
07-31 17:37:05.226  2935  3699 I ModernMediaScanner: sqlSelection ifnull(format,12288) != 47621 AND (_data LIKE ? ESCAPE '\' OR _data LIKE ? ESCAPE '\') AND generation_added <= 75
07-31 17:37:05.226  2935  3699 W Bundle  : Key android:query-arg-match-trashed expected String but value was a java.lang.Integer.  The default value <null> was returned.
07-31 17:37:05.226  2935  3699 W Bundle  : Attempt to cast generated internal exception:
07-31 17:37:05.226  2935  3699 W Bundle  : java.lang.ClassCastException: java.lang.Integer cannot be cast to java.lang.String
07-31 17:37:05.226  2935  3699 W Bundle  : 	at android.os.BaseBundle.getString(BaseBundle.java:1298)
07-31 17:37:05.226  2935  3699 W Bundle  : 	at com.android.providers.media.scan.ModernMediaScanner$Scan.reconcileAndClean(ModernMediaScanner.java:674)
07-31 17:37:05.226  2935  3699 W Bundle  : 	at com.android.providers.media.scan.ModernMediaScanner$Scan.runInternal(ModernMediaScanner.java:527)
07-31 17:37:05.226  2935  3699 W Bundle  : 	at com.android.providers.media.scan.ModernMediaScanner$Scan.run(ModernMediaScanner.java:503)
07-31 17:37:05.226  2935  3699 W Bundle  : 	at com.android.providers.media.scan.ModernMediaScanner.scanFile(ModernMediaScanner.java:337)
07-31 17:37:05.226  2935  3699 W Bundle  : 	at com.huawei.media.scan.MediaScannerEx.scanFile(MediaScannerEx.java:252)
07-31 17:37:05.226  2935  3699 W Bundle  : 	at com.huawei.media.scan.MediaScannerEx.handleScanSingleFile(MediaScannerEx.java:240)
07-31 17:37:05.226  2935  3699 W Bundle  : 	at com.huawei.media.scan.MediaScannerEx.handledAction(MediaScannerEx.java:157)
07-31 17:37:05.226  2935  3699 W Bundle  : 	at com.huawei.media.scan.MediaScannerEx.onHandleWorkEx(MediaScannerEx.java:115)
07-31 17:37:05.226  2935  3699 W Bundle  : 	at com.android.providers.media.MediaProvider.onHandleWorkEx(MediaProvider.java:1778)
07-31 17:37:05.226  2935  3699 W Bundle  : 	at com.android.providers.media.MediaService.onHandleWorkEx(MediaService.java:406)
07-31 17:37:05.226  2935  3699 W Bundle  : 	at com.android.providers.media.MediaService.onHandleWork(MediaService.java:152)
07-31 17:37:05.226  2935  3699 W Bundle  : 	at androidx.core.app.JobIntentService$CommandProcessor.doInBackground(JobIntentService.java:396)
07-31 17:37:05.226  2935  3699 W Bundle  : 	at androidx.core.app.JobIntentService$CommandProcessor.doInBackground(JobIntentService.java:387)
07-31 17:37:05.226  2935  3699 W Bundle  : 	at android.os.AsyncTask$3.call(AsyncTask.java:394)
07-31 17:37:05.226  2935  3699 W Bundle  : 	at java.util.concurrent.FutureTask.run(FutureTask.java:266)
07-31 17:37:05.226  2935  3699 W Bundle  : 	at java.util.concurrent.ThreadPoolExecutor.runWorker(ThreadPoolExecutor.java:1167)
07-31 17:37:05.226  2935  3699 W Bundle  : 	at java.util.concurrent.ThreadPoolExecutor$Worker.run(ThreadPoolExecutor.java:641)
07-31 17:37:05.226  2935  3699 W Bundle  : 	at java.lang.Thread.run(Thread.java:933)
07-31 17:37:05.226  2935  3699 I ModernMediaScanner: queryArgs key:= android:query-arg-match-trashed cotent:= null
07-31 17:37:05.226  2935  3699 W Bundle  : Key android:query-arg-match-pending expected String but value was a java.lang.Integer.  The default value <null> was returned.
07-31 17:37:05.226  2935  3699 W Bundle  : Attempt to cast generated internal exception:
07-31 17:37:05.226  2935  3699 W Bundle  : java.lang.ClassCastException: java.lang.Integer cannot be cast to java.lang.String
07-31 17:37:05.226  2935  3699 W Bundle  : 	at android.os.BaseBundle.getString(BaseBundle.java:1298)
07-31 17:37:05.226  2935  3699 W Bundle  : 	at com.android.providers.media.scan.ModernMediaScanner$Scan.reconcileAndClean(ModernMediaScanner.java:674)
07-31 17:37:05.226  2935  3699 W Bundle  : 	at com.android.providers.media.scan.ModernMediaScanner$Scan.runInternal(ModernMediaScanner.java:527)
07-31 17:37:05.226  2935  3699 W Bundle  : 	at com.android.providers.media.scan.ModernMediaScanner$Scan.run(ModernMediaScanner.java:503)
07-31 17:37:05.226  2935  3699 W Bundle  : 	at com.android.providers.media.scan.ModernMediaScanner.scanFile(ModernMediaScanner.java:337)
07-31 17:37:05.226  2935  3699 W Bundle  : 	at com.huawei.media.scan.MediaScannerEx.scanFile(MediaScannerEx.java:252)
07-31 17:37:05.226  2935  3699 W Bundle  : 	at com.huawei.media.scan.MediaScannerEx.handleScanSingleFile(MediaScannerEx.java:240)
07-31 17:37:05.226  2935  3699 W Bundle  : 	at com.huawei.media.scan.MediaScannerEx.handledAction(MediaScannerEx.java:157)
07-31 17:37:05.226  2935  3699 W Bundle  : 	at com.huawei.media.scan.MediaScannerEx.onHandleWorkEx(MediaScannerEx.java:115)
07-31 17:37:05.226  2935  3699 W Bundle  : 	at com.android.providers.media.MediaProvider.onHandleWorkEx(MediaProvider.java:1778)
07-31 17:37:05.226  2935  3699 W Bundle  : 	at com.android.providers.media.MediaService.onHandleWorkEx(MediaService.java:406)
07-31 17:37:05.226  2935  3699 W Bundle  : 	at com.android.providers.media.MediaService.onHandleWork(MediaService.java:152)
07-31 17:37:05.226  2935  3699 W Bundle  : 	at androidx.core.app.JobIntentService$CommandProcessor.doInBackground(JobIntentService.java:396)
07-31 17:37:05.226  2935  3699 W Bundle  : 	at androidx.core.app.JobIntentService$CommandProcessor.doInBackground(JobIntentService.java:387)
07-31 17:37:05.226  2935  3699 W Bundle  : 	at android.os.AsyncTask$3.call(AsyncTask.java:394)
07-31 17:37:05.226  2935  3699 W Bundle  : 	at java.util.concurrent.FutureTask.run(FutureTask.java:266)
07-31 17:37:05.226  2935  3699 W Bundle  : 	at java.util.concurrent.ThreadPoolExecutor.runWorker(ThreadPoolExecutor.java:1167)
07-31 17:37:05.226  2935  3699 W Bundle  : 	at java.util.concurrent.ThreadPoolExecutor$Worker.run(ThreadPoolExecutor.java:641)
07-31 17:37:05.226  2935  3699 W Bundle  : 	at java.lang.Thread.run(Thread.java:933)
07-31 17:37:05.226  2935  3699 I ModernMediaScanner: queryArgs key:= android:query-arg-match-pending cotent:= null
07-31 17:37:05.226  2935  3699 I ModernMediaScanner: queryArgs key:= android:query-arg-sql-selection cotent:= ifnull(format,12288) != 47621 AND (_data LIKE ? ESCAPE '\' OR _data LIKE ? ESCAPE '\') AND generation_added <= 75
07-31 17:37:05.226  2935  3699 W Bundle  : Key android:query-arg-sql-selection-args expected String but value was a [Ljava.lang.String;.  The default value <null> was returned.
07-31 17:37:05.226  2935  3699 W Bundle  : Attempt to cast generated internal exception:
07-31 17:37:05.226  2935  3699 W Bundle  : java.lang.ClassCastException: java.lang.String[] cannot be cast to java.lang.String
07-31 17:37:05.226  2935  3699 W Bundle  : 	at android.os.BaseBundle.getString(BaseBundle.java:1298)
07-31 17:37:05.226  2935  3699 W Bundle  : 	at com.android.providers.media.scan.ModernMediaScanner$Scan.reconcileAndClean(ModernMediaScanner.java:674)
07-31 17:37:05.226  2935  3699 W Bundle  : 	at com.android.providers.media.scan.ModernMediaScanner$Scan.runInternal(ModernMediaScanner.java:527)
07-31 17:37:05.226  2935  3699 W Bundle  : 	at com.android.providers.media.scan.ModernMediaScanner$Scan.run(ModernMediaScanner.java:503)
07-31 17:37:05.226  2935  3699 W Bundle  : 	at com.android.providers.media.scan.ModernMediaScanner.scanFile(ModernMediaScanner.java:337)
07-31 17:37:05.226  2935  3699 W Bundle  : 	at com.huawei.media.scan.MediaScannerEx.scanFile(MediaScannerEx.java:252)
07-31 17:37:05.226  2935  3699 W Bundle  : 	at com.huawei.media.scan.MediaScannerEx.handleScanSingleFile(MediaScannerEx.java:240)
07-31 17:37:05.226  2935  3699 W Bundle  : 	at com.huawei.media.scan.MediaScannerEx.handledAction(MediaScannerEx.java:157)
07-31 17:37:05.226  2935  3699 W Bundle  : 	at com.huawei.media.scan.MediaScannerEx.onHandleWorkEx(MediaScannerEx.java:115)
07-31 17:37:05.226  2935  3699 W Bundle  : 	at com.android.providers.media.MediaProvider.onHandleWorkEx(MediaProvider.java:1778)
07-31 17:37:05.226  2935  3699 W Bundle  : 	at com.android.providers.media.MediaService.onHandleWorkEx(MediaService.java:406)
07-31 17:37:05.226  2935  3699 W Bundle  : 	at com.android.providers.media.MediaService.onHandleWork(MediaService.java:152)
07-31 17:37:05.226  2935  3699 W Bundle  : 	at androidx.core.app.JobIntentService$CommandProcessor.doInBackground(JobIntentService.java:396)
07-31 17:37:05.226  2935  3699 W Bundle  : 	at androidx.core.app.JobIntentService$CommandProcessor.doInBackground(JobIntentService.java:387)
07-31 17:37:05.226  2935  3699 W Bundle  : 	at android.os.AsyncTask$3.call(AsyncTask.java:394)
07-31 17:37:05.226  2935  3699 W Bundle  : 	at java.util.concurrent.FutureTask.run(FutureTask.java:266)
07-31 17:37:05.226  2935  3699 W Bundle  : 	at java.util.concurrent.ThreadPoolExecutor.runWorker(ThreadPoolExecutor.java:1167)
07-31 17:37:05.226  2935  3699 W Bundle  : 	at java.util.concurrent.ThreadPoolExecutor$Worker.run(ThreadPoolExecutor.java:641)
07-31 17:37:05.226  2935  3699 W Bundle  : 	at java.lang.Thread.run(Thread.java:933)
07-31 17:37:05.227  2935  3699 I ModernMediaScanner: queryArgs key:= android:query-arg-sql-selection-args cotent:= null
07-31 17:37:05.227  2935  3699 I ModernMediaScanner: queryArgs key:= android:query-arg-sql-sort-order cotent:= _id DESC
07-31 17:37:05.227  2935  3699 W Bundle  : Key android:query-arg-match-favorite expected String but value was a java.lang.Integer.  The default value <null> was returned.
07-31 17:37:05.227  2935  3699 W Bundle  : Attempt to cast generated internal exception:
07-31 17:37:05.227  2935  3699 W Bundle  : java.lang.ClassCastException: java.lang.Integer cannot be cast to java.lang.String
07-31 17:37:05.227  2935  3699 W Bundle  : 	at android.os.BaseBundle.getString(BaseBundle.java:1298)
07-31 17:37:05.227  2935  3699 W Bundle  : 	at com.android.providers.media.scan.ModernMediaScanner$Scan.reconcileAndClean(ModernMediaScanner.java:674)
07-31 17:37:05.227  2935  3699 W Bundle  : 	at com.android.providers.media.scan.ModernMediaScanner$Scan.runInternal(ModernMediaScanner.java:527)
07-31 17:37:05.227  2935  3699 W Bundle  : 	at com.android.providers.media.scan.ModernMediaScanner$Scan.run(ModernMediaScanner.java:503)
07-31 17:37:05.227  2935  3699 W Bundle  : 	at com.android.providers.media.scan.ModernMediaScanner.scanFile(ModernMediaScanner.java:337)
07-31 17:37:05.227  2935  3699 W Bundle  : 	at com.huawei.media.scan.MediaScannerEx.scanFile(MediaScannerEx.java:252)
07-31 17:37:05.227  2935  3699 W Bundle  : 	at com.huawei.media.scan.MediaScannerEx.handleScanSingleFile(MediaScannerEx.java:240)
07-31 17:37:05.227  2935  3699 W Bundle  : 	at com.huawei.media.scan.MediaScannerEx.handledAction(MediaScannerEx.java:157)
07-31 17:37:05.227  2935  3699 W Bundle  : 	at com.huawei.media.scan.MediaScannerEx.onHandleWorkEx(MediaScannerEx.java:115)
07-31 17:37:05.227  2935  3699 W Bundle  : 	at com.android.providers.media.MediaProvider.onHandleWorkEx(MediaProvider.java:1778)
07-31 17:37:05.227  2935  3699 W Bundle  : 	at com.android.providers.media.MediaService.onHandleWorkEx(MediaService.java:406)
07-31 17:37:05.227  2935  3699 W Bundle  : 	at com.android.providers.media.MediaService.onHandleWork(MediaService.java:152)
07-31 17:37:05.227  2935  3699 W Bundle  : 	at androidx.core.app.JobIntentService$CommandProcessor.doInBackground(JobIntentService.java:396)
07-31 17:37:05.227  2935  3699 W Bundle  : 	at androidx.core.app.JobIntentService$CommandProcessor.doInBackground(JobIntentService.java:387)
07-31 17:37:05.227  2935  3699 W Bundle  : 	at android.os.AsyncTask$3.call(AsyncTask.java:394)
07-31 17:37:05.227  2935  3699 W Bundle  : 	at java.util.concurrent.FutureTask.run(FutureTask.java:266)
07-31 17:37:05.227  2935  3699 W Bundle  : 	at java.util.concurrent.ThreadPoolExecutor.runWorker(ThreadPoolExecutor.java:1167)
07-31 17:37:05.227  2935  3699 W Bundle  : 	at java.util.concurrent.ThreadPoolExecutor$Worker.run(ThreadPoolExecutor.java:641)
07-31 17:37:05.227  2935  3699 W Bundle  : 	at java.lang.Thread.run(Thread.java:933)
07-31 17:37:05.227  2935  3699 I ModernMediaScanner: queryArgs key:= android:query-arg-match-favorite cotent:= null
07-31 17:37:05.227  2935  3699 I ModernMediaScanner: reconcileAndClean mUnknownIds size 0
07-31 17:37:05.227  2935  3699 I ModernMediaScanner: runInternal: 2, filename: **/emulated/11/screen_2025-07-31_173704.png**
07-31 17:37:05.227  2935  3699 I MediaProvider: Scanned external_primary due to REASON_DEMAND, found 0 items in 2ms, 0 inserts 0 updates 0 deletes
07-31 17:37:05.228  2935  3699 I MediaService: End Intent { act=android.intent.action.MEDIA_SCANNER_SCAN_FILE dat=file:///sdcard/screen_2025-07-31_173704.png flg=0x1400010 cmp=com.android.providers.media.module/com.android.providers.media.MediaService }
07-31 17:37:05.228   637   637 I android.system.suspend@1.0-service: decSuspendCounter kname=native_PowerManagerService.WakeLocks --mSuspendCounter= 2
07-31 17:37:05.229  2935  2935 I MediaService: onUnbind
07-31 17:37:05.229  2935  2935 I MediaService: onDestroy {MediaVolume name: [external_primary] id: [emulated;11] user: [UserHandle{11}] path: [/storage/emulated/11]}
07-31 17:37:05.243  4741  6312 I Booster_Qoe: Ada,index:8,NisPsSlow:0,NProba:312,rsrp(rssi):-61,rsrq(noise):-89,rtt(chload):160,BFH(uldelay):0,BFC(rtt):0 Real:0,0,0,0,0, bler:0
