07-31 17:37:20.100  1851  1920 I HwAmbientLuxFilterAlgo: SceneBufferAmbientLux input error,end=30,start=-141,bufferSize=59
07-31 17:37:20.151  1851  4172 I WifiNl80211Manager: Noise: -92, Snr: 33, Chload: 64, rssi: -61, txBitrate: 229, rxBitrate: 206, frequency: 5745, UlDelay: 0, currentTxBytes: 1605572709, currentTxPackets: 5428628, currentTxFailed: 12, currentRxBytes: 205846268, currentRxPackets: 1359312
07-31 17:37:20.152  1851  4168 I WiFi_PRO: MSG_RETURN_AP_CURRY_RSSI rssi = -61
07-31 17:37:20.152  1851  4168 I QosMonitor: queryRtt: rttType = 3
07-31 17:37:20.153  1851  4168 I QosMonitor: call ctrlHwWifiNetwork
07-31 17:37:20.153  1851  4172 I HuaweiWifiWatchdogStateMachine: POta txb txg rxg:0, 5057, 0. Lr =0% Totpkt=5057
07-31 17:37:20.155  1851  4168 I QosMonitor: postEventFromNative: msg=100,arg1=4,arg2=10
07-31 17:37:20.155  1851  4168 I QosMonitor: call ctrlHwWifiNetwork
07-31 17:37:20.156  1851  4168 I QosMonitor: postEventFromNative: msg=100,arg1=0,arg2=10
07-31 17:37:20.157  1851  4168 I MQoS    : rtt=828,tcpTxPkts=682318,tcpRxPkts=917695
07-31 17:37:20.157  1851 11821 I HwConnectivityServiceEx: set 1000, metered: false, value: false
07-31 17:37:20.160  1851  4172 I HuaweiWifiWatchdogStateMachine: PTcp RTT:0, rtt pkt=0, tcp_rx=0, tcp_tx=0, tcp_reTran=0, rtRate=0
07-31 17:37:20.161  1851  4172 I HuaweiWifiWatchdogStateMachine: start computeQosLevel tcpRtt = 0 ,rssi = -61 ,mBestSpeedInPeriod = 13300
07-31 17:37:20.161  1851  4172 I HuaweiWifiWatchdogStateMachine: smoothConsecutiveQosResults, currentQosLevel = 3
07-31 17:37:20.161  1851  4168 I QosMonitor: resetRtt: rttType = 3
07-31 17:37:20.162  1851  4168 I QosMonitor: call ctrlHwWifiNetwork
07-31 17:37:20.166  1851 11821 I MQoS    : QOS_level:0(0),wifi-link;SIM error;use level-0
07-31 17:37:20.166  1851 11821 I MQoS    : skip-low-Level:0(0),wifi-link;SIM error;use level-0
07-31 17:37:20.449  1851  1920 I HwAmbientLuxFilterAlgo: SceneBufferAmbientLux input error,end=30,start=-141,bufferSize=59
07-31 17:37:20.519  1851  7209 I Binder  : dump {serviceName:HwActivityManagerService, formatArgs:activities, callChain:/apex/com.android.adbd/bin/adbd->dumpsys}
07-31 17:37:20.548  1851  7209 I HwConnectivityServiceEx: set 10197, metered: true, value: false
07-31 17:37:20.549  1851  7209 I HwConnectivityServiceEx: set 10197, metered: false, value: false
07-31 17:37:20.556   907  1418 I VSyncPredictor: setPeriod: 16666666
07-31 17:37:20.561 28394 28394 I SmartSlideOverScroller: start init SmartSlideOverScroller and get the overscroller config
07-31 17:37:20.561 28394 28394 I SmartSlideOverScrollerConfig: get the overscroller config
07-31 17:37:20.626  1851  7209 I Binder  : dump {serviceName:HwActivityManagerService, formatArgs:activities, callChain:/apex/com.android.adbd/bin/adbd->dumpsys}
07-31 17:37:20.727  1851  7209 I Binder  : dump {serviceName:HwActivityManagerService, formatArgs:activities, callChain:/apex/com.android.adbd/bin/adbd->dumpsys}
07-31 17:37:20.799  1851  1920 I HwAmbientLuxFilterAlgo: SceneBufferAmbientLux input error,end=30,start=-141,bufferSize=59
07-31 17:37:20.811  1851  4076 I WifiNl80211Manager: Noise: -92, Snr: 33, Chload: 64, rssi: -61, txBitrate: 229, rxBitrate: 206, frequency: 5745, UlDelay: 0, currentTxBytes: 1605572709, currentTxPackets: 5428628, currentTxFailed: 12, currentRxBytes: 205846268, currentRxPackets: 1359312
07-31 17:37:20.847  1851  7209 I Binder  : dump {serviceName:HwActivityManagerService, formatArgs:services, callChain:/apex/com.android.adbd/bin/adbd->dumpsys}
07-31 17:37:20.879  1851 20422 I HwActivityTaskManagerServiceEx: add visible task, topActivity=com.huawei.android.launcher/.unihome.UniHomeLauncher taskId=290 isVisible=true isFocused=false windowMode=1
07-31 17:37:20.883  1851 20422 E SWAP_KernIntf: writeProc: error /dev/memcg/apps/com.simplemobiletools.musicplayer/memory.swapout_bg_tasks, content: 1,1, exception: java.io.FileNotFoundException: /dev/memcg/apps/com.simplemobiletools.musicplayer/memory.swapout_bg_tasks: open failed: ENOENT (No such file or directory)
07-31 17:37:20.889  1325  2088 I dubaid  : [AmbientTempCalculator.cpp] UpdateSampleCurrent# Current jump, reset ambient sample.
07-31 17:37:20.897  4588  5497 W AwareLog: UniScheduleDMEPlugin: add load record in temp
07-31 17:37:20.897  4588  5497 W AwareLog: UniScheduleDMEPlugin: downgradeSwitch is not open.
07-31 17:37:21.062   907  1282 I SurfaceFlinger: hasCaptureBlackoutContentPermission: pid 25144, uid 2000, checkPermissionResult is false
07-31 17:37:21.062   907  1282 I SurfaceFlinger: captureDisplay: end, status 0
07-31 17:37:21.070   595   595 I hwservicemanager: getTransport: Cannot find entry android.hardware.graphics.mapper@4.0::IMapper/default in either framework or device VINTF manifest.
07-31 17:37:21.070 25144 25146 I Gralloc4: mapper 4.x is not supported
07-31 17:37:21.071   595   595 I hwservicemanager: getTransport: Cannot find entry android.hardware.graphics.mapper@3.0::IMapper/default in either framework or device VINTF manifest.
07-31 17:37:21.071 25144 25146 W Gralloc3: mapper 3.x is not supported
07-31 17:37:21.151  1851  1920 I HwAmbientLuxFilterAlgo: SceneBufferAmbientLux input error,end=30,start=-141,bufferSize=59
07-31 17:37:21.234  1350  8694 I CPU_STATS: iawared: query next cpu load with 2!
07-31 17:37:21.234  1350  8694 I CPU_STATS: total cost time 2004102083 ns
07-31 17:37:21.236  1350  8694 I CPU_STATS: iawared: current total load is 0.049238, capacity : 5166, pre load:  15571613877473, current load : 15572111697021
07-31 17:37:21.239  1350  8694 I CPU_STATS: read once cost time 4146 us
07-31 17:37:21.412  1851  4076 I TrafficMonitor: update:rxPkts:216,txPkts:1273,rxBytes:13361,txBytes:1689803
07-31 17:37:21.412  1851  4076 I TrafficMonitor: gettimer:interval=2000
07-31 17:37:21.499  1851  1920 I HwAmbientLuxFilterAlgo: SceneBufferAmbientLux input error,end=30,start=-141,bufferSize=59
07-31 17:37:21.849  1851  1920 I HwAmbientLuxFilterAlgo: SceneBufferAmbientLux input error,end=30,start=-141,bufferSize=59
07-31 17:37:22.006  4741  4924 I OllieMsgCenter: publishEvt=2135097353
07-31 17:37:22.199  1851  1920 I HwAmbientLuxFilterAlgo: SceneBufferAmbientLux input error,end=30,start=-141,bufferSize=59
07-31 17:37:22.406  1851  4076 I TrafficMonitor: expired arrive. level:-1
07-31 17:37:22.406  1851  4076 I TrafficMonitor: during_ms:2003,period_ms:2000
07-31 17:37:22.407  1851  4076 I TrafficMonitor: count:273,rx_sum:216,tx_sum:1273,rxBytes:13361,during_ms:2003,rx_speed:6670.4942586120815,tx_speed:843636.0459311033,rto:0.16967792615868027
07-31 17:37:22.407  1851  4076 I HuaweiWifiWatchdogStateMachine: Get speed information rx_speed = 6670 ,tx_speed = 843636 ,isSpeedOk = true ,mBestSpeedInPeriod = 6670
07-31 17:37:22.549  1851  1920 I HwAmbientLuxFilterAlgo: SceneBufferAmbientLux input error,end=30,start=-141,bufferSize=59
07-31 17:37:22.831   808   876 I libnetd_resolv: ApiCount[0, 0, 0, 156, 0, 0, 0, 6, 0, 0, 601, 2801, 3941, 75, 74, 0, 127, 0, 9359, 24572, 0]
07-31 17:37:22.899  1851  1920 I HwAmbientLuxFilterAlgo: SceneBufferAmbientLux input error,end=30,start=-141,bufferSize=59
07-31 17:37:23.083  1851 10388 I UsageStatsService: User[11] Results: 9
07-31 17:37:23.242  1350  8694 I CPU_STATS: iawared: query next cpu load with 2!
07-31 17:37:23.242  1350  8694 I CPU_STATS: total cost time 2007899479 ns
07-31 17:37:23.243  1350  8694 I CPU_STATS: iawared: current total load is 0.221665, capacity : 5166, pre load:  15572111697021, current load : 15574357098796
07-31 17:37:23.246  1350  8694 I CPU_STATS: read once cost time 3925 us
07-31 17:37:23.249  1851  1920 I HwAmbientLuxFilterAlgo: SceneBufferAmbientLux input error,end=30,start=-141,bufferSize=59
07-31 17:37:23.259  1878  1878 I InnerBindManager: [HMSCore InnerBindManager.java:49] The inner service Connection has been bind for 1800s, need to unbind.
07-31 17:37:23.259  1878  1878 I InnerBindManager: [HMSCore InnerBindManager.java:5] ounBindServiceCatchException
07-31 17:37:23.263  1851  7208 I ActivityManager: Killing 28450:com.huawei.appmarket:query/u11a35 (adj 999): empty for 1800s
07-31 17:37:23.303  1851  1903 I libprocessgroup: Successfully killed process cgroup uid 1110035 pid 28450 in 37ms
07-31 17:37:23.317  1851  7208 I ActivityManager: appDiedLocked: pid=28450, app=ProcessRecord{54d706d 28450:com.huawei.appmarket:query/u11a35}, fromBinderDied=true, reason=null
07-31 17:37:23.318  1851  4104 W HwAudioServiceEx: SoundEffectState bundle get reserved is invalid
07-31 17:37:23.318   809   809 I Zygote  : Process 28450 exited due to signal 9 (Killed)
07-31 17:37:23.319  1851  7208 I ActivityTaskManager: The application process is dead.
07-31 17:37:23.319  1851  1895 I HwPowerManagerService: appdie release wakelock, pid = 28450, uid = 1110035
07-31 17:37:23.322  1851  1881 I SWAP_Scene: Entering notifySceneData notifySceneData. EventType:PROCESS_DIED pkg:com.huawei.appmarket uid:1110035 pid:28450 proc: activity:null
07-31 17:37:23.322  4741 23520 E HsmCoreServiceImpl: onTransact in code is: 102
07-31 17:37:23.322  4741 23520 I MediaProcessHandler: processOp opType: 1, uid: 1110035, pid: 28450
07-31 17:37:23.323  4741 23520 W MediaProcessHandler: only the process it self can do this operation: 1110035, 1101000, 28450, 1951
07-31 17:37:23.323  4741 23520 I MediaProcessHandler: executedCallBack opType: 1 mMediaStatusObservers.size=1
07-31 17:37:23.323  4741  5378 E HsmCoreServiceImpl: onTransact in code is: 102
07-31 17:37:23.323  4741  5378 I MediaProcessHandler: processOp opType: 1, uid: 1110035, pid: 28450
07-31 17:37:23.323  4741 16674 I HwGlobalWritingBusiness: mProcessObserver:package:com.huawei.appmarket
07-31 17:37:23.323  4741  5378 W MediaProcessHandler: only the process it self can do this operation: 1110035, 1000, 28450, 4528
07-31 17:37:23.324  4741  5378 I MediaProcessHandler: executedCallBack opType: 1 mMediaStatusObservers.size=1
07-31 17:37:23.324  1851  2124 W AwareLog: SchedLevelBoost: onProcessDied config not set!
07-31 17:37:23.415  1851  4076 I TrafficMonitor: update:rxPkts:143,txPkts:318,rxBytes:9081,txBytes:283142
07-31 17:37:23.416  1851  4076 I TrafficMonitor: gettimer:interval=2000
07-31 17:37:23.416  4588  5225 I PG_ash  : com.huawei.android.totemweather timeout trigger time sources: BinderCall, triggerTime: 285655414
07-31 17:37:23.417  4588  5225 I PG_ash  : com.huawei.android.totemweather update time, cur: 285680158, trigger: 285655414
07-31 17:37:23.418  4588  5225 I PG_ash  : has widget app: com.huawei.android.totemweather
07-31 17:37:23.413  4588  4588 W com.huawei.iaware: type=1400 audit(0.0:122976): avc: granted { getattr } for comm=616374696F6E732068616E646C6572 path="/data/system/users/0/appwidgets.xml" dev="sdd88" ino=172212 scontext=u:r:system_app:s0 tcontext=u:object_r:system_data_file:s0 tclass=file
07-31 17:37:23.418  4588  5225 I PG_ash  : Application com.huawei.android.totemweather has active app widget, can't enter Hibernation state!
07-31 17:37:23.599  1851  1920 I HwAmbientLuxFilterAlgo: SceneBufferAmbientLux input error,end=30,start=-141,bufferSize=59
07-31 17:37:23.790  4588  5225 I PG_ash  : com.huawei.ohos.systemmanager timeout trigger time sources: BinderCall, triggerTime: 285674529
07-31 17:37:23.790  4588  5225 I PG_ash  : com.huawei.ohos.systemmanager update time, cur: 285680532, trigger: 285674529
07-31 17:37:23.791  4588  5225 I AppManager: check dependency pid: 29891 is depended by pid: 15621
07-31 17:37:23.791  4588  5225 I PG_ash  :  can not ignore depended about hide app: com.huawei.ohos.systemmanager
07-31 17:37:23.820  4588  5225 I ash_dd  : com.huawei.systemmanager not ctrl when screen on, delay to D!
07-31 17:37:23.823  1851  4076 I WifiNl80211Manager: Noise: -93, Snr: 35, Chload: 35, rssi: -61, txBitrate: 229, rxBitrate: 172, frequency: 5745, UlDelay: 0, currentTxBytes: 1607629300, currentTxPackets: 5430471, currentTxFailed: 12, currentRxBytes: 205871067, currentRxPackets: 1359665
07-31 17:37:23.824   847   895 I audio_hw_usbaudio_ext: [get_extension_typec_parameters:189]: check show hires (false)
07-31 17:37:23.835   637   637 I android.system.suspend@1.0-service: incSuspendCounter kname=native_PowerManagerService.WakeLocks ++mSuspendCounter= 3
07-31 17:37:23.836  1851  4072 I NetworkStats: performPollLocked, pid = 1851
07-31 17:37:23.854  1851  4072 I NetworkStatsCollection: getSummary, uid = 1000stats size = 2
07-31 17:37:23.855  1851  4072 I NetworkStatsCollection: getSummary, uid = 1000stats size = 2
07-31 17:37:23.855  1851  4072 I NetworkStatsCollection: getSummary, uid = 1000stats size = 215
07-31 17:37:23.856  1851  4072 I NetworkStatsCollection: getSummary, uid = 1000stats size = 2
07-31 17:37:23.856  1851  4072 I NetworkStatsCollection: getSummary, uid = 1000stats size = 2
07-31 17:37:23.856  1851  4072 I NetworkStatsCollection: getSummary, uid = 1000stats size = 215
07-31 17:37:23.859  1851  4072 I NetworkStats: callingPid is system 1851
07-31 17:37:23.860   637   637 I android.system.suspend@1.0-service: decSuspendCounter kname=native_PowerManagerService.WakeLocks --mSuspendCounter= 2
07-31 17:37:23.861   808  8909 I netd    : bandwidthSetGlobalAlert(2097152) <0.30ms>
07-31 17:37:23.864  1851  4074 I HwConnectivityServiceEx: set 1000, metered: false, value: false
07-31 17:37:23.949  1851  1920 I HwAmbientLuxFilterAlgo: SceneBufferAmbientLux input error,end=30,start=-141,bufferSize=59
07-31 17:37:24.010  4741  4924 I OllieMsgCenter: publishEvt=2135097353
07-31 17:37:24.164  1851  4172 I WifiNl80211Manager: Noise: -93, Snr: 35, Chload: 35, rssi: -61, txBitrate: 229, rxBitrate: 172, frequency: 5745, UlDelay: 0, currentTxBytes: 1607629300, currentTxPackets: 5430471, currentTxFailed: 12, currentRxBytes: 205871067, currentRxPackets: 1359665
07-31 17:37:24.164  1851  4168 I WiFi_PRO: MSG_RETURN_AP_CURRY_RSSI rssi = -61
07-31 17:37:24.165  1851  4168 I QosMonitor: queryRtt: rttType = 3
07-31 17:37:24.165  1851  4168 I QosMonitor: call ctrlHwWifiNetwork
07-31 17:37:24.165  1851  4172 I HuaweiWifiWatchdogStateMachine: high data flow: protection_counter = 0,  not_detect_counter = 862
07-31 17:37:24.165  1851  4172 I HuaweiWifiWatchdogStateMachine: high data flow scenario: 0 --> 0 rx rate =6KB/s
07-31 17:37:24.166  1851  4172 I HuaweiWifiWatchdogStateMachine: POta txb txg rxg:0, 1843, 0. Lr =0% Totpkt=1843
07-31 17:37:24.166  1851  4168 I QosMonitor: postEventFromNative: msg=100,arg1=4,arg2=10
07-31 17:37:24.166  1851  4168 I QosMonitor: call ctrlHwWifiNetwork
07-31 17:37:24.167  1851  4168 I QosMonitor: postEventFromNative: msg=100,arg1=0,arg2=10
07-31 17:37:24.167  1851  4168 I MQoS    : rtt=828,tcpTxPkts=682324,tcpRxPkts=917700
07-31 17:37:24.169  1851  4172 I HuaweiWifiWatchdogStateMachine: PTcp RTT:0, rtt pkt=0, tcp_rx=5, tcp_tx=6, tcp_reTran=0, rtRate=0
07-31 17:37:24.169  1851  4172 I HuaweiWifiWatchdogStateMachine: start computeQosLevel tcpRtt = 0 ,rssi = -61 ,mBestSpeedInPeriod = 6670
07-31 17:37:24.169  1851  4172 I HuaweiWifiWatchdogStateMachine: smoothConsecutiveQosResults, currentQosLevel = 3
07-31 17:37:24.170  1851  4168 I QosMonitor: resetRtt: rttType = 3
07-31 17:37:24.170  1851  4168 I QosMonitor: call ctrlHwWifiNetwork
07-31 17:37:24.172  1851 11821 I MQoS    : QOS_level:0(0),wifi-link;SIM error;use level-0
07-31 17:37:24.299  1851  1920 I HwAmbientLuxFilterAlgo: SceneBufferAmbientLux input error,end=30,start=-141,bufferSize=59
07-31 17:37:24.307  4222  4249 I NcDft_NcDftChip: NcChipDftEvent receive:NcChipDftEvent{Id=909009126, Length=180, Flag=0}
07-31 17:37:24.307  4222  4249 I NcDft_NcDftChip: Special event skipped begin, eventId: 909009126, toSkiped: true
07-31 17:37:24.307  4222  4249 I NcDft_NcDftChip: NcChipDftEvent receive:NcChipDftEvent{Id=909009521, Length=464, Flag=0}
07-31 17:37:24.307  4222  4249 I NcDft_NcDftChip: Special event skipped begin, eventId: 909009521, toSkiped: true
07-31 17:37:24.649  1851  1920 I HwAmbientLuxFilterAlgo: SceneBufferAmbientLux input error,end=30,start=-141,bufferSize=59
07-31 17:37:24.827  1851  7208 E UserInfoExt: setUserInfo: userInfo is null!
07-31 17:37:24.827  1851  7208 E UserInfoExt: isClonedProfile: mUserInfo is null!
07-31 17:37:24.827  1851  7208 E UserInfoExt: setUserInfo: userInfo is null!
07-31 17:37:24.834  1851  1901 I ActivityManager: Killing 28403:com.huawei.hwid/u11a96 (adj 999): empty for 1800s
07-31 17:37:24.837  2935  2935 I MediaReceiver: onReceive android.intent.action.MEDIA_SCANNER_SCAN_FILE
07-31 17:37:24.843  1851  7209 I ActivityManager: power push bindservice callingPkg:android, pkg:com.android.providers.media.module, callerApp pid:1851, pid:2935
07-31 17:37:24.843  2935  2935 I MediaService: onCreate {MediaVolume name: [external_primary] id: [emulated;11] user: [UserHandle{11}] path: [/storage/emulated/11]}
07-31 17:37:24.843  2935  2935 I MediaService: onBind
07-31 17:37:24.844  1851  7217 I BroadcastQueue: Finished with ordered [background] broadcast BroadcastRecord{e41b85 u11 android.intent.action.MEDIA_SCANNER_SCAN_FILE} cost time 16,receiversNum 1,max receiver ResolveInfo{1678da6 com.android.providers.media.module/com.android.providers.media.MediaReceiver m=0x208000} cost time 16
07-31 17:37:24.845  4588 21011 I KStateManager: send binder call message, called pid:2935, calling pid:[1851]
07-31 17:37:24.845   637   637 I android.system.suspend@1.0-service: incSuspendCounter kname=native_PowerManagerService.WakeLocks ++mSuspendCounter= 3
07-31 17:37:24.845  4588  5225 I PG_ash  : 1851 binder call 2935
07-31 17:37:24.847  2935  3699 I MediaService: Begin Intent { act=android.intent.action.MEDIA_SCANNER_SCAN_FILE dat=file:///sdcard/screen_2025-07-31_173720.png flg=0x1400010 cmp=com.android.providers.media.module/com.android.providers.media.MediaService }file:///sdcard/screen_2025-07-31_173720.png
07-31 17:37:24.849  2935  3699 I MediaProvider: handleScanSingleFile but scan path is not single file!
07-31 17:37:24.852  2935  3699 I ModernMediaScanner: max id 38
07-31 17:37:24.853  2935  3699 W ModernMediaScanner: Failed to visit one file, meet exception
07-31 17:37:24.853  2935  3699 I ModernMediaScanner: sqlSelection ifnull(format,12288) != 47621 AND (_data LIKE ? ESCAPE '\' OR _data LIKE ? ESCAPE '\') AND generation_added <= 75
07-31 17:37:24.853  2935  3699 W Bundle  : Key android:query-arg-match-trashed expected String but value was a java.lang.Integer.  The default value <null> was returned.
07-31 17:37:24.853  2935  3699 W Bundle  : Attempt to cast generated internal exception:
07-31 17:37:24.853  2935  3699 W Bundle  : java.lang.ClassCastException: java.lang.Integer cannot be cast to java.lang.String
07-31 17:37:24.853  2935  3699 W Bundle  : 	at android.os.BaseBundle.getString(BaseBundle.java:1298)
07-31 17:37:24.853  2935  3699 W Bundle  : 	at com.android.providers.media.scan.ModernMediaScanner$Scan.reconcileAndClean(ModernMediaScanner.java:674)
07-31 17:37:24.853  2935  3699 W Bundle  : 	at com.android.providers.media.scan.ModernMediaScanner$Scan.runInternal(ModernMediaScanner.java:527)
07-31 17:37:24.853  2935  3699 W Bundle  : 	at com.android.providers.media.scan.ModernMediaScanner$Scan.run(ModernMediaScanner.java:503)
07-31 17:37:24.853  2935  3699 W Bundle  : 	at com.android.providers.media.scan.ModernMediaScanner.scanFile(ModernMediaScanner.java:337)
07-31 17:37:24.853  2935  3699 W Bundle  : 	at com.huawei.media.scan.MediaScannerEx.scanFile(MediaScannerEx.java:252)
07-31 17:37:24.853  2935  3699 W Bundle  : 	at com.huawei.media.scan.MediaScannerEx.handleScanSingleFile(MediaScannerEx.java:236)
07-31 17:37:24.853  2935  3699 W Bundle  : 	at com.huawei.media.scan.MediaScannerEx.handledAction(MediaScannerEx.java:157)
07-31 17:37:24.853  2935  3699 W Bundle  : 	at com.huawei.media.scan.MediaScannerEx.onHandleWorkEx(MediaScannerEx.java:115)
07-31 17:37:24.853  2935  3699 W Bundle  : 	at com.android.providers.media.MediaProvider.onHandleWorkEx(MediaProvider.java:1778)
07-31 17:37:24.853  2935  3699 W Bundle  : 	at com.android.providers.media.MediaService.onHandleWorkEx(MediaService.java:406)
07-31 17:37:24.853  2935  3699 W Bundle  : 	at com.android.providers.media.MediaService.onHandleWork(MediaService.java:152)
07-31 17:37:24.853  2935  3699 W Bundle  : 	at androidx.core.app.JobIntentService$CommandProcessor.doInBackground(JobIntentService.java:396)
07-31 17:37:24.853  2935  3699 W Bundle  : 	at androidx.core.app.JobIntentService$CommandProcessor.doInBackground(JobIntentService.java:387)
07-31 17:37:24.853  2935  3699 W Bundle  : 	at android.os.AsyncTask$3.call(AsyncTask.java:394)
07-31 17:37:24.853  2935  3699 W Bundle  : 	at java.util.concurrent.FutureTask.run(FutureTask.java:266)
07-31 17:37:24.853  2935  3699 W Bundle  : 	at java.util.concurrent.ThreadPoolExecutor.runWorker(ThreadPoolExecutor.java:1167)
07-31 17:37:24.853  2935  3699 W Bundle  : 	at java.util.concurrent.ThreadPoolExecutor$Worker.run(ThreadPoolExecutor.java:641)
07-31 17:37:24.853  2935  3699 W Bundle  : 	at java.lang.Thread.run(Thread.java:933)
07-31 17:37:24.853  2935  3699 I ModernMediaScanner: queryArgs key:= android:query-arg-match-trashed cotent:= null
07-31 17:37:24.853  2935  3699 W Bundle  : Key android:query-arg-match-pending expected String but value was a java.lang.Integer.  The default value <null> was returned.
07-31 17:37:24.854  2935  3699 W Bundle  : Attempt to cast generated internal exception:
07-31 17:37:24.854  2935  3699 W Bundle  : java.lang.ClassCastException: java.lang.Integer cannot be cast to java.lang.String
07-31 17:37:24.854  2935  3699 W Bundle  : 	at android.os.BaseBundle.getString(BaseBundle.java:1298)
07-31 17:37:24.854  2935  3699 W Bundle  : 	at com.android.providers.media.scan.ModernMediaScanner$Scan.reconcileAndClean(ModernMediaScanner.java:674)
07-31 17:37:24.854  2935  3699 W Bundle  : 	at com.android.providers.media.scan.ModernMediaScanner$Scan.runInternal(ModernMediaScanner.java:527)
07-31 17:37:24.854  2935  3699 W Bundle  : 	at com.android.providers.media.scan.ModernMediaScanner$Scan.run(ModernMediaScanner.java:503)
07-31 17:37:24.854  2935  3699 W Bundle  : 	at com.android.providers.media.scan.ModernMediaScanner.scanFile(ModernMediaScanner.java:337)
07-31 17:37:24.854  2935  3699 W Bundle  : 	at com.huawei.media.scan.MediaScannerEx.scanFile(MediaScannerEx.java:252)
07-31 17:37:24.854  2935  3699 W Bundle  : 	at com.huawei.media.scan.MediaScannerEx.handleScanSingleFile(MediaScannerEx.java:236)
07-31 17:37:24.854  2935  3699 W Bundle  : 	at com.huawei.media.scan.MediaScannerEx.handledAction(MediaScannerEx.java:157)
07-31 17:37:24.854  2935  3699 W Bundle  : 	at com.huawei.media.scan.MediaScannerEx.onHandleWorkEx(MediaScannerEx.java:115)
07-31 17:37:24.854  2935  3699 W Bundle  : 	at com.android.providers.media.MediaProvider.onHandleWorkEx(MediaProvider.java:1778)
07-31 17:37:24.854  2935  3699 W Bundle  : 	at com.android.providers.media.MediaService.onHandleWorkEx(MediaService.java:406)
07-31 17:37:24.854  2935  3699 W Bundle  : 	at com.android.providers.media.MediaService.onHandleWork(MediaService.java:152)
07-31 17:37:24.854  2935  3699 W Bundle  : 	at androidx.core.app.JobIntentService$CommandProcessor.doInBackground(JobIntentService.java:396)
07-31 17:37:24.854  2935  3699 W Bundle  : 	at androidx.core.app.JobIntentService$CommandProcessor.doInBackground(JobIntentService.java:387)
07-31 17:37:24.854  2935  3699 W Bundle  : 	at android.os.AsyncTask$3.call(AsyncTask.java:394)
07-31 17:37:24.854  2935  3699 W Bundle  : 	at java.util.concurrent.FutureTask.run(FutureTask.java:266)
07-31 17:37:24.854  2935  3699 W Bundle  : 	at java.util.concurrent.ThreadPoolExecutor.runWorker(ThreadPoolExecutor.java:1167)
07-31 17:37:24.854  2935  3699 W Bundle  : 	at java.util.concurrent.ThreadPoolExecutor$Worker.run(ThreadPoolExecutor.java:641)
07-31 17:37:24.854  2935  3699 W Bundle  : 	at java.lang.Thread.run(Thread.java:933)
07-31 17:37:24.854  2935  3699 I ModernMediaScanner: queryArgs key:= android:query-arg-match-pending cotent:= null
07-31 17:37:24.854  2935  3699 I ModernMediaScanner: queryArgs key:= android:query-arg-sql-selection cotent:= ifnull(format,12288) != 47621 AND (_data LIKE ? ESCAPE '\' OR _data LIKE ? ESCAPE '\') AND generation_added <= 75
07-31 17:37:24.854  2935  3699 W Bundle  : Key android:query-arg-sql-selection-args expected String but value was a [Ljava.lang.String;.  The default value <null> was returned.
07-31 17:37:24.854  2935  3699 W Bundle  : Attempt to cast generated internal exception:
07-31 17:37:24.854  2935  3699 W Bundle  : java.lang.ClassCastException: java.lang.String[] cannot be cast to java.lang.String
07-31 17:37:24.854  2935  3699 W Bundle  : 	at android.os.BaseBundle.getString(BaseBundle.java:1298)
07-31 17:37:24.854  2935  3699 W Bundle  : 	at com.android.providers.media.scan.ModernMediaScanner$Scan.reconcileAndClean(ModernMediaScanner.java:674)
07-31 17:37:24.854  2935  3699 W Bundle  : 	at com.android.providers.media.scan.ModernMediaScanner$Scan.runInternal(ModernMediaScanner.java:527)
07-31 17:37:24.854  2935  3699 W Bundle  : 	at com.android.providers.media.scan.ModernMediaScanner$Scan.run(ModernMediaScanner.java:503)
07-31 17:37:24.854  2935  3699 W Bundle  : 	at com.android.providers.media.scan.ModernMediaScanner.scanFile(ModernMediaScanner.java:337)
07-31 17:37:24.854  2935  3699 W Bundle  : 	at com.huawei.media.scan.MediaScannerEx.scanFile(MediaScannerEx.java:252)
07-31 17:37:24.854  2935  3699 W Bundle  : 	at com.huawei.media.scan.MediaScannerEx.handleScanSingleFile(MediaScannerEx.java:236)
07-31 17:37:24.854  2935  3699 W Bundle  : 	at com.huawei.media.scan.MediaScannerEx.handledAction(MediaScannerEx.java:157)
07-31 17:37:24.854  2935  3699 W Bundle  : 	at com.huawei.media.scan.MediaScannerEx.onHandleWorkEx(MediaScannerEx.java:115)
07-31 17:37:24.854  2935  3699 W Bundle  : 	at com.android.providers.media.MediaProvider.onHandleWorkEx(MediaProvider.java:1778)
07-31 17:37:24.854  2935  3699 W Bundle  : 	at com.android.providers.media.MediaService.onHandleWorkEx(MediaService.java:406)
07-31 17:37:24.854  2935  3699 W Bundle  : 	at com.android.providers.media.MediaService.onHandleWork(MediaService.java:152)
07-31 17:37:24.854  2935  3699 W Bundle  : 	at androidx.core.app.JobIntentService$CommandProcessor.doInBackground(JobIntentService.java:396)
07-31 17:37:24.854  2935  3699 W Bundle  : 	at androidx.core.app.JobIntentService$CommandProcessor.doInBackground(JobIntentService.java:387)
07-31 17:37:24.854  2935  3699 W Bundle  : 	at android.os.AsyncTask$3.call(AsyncTask.java:394)
07-31 17:37:24.854  2935  3699 W Bundle  : 	at java.util.concurrent.FutureTask.run(FutureTask.java:266)
07-31 17:37:24.854  2935  3699 W Bundle  : 	at java.util.concurrent.ThreadPoolExecutor.runWorker(ThreadPoolExecutor.java:1167)
07-31 17:37:24.854  2935  3699 W Bundle  : 	at java.util.concurrent.ThreadPoolExecutor$Worker.run(ThreadPoolExecutor.java:641)
07-31 17:37:24.854  2935  3699 W Bundle  : 	at java.lang.Thread.run(Thread.java:933)
07-31 17:37:24.854  2935  3699 I ModernMediaScanner: queryArgs key:= android:query-arg-sql-selection-args cotent:= null
07-31 17:37:24.854  2935  3699 I ModernMediaScanner: queryArgs key:= android:query-arg-sql-sort-order cotent:= _id DESC
07-31 17:37:24.854  2935  3699 W Bundle  : Key android:query-arg-match-favorite expected String but value was a java.lang.Integer.  The default value <null> was returned.
07-31 17:37:24.854  2935  3699 W Bundle  : Attempt to cast generated internal exception:
07-31 17:37:24.854  2935  3699 W Bundle  : java.lang.ClassCastException: java.lang.Integer cannot be cast to java.lang.String
07-31 17:37:24.854  2935  3699 W Bundle  : 	at android.os.BaseBundle.getString(BaseBundle.java:1298)
07-31 17:37:24.854  2935  3699 W Bundle  : 	at com.android.providers.media.scan.ModernMediaScanner$Scan.reconcileAndClean(ModernMediaScanner.java:674)
07-31 17:37:24.854  2935  3699 W Bundle  : 	at com.android.providers.media.scan.ModernMediaScanner$Scan.runInternal(ModernMediaScanner.java:527)
07-31 17:37:24.854  2935  3699 W Bundle  : 	at com.android.providers.media.scan.ModernMediaScanner$Scan.run(ModernMediaScanner.java:503)
07-31 17:37:24.854  2935  3699 W Bundle  : 	at com.android.providers.media.scan.ModernMediaScanner.scanFile(ModernMediaScanner.java:337)
07-31 17:37:24.854  2935  3699 W Bundle  : 	at com.huawei.media.scan.MediaScannerEx.scanFile(MediaScannerEx.java:252)
07-31 17:37:24.854  2935  3699 W Bundle  : 	at com.huawei.media.scan.MediaScannerEx.handleScanSingleFile(MediaScannerEx.java:236)
07-31 17:37:24.854  2935  3699 W Bundle  : 	at com.huawei.media.scan.MediaScannerEx.handledAction(MediaScannerEx.java:157)
07-31 17:37:24.854  2935  3699 W Bundle  : 	at com.huawei.media.scan.MediaScannerEx.onHandleWorkEx(MediaScannerEx.java:115)
07-31 17:37:24.854  2935  3699 W Bundle  : 	at com.android.providers.media.MediaProvider.onHandleWorkEx(MediaProvider.java:1778)
07-31 17:37:24.854  2935  3699 W Bundle  : 	at com.android.providers.media.MediaService.onHandleWorkEx(MediaService.java:406)
07-31 17:37:24.854  2935  3699 W Bundle  : 	at com.android.providers.media.MediaService.onHandleWork(MediaService.java:152)
07-31 17:37:24.854  2935  3699 W Bundle  : 	at androidx.core.app.JobIntentService$CommandProcessor.doInBackground(JobIntentService.java:396)
07-31 17:37:24.854  2935  3699 W Bundle  : 	at androidx.core.app.JobIntentService$CommandProcessor.doInBackground(JobIntentService.java:387)
07-31 17:37:24.854  2935  3699 W Bundle  : 	at android.os.AsyncTask$3.call(AsyncTask.java:394)
07-31 17:37:24.854  2935  3699 W Bundle  : 	at java.util.concurrent.FutureTask.run(FutureTask.java:266)
07-31 17:37:24.854  2935  3699 W Bundle  : 	at java.util.concurrent.ThreadPoolExecutor.runWorker(ThreadPoolExecutor.java:1167)
07-31 17:37:24.854  2935  3699 W Bundle  : 	at java.util.concurrent.ThreadPoolExecutor$Worker.run(ThreadPoolExecutor.java:641)
07-31 17:37:24.854  2935  3699 W Bundle  : 	at java.lang.Thread.run(Thread.java:933)
07-31 17:37:24.854  2935  3699 I ModernMediaScanner: queryArgs key:= android:query-arg-match-favorite cotent:= null
07-31 17:37:24.854  2935  3699 I ModernMediaScanner: reconcileAndClean mUnknownIds size 0
07-31 17:37:24.855  2935  3699 I ModernMediaScanner: runInternal: 3, filename: **/emulated/11/screen_2025-07-31_173720.png**
07-31 17:37:24.855  2935  3699 I MediaProvider: Scanned external_primary due to REASON_DEMAND, found 0 items in 3ms, 0 inserts 0 updates 0 deletes
07-31 17:37:24.855  2935  3699 I MediaProvider: try scan file with encoded path
07-31 17:37:24.855  2935  3699 I MediaProvider: handleScanSingleFile but scan path is not single file!
07-31 17:37:24.858  2935  3699 I ModernMediaScanner: max id 38
07-31 17:37:24.859  2935  3699 W ModernMediaScanner: Failed to visit one file, meet exception
07-31 17:37:24.859  2935  3699 I ModernMediaScanner: sqlSelection ifnull(format,12288) != 47621 AND (_data LIKE ? ESCAPE '\' OR _data LIKE ? ESCAPE '\') AND generation_added <= 75
07-31 17:37:24.859  2935  3699 W Bundle  : Key android:query-arg-match-trashed expected String but value was a java.lang.Integer.  The default value <null> was returned.
07-31 17:37:24.859  2935  3699 W Bundle  : Attempt to cast generated internal exception:
07-31 17:37:24.859  2935  3699 W Bundle  : java.lang.ClassCastException: java.lang.Integer cannot be cast to java.lang.String
07-31 17:37:24.859  2935  3699 W Bundle  : 	at android.os.BaseBundle.getString(BaseBundle.java:1298)
07-31 17:37:24.859  2935  3699 W Bundle  : 	at com.android.providers.media.scan.ModernMediaScanner$Scan.reconcileAndClean(ModernMediaScanner.java:674)
07-31 17:37:24.859  2935  3699 W Bundle  : 	at com.android.providers.media.scan.ModernMediaScanner$Scan.runInternal(ModernMediaScanner.java:527)
07-31 17:37:24.859  2935  3699 W Bundle  : 	at com.android.providers.media.scan.ModernMediaScanner$Scan.run(ModernMediaScanner.java:503)
07-31 17:37:24.859  2935  3699 W Bundle  : 	at com.android.providers.media.scan.ModernMediaScanner.scanFile(ModernMediaScanner.java:337)
07-31 17:37:24.859  2935  3699 W Bundle  : 	at com.huawei.media.scan.MediaScannerEx.scanFile(MediaScannerEx.java:252)
07-31 17:37:24.859  2935  3699 W Bundle  : 	at com.huawei.media.scan.MediaScannerEx.handleScanSingleFile(MediaScannerEx.java:240)
07-31 17:37:24.859  2935  3699 W Bundle  : 	at com.huawei.media.scan.MediaScannerEx.handledAction(MediaScannerEx.java:157)
07-31 17:37:24.859  2935  3699 W Bundle  : 	at com.huawei.media.scan.MediaScannerEx.onHandleWorkEx(MediaScannerEx.java:115)
07-31 17:37:24.859  2935  3699 W Bundle  : 	at com.android.providers.media.MediaProvider.onHandleWorkEx(MediaProvider.java:1778)
07-31 17:37:24.859  2935  3699 W Bundle  : 	at com.android.providers.media.MediaService.onHandleWorkEx(MediaService.java:406)
07-31 17:37:24.859  2935  3699 W Bundle  : 	at com.android.providers.media.MediaService.onHandleWork(MediaService.java:152)
07-31 17:37:24.859  2935  3699 W Bundle  : 	at androidx.core.app.JobIntentService$CommandProcessor.doInBackground(JobIntentService.java:396)
07-31 17:37:24.859  2935  3699 W Bundle  : 	at androidx.core.app.JobIntentService$CommandProcessor.doInBackground(JobIntentService.java:387)
07-31 17:37:24.859  2935  3699 W Bundle  : 	at android.os.AsyncTask$3.call(AsyncTask.java:394)
07-31 17:37:24.859  2935  3699 W Bundle  : 	at java.util.concurrent.FutureTask.run(FutureTask.java:266)
07-31 17:37:24.859  2935  3699 W Bundle  : 	at java.util.concurrent.ThreadPoolExecutor.runWorker(ThreadPoolExecutor.java:1167)
07-31 17:37:24.859  2935  3699 W Bundle  : 	at java.util.concurrent.ThreadPoolExecutor$Worker.run(ThreadPoolExecutor.java:641)
07-31 17:37:24.859  2935  3699 W Bundle  : 	at java.lang.Thread.run(Thread.java:933)
07-31 17:37:24.859  2935  3699 I ModernMediaScanner: queryArgs key:= android:query-arg-match-trashed cotent:= null
07-31 17:37:24.859  2935  3699 W Bundle  : Key android:query-arg-match-pending expected String but value was a java.lang.Integer.  The default value <null> was returned.
07-31 17:37:24.860  2935  3699 W Bundle  : Attempt to cast generated internal exception:
07-31 17:37:24.860  2935  3699 W Bundle  : java.lang.ClassCastException: java.lang.Integer cannot be cast to java.lang.String
07-31 17:37:24.860  2935  3699 W Bundle  : 	at android.os.BaseBundle.getString(BaseBundle.java:1298)
07-31 17:37:24.860  2935  3699 W Bundle  : 	at com.android.providers.media.scan.ModernMediaScanner$Scan.reconcileAndClean(ModernMediaScanner.java:674)
07-31 17:37:24.860  2935  3699 W Bundle  : 	at com.android.providers.media.scan.ModernMediaScanner$Scan.runInternal(ModernMediaScanner.java:527)
07-31 17:37:24.860  2935  3699 W Bundle  : 	at com.android.providers.media.scan.ModernMediaScanner$Scan.run(ModernMediaScanner.java:503)
07-31 17:37:24.860  2935  3699 W Bundle  : 	at com.android.providers.media.scan.ModernMediaScanner.scanFile(ModernMediaScanner.java:337)
07-31 17:37:24.860  2935  3699 W Bundle  : 	at com.huawei.media.scan.MediaScannerEx.scanFile(MediaScannerEx.java:252)
07-31 17:37:24.860  2935  3699 W Bundle  : 	at com.huawei.media.scan.MediaScannerEx.handleScanSingleFile(MediaScannerEx.java:240)
07-31 17:37:24.860  2935  3699 W Bundle  : 	at com.huawei.media.scan.MediaScannerEx.handledAction(MediaScannerEx.java:157)
07-31 17:37:24.860  2935  3699 W Bundle  : 	at com.huawei.media.scan.MediaScannerEx.onHandleWorkEx(MediaScannerEx.java:115)
07-31 17:37:24.860  2935  3699 W Bundle  : 	at com.android.providers.media.MediaProvider.onHandleWorkEx(MediaProvider.java:1778)
07-31 17:37:24.860  2935  3699 W Bundle  : 	at com.android.providers.media.MediaService.onHandleWorkEx(MediaService.java:406)
07-31 17:37:24.860  2935  3699 W Bundle  : 	at com.android.providers.media.MediaService.onHandleWork(MediaService.java:152)
07-31 17:37:24.860  2935  3699 W Bundle  : 	at androidx.core.app.JobIntentService$CommandProcessor.doInBackground(JobIntentService.java:396)
07-31 17:37:24.860  2935  3699 W Bundle  : 	at androidx.core.app.JobIntentService$CommandProcessor.doInBackground(JobIntentService.java:387)
07-31 17:37:24.860  2935  3699 W Bundle  : 	at android.os.AsyncTask$3.call(AsyncTask.java:394)
07-31 17:37:24.860  2935  3699 W Bundle  : 	at java.util.concurrent.FutureTask.run(FutureTask.java:266)
07-31 17:37:24.860  2935  3699 W Bundle  : 	at java.util.concurrent.ThreadPoolExecutor.runWorker(ThreadPoolExecutor.java:1167)
07-31 17:37:24.860  2935  3699 W Bundle  : 	at java.util.concurrent.ThreadPoolExecutor$Worker.run(ThreadPoolExecutor.java:641)
07-31 17:37:24.860  2935  3699 W Bundle  : 	at java.lang.Thread.run(Thread.java:933)
07-31 17:37:24.860  2935  3699 I ModernMediaScanner: queryArgs key:= android:query-arg-match-pending cotent:= null
07-31 17:37:24.860  2935  3699 I ModernMediaScanner: queryArgs key:= android:query-arg-sql-selection cotent:= ifnull(format,12288) != 47621 AND (_data LIKE ? ESCAPE '\' OR _data LIKE ? ESCAPE '\') AND generation_added <= 75
07-31 17:37:24.860  2935  3699 W Bundle  : Key android:query-arg-sql-selection-args expected String but value was a [Ljava.lang.String;.  The default value <null> was returned.
07-31 17:37:24.860  2935  3699 W Bundle  : Attempt to cast generated internal exception:
07-31 17:37:24.860  2935  3699 W Bundle  : java.lang.ClassCastException: java.lang.String[] cannot be cast to java.lang.String
07-31 17:37:24.860  2935  3699 W Bundle  : 	at android.os.BaseBundle.getString(BaseBundle.java:1298)
07-31 17:37:24.860  2935  3699 W Bundle  : 	at com.android.providers.media.scan.ModernMediaScanner$Scan.reconcileAndClean(ModernMediaScanner.java:674)
07-31 17:37:24.860  2935  3699 W Bundle  : 	at com.android.providers.media.scan.ModernMediaScanner$Scan.runInternal(ModernMediaScanner.java:527)
07-31 17:37:24.860  2935  3699 W Bundle  : 	at com.android.providers.media.scan.ModernMediaScanner$Scan.run(ModernMediaScanner.java:503)
07-31 17:37:24.860  2935  3699 W Bundle  : 	at com.android.providers.media.scan.ModernMediaScanner.scanFile(ModernMediaScanner.java:337)
07-31 17:37:24.860  2935  3699 W Bundle  : 	at com.huawei.media.scan.MediaScannerEx.scanFile(MediaScannerEx.java:252)
07-31 17:37:24.860  2935  3699 W Bundle  : 	at com.huawei.media.scan.MediaScannerEx.handleScanSingleFile(MediaScannerEx.java:240)
07-31 17:37:24.860  2935  3699 W Bundle  : 	at com.huawei.media.scan.MediaScannerEx.handledAction(MediaScannerEx.java:157)
07-31 17:37:24.860  2935  3699 W Bundle  : 	at com.huawei.media.scan.MediaScannerEx.onHandleWorkEx(MediaScannerEx.java:115)
07-31 17:37:24.860  2935  3699 W Bundle  : 	at com.android.providers.media.MediaProvider.onHandleWorkEx(MediaProvider.java:1778)
07-31 17:37:24.860  2935  3699 W Bundle  : 	at com.android.providers.media.MediaService.onHandleWorkEx(MediaService.java:406)
07-31 17:37:24.860  2935  3699 W Bundle  : 	at com.android.providers.media.MediaService.onHandleWork(MediaService.java:152)
07-31 17:37:24.860  2935  3699 W Bundle  : 	at androidx.core.app.JobIntentService$CommandProcessor.doInBackground(JobIntentService.java:396)
07-31 17:37:24.860  2935  3699 W Bundle  : 	at androidx.core.app.JobIntentService$CommandProcessor.doInBackground(JobIntentService.java:387)
07-31 17:37:24.860  2935  3699 W Bundle  : 	at android.os.AsyncTask$3.call(AsyncTask.java:394)
07-31 17:37:24.860  2935  3699 W Bundle  : 	at java.util.concurrent.FutureTask.run(FutureTask.java:266)
07-31 17:37:24.860  2935  3699 W Bundle  : 	at java.util.concurrent.ThreadPoolExecutor.runWorker(ThreadPoolExecutor.java:1167)
07-31 17:37:24.860  2935  3699 W Bundle  : 	at java.util.concurrent.ThreadPoolExecutor$Worker.run(ThreadPoolExecutor.java:641)
07-31 17:37:24.860  2935  3699 W Bundle  : 	at java.lang.Thread.run(Thread.java:933)
07-31 17:37:24.860  2935  3699 I ModernMediaScanner: queryArgs key:= android:query-arg-sql-selection-args cotent:= null
07-31 17:37:24.860  2935  3699 I ModernMediaScanner: queryArgs key:= android:query-arg-sql-sort-order cotent:= _id DESC
07-31 17:37:24.860  2935  3699 W Bundle  : Key android:query-arg-match-favorite expected String but value was a java.lang.Integer.  The default value <null> was returned.
07-31 17:37:24.860  2935  3699 W Bundle  : Attempt to cast generated internal exception:
07-31 17:37:24.860  2935  3699 W Bundle  : java.lang.ClassCastException: java.lang.Integer cannot be cast to java.lang.String
07-31 17:37:24.860  2935  3699 W Bundle  : 	at android.os.BaseBundle.getString(BaseBundle.java:1298)
07-31 17:37:24.860  2935  3699 W Bundle  : 	at com.android.providers.media.scan.ModernMediaScanner$Scan.reconcileAndClean(ModernMediaScanner.java:674)
07-31 17:37:24.860  2935  3699 W Bundle  : 	at com.android.providers.media.scan.ModernMediaScanner$Scan.runInternal(ModernMediaScanner.java:527)
07-31 17:37:24.860  2935  3699 W Bundle  : 	at com.android.providers.media.scan.ModernMediaScanner$Scan.run(ModernMediaScanner.java:503)
07-31 17:37:24.860  2935  3699 W Bundle  : 	at com.android.providers.media.scan.ModernMediaScanner.scanFile(ModernMediaScanner.java:337)
07-31 17:37:24.860  2935  3699 W Bundle  : 	at com.huawei.media.scan.MediaScannerEx.scanFile(MediaScannerEx.java:252)
07-31 17:37:24.860  2935  3699 W Bundle  : 	at com.huawei.media.scan.MediaScannerEx.handleScanSingleFile(MediaScannerEx.java:240)
07-31 17:37:24.860  2935  3699 W Bundle  : 	at com.huawei.media.scan.MediaScannerEx.handledAction(MediaScannerEx.java:157)
07-31 17:37:24.860  2935  3699 W Bundle  : 	at com.huawei.media.scan.MediaScannerEx.onHandleWorkEx(MediaScannerEx.java:115)
07-31 17:37:24.860  2935  3699 W Bundle  : 	at com.android.providers.media.MediaProvider.onHandleWorkEx(MediaProvider.java:1778)
07-31 17:37:24.860  2935  3699 W Bundle  : 	at com.android.providers.media.MediaService.onHandleWorkEx(MediaService.java:406)
07-31 17:37:24.860  2935  3699 W Bundle  : 	at com.android.providers.media.MediaService.onHandleWork(MediaService.java:152)
07-31 17:37:24.860  2935  3699 W Bundle  : 	at androidx.core.app.JobIntentService$CommandProcessor.doInBackground(JobIntentService.java:396)
07-31 17:37:24.860  2935  3699 W Bundle  : 	at androidx.core.app.JobIntentService$CommandProcessor.doInBackground(JobIntentService.java:387)
07-31 17:37:24.860  2935  3699 W Bundle  : 	at android.os.AsyncTask$3.call(AsyncTask.java:394)
07-31 17:37:24.860  2935  3699 W Bundle  : 	at java.util.concurrent.FutureTask.run(FutureTask.java:266)
07-31 17:37:24.860  2935  3699 W Bundle  : 	at java.util.concurrent.ThreadPoolExecutor.runWorker(ThreadPoolExecutor.java:1167)
07-31 17:37:24.860  2935  3699 W Bundle  : 	at java.util.concurrent.ThreadPoolExecutor$Worker.run(ThreadPoolExecutor.java:641)
07-31 17:37:24.860  2935  3699 W Bundle  : 	at java.lang.Thread.run(Thread.java:933)
07-31 17:37:24.860  2935  3699 I ModernMediaScanner: queryArgs key:= android:query-arg-match-favorite cotent:= null
07-31 17:37:24.861  2935  3699 I ModernMediaScanner: reconcileAndClean mUnknownIds size 0
07-31 17:37:24.861  2935  3699 I ModernMediaScanner: runInternal: 2, filename: **/emulated/11/screen_2025-07-31_173720.png**
07-31 17:37:24.861  2935  3699 I MediaProvider: Scanned external_primary due to REASON_DEMAND, found 0 items in 2ms, 0 inserts 0 updates 0 deletes
07-31 17:37:24.862  2935  3699 I MediaService: End Intent { act=android.intent.action.MEDIA_SCANNER_SCAN_FILE dat=file:///sdcard/screen_2025-07-31_173720.png flg=0x1400010 cmp=com.android.providers.media.module/com.android.providers.media.MediaService }
07-31 17:37:24.863   637   637 I android.system.suspend@1.0-service: decSuspendCounter kname=native_PowerManagerService.WakeLocks --mSuspendCounter= 2
07-31 17:37:24.863  2935  2935 I MediaService: onUnbind
07-31 17:37:24.864  2935  2935 I MediaService: onDestroy {MediaVolume name: [external_primary] id: [emulated;11] user: [UserHandle{11}] path: [/storage/emulated/11]}
07-31 17:37:24.899  1851  1903 I libprocessgroup: Successfully killed process cgroup uid 1110096 pid 28403 in 63ms
07-31 17:37:24.913  1851  7217 I ActivityManager: appDiedLocked: pid=28403, app=ProcessRecord{4903ba8 28403:com.huawei.hwid/u11a96}, fromBinderDied=true, reason=null
07-31 17:37:24.913  1878 16334 I fwkit_kams_process: [fwkit ProcessManagerService.java:37] Receive com.huawei.hwid die notify!
07-31 17:37:24.913  1878  3398 I fwkit_kbct_dsp: [fwkit KitBroadcastDispatcher.java:63] unregister all action for com.huawei.hwid
07-31 17:37:24.914  1878 16334 I fwkit_kams_process: [fwkit ProcessManagerService.java:64] CountDownLatch or ProcessIdSet is null, no need to update
07-31 17:37:24.914  1851  4104 W HwAudioServiceEx: SoundEffectState bundle get reserved is invalid
07-31 17:37:24.915   809   809 I Zygote  : Process 28403 exited due to signal 9 (Killed)
07-31 17:37:24.915  1878 16334 W fwkit_ProcessRecordProxy: [fwkit ProcessRecordProxy.java:14] attachBase have not called!
07-31 17:37:24.915  1851  7217 I ActivityTaskManager: The application process is dead.
07-31 17:37:24.915  1851  1895 I HwPowerManagerService: appdie release wakelock, pid = 28403, uid = 1110096
07-31 17:37:24.917  4741  5378 E HsmCoreServiceImpl: onTransact in code is: 102
07-31 17:37:24.917  4741  5378 I MediaProcessHandler: processOp opType: 1, uid: 1110096, pid: 28403
07-31 17:37:24.917  4741  5378 W MediaProcessHandler: only the process it self can do this operation: 1110096, 1000, 28403, 4528
07-31 17:37:24.917  4741  5378 I MediaProcessHandler: executedCallBack opType: 1 mMediaStatusObservers.size=1
07-31 17:37:24.918  1851  1881 I SWAP_Scene: Entering notifySceneData notifySceneData. EventType:PROCESS_DIED pkg:com.huawei.hwid uid:1110096 pid:28403 proc: activity:null
07-31 17:37:24.918  4741 15587 E HsmCoreServiceImpl: onTransact in code is: 102
07-31 17:37:24.918  4741 15587 I MediaProcessHandler: processOp opType: 1, uid: 1110096, pid: 28403
07-31 17:37:24.918  4741 16674 I HwGlobalWritingBusiness: mProcessObserver:package:com.huawei.hwid
07-31 17:37:24.918  4741 15587 W MediaProcessHandler: only the process it self can do this operation: 1110096, 1101000, 28403, 1951
07-31 17:37:24.919  4741 15587 I MediaProcessHandler: executedCallBack opType: 1 mMediaStatusObservers.size=1
07-31 17:37:24.920  1851  2124 W AwareLog: SchedLevelBoost: onProcessDied config not set!
07-31 17:37:25.001  1851  1920 I HwAmbientLuxFilterAlgo: SceneBufferAmbientLux input error,end=30,start=-141,bufferSize=59
07-31 17:37:25.250  1350  8694 I CPU_STATS: iawared: query next cpu load with 2!
07-31 17:37:25.250  1350  8694 I CPU_STATS: total cost time 2008003125 ns
07-31 17:37:25.251  1350  8694 I CPU_STATS: iawared: current total load is 0.179999, capacity : 5166, pre load:  15574357098796, current load : 15576180524093
07-31 17:37:25.252  1350  8694 I CPU_STATS: read once cost time 2064 us
07-31 17:37:25.350  1851  1920 I HwAmbientLuxFilterAlgo: SceneBufferAmbientLux input error,end=30,start=-141,bufferSize=59
07-31 17:37:25.417   847   895 I audio_hw_usbaudio_ext: [get_extension_typec_parameters:189]: check show hires (false)
07-31 17:37:25.419  1851  4076 I TrafficMonitor: update:rxPkts:406,txPkts:3986,rxBytes:22798,txBytes:5732954
07-31 17:37:25.420  1851  4076 I TrafficMonitor: no expired. level:2
07-31 17:37:25.420  1851  4076 I TrafficMonitor: gettimer:interval=2000
07-31 17:37:25.420  1851  4076 I TrafficMonitor: during_ms:2004,period_ms:2000
07-31 17:37:25.420  1851  4076 I TrafficMonitor: count:275,rx_sum:406,tx_sum:3986,rxBytes:22798,during_ms:2004,rx_speed:11376.24750499002,tx_speed:2860755.489021956,rto:0.10185649774209735
07-31 17:37:25.420  1851  4076 I HuaweiWifiWatchdogStateMachine: Get speed information rx_speed = 11376 ,tx_speed = 2860755 ,isSpeedOk = true ,mBestSpeedInPeriod = 11376
07-31 17:37:25.552  1851  7217 I HwConnectivityServiceEx: set 10197, metered: true, value: false
07-31 17:37:25.553  1851  7217 I HwConnectivityServiceEx: set 10197, metered: false, value: false
07-31 17:37:25.569  6713 18771 I MediaProvider: controlDeleteMedia content://media/external_primary/file
07-31 17:37:25.570  6713 18771 I MediaProvider: controlDeleteMedia id: 2340
07-31 17:37:25.572   907  1418 I VSyncPredictor: setPeriod: 16666666
07-31 17:37:25.576 28394 28394 I SmartSlideOverScroller: start init SmartSlideOverScroller and get the overscroller config
07-31 17:37:25.576 28394 28394 I SmartSlideOverScrollerConfig: get the overscroller config
07-31 17:37:25.587  6713 18771 I MediaProvider: controlDeleteMedia end deleteType: -1 deleteCount: 1
07-31 17:37:25.590  6713 18771 I MediaProvider: Deleted 0 0 0 0 0 0 0 0 items on external_primary due to com.android.shell
07-31 17:37:25.648  1851  7217 I Binder  : dump {serviceName:BinderService, formatArgs:, callChain:/apex/com.android.adbd/bin/adbd->dumpsys}
07-31 17:37:25.699  1851  1920 I HwAmbientLuxFilterAlgo: SceneBufferAmbientLux input error,end=30,start=-141,bufferSize=59
07-31 17:37:25.769  1851  7217 I Binder  : dump {serviceName:InputManagerServiceBridge, formatArgs:, callChain:/apex/com.android.adbd/bin/adbd->dumpsys}
07-31 17:37:25.885  1851  7217 I ActivityTaskManager: notifyActivityLaunching intent=Intent { act=android.intent.action.MAIN cat=[android.intent.category.LAUNCHER] flg=0x10000000 cmp=com.simplemobiletools.musicplayer/.activities.SplashActivity.Orange } existingInfo=null
07-31 17:37:25.885  1851  7217 I SWAP_Scene: Entering notifySceneData notifySceneData. EventType:SWITCH_TO_FOREGROUND pkg:com.simplemobiletools.musicplayer uid:1110226 pid:0 proc: activity:com.simplemobiletools.musicplayer.activities.SplashActivity.Orange
07-31 17:37:25.885  1851  7217 I ActivityTaskManager: START u11 {act=android.intent.action.MAIN cat=[android.intent.category.LAUNCHER] flg=0x10000000 hwFlg=0x10 cmp=com.simplemobiletools.musicplayer/.activities.SplashActivity.Orange} from uid 2000 controller startActivityAsUser
07-31 17:37:25.885  1851  7217 I HwActivityTaskManagerServiceEx: developer mode, not limit.
07-31 17:37:25.886  1851  7217 I HWRME LIBHWRME_CLIENT: ResMngMmEvent interface arg 0, 10226
07-31 17:37:25.886  1851  7217 E system_server: HwGtm: SystemEvent: failed to open hwgtm_manager!!
