07-31 17:37:06.717  1776  1776 W HwLauncher: TalkBackHelper needAnnounceAbilityForm input parameter is null
07-31 17:37:06.721  1776  1776 E ndroid.launche: Invalid ID 0x9b000000.
07-31 17:37:06.721  1776  1776 E ndroid.launche: No package ID 9b found for ID 0x9b010100.
07-31 17:37:06.721  1776  1776 E ndroid.launche: No package ID 9b found for ID 0x9b020200.
07-31 17:37:06.721  1776  1776 E ndroid.launche: No package ID 9b found for ID 0x9b030300.
07-31 17:37:06.721  1776  1776 E ndroid.launche: No package ID 9b found for ID 0x9b040400.
07-31 17:37:06.721  1776  1776 E ndroid.launche: No package ID 9b found for ID 0x9b050500.
07-31 17:37:06.721  1776  1776 E ndroid.launche: No package ID 9b found for ID 0x9b060600.
07-31 17:37:06.722  1776  1776 E ndroid.launche: Invalid ID 0x9b000000.
07-31 17:37:06.722  1776  1776 E ndroid.launche: No package ID 9b found for ID 0x9b010100.
07-31 17:37:06.722  1776  1776 E ndroid.launche: No package ID 9b found for ID 0x9b020200.
07-31 17:37:06.722  1776  1776 E ndroid.launche: No package ID 9b found for ID 0x9b030300.
07-31 17:37:06.722  1776  1776 E ndroid.launche: No package ID 9b found for ID 0x9b040400.
07-31 17:37:06.722  1776  1776 E ndroid.launche: No package ID 9b found for ID 0x9b050500.
07-31 17:37:06.722  1776  1776 E ndroid.launche: No package ID 9b found for ID 0x9b060600.
07-31 17:37:06.726  1776  1776 E ndroid.launche: No package ID 9b found for ID 0x9b090900.
07-31 17:37:06.727  1776  1776 E ndroid.launche: No package ID 9b found for ID 0x9b090900.
07-31 17:37:06.729  1776  1776 E ndroid.launche: No package ID 9b found for ID 0x9b090900.
07-31 17:37:06.730  1776  1776 E ndroid.launche: No package ID 9b found for ID 0x9b080800.
07-31 17:37:06.730  1776  1776 E ndroid.launche: No package ID 9b found for ID 0x9b080800.
07-31 17:37:06.731  1776  1776 E ndroid.launche: No package ID 9b found for ID 0x9b070700.
07-31 17:37:06.732  1776  1776 E ndroid.launche: No package ID 9b found for ID 0x9b060600.
07-31 17:37:06.733  1776  1776 E ndroid.launche: No package ID 9b found for ID 0x9b050500.
07-31 17:37:06.734  1776  1776 E ndroid.launche: No package ID 9b found for ID 0x9b040400.
07-31 17:37:06.735  1776  1776 E ndroid.launche: No package ID 9b found for ID 0x9b030300.
07-31 17:37:06.800  1851  1920 I HwAmbientLuxFilterAlgo: SceneBufferAmbientLux input error,end=30,start=-141,bufferSize=59
07-31 17:37:06.830  1776  1776 E ndroid.launche: Invalid ID 0x9c000000.
07-31 17:37:06.830  1776  1776 E ndroid.launche: Invalid ID 0x9c000003.
07-31 17:37:06.831  1776  1776 E ndroid.launche: Invalid ID 0x9c000203.
07-31 17:37:06.831  1776  1776 E ndroid.launche: Invalid ID 0x9c000403.
07-31 17:37:06.831  1776  1776 E ndroid.launche: Invalid ID 0x9c000503.
07-31 17:37:06.831  1776  1776 E ndroid.launche: Invalid ID 0x9c000204.
07-31 17:37:06.831  1776  1776 E ndroid.launche: Invalid ID 0x9c000304.
07-31 17:37:06.831  1776  1776 E ndroid.launche: Invalid ID 0x9c000404.
07-31 17:37:06.831  1776  1776 E ndroid.launche: Invalid ID 0x9c000604.
07-31 17:37:06.831  1776  1776 W HwLauncher: TalkBackHelper needAnnounceAbilityForm input parameter is null
07-31 17:37:06.832  1776  1776 W HwLauncher: TalkBackHelper needAnnounceAbilityForm input parameter is null
07-31 17:37:06.875 14736 24137 I CAWARENESS_32379_AbilityContext: [1753954641881] deliver {dataId=1001000011, mode=0} to 1 receivers
07-31 17:37:06.885  1851  4394 I ActivityManager: restoreGcTask callingPid = 1776 callingUid = 1110106
07-31 17:37:06.887  1851  1898 I HwSystemMemoryUtils: restore gc task msgId: 32
07-31 17:37:06.916  1776  1776 E ndroid.launche: Invalid ID 0x9c000000.
07-31 17:37:06.917  1776  1776 E ndroid.launche: Invalid ID 0x9c000003.
07-31 17:37:06.917  1776  1776 E ndroid.launche: Invalid ID 0x9c000203.
07-31 17:37:06.940  1776  1776 W HwLauncher: TalkBackHelper needAnnounceAbilityForm input parameter is null
07-31 17:37:06.948  1776  1776 W HwLauncher: TalkBackHelper needAnnounceAbilityForm input parameter is null
07-31 17:37:06.949  1776  1776 E ndroid.launche: Invalid ID 0x9c000403.
07-31 17:37:06.950  1776  1776 E ndroid.launche: Invalid ID 0x9c000503.
07-31 17:37:06.951  1776  1776 E ndroid.launche: Invalid ID 0x9c000204.
07-31 17:37:06.952  1776  1776 E ndroid.launche: Invalid ID 0x9c000304.
07-31 17:37:06.952  1776  1776 E ndroid.launche: Invalid ID 0x9c000404.
07-31 17:37:06.954  1776  1776 E ndroid.launche: Invalid ID 0x9c000604.
07-31 17:37:06.956  1776  1776 E ndroid.launche: No package ID 9c found for ID 0x9c010000.
07-31 17:37:06.956  1776  1776 E ndroid.launche: No package ID 9c found for ID 0x9c010100.
07-31 17:37:06.956  1776  1776 E ndroid.launche: No package ID 9c found for ID 0x9c010200.
07-31 17:37:06.956  1776  1776 E ndroid.launche: No package ID 9c found for ID 0x9c010300.
07-31 17:37:06.956  1776  1776 E ndroid.launche: No package ID 9c found for ID 0x9c010400.
07-31 17:37:06.956  1776  1776 E ndroid.launche: No package ID 9c found for ID 0x9c010001.
07-31 17:37:06.956  1776  1776 E ndroid.launche: No package ID 9c found for ID 0x9c010101.
07-31 17:37:06.956  1776  1776 E ndroid.launche: No package ID 9c found for ID 0x9c010201.
07-31 17:37:06.956  1776  1776 E ndroid.launche: No package ID 9c found for ID 0x9c010301.
07-31 17:37:06.960  1776  1776 W HwLauncher: TalkBackHelper needAnnounceAbilityForm input parameter is null
07-31 17:37:06.961  1776  1776 E ndroid.launche: No package ID 9c found for ID 0x9c010401.
07-31 17:37:06.961  1776  1776 W HwLauncher: TalkBackHelper needAnnounceAbilityForm input parameter is null
07-31 17:37:06.963  1776  1776 E ndroid.launche: No package ID 9c found for ID 0x9c010500.
07-31 17:37:06.964  1776  1776 W HwLauncher: TalkBackHelper needAnnounceAbilityForm input parameter is null
07-31 17:37:06.969  1776  1776 E ndroid.launche: No package ID 9c found for ID 0x9c010002.
07-31 17:37:06.970  1776  1776 E ndroid.launche: No package ID 9c found for ID 0x9c010003.
07-31 17:37:06.971  1776  1776 E ndroid.launche: No package ID 9c found for ID 0x9c010103.
07-31 17:37:06.972  1776  1776 E ndroid.launche: No package ID 9c found for ID 0x9c010203.
07-31 17:37:06.973  1776  1776 E ndroid.launche: No package ID 9c found for ID 0x9c010303.
07-31 17:37:06.974  1776  1776 E ndroid.launche: No package ID 9c found for ID 0x9c010403.
07-31 17:37:06.975  1776  1776 E ndroid.launche: No package ID 9c found for ID 0x9c010503.
07-31 17:37:06.976  1776  1776 E ndroid.launche: No package ID 9c found for ID 0x9c010004.
07-31 17:37:06.976  1776  1776 E ndroid.launche: No package ID 9c found for ID 0x9c010104.
07-31 17:37:06.977  1776  1776 E ndroid.launche: No package ID 9c found for ID 0x9c010104.
07-31 17:37:06.978  1776  1776 E ndroid.launche: No package ID 9c found for ID 0x9c010304.
07-31 17:37:06.979  1776  1776 E ndroid.launche: No package ID 9c found for ID 0x9c010404.
07-31 17:37:06.981  1776  1776 E ndroid.launche: No package ID 9c found for ID 0x9c010504.
07-31 17:37:06.982  1776  1776 E ndroid.launche: No package ID 9c found for ID 0x9c010604.
07-31 17:37:06.984  1776  1776 E ndroid.launche: No package ID 9c found for ID 0x9c010604.
07-31 17:37:06.986  1776  1776 E ndroid.launche: No package ID 9c found for ID 0x9c020000.
07-31 17:37:06.986  1776  1776 W HwLauncher: TalkBackHelper needAnnounceAbilityForm input parameter is null
07-31 17:37:06.987  1776  1776 W HwLauncher: TalkBackHelper needAnnounceAbilityForm input parameter is null
07-31 17:37:07.004  1851  4394 I Binder  : dump {serviceName:HwActivityManagerService, formatArgs:activities, callChain:/apex/com.android.adbd/bin/adbd->dumpsys}
07-31 17:37:07.025  1776  1776 W HwLauncher: TalkBackHelper needAnnounceAbilityForm input parameter is null
07-31 17:37:07.067  1776  1776 W HwLauncher: TalkBackHelper needAnnounceAbilityForm input parameter is null
07-31 17:37:07.073  1776  1776 E ndroid.launche: Invalid ID 0x9b000000.
07-31 17:37:07.073  1776  1776 E ndroid.launche: No package ID 9b found for ID 0x9b010100.
07-31 17:37:07.073  1776  1776 E ndroid.launche: No package ID 9b found for ID 0x9b020200.
07-31 17:37:07.073  1776  1776 E ndroid.launche: No package ID 9b found for ID 0x9b030300.
07-31 17:37:07.073  1776  1776 E ndroid.launche: No package ID 9b found for ID 0x9b040400.
07-31 17:37:07.073  1776  1776 E ndroid.launche: No package ID 9b found for ID 0x9b050500.
07-31 17:37:07.074  1776  1776 E ndroid.launche: No package ID 9b found for ID 0x9b060600.
07-31 17:37:07.075  1776  1776 E ndroid.launche: Invalid ID 0x9b000000.
07-31 17:37:07.075  1776  1776 E ndroid.launche: No package ID 9b found for ID 0x9b010100.
07-31 17:37:07.075  1776  1776 E ndroid.launche: No package ID 9b found for ID 0x9b020200.
07-31 17:37:07.075  1776  1776 E ndroid.launche: No package ID 9b found for ID 0x9b030300.
07-31 17:37:07.075  1776  1776 E ndroid.launche: No package ID 9b found for ID 0x9b040400.
07-31 17:37:07.075  1776  1776 E ndroid.launche: No package ID 9b found for ID 0x9b050500.
07-31 17:37:07.075  1776  1776 E ndroid.launche: No package ID 9b found for ID 0x9b060600.
07-31 17:37:07.083  1776  1776 E ndroid.launche: No package ID 9b found for ID 0x9b090900.
07-31 17:37:07.084  1776  1776 E ndroid.launche: No package ID 9b found for ID 0x9b090900.
07-31 17:37:07.084  1776  1776 E ndroid.launche: No package ID 9b found for ID 0x9b090900.
07-31 17:37:07.084  1776  1776 E ndroid.launche: No package ID 9b found for ID 0x9b080800.
07-31 17:37:07.084  1776  1776 E ndroid.launche: No package ID 9b found for ID 0x9b080800.
07-31 17:37:07.084  1776  1776 E ndroid.launche: No package ID 9b found for ID 0x9b070700.
07-31 17:37:07.084  1776  1776 E ndroid.launche: No package ID 9b found for ID 0x9b060600.
07-31 17:37:07.084  1776  1776 E ndroid.launche: No package ID 9b found for ID 0x9b050500.
07-31 17:37:07.084  1776  1776 E ndroid.launche: No package ID 9b found for ID 0x9b040400.
07-31 17:37:07.085  1776  1776 E ndroid.launche: No package ID 9b found for ID 0x9b030300.
07-31 17:37:07.085  1776  1776 E ndroid.launche: No package ID 9b found for ID 0x9b090900.
07-31 17:37:07.085  1776  1776 E ndroid.launche: No package ID 9b found for ID 0x9b090900.
07-31 17:37:07.085  1776  1776 E ndroid.launche: No package ID 9b found for ID 0x9b090900.
07-31 17:37:07.085  1776  1776 E ndroid.launche: No package ID 9b found for ID 0x9b080800.
07-31 17:37:07.085  1776  1776 E ndroid.launche: No package ID 9b found for ID 0x9b080800.
07-31 17:37:07.086  1776  1776 E ndroid.launche: No package ID 9b found for ID 0x9b070700.
07-31 17:37:07.086  1776  1776 E ndroid.launche: No package ID 9b found for ID 0x9b060600.
07-31 17:37:07.086  1776  1776 E ndroid.launche: No package ID 9b found for ID 0x9b050500.
07-31 17:37:07.086  1776  1776 E ndroid.launche: No package ID 9b found for ID 0x9b040400.
07-31 17:37:07.086  1776  1867 I ndroid.launche: [SuspendGCController] restore footprint = 20MB
07-31 17:37:07.086  1776  1776 E ndroid.launche: No package ID 9b found for ID 0x9b030300.
07-31 17:37:07.090  1851  1860 I system_server: [SuspendGCController] restore footprint = 99MB
07-31 17:37:07.101  1851  7208 I Binder  : dump {serviceName:HwActivityManagerService, formatArgs:activities, callChain:/apex/com.android.adbd/bin/adbd->dumpsys}
07-31 17:37:07.149  1851  1920 I HwAmbientLuxFilterAlgo: SceneBufferAmbientLux input error,end=30,start=-141,bufferSize=59
07-31 17:37:07.186  1350  8694 I CPU_STATS: iawared: query next cpu load with 2!
07-31 17:37:07.186  1350  8694 I CPU_STATS: total cost time 2007650520 ns
07-31 17:37:07.188  1350  8694 I CPU_STATS: iawared: current total load is 0.184131, capacity : 5166, pre load:  15559707106732, current load : 15561572063368
07-31 17:37:07.190  1350  8694 I CPU_STATS: read once cost time 3264 us
07-31 17:37:07.217  1776  1776 E ndroid.launche: Invalid ID 0x9c000000.
07-31 17:37:07.217  1776  1776 E ndroid.launche: Invalid ID 0x9c000003.
07-31 17:37:07.217  1776  1776 E ndroid.launche: Invalid ID 0x9c000203.
07-31 17:37:07.217  1776  1776 E ndroid.launche: Invalid ID 0x9c000403.
07-31 17:37:07.217  1776  1776 E ndroid.launche: Invalid ID 0x9c000503.
07-31 17:37:07.217  1776  1776 E ndroid.launche: Invalid ID 0x9c000204.
07-31 17:37:07.226  1851  7208 I Binder  : dump {serviceName:HwActivityManagerService, formatArgs:activities, callChain:/apex/com.android.adbd/bin/adbd->dumpsys}
07-31 17:37:07.238  1776  1869 W System  : A resource failed to call release. 
07-31 17:37:07.238  1776  1869 W System  : A resource failed to call release. 
07-31 17:37:07.238  1776  1776 W HwLauncher: TalkBackHelper needAnnounceAbilityForm input parameter is null
07-31 17:37:07.242  1776  1776 W HwLauncher: TalkBackHelper needAnnounceAbilityForm input parameter is null
07-31 17:37:07.242  1776  1776 E ndroid.launche: Invalid ID 0x9c000304.
07-31 17:37:07.243  1776  1776 E ndroid.launche: Invalid ID 0x9c000404.
07-31 17:37:07.243  1776  1776 E ndroid.launche: Invalid ID 0x9c000604.
07-31 17:37:07.244  1776  1776 E ndroid.launche: No package ID 9c found for ID 0x9c010000.
07-31 17:37:07.244  1776  1776 E ndroid.launche: No package ID 9c found for ID 0x9c010100.
07-31 17:37:07.244  1776  1776 E ndroid.launche: No package ID 9c found for ID 0x9c010200.
07-31 17:37:07.244  1776  1776 E ndroid.launche: No package ID 9c found for ID 0x9c010300.
07-31 17:37:07.244  1776  1776 E ndroid.launche: No package ID 9c found for ID 0x9c010400.
07-31 17:37:07.245  1776  1776 E ndroid.launche: No package ID 9c found for ID 0x9c010001.
07-31 17:37:07.245  1776  1776 E ndroid.launche: No package ID 9c found for ID 0x9c010101.
07-31 17:37:07.246  1776  1776 E ndroid.launche: No package ID 9c found for ID 0x9c010201.
07-31 17:37:07.246   907   907 I Layer   : Surface(name=Task=290)/@0xa8ef323 - animation-leash of app_transition#13702: destroyed
07-31 17:37:07.246   907   907 I Layer   : Surface(name=WallpaperWindowToken{aad14fe token=android.os.Binder@49418b9})/@0x95a3625 - animation-leash of window_animation#13703: destroyed
07-31 17:37:07.246  1776  1776 W HwLauncher: TalkBackHelper needAnnounceAbilityForm input parameter is null
07-31 17:37:07.247  1776  1776 E ndroid.launche: No package ID 9c found for ID 0x9c010301.
07-31 17:37:07.247  1776  1776 E ndroid.launche: No package ID 9c found for ID 0x9c010401.
07-31 17:37:07.247  1776  1776 W HwLauncher: TalkBackHelper needAnnounceAbilityForm input parameter is null
07-31 17:37:07.248  1776  1776 E ndroid.launche: No package ID 9c found for ID 0x9c010500.
07-31 17:37:07.248  1776  1776 W HwLauncher: TalkBackHelper needAnnounceAbilityForm input parameter is null
07-31 17:37:07.252  1776  1776 E ndroid.launche: No package ID 9c found for ID 0x9c010002.
07-31 17:37:07.252  1776  1776 E ndroid.launche: No package ID 9c found for ID 0x9c010003.
07-31 17:37:07.253  1776  1776 E ndroid.launche: No package ID 9c found for ID 0x9c010103.
07-31 17:37:07.254  1776  1776 E ndroid.launche: No package ID 9c found for ID 0x9c010203.
07-31 17:37:07.254  1776  1776 E ndroid.launche: No package ID 9c found for ID 0x9c010303.
07-31 17:37:07.255  1776  1776 E ndroid.launche: No package ID 9c found for ID 0x9c010403.
07-31 17:37:07.255  1776  1776 E ndroid.launche: No package ID 9c found for ID 0x9c010503.
07-31 17:37:07.256  1776  1776 E ndroid.launche: No package ID 9c found for ID 0x9c010004.
07-31 17:37:07.256  1776  1776 E ndroid.launche: No package ID 9c found for ID 0x9c010104.
07-31 17:37:07.257  1776  1776 E ndroid.launche: No package ID 9c found for ID 0x9c010104.
07-31 17:37:07.257  1776  1776 E ndroid.launche: No package ID 9c found for ID 0x9c010304.
07-31 17:37:07.258  1776  1776 E ndroid.launche: No package ID 9c found for ID 0x9c010404.
07-31 17:37:07.259  1776  1776 E ndroid.launche: No package ID 9c found for ID 0x9c010504.
07-31 17:37:07.259  1776  1776 E ndroid.launche: No package ID 9c found for ID 0x9c010604.
07-31 17:37:07.260  1776  1776 E ndroid.launche: No package ID 9c found for ID 0x9c010604.
07-31 17:37:07.261  1776  1776 E ndroid.launche: No package ID 9c found for ID 0x9c020000.
07-31 17:37:07.261  1776  1776 W HwLauncher: TalkBackHelper needAnnounceAbilityForm input parameter is null
07-31 17:37:07.262  1776  1776 W HwLauncher: TalkBackHelper needAnnounceAbilityForm input parameter is null
07-31 17:37:07.269  1776  1776 W HwLauncher: TalkBackHelper needAnnounceAbilityForm input parameter is null
07-31 17:37:07.277  1776  1776 W HwLauncher: TalkBackHelper needAnnounceAbilityForm input parameter is null
07-31 17:37:07.293  1776  1776 E ndroid.launche: Invalid ID 0x9b000000.
07-31 17:37:07.294  1776  1776 E ndroid.launche: No package ID 9b found for ID 0x9b010100.
07-31 17:37:07.294  1776  1776 E ndroid.launche: No package ID 9b found for ID 0x9b020200.
07-31 17:37:07.295  1776  1776 E ndroid.launche: No package ID 9b found for ID 0x9b030300.
07-31 17:37:07.296  1776  1776 E ndroid.launche: No package ID 9b found for ID 0x9b040400.
07-31 17:37:07.297  1776  1776 E ndroid.launche: No package ID 9b found for ID 0x9b050500.
07-31 17:37:07.298  1776  1776 E ndroid.launche: No package ID 9b found for ID 0x9b060600.
07-31 17:37:07.301  1776  1776 E ndroid.launche: No package ID 9b found for ID 0x9b090900.
07-31 17:37:07.301  1776  1776 E ndroid.launche: No package ID 9b found for ID 0x9b090900.
07-31 17:37:07.301  1776  1776 E ndroid.launche: No package ID 9b found for ID 0x9b090900.
07-31 17:37:07.301  1776  1776 E ndroid.launche: No package ID 9b found for ID 0x9b080800.
07-31 17:37:07.301  1776  1776 E ndroid.launche: No package ID 9b found for ID 0x9b080800.
07-31 17:37:07.301  1776  1776 E ndroid.launche: No package ID 9b found for ID 0x9b070700.
07-31 17:37:07.301  1776  1776 E ndroid.launche: No package ID 9b found for ID 0x9b060600.
07-31 17:37:07.301  1776  1776 E ndroid.launche: No package ID 9b found for ID 0x9b050500.
07-31 17:37:07.301  1776  1776 E ndroid.launche: No package ID 9b found for ID 0x9b040400.
07-31 17:37:07.302  1776  1776 E ndroid.launche: No package ID 9b found for ID 0x9b030300.
07-31 17:37:07.302  1776  1776 E ndroid.launche: No package ID 9b found for ID 0x9b090900.
07-31 17:37:07.302  1776  1776 E ndroid.launche: No package ID 9b found for ID 0x9b090900.
07-31 17:37:07.302  1776  1776 E ndroid.launche: No package ID 9b found for ID 0x9b090900.
07-31 17:37:07.302  1776  1776 E ndroid.launche: No package ID 9b found for ID 0x9b080800.
07-31 17:37:07.303  1776  1776 E ndroid.launche: No package ID 9b found for ID 0x9b080800.
07-31 17:37:07.303  1776  1776 E ndroid.launche: No package ID 9b found for ID 0x9b070700.
07-31 17:37:07.303  1776  1776 E ndroid.launche: No package ID 9b found for ID 0x9b060600.
07-31 17:37:07.303  1776  1776 E ndroid.launche: No package ID 9b found for ID 0x9b050500.
07-31 17:37:07.303  1776  1776 E ndroid.launche: No package ID 9b found for ID 0x9b040400.
07-31 17:37:07.303  1776  1776 E ndroid.launche: No package ID 9b found for ID 0x9b030300.
07-31 17:37:07.320  1851  7208 I Binder  : dump {serviceName:HwActivityManagerService, formatArgs:services, callChain:/apex/com.android.adbd/bin/adbd->dumpsys}
07-31 17:37:07.379  1776  1776 W ContextImpl: Failed to ensure /data/user_de/11/com.huawei.android.totemweather/shared_prefs: mkdir failed: EACCES (Permission denied)
07-31 17:37:07.380  1776  1776 W ContextImpl: Failed to ensure /data/user_de/11/com.huawei.android.totemweather/shared_prefs: mkdir failed: EACCES (Permission denied)
07-31 17:37:07.380  1776  1776 W ContextImpl: Failed to ensure /data/user_de/11/com.huawei.android.totemweather/shared_prefs: mkdir failed: EACCES (Permission denied)
07-31 17:37:07.381  1776  1776 W ContextImpl: Failed to ensure /data/user_de/11/com.huawei.android.totemweather/shared_prefs: mkdir failed: EACCES (Permission denied)
07-31 17:37:07.382  1776  1776 W ContextImpl: Failed to ensure /data/user_de/11/com.huawei.android.totemweather/shared_prefs: mkdir failed: EACCES (Permission denied)
07-31 17:37:07.382  1776  1776 W ContextImpl: Failed to ensure /data/user_de/11/com.huawei.android.totemweather/shared_prefs: mkdir failed: EACCES (Permission denied)
07-31 17:37:07.383  1851  4076 I TrafficMonitor: update:rxPkts:685,txPkts:2700,rxBytes:43280,txBytes:3291746
07-31 17:37:07.383  1851  4076 I TrafficMonitor: gettimer:interval=2000
07-31 17:37:07.388  1851  4394 I HwActivityManagerServiceEx: provider is prevented for not-prevent
07-31 17:37:07.391  4588  4837 E NumberUtils: Number Format err! str: 
07-31 17:37:07.391  4588  5225 I PG_ash  : pkg com.huawei.android.launcher calling: com.huawei.android.totemweather, pid: -1 ,type: acquire_provider
07-31 17:37:07.391  4588  5225 I PG_ash  : com.huawei.android.totemweather is called by front app, D to R
07-31 17:37:07.391  4588  5225 I ash_trans: com.huawei.android.totemweather { doze duration=119790 Uptime=119791 } transition to: running reason:be_called_acquire_provider
07-31 17:37:07.391  4588  5225 I PG_ash  : clear_nap unP_GPS : com.huawei.android.totemweather
07-31 17:37:07.393  1851  4394 I ContentProviderHelper: Successfully start provider ContentProviderRecord{f44a71c u11 com.huawei.android.totemweather/.provider.SharedPreferenceProvider} launchingApp=null caller pid= 1776
07-31 17:37:07.393  1851  7208 I PGManagerService: unproxy gps com.huawei.android.totemweather 10061 success
07-31 17:37:07.393  4588  4588 W com.huawei.iaware: type=1400 audit(0.0:122973): avc: granted { getattr } for comm=616374696F6E732068616E646C6572 path="/data/system/users/0/appwidgets.xml" dev="sdd88" ino=172212 scontext=u:r:system_app:s0 tcontext=u:object_r:system_data_file:s0 tclass=file
07-31 17:37:07.394  1851  7208 I PGManagerService: unproxy gps com.huawei.android.totemweather 1110061 success
07-31 17:37:07.395  1851  7208 I PGManagerService: unproxy gps com.huawei.android.totemweather 1199068 success
07-31 17:37:07.395  4588  5225 I PG_ash  : unP_gps com.huawei.android.totemweather OK !
07-31 17:37:07.395  4588  5225 I PG_ash  : perform running actions!
07-31 17:37:07.395  4588  5225 I PG_ash  : running package: com.huawei.android.totemweather, visible: false
07-31 17:37:07.395  1851  4394 I HwActivityManagerServiceEx: provider is prevented for not-prevent
07-31 17:37:07.395  1851  4394 I ContentProviderHelper: Successfully start provider ContentProviderRecord{f44a71c u11 com.huawei.android.totemweather/.provider.SharedPreferenceProvider} launchingApp=null caller pid= 1776
07-31 17:37:07.395  4588  5225 I PG_ash  : has widget app: com.huawei.android.totemweather
07-31 17:37:07.401  1776  1776 E ndroid.launche: Invalid ID 0x9c000000.
07-31 17:37:07.401  1776  1776 E ndroid.launche: Invalid ID 0x9c000003.
07-31 17:37:07.401  1776  1776 E ndroid.launche: Invalid ID 0x9c000203.
07-31 17:37:07.401  1776  1776 E ndroid.launche: Invalid ID 0x9c000403.
07-31 17:37:07.401  1776  1776 E ndroid.launche: Invalid ID 0x9c000503.
07-31 17:37:07.402  1776  1776 E ndroid.launche: Invalid ID 0x9c000204.
07-31 17:37:07.402  1776  1776 E ndroid.launche: Invalid ID 0x9c000304.
07-31 17:37:07.402  1776  1776 E ndroid.launche: Invalid ID 0x9c000404.
07-31 17:37:07.425  1776  1776 W HwLauncher: TalkBackHelper needAnnounceAbilityForm input parameter is null
07-31 17:37:07.430  1776  1776 W HwLauncher: TalkBackHelper needAnnounceAbilityForm input parameter is null
07-31 17:37:07.431  1776  1776 E ndroid.launche: Invalid ID 0x9c000604.
07-31 17:37:07.432  1776  1776 E ndroid.launche: No package ID 9c found for ID 0x9c010000.
07-31 17:37:07.432  1776  1776 E ndroid.launche: No package ID 9c found for ID 0x9c010100.
07-31 17:37:07.432  1776  1776 E ndroid.launche: No package ID 9c found for ID 0x9c010200.
07-31 17:37:07.432  1776  1776 E ndroid.launche: No package ID 9c found for ID 0x9c010300.
07-31 17:37:07.433  1776  1776 E ndroid.launche: No package ID 9c found for ID 0x9c010400.
07-31 17:37:07.433  1776  1776 E ndroid.launche: No package ID 9c found for ID 0x9c010001.
07-31 17:37:07.433  1776  1776 E ndroid.launche: No package ID 9c found for ID 0x9c010101.
07-31 17:37:07.433  1776  1776 E ndroid.launche: No package ID 9c found for ID 0x9c010201.
07-31 17:37:07.436  1776  1776 W HwLauncher: TalkBackHelper needAnnounceAbilityForm input parameter is null
07-31 17:37:07.437  1776  1776 E ndroid.launche: No package ID 9c found for ID 0x9c010301.
07-31 17:37:07.438  1776  1776 E ndroid.launche: No package ID 9c found for ID 0x9c010401.
07-31 17:37:07.438  1776  1776 W HwLauncher: TalkBackHelper needAnnounceAbilityForm input parameter is null
07-31 17:37:07.439  1776  1776 E ndroid.launche: No package ID 9c found for ID 0x9c010500.
07-31 17:37:07.440  1776  1776 W HwLauncher: TalkBackHelper needAnnounceAbilityForm input parameter is null
07-31 17:37:07.444  1776  1776 E ndroid.launche: No package ID 9c found for ID 0x9c010002.
07-31 17:37:07.447  1776  1776 E ndroid.launche: No package ID 9c found for ID 0x9c010003.
07-31 17:37:07.447  1776  1776 E ndroid.launche: No package ID 9c found for ID 0x9c010103.
07-31 17:37:07.448  1776  1776 E ndroid.launche: No package ID 9c found for ID 0x9c010203.
07-31 17:37:07.449  1776  1776 E ndroid.launche: No package ID 9c found for ID 0x9c010303.
07-31 17:37:07.450  1776  1776 E ndroid.launche: No package ID 9c found for ID 0x9c010403.
07-31 17:37:07.450  1776  1776 E ndroid.launche: No package ID 9c found for ID 0x9c010503.
07-31 17:37:07.451  1776  1776 E ndroid.launche: No package ID 9c found for ID 0x9c010004.
07-31 17:37:07.452  1776  1776 E ndroid.launche: No package ID 9c found for ID 0x9c010104.
07-31 17:37:07.452  1776  1776 E ndroid.launche: No package ID 9c found for ID 0x9c010104.
07-31 17:37:07.453  1776  1776 E ndroid.launche: No package ID 9c found for ID 0x9c010304.
07-31 17:37:07.454  1776  1776 E ndroid.launche: No package ID 9c found for ID 0x9c010404.
07-31 17:37:07.455  1776  1776 E ndroid.launche: No package ID 9c found for ID 0x9c010504.
07-31 17:37:07.455  1776  1776 E ndroid.launche: No package ID 9c found for ID 0x9c010604.
07-31 17:37:07.456  1776  1776 E ndroid.launche: No package ID 9c found for ID 0x9c010604.
07-31 17:37:07.457  1776  1776 E ndroid.launche: No package ID 9c found for ID 0x9c020000.
07-31 17:37:07.458  1776  1776 W HwLauncher: TalkBackHelper needAnnounceAbilityForm input parameter is null
07-31 17:37:07.458  1776  1776 W HwLauncher: TalkBackHelper needAnnounceAbilityForm input parameter is null
07-31 17:37:07.475  1776  1776 W HwLauncher: TalkBackHelper needAnnounceAbilityForm input parameter is null
07-31 17:37:07.480   808   886 I OemNetd : startPreDnsQuery(10197)
07-31 17:37:07.480   808 25039 I resolv  : resolv_getaddrinfo: explore_fqdn(): ai_family=0 ai_socktype=1 ai_protocol=6
07-31 17:37:07.481   808 25040 I resolv  : doQuery: netid: 111 pid: 10751 uid: 10197 type: A
07-31 17:37:07.498  1851  1920 I HwAmbientLuxFilterAlgo: SceneBufferAmbientLux input error,end=30,start=-141,bufferSize=59
07-31 17:37:07.511   907  1282 I SurfaceFlinger: hasCaptureBlackoutContentPermission: pid 25036, uid 2000, checkPermissionResult is false
07-31 17:37:07.511   907  1282 I SurfaceFlinger: captureDisplay: end, status 0
07-31 17:37:07.512  1776  1776 W HwLauncher: TalkBackHelper needAnnounceAbilityForm input parameter is null
07-31 17:37:07.516   595   595 I hwservicemanager: getTransport: Cannot find entry android.hardware.graphics.mapper@4.0::IMapper/default in either framework or device VINTF manifest.
07-31 17:37:07.516 25036 25041 I Gralloc4: mapper 4.x is not supported
07-31 17:37:07.516   595   595 I hwservicemanager: getTransport: Cannot find entry android.hardware.graphics.mapper@3.0::IMapper/default in either framework or device VINTF manifest.
07-31 17:37:07.516 25036 25041 W Gralloc3: mapper 3.x is not supported
07-31 17:37:07.518  1776  1776 E ndroid.launche: Invalid ID 0x9b000000.
07-31 17:37:07.518  1776  1776 E ndroid.launche: No package ID 9b found for ID 0x9b010100.
07-31 17:37:07.518  1776  1776 E ndroid.launche: No package ID 9b found for ID 0x9b020200.
07-31 17:37:07.520  1776  1776 E ndroid.launche: No package ID 9b found for ID 0x9b030300.
07-31 17:37:07.521  1776  1776 E ndroid.launche: No package ID 9b found for ID 0x9b040400.
07-31 17:37:07.523  1776  1776 E ndroid.launche: No package ID 9b found for ID 0x9b050500.
07-31 17:37:07.524  1776  1776 E ndroid.launche: No package ID 9b found for ID 0x9b060600.
07-31 17:37:07.528  1776  1776 E ndroid.launche: No package ID 9b found for ID 0x9b090900.
07-31 17:37:07.528  1776  1776 E ndroid.launche: No package ID 9b found for ID 0x9b090900.
07-31 17:37:07.528  1776  1776 E ndroid.launche: No package ID 9b found for ID 0x9b090900.
07-31 17:37:07.528  1776  1776 E ndroid.launche: No package ID 9b found for ID 0x9b080800.
07-31 17:37:07.530  1776  1776 E ndroid.launche: No package ID 9b found for ID 0x9b080800.
07-31 17:37:07.531  1776  1776 E ndroid.launche: No package ID 9b found for ID 0x9b070700.
07-31 17:37:07.532  1776  1776 E ndroid.launche: No package ID 9b found for ID 0x9b060600.
07-31 17:37:07.533  1776  1776 E ndroid.launche: No package ID 9b found for ID 0x9b050500.
07-31 17:37:07.534  1776  1776 E ndroid.launche: No package ID 9b found for ID 0x9b040400.
07-31 17:37:07.535  1776  1776 E ndroid.launche: No package ID 9b found for ID 0x9b030300.
07-31 17:37:07.619  1776  1776 E ndroid.launche: Invalid ID 0x9c000000.
07-31 17:37:07.619  1776  1776 E ndroid.launche: Invalid ID 0x9c000003.
07-31 17:37:07.619  1776  1776 E ndroid.launche: Invalid ID 0x9c000203.
07-31 17:37:07.619  1776  1776 E ndroid.launche: Invalid ID 0x9c000403.
07-31 17:37:07.619  1776  1776 E ndroid.launche: Invalid ID 0x9c000503.
07-31 17:37:07.619  1776  1776 E ndroid.launche: Invalid ID 0x9c000204.
07-31 17:37:07.627   637   637 I android.system.suspend@1.0-service: incSuspendCounter kname=native_PowerManagerService.WakeLocks ++mSuspendCounter= 3
07-31 17:37:07.630  1851  4072 I NetworkStats: performPollLocked, pid = 1851
07-31 17:37:07.647  1851  4072 I NetworkStatsCollection: getSummary, uid = 1000stats size = 2
07-31 17:37:07.647  1776  1776 W HwLauncher: TalkBackHelper needAnnounceAbilityForm input parameter is null
07-31 17:37:07.647  1851  4072 I NetworkStatsCollection: getSummary, uid = 1000stats size = 2
07-31 17:37:07.647  1851  4072 I NetworkStatsCollection: getSummary, uid = 1000stats size = 215
07-31 17:37:07.648  1851  4072 I NetworkStatsCollection: getSummary, uid = 1000stats size = 2
07-31 17:37:07.648  1851  4072 I NetworkStatsCollection: getSummary, uid = 1000stats size = 2
07-31 17:37:07.648  1851  4072 I NetworkStatsCollection: getSummary, uid = 1000stats size = 215
07-31 17:37:07.651  1851  4072 I NetworkStats: callingPid is system 1851
07-31 17:37:07.652  1776  1776 W HwLauncher: TalkBackHelper needAnnounceAbilityForm input parameter is null
07-31 17:37:07.652   637   637 I android.system.suspend@1.0-service: decSuspendCounter kname=native_PowerManagerService.WakeLocks --mSuspendCounter= 2
07-31 17:37:07.653  1776  1776 E ndroid.launche: Invalid ID 0x9c000304.
07-31 17:37:07.653   808  8909 I netd    : bandwidthSetGlobalAlert(2097152) <0.28ms>
07-31 17:37:07.653  1776  1776 E ndroid.launche: Invalid ID 0x9c000404.
07-31 17:37:07.654  1776  1776 E ndroid.launche: Invalid ID 0x9c000604.
07-31 17:37:07.655  1776  1776 E ndroid.launche: No package ID 9c found for ID 0x9c010000.
07-31 17:37:07.655  1776  1776 E ndroid.launche: No package ID 9c found for ID 0x9c010100.
07-31 17:37:07.655  1776  1776 E ndroid.launche: No package ID 9c found for ID 0x9c010200.
07-31 17:37:07.655  1776  1776 E ndroid.launche: No package ID 9c found for ID 0x9c010300.
07-31 17:37:07.655  1776  1776 E ndroid.launche: No package ID 9c found for ID 0x9c010400.
07-31 17:37:07.655  1776  1776 E ndroid.launche: No package ID 9c found for ID 0x9c010001.
07-31 17:37:07.655  1776  1776 E ndroid.launche: No package ID 9c found for ID 0x9c010101.
07-31 17:37:07.655  1776  1776 E ndroid.launche: No package ID 9c found for ID 0x9c010201.
07-31 17:37:07.655  1776  1776 E ndroid.launche: No package ID 9c found for ID 0x9c010301.
07-31 17:37:07.655  1776  1776 E ndroid.launche: No package ID 9c found for ID 0x9c010401.
07-31 17:37:07.655  1776  1776 E ndroid.launche: No package ID 9c found for ID 0x9c010500.
07-31 17:37:07.656  1851  4074 I HwConnectivityServiceEx: set 1000, metered: false, value: false
07-31 17:37:07.659  1776  1776 W HwLauncher: TalkBackHelper needAnnounceAbilityForm input parameter is null
07-31 17:37:07.660  1776  1776 W HwLauncher: TalkBackHelper needAnnounceAbilityForm input parameter is null
07-31 17:37:07.664  1776  1776 W HwLauncher: TalkBackHelper needAnnounceAbilityForm input parameter is null
07-31 17:37:07.665  1776  1776 E ndroid.launche: No package ID 9c found for ID 0x9c010002.
07-31 17:37:07.666  1776  1776 E ndroid.launche: No package ID 9c found for ID 0x9c010003.
07-31 17:37:07.666  1776  1776 E ndroid.launche: No package ID 9c found for ID 0x9c010103.
07-31 17:37:07.667  1776  1776 E ndroid.launche: No package ID 9c found for ID 0x9c010203.
07-31 17:37:07.667  1776  1776 E ndroid.launche: No package ID 9c found for ID 0x9c010303.
07-31 17:37:07.668  1776  1776 E ndroid.launche: No package ID 9c found for ID 0x9c010403.
07-31 17:37:07.668  1776  1776 E ndroid.launche: No package ID 9c found for ID 0x9c010503.
07-31 17:37:07.669  1776  1776 E ndroid.launche: No package ID 9c found for ID 0x9c010004.
07-31 17:37:07.669  1776  1776 E ndroid.launche: No package ID 9c found for ID 0x9c010104.
07-31 17:37:07.670  1776  1776 E ndroid.launche: No package ID 9c found for ID 0x9c010104.
07-31 17:37:07.670  1776  1776 E ndroid.launche: No package ID 9c found for ID 0x9c010304.
07-31 17:37:07.671  1776  1776 E ndroid.launche: No package ID 9c found for ID 0x9c010404.
07-31 17:37:07.672  1776  1776 E ndroid.launche: No package ID 9c found for ID 0x9c010504.
07-31 17:37:07.672  1776  1776 E ndroid.launche: No package ID 9c found for ID 0x9c010604.
07-31 17:37:07.673  1776  1776 E ndroid.launche: No package ID 9c found for ID 0x9c010604.
07-31 17:37:07.674  1776  1776 E ndroid.launche: No package ID 9c found for ID 0x9c020000.
07-31 17:37:07.674  1776  1776 W HwLauncher: TalkBackHelper needAnnounceAbilityForm input parameter is null
07-31 17:37:07.683  1776  1776 W HwLauncher: TalkBackHelper needAnnounceAbilityForm input parameter is null
07-31 17:37:07.696  1776  1776 W HwLauncher: TalkBackHelper needAnnounceAbilityForm input parameter is null
07-31 17:37:07.697  1776  1776 W HwLauncher: TalkBackHelper needAnnounceAbilityForm input parameter is null
07-31 17:37:07.713  1776  1776 E ndroid.launche: Invalid ID 0x9b000000.
07-31 17:37:07.713  1776  1776 E ndroid.launche: No package ID 9b found for ID 0x9b010100.
07-31 17:37:07.713  1776  1776 E ndroid.launche: No package ID 9b found for ID 0x9b020200.
07-31 17:37:07.713  1776  1776 E ndroid.launche: No package ID 9b found for ID 0x9b030300.
07-31 17:37:07.714  1776  1776 E ndroid.launche: No package ID 9b found for ID 0x9b040400.
07-31 17:37:07.715  1776  1776 E ndroid.launche: No package ID 9b found for ID 0x9b050500.
07-31 17:37:07.715  1776  1776 E ndroid.launche: No package ID 9b found for ID 0x9b060600.
07-31 17:37:07.717  1776  1776 E ndroid.launche: No package ID 9b found for ID 0x9b090900.
07-31 17:37:07.717  1776  1776 E ndroid.launche: No package ID 9b found for ID 0x9b090900.
07-31 17:37:07.718  1776  1776 E ndroid.launche: No package ID 9b found for ID 0x9b090900.
07-31 17:37:07.718  1776  1776 E ndroid.launche: No package ID 9b found for ID 0x9b080800.
07-31 17:37:07.718  1776  1776 E ndroid.launche: No package ID 9b found for ID 0x9b080800.
07-31 17:37:07.718  1776  1776 E ndroid.launche: No package ID 9b found for ID 0x9b070700.
07-31 17:37:07.718  1776  1776 E ndroid.launche: No package ID 9b found for ID 0x9b060600.
07-31 17:37:07.720  1776  1776 E ndroid.launche: No package ID 9b found for ID 0x9b050500.
07-31 17:37:07.721  1776  1776 E ndroid.launche: No package ID 9b found for ID 0x9b040400.
07-31 17:37:07.723  1776  1776 E ndroid.launche: No package ID 9b found for ID 0x9b030300.
07-31 17:37:07.847  1776  1776 E ndroid.launche: Invalid ID 0x9c000000.
07-31 17:37:07.847  1776  1776 E ndroid.launche: Invalid ID 0x9c000003.
07-31 17:37:07.848  1776  1776 E ndroid.launche: Invalid ID 0x9c000203.
07-31 17:37:07.848  1776  1776 E ndroid.launche: Invalid ID 0x9c000403.
07-31 17:37:07.848  1776  1776 E ndroid.launche: Invalid ID 0x9c000503.
07-31 17:37:07.849  1851  1920 I HwAmbientLuxFilterAlgo: SceneBufferAmbientLux input error,end=30,start=-141,bufferSize=59
07-31 17:37:07.867  1776  1776 W HwLauncher: TalkBackHelper needAnnounceAbilityForm input parameter is null
07-31 17:37:07.875  1776  1776 W HwLauncher: TalkBackHelper needAnnounceAbilityForm input parameter is null
07-31 17:37:07.875  1776  1776 E ndroid.launche: Invalid ID 0x9c000204.
07-31 17:37:07.876  1776  1776 E ndroid.launche: Invalid ID 0x9c000304.
07-31 17:37:07.877  1776  1776 E ndroid.launche: Invalid ID 0x9c000404.
07-31 17:37:07.878  1776  1776 E ndroid.launche: Invalid ID 0x9c000604.
07-31 17:37:07.879  1776  1776 E ndroid.launche: No package ID 9c found for ID 0x9c010000.
07-31 17:37:07.879  1776  1776 E ndroid.launche: No package ID 9c found for ID 0x9c010100.
07-31 17:37:07.879  1776  1776 E ndroid.launche: No package ID 9c found for ID 0x9c010200.
07-31 17:37:07.879  1776  1776 E ndroid.launche: No package ID 9c found for ID 0x9c010300.
07-31 17:37:07.879  1776  1776 E ndroid.launche: No package ID 9c found for ID 0x9c010400.
07-31 17:37:07.879  1776  1776 E ndroid.launche: No package ID 9c found for ID 0x9c010001.
07-31 17:37:07.879  1776  1776 E ndroid.launche: No package ID 9c found for ID 0x9c010101.
07-31 17:37:07.879  1776  1776 E ndroid.launche: No package ID 9c found for ID 0x9c010201.
07-31 17:37:07.879  1776  1776 E ndroid.launche: No package ID 9c found for ID 0x9c010301.
07-31 17:37:07.879  1776  1776 E ndroid.launche: No package ID 9c found for ID 0x9c010401.
07-31 17:37:07.879  1776  1776 E ndroid.launche: No package ID 9c found for ID 0x9c010500.
07-31 17:37:07.883  1776  1776 W HwLauncher: TalkBackHelper needAnnounceAbilityForm input parameter is null
07-31 17:37:07.885  1776  1776 W HwLauncher: TalkBackHelper needAnnounceAbilityForm input parameter is null
07-31 17:37:07.889  1776  1776 W HwLauncher: TalkBackHelper needAnnounceAbilityForm input parameter is null
07-31 17:37:07.893  1776  1776 E ndroid.launche: No package ID 9c found for ID 0x9c010002.
07-31 17:37:07.894  1776  1776 E ndroid.launche: No package ID 9c found for ID 0x9c010003.
07-31 17:37:07.895  1776  1776 E ndroid.launche: No package ID 9c found for ID 0x9c010103.
07-31 17:37:07.896  1776  1776 E ndroid.launche: No package ID 9c found for ID 0x9c010203.
07-31 17:37:07.897  1776  1776 E ndroid.launche: No package ID 9c found for ID 0x9c010303.
07-31 17:37:07.897  1776  1776 E ndroid.launche: No package ID 9c found for ID 0x9c010403.
07-31 17:37:07.898  1776  1776 E ndroid.launche: No package ID 9c found for ID 0x9c010503.
07-31 17:37:07.899  1776  1776 E ndroid.launche: No package ID 9c found for ID 0x9c010004.
07-31 17:37:07.900  1776  1776 E ndroid.launche: No package ID 9c found for ID 0x9c010104.
07-31 17:37:07.901  1776  1776 E ndroid.launche: No package ID 9c found for ID 0x9c010104.
07-31 17:37:07.902  1776  1776 E ndroid.launche: No package ID 9c found for ID 0x9c010304.
07-31 17:37:07.903  1776  1776 E ndroid.launche: No package ID 9c found for ID 0x9c010404.
07-31 17:37:07.903  1776  1776 E ndroid.launche: No package ID 9c found for ID 0x9c010504.
07-31 17:37:07.904  1776  1776 E ndroid.launche: No package ID 9c found for ID 0x9c010604.
07-31 17:37:07.905  1776  1776 E ndroid.launche: No package ID 9c found for ID 0x9c010604.
07-31 17:37:07.907  1776  1776 E ndroid.launche: No package ID 9c found for ID 0x9c020000.
07-31 17:37:07.907  1776  1776 W HwLauncher: TalkBackHelper needAnnounceAbilityForm input parameter is null
07-31 17:37:07.908  1776  1776 W HwLauncher: TalkBackHelper needAnnounceAbilityForm input parameter is null
07-31 17:37:07.920  1776  1776 W HwLauncher: TalkBackHelper needAnnounceAbilityForm input parameter is null
07-31 17:37:07.943  1776  2056 I AbilityFormProxy-031: notifyFormsUpdateEnabled come from aar
07-31 17:37:07.946  1776  2056 I AbilityFormProxy-031: notifyWhetherVisibleForm come from aar, eventType is 1
07-31 17:37:07.953  1776  1776 W HwLauncher: TalkBackHelper needAnnounceAbilityForm input parameter is null
07-31 17:37:07.956  1776  1776 E ndroid.launche: Invalid ID 0x9b000000.
07-31 17:37:07.956  1776  1776 E ndroid.launche: No package ID 9b found for ID 0x9b010100.
07-31 17:37:07.956  1776  1776 E ndroid.launche: No package ID 9b found for ID 0x9b020200.
07-31 17:37:07.956  1776  1776 E ndroid.launche: No package ID 9b found for ID 0x9b030300.
07-31 17:37:07.956  1776  1776 E ndroid.launche: No package ID 9b found for ID 0x9b040400.
07-31 17:37:07.956  1776  1776 E ndroid.launche: No package ID 9b found for ID 0x9b050500.
07-31 17:37:07.959  1776  1776 E ndroid.launche: No package ID 9b found for ID 0x9b060600.
07-31 17:37:07.962  1776  1776 E ndroid.launche: No package ID 9b found for ID 0x9b090900.
07-31 17:37:07.962  1776  1776 E ndroid.launche: No package ID 9b found for ID 0x9b090900.
07-31 17:37:07.962  1776  1776 E ndroid.launche: No package ID 9b found for ID 0x9b090900.
07-31 17:37:07.962  1776  1776 E ndroid.launche: No package ID 9b found for ID 0x9b080800.
07-31 17:37:07.962  1776  1776 E ndroid.launche: No package ID 9b found for ID 0x9b080800.
07-31 17:37:07.962  1776  1776 E ndroid.launche: No package ID 9b found for ID 0x9b070700.
07-31 17:37:07.962  1776  1776 E ndroid.launche: No package ID 9b found for ID 0x9b060600.
07-31 17:37:07.962  1776  1776 E ndroid.launche: No package ID 9b found for ID 0x9b050500.
07-31 17:37:07.962  1776  1776 E ndroid.launche: No package ID 9b found for ID 0x9b040400.
07-31 17:37:07.963  1776  1776 E ndroid.launche: No package ID 9b found for ID 0x9b030300.
07-31 17:37:07.963  1776  1776 E ndroid.launche: No package ID 9b found for ID 0x9b090900.
07-31 17:37:07.963  1776  1776 E ndroid.launche: No package ID 9b found for ID 0x9b090900.
07-31 17:37:07.963  1776  1776 E ndroid.launche: No package ID 9b found for ID 0x9b090900.
07-31 17:37:07.963  1776  1776 E ndroid.launche: No package ID 9b found for ID 0x9b080800.
07-31 17:37:07.963  1776  1776 E ndroid.launche: No package ID 9b found for ID 0x9b080800.
07-31 17:37:07.963  1776  1776 E ndroid.launche: No package ID 9b found for ID 0x9b070700.
07-31 17:37:07.963  1776  1776 E ndroid.launche: No package ID 9b found for ID 0x9b060600.
07-31 17:37:07.963  1776  1776 E ndroid.launche: No package ID 9b found for ID 0x9b050500.
07-31 17:37:07.963  1776  1776 E ndroid.launche: No package ID 9b found for ID 0x9b040400.
07-31 17:37:07.963  1776  1776 E ndroid.launche: No package ID 9b found for ID 0x9b030300.
07-31 17:37:07.971  4588  9252 I DownloadState: @@@@@@@@@@@@ uid :2000 download :true
07-31 17:37:07.971  4588  9252 I PGServer: report state:5 event type:1 pid:0 uid:2000 pkg:null to pid: 1851
07-31 17:37:07.984  4741  4924 I OllieMsgCenter: publishEvt=2135097353
07-31 17:37:08.088  1776  1776 E ndroid.launche: Invalid ID 0x9c000000.
07-31 17:37:08.088  1776  1776 E ndroid.launche: Invalid ID 0x9c000003.
07-31 17:37:08.088  1776  1776 E ndroid.launche: Invalid ID 0x9c000203.
07-31 17:37:08.088  1776  1776 E ndroid.launche: Invalid ID 0x9c000403.
07-31 17:37:08.088  1776  1776 E ndroid.launche: Invalid ID 0x9c000503.
07-31 17:37:08.088  1776  1776 E ndroid.launche: Invalid ID 0x9c000204.
07-31 17:37:08.089  1776  1776 E ndroid.launche: Invalid ID 0x9c000304.
07-31 17:37:08.097  1851  4172 I WifiNl80211Manager: Noise: -91, Snr: 32, Chload: 112, rssi: -61, txBitrate: 229, rxBitrate: 172, frequency: 5745, UlDelay: 3, currentTxBytes: 1589017569, currentTxPackets: 5415452, currentTxFailed: 12, currentRxBytes: 205740537, currentRxPackets: 1357698
07-31 17:37:08.098  1851  4168 I WiFi_PRO: MSG_RETURN_AP_CURRY_RSSI rssi = -61
07-31 17:37:08.098  1851  4168 I QosMonitor: queryRtt: rttType = 3
07-31 17:37:08.098  1851  4168 I QosMonitor: call ctrlHwWifiNetwork
07-31 17:37:08.099  1851  4172 I HuaweiWifiWatchdogStateMachine: high data flow: protection_counter = 0,  not_detect_counter = 860
07-31 17:37:08.099  1851  4172 I HuaweiWifiWatchdogStateMachine: high data flow scenario: 0 --> 0 rx rate =12KB/s
07-31 17:37:08.099  1851  4172 I HuaweiWifiWatchdogStateMachine: POta txb txg rxg:0, 7729, 0. Lr =0% Totpkt=7729
07-31 17:37:08.099  1851  4168 I QosMonitor: postEventFromNative: msg=100,arg1=4,arg2=10
07-31 17:37:08.100  1851  4168 I QosMonitor: call ctrlHwWifiNetwork
07-31 17:37:08.100  1851  4168 I QosMonitor: postEventFromNative: msg=100,arg1=0,arg2=10
07-31 17:37:08.101  1851  4168 I MQoS    : rtt=828,tcpTxPkts=682318,tcpRxPkts=917695
07-31 17:37:08.102  1851  4172 I HuaweiWifiWatchdogStateMachine: PTcp RTT:828, rtt pkt=14, tcp_rx=21, tcp_tx=26, tcp_reTran=0, rtRate=0
07-31 17:37:08.103  1851  4172 I HuaweiWifiWatchdogStateMachine: start computeQosLevel tcpRtt = 828 ,rssi = -61 ,mBestSpeedInPeriod = 19400
07-31 17:37:08.103  1851  4172 I HuaweiWifiWatchdogStateMachine: smoothConsecutiveQosResults, currentQosLevel = 3
07-31 17:37:08.103  1851  4168 I QosMonitor: resetRtt: rttType = 3
07-31 17:37:08.103  1851  4168 I QosMonitor: call ctrlHwWifiNetwork
07-31 17:37:08.104  1851 11821 I MQoS    : QOS_level:0(0),wifi-link;SIM error;use level-0
07-31 17:37:08.110  1776  1776 W HwLauncher: TalkBackHelper needAnnounceAbilityForm input parameter is null
07-31 17:37:08.118  1776  1776 W HwLauncher: TalkBackHelper needAnnounceAbilityForm input parameter is null
07-31 17:37:08.119  1776  1776 E ndroid.launche: Invalid ID 0x9c000404.
07-31 17:37:08.119  1776  1776 E ndroid.launche: Invalid ID 0x9c000604.
07-31 17:37:08.120  1776  1776 E ndroid.launche: No package ID 9c found for ID 0x9c010000.
07-31 17:37:08.120  1776  1776 E ndroid.launche: No package ID 9c found for ID 0x9c010100.
07-31 17:37:08.120  1776  1776 E ndroid.launche: No package ID 9c found for ID 0x9c010200.
07-31 17:37:08.120  1776  1776 E ndroid.launche: No package ID 9c found for ID 0x9c010300.
07-31 17:37:08.120  1776  1776 E ndroid.launche: No package ID 9c found for ID 0x9c010400.
07-31 17:37:08.121  1776  1776 E ndroid.launche: No package ID 9c found for ID 0x9c010001.
07-31 17:37:08.122  1776  1776 E ndroid.launche: No package ID 9c found for ID 0x9c010101.
07-31 17:37:08.122  1776  1776 E ndroid.launche: No package ID 9c found for ID 0x9c010201.
07-31 17:37:08.123  1776  1776 W HwLauncher: TalkBackHelper needAnnounceAbilityForm input parameter is null
07-31 17:37:08.124  1776  1776 E ndroid.launche: No package ID 9c found for ID 0x9c010301.
07-31 17:37:08.124  1776  1776 E ndroid.launche: No package ID 9c found for ID 0x9c010401.
07-31 17:37:08.124  1776  1776 W HwLauncher: TalkBackHelper needAnnounceAbilityForm input parameter is null
07-31 17:37:08.125  1776  1776 E ndroid.launche: No package ID 9c found for ID 0x9c010500.
07-31 17:37:08.126  1776  1776 W HwLauncher: TalkBackHelper needAnnounceAbilityForm input parameter is null
07-31 17:37:08.130  1776  1776 E ndroid.launche: No package ID 9c found for ID 0x9c010002.
07-31 17:37:08.131  1776  1776 E ndroid.launche: No package ID 9c found for ID 0x9c010003.
07-31 17:37:08.131  1776  1776 E ndroid.launche: No package ID 9c found for ID 0x9c010103.
07-31 17:37:08.132  1776  1776 E ndroid.launche: No package ID 9c found for ID 0x9c010203.
07-31 17:37:08.133  1776  1776 E ndroid.launche: No package ID 9c found for ID 0x9c010303.
07-31 17:37:08.133  1776  1776 E ndroid.launche: No package ID 9c found for ID 0x9c010403.
07-31 17:37:08.134  1776  1776 E ndroid.launche: No package ID 9c found for ID 0x9c010503.
07-31 17:37:08.134  1776  1776 E ndroid.launche: No package ID 9c found for ID 0x9c010004.
07-31 17:37:08.135  1776  1776 E ndroid.launche: No package ID 9c found for ID 0x9c010104.
07-31 17:37:08.136  1776  1776 E ndroid.launche: No package ID 9c found for ID 0x9c010104.
07-31 17:37:08.137  1776  1776 E ndroid.launche: No package ID 9c found for ID 0x9c010304.
07-31 17:37:08.138  1776  1776 E ndroid.launche: No package ID 9c found for ID 0x9c010404.
07-31 17:37:08.139  1776  1776 E ndroid.launche: No package ID 9c found for ID 0x9c010504.
07-31 17:37:08.140  1776  1776 E ndroid.launche: No package ID 9c found for ID 0x9c010604.
07-31 17:37:08.141  1776  1776 E ndroid.launche: No package ID 9c found for ID 0x9c010604.
07-31 17:37:08.142  1776  1776 E ndroid.launche: No package ID 9c found for ID 0x9c020000.
07-31 17:37:08.142  1776  1776 W HwLauncher: TalkBackHelper needAnnounceAbilityForm input parameter is null
07-31 17:37:08.142  1776  1776 W HwLauncher: TalkBackHelper needAnnounceAbilityForm input parameter is null
07-31 17:37:08.154  1776  1776 W HwLauncher: TalkBackHelper needAnnounceAbilityForm input parameter is null
07-31 17:37:08.179  1776  1776 W HwLauncher: TalkBackHelper needAnnounceAbilityForm input parameter is null
07-31 17:37:08.182  1776  1776 E ndroid.launche: Invalid ID 0x9b000000.
07-31 17:37:08.182  1776  1776 E ndroid.launche: No package ID 9b found for ID 0x9b010100.
07-31 17:37:08.182  1776  1776 E ndroid.launche: No package ID 9b found for ID 0x9b020200.
07-31 17:37:08.183  1776  1776 E ndroid.launche: No package ID 9b found for ID 0x9b030300.
07-31 17:37:08.183  1776  1776 E ndroid.launche: No package ID 9b found for ID 0x9b040400.
07-31 17:37:08.185  1776  1776 E ndroid.launche: No package ID 9b found for ID 0x9b050500.
07-31 17:37:08.186  1776  1776 E ndroid.launche: No package ID 9b found for ID 0x9b060600.
07-31 17:37:08.189  1776  1776 E ndroid.launche: No package ID 9b found for ID 0x9b090900.
07-31 17:37:08.189  1776  1776 E ndroid.launche: No package ID 9b found for ID 0x9b090900.
07-31 17:37:08.189  1776  1776 E ndroid.launche: No package ID 9b found for ID 0x9b090900.
07-31 17:37:08.189  1776  1776 E ndroid.launche: No package ID 9b found for ID 0x9b080800.
