07-31 17:37:05.931  1851  1884 I DisplayDevice: isNeedRefreshOrientaion orientation 3
07-31 17:37:05.931  1851  2134 I HwPhoneWindowManager: deviceID:-1 isFrontFpNavi:false isSupportTrikey:false isMmiTest:false
07-31 17:37:05.931  1851  2134 I PhoneWindowManager: interceptKeyTi keyCode=3 down=false repeatCount=0 keyguardOn=false canceled=false
07-31 17:37:05.931  1851  2134 I PhoneWindowManager: handleHomeButton in display#-1 mHomePressed = true
07-31 17:37:05.933  1851  1881 I PhoneWindowManager: SendCloseSystemWindows not by userId.
07-31 17:37:05.935  1851  1881 I PhoneWindowManager: startDockOrHome: startReason= startDockOrHome
07-31 17:37:05.936  1851  1881 W HwActivityTaskManagerServiceEx: invalid param when resuming applock
07-31 17:37:05.936  4274  4274 I vol.VolumeDialogImpl: dismissH, not on showing, return
07-31 17:37:05.936  4274  4274 I HwCtrlCtr: ControlCenterImpl: root view is gone, return
07-31 17:37:05.936  4274  4274 I PanelView1: canPanelBeCollapsed mTracking = false , mClosing = false, isWakingUp = false, ret = false
07-31 17:37:05.936  4274  4274 I PanelView1: canPanelBeCollapsed mTracking = false , mClosing = false, isWakingUp = false, ret = false
07-31 17:37:05.936  4274  4274 I ShadeControllerImpl: animateCollapsePanels canPanelBeCollapsed = false
07-31 17:37:05.936  1851  1881 I HwPackageManagerServiceUtils: skip preferred set check of preferred activity for Intent { act=android.intent.action.MAIN cat=[android.intent.category.HOME] flg=0x300 }, do not dropping preferred activity
07-31 17:37:05.936  4274  4274 I ShadeControllerImpl: animateCollapsePanels collapseStack
07-31 17:37:05.936  1851  1881 I PackageManager: Returning preferred activity: com.huawei.android.launcher/com.huawei.android.launcher.unihome.UniHomeLauncher
07-31 17:37:05.936  4274  4274 I HwCtrlCtr: ControlCenterImpl: root view is gone, return
07-31 17:37:05.936  1851  1881 I PackageManager: choose best activity: com.huawei.android.launcher, com.huawei.android.launcher.unihome.UniHomeLauncher
07-31 17:37:05.937  1851  1881 I ActivityTaskManager: notifyActivityLaunching intent=Intent { act=android.intent.action.MAIN cat=[android.intent.category.HOME] flg=0x10000300 hwFlg=0x400000 cmp=com.huawei.android.launcher/.unihome.UniHomeLauncher (has extras) } existingInfo=null
07-31 17:37:05.937  1851  1881 I SWAP_Scene: Entering notifySceneData notifySceneData. EventType:SWITCH_TO_FOREGROUND pkg:com.huawei.android.launcher uid:1110106 pid:0 proc: activity:com.huawei.android.launcher.unihome.UniHomeLauncher
07-31 17:37:05.937  1851  1881 I ActivityTaskManager: START u11 {act=android.intent.action.MAIN cat=[android.intent.category.HOME] flg=0x10000300 hwFlg=0x400010 cmp=com.huawei.android.launcher/.unihome.UniHomeLauncher (has extras)} from uid 0 controller startHomeActivity: startDockOrHome:11:11:0
07-31 17:37:05.937  1851  1881 I HwPackageManagerServiceUtils: skip preferred set check of preferred activity for Intent { act=android.intent.action.MAIN cat=[android.intent.category.HOME] flg=0x300 }, do not dropping preferred activity
07-31 17:37:05.937  1851  1881 I PackageManager: Returning preferred activity: com.huawei.android.launcher/com.huawei.android.launcher.unihome.UniHomeLauncher
07-31 17:37:05.937  1851  1881 I PackageManager: choose best activity: com.huawei.android.launcher, com.huawei.android.launcher.unihome.UniHomeLauncher
07-31 17:37:05.937  1851  1881 I HwActivityStarterEx: packageName is empty
07-31 17:37:05.938  1851  1881 I HwASInterceptor: null not found.
07-31 17:37:05.938  1851  1881 I PermissionPolicyService: ActivityInterceptorCallback ActivityInterceptResult intercept
07-31 17:37:05.938  1851  1881 I ActivityTaskManager: ActivityRecord info: ActivityInfo{21d12bd com.huawei.android.launcher.unihome.UniHomeLauncher}
07-31 17:37:05.938  1851  1881 I ActivityOptions: getDualCodeFlag: false
07-31 17:37:05.938  1851  1881 I HWMW_HwMagicStackManager: ### Execute overrideIntentFlagForHwMagicWin
07-31 17:37:05.939  1851  1881 I ActivityTaskManager: ActivityStarter setInitialState mDoResume = true
07-31 17:37:05.939  1851  1881 I ActivityOptions: getDualCodeFlag: false
07-31 17:37:05.939  1851  1881 W HwMultiWindowManager: launch multi window activity: invalid params. r=ActivityRecord{59e3380 u11 com.huawei.android.launcher/.unihome.UniHomeLauncher t-1} options=ActivityOptions(222609586), mPackageName=null, mAnimationType=-1, mStartX=0, mStartY=0, mWidth=0, mHeight=0 source=null
07-31 17:37:05.939  1776  8585 I LifecycleTransaction: activityCallbacks NewIntentItem{intents=[Intent { act=android.intent.action.MAIN cat=[android.intent.category.HOME] flg=0x10000300 hwFlg=0x400000 cmp=com.huawei.android.launcher/.unihome.UniHomeLauncher (has extras) }],resume=true}
07-31 17:37:05.939  1851  1881 W HwActivityTaskManagerServiceEx: invalid param when resuming applock
07-31 17:37:05.940  1851  1881 W HwActivityTaskManagerServiceEx: invalid param when resuming applock
07-31 17:37:05.940  1776  1776 W HwDamageRectFpsManager: submitFps mFpsDecisionHandler == null
07-31 17:37:05.940  1776  1776 I HwLauncher: Launcher onNewIntent() DragLayer visibility = 0, alpha = 1.000000
07-31 17:37:05.940  1776  2736 I InputMethodManager: hideSoftInputFromWindow windowToken=android.view.ViewRootImpl$W@88edc31;flags=0
07-31 17:37:05.940  1776  2736 I InputMethodManager: hideSoftInputFromWindow reason=3,displayId=-1,caller=android.view.inputmethod.InputMethodManager.hideSoftInputFromWindow:1955 android.view.inputmethod.InputMethodManager.hideSoftInputFromWindow:1924 com.huawei.android.launcher.Launcher.lambda$hideSoftInputMethod$19:4719 com.huawei.android.launcher.Launcher.lambda$hideSoftInputMethod$19$Launcher:0 
07-31 17:37:05.941  1851  7208 I HwInputMethodManagerService: hideSoftInput windowToken:android.os.BinderProxy@d94b0b8
07-31 17:37:05.941  6783 29587 I ContentSensor_13.11.3.205_AudioInfoCapture: captureMusicData: pkgName = tv.danmaku.bili
07-31 17:37:05.941  1776  1776 W HwLauncher: Workspace changeState() state no change.
07-31 17:37:05.941  1851  7208 I InputMethodManagerService: Client requesting input be hidden, requestedUid = 1110106
07-31 17:37:05.941  6783 29587 W ContentSensor_13.11.3.205_AudioInfoCapture: No need notify, resultList is empty
07-31 17:37:05.941  1851  7208 I HwInputMethodManagerService: hideCurrentInputLocked res:false
07-31 17:37:05.941  1851  7208 I HwInputMethodManagerService: hideSoftInput end! isHide:false, isNeedWaitShow:false
07-31 17:37:05.941  6783 29587 W ContentSensor_13.11.3.205_AudioInfoCapture: insert info list is empty
07-31 17:37:05.941  6783 29587 W ContentSensor_13.11.3.205_AudioInfoCapture: insert info list is empty
07-31 17:37:05.941  1776  1776 W HwLauncher: LauncherDeviceManagerService getCachedLocalDevice: device Manager did not complete initialization
07-31 17:37:05.941  1776  1776 W HwLauncher: LauncherDeviceManagerService getCachedLocalDevice: device Manager did not complete initialization
07-31 17:37:05.941  1776  1776 W HwDamageRectFpsManager: submitFps mFpsDecisionHandler == null
07-31 17:37:05.941  1776  1776 I HwLauncher: Model loadWidgetsAfterUserUnlockIfNeeded, sLoadWidgetOnResume is false!
07-31 17:37:05.942  4588  9291 W ApsSceneManager: APS: APK: setSceneInfo: unknow scene!
07-31 17:37:05.942  1851  1881 I PermissionPolicyService: onActivityLaunched start
07-31 17:37:05.942  1851  1881 W PermissionPolicyService: do not show notification dialog when onActivityLaunched
07-31 17:37:05.942  1851  1881 I ActivityTaskManager: start activity: {com.huawei.android.launcher/com.huawei.android.launcher.unihome.UniHomeLauncher} result = 3
07-31 17:37:05.943  4588  5225 I PG_ash  : try freeze fa refresh whitelist app when fa card visible change
07-31 17:37:05.944  1776  2506 I HwLauncher: LocalTaskList loadTasksInBackground:11 numTasks:16 currentUserId:11
07-31 17:37:05.950   594   594 I servicemanager: Notifying apexservice they have clients: 1
07-31 17:37:05.950   594   594 I servicemanager: Notifying apexservice they have clients: 0
07-31 17:37:05.950   594   594 I BpBinder: onLastStrongRef automatically unlinking death recipients: <uncached descriptor>
07-31 17:37:05.983  4741  4924 I OllieMsgCenter: publishEvt=2135097353
07-31 17:37:06.051  1776  1776 W HwLauncher: TalkBackHelper needAnnounceAbilityForm input parameter is null
07-31 17:37:06.084  1776  1776 E ndroid.launche: Invalid ID 0x9b000000.
07-31 17:37:06.084  1776  1776 E ndroid.launche: No package ID 9b found for ID 0x9b010100.
07-31 17:37:06.084  1776  1776 E ndroid.launche: No package ID 9b found for ID 0x9b020200.
07-31 17:37:06.084  1776  1776 E ndroid.launche: No package ID 9b found for ID 0x9b030300.
07-31 17:37:06.085  1776  1776 E ndroid.launche: No package ID 9b found for ID 0x9b040400.
07-31 17:37:06.085  1776  1776 E ndroid.launche: No package ID 9b found for ID 0x9b050500.
07-31 17:37:06.085  1776  1776 E ndroid.launche: No package ID 9b found for ID 0x9b060600.
07-31 17:37:06.095  1776  1776 E ndroid.launche: Invalid ID 0x9b000000.
07-31 17:37:06.096  1776  1776 E ndroid.launche: No package ID 9b found for ID 0x9b010100.
07-31 17:37:06.096  1776  1776 E ndroid.launche: No package ID 9b found for ID 0x9b020200.
07-31 17:37:06.096  1776  1776 E ndroid.launche: No package ID 9b found for ID 0x9b030300.
07-31 17:37:06.096  1776  1776 E ndroid.launche: No package ID 9b found for ID 0x9b040400.
07-31 17:37:06.096  1776  1776 E ndroid.launche: No package ID 9b found for ID 0x9b050500.
07-31 17:37:06.096  1776  1776 E ndroid.launche: No package ID 9b found for ID 0x9b060600.
07-31 17:37:06.098  1851  1920 I HwAmbientLuxFilterAlgo: SceneBufferAmbientLux input error,end=30,start=-141,bufferSize=59
07-31 17:37:06.114 20887 20949 I HwHsl   : isInstallingIconExist shortcutId = wps-office
07-31 17:37:06.115  1851  4394 I HwActivityManagerServiceEx: provider is prevented for not-prevent
07-31 17:37:06.115  1851  4394 I ContentProviderHelper: Successfully start provider ContentProviderRecord{d83b227 u0 com.huawei.android.launcher/.LauncherProvider} launchingApp=ProcessRecord{c06c856 23136:com.huawei.android.launcher/u0a106} caller pid= 20887
07-31 17:37:06.116  4588  4837 E NumberUtils: Number Format err! str: 
07-31 17:37:06.118  1776  1776 E ndroid.launche: No package ID 9b found for ID 0x9b090900.
07-31 17:37:06.118  1776  1776 E ndroid.launche: No package ID 9b found for ID 0x9b090900.
07-31 17:37:06.118  1776  1776 E ndroid.launche: No package ID 9b found for ID 0x9b090900.
07-31 17:37:06.118  1776  1776 E ndroid.launche: No package ID 9b found for ID 0x9b080800.
07-31 17:37:06.118  1776  1776 E ndroid.launche: No package ID 9b found for ID 0x9b080800.
07-31 17:37:06.118  1776  1776 E ndroid.launche: No package ID 9b found for ID 0x9b070700.
07-31 17:37:06.118  1776  1776 E ndroid.launche: No package ID 9b found for ID 0x9b060600.
07-31 17:37:06.118  1776  1776 E ndroid.launche: No package ID 9b found for ID 0x9b050500.
07-31 17:37:06.118  1776  1776 E ndroid.launche: No package ID 9b found for ID 0x9b040400.
07-31 17:37:06.118  1776  1776 E ndroid.launche: No package ID 9b found for ID 0x9b030300.
07-31 17:37:06.119 20887 20949 I HwHsl   : cursor count : 0
07-31 17:37:06.119 20887 20949 I HwHsl   : isInstallingIconExist shortcutId = net.cnki.cajviewer-pcengine
07-31 17:37:06.122 20887 20949 I HwHsl   : cursor count : 0
07-31 17:37:06.122 20887 20949 I HwHsl   : isInstallingIconExist shortcutId = edrawmax-pcengine
07-31 17:37:06.124 20887 20949 I HwHsl   : cursor count : 0
07-31 17:37:06.124 20887 20949 I HwHsl   : isInstallingIconExist shortcutId = hsl-extfonts
07-31 17:37:06.126 20887 20949 I HwHsl   : cursor count : 0
07-31 17:37:06.129  1776  1776 E ndroid.launche: No package ID 9b found for ID 0x9b090900.
07-31 17:37:06.129  1776  1776 E ndroid.launche: No package ID 9b found for ID 0x9b090900.
07-31 17:37:06.129  1776  1776 E ndroid.launche: No package ID 9b found for ID 0x9b090900.
07-31 17:37:06.129  1776  1776 E ndroid.launche: No package ID 9b found for ID 0x9b080800.
07-31 17:37:06.129  1776  1776 E ndroid.launche: No package ID 9b found for ID 0x9b080800.
07-31 17:37:06.129  1776  1776 E ndroid.launche: No package ID 9b found for ID 0x9b070700.
07-31 17:37:06.129  1776  1776 E ndroid.launche: No package ID 9b found for ID 0x9b060600.
07-31 17:37:06.129  1776  1776 E ndroid.launche: No package ID 9b found for ID 0x9b050500.
07-31 17:37:06.130  1776  1776 E ndroid.launche: No package ID 9b found for ID 0x9b040400.
07-31 17:37:06.130  1776  1776 E ndroid.launche: No package ID 9b found for ID 0x9b030300.
07-31 17:37:06.207  1776  1776 E ndroid.launche: Invalid ID 0x9c000000.
07-31 17:37:06.207  1776  1776 E ndroid.launche: Invalid ID 0x9c000003.
07-31 17:37:06.207  1776  1776 E ndroid.launche: Invalid ID 0x9c000203.
07-31 17:37:06.207  1776  1776 E ndroid.launche: Invalid ID 0x9c000403.
07-31 17:37:06.207  1776  1776 E ndroid.launche: Invalid ID 0x9c000503.
07-31 17:37:06.207  1776  1776 E ndroid.launche: Invalid ID 0x9c000204.
07-31 17:37:06.207  1776  1776 E ndroid.launche: Invalid ID 0x9c000304.
07-31 17:37:06.208  1851  2124 W AwareLog: AwareMem_FastRepairActionManager: send execute sucess, scene : 4
07-31 17:37:06.208  1851  4451 W AwareLog: SysLoadManager: check status do nothing
07-31 17:37:06.211  1776  1776 W HwLauncher: TalkBackHelper needAnnounceAbilityForm input parameter is null
07-31 17:37:06.218  1776  1776 W HwLauncher: TalkBackHelper needAnnounceAbilityForm input parameter is null
07-31 17:37:06.219  1776  1776 E ndroid.launche: Invalid ID 0x9c000404.
07-31 17:37:06.219  1776  1776 E ndroid.launche: Invalid ID 0x9c000604.
07-31 17:37:06.220  1776  1776 E ndroid.launche: No package ID 9c found for ID 0x9c010000.
07-31 17:37:06.220  1776  1776 E ndroid.launche: No package ID 9c found for ID 0x9c010100.
07-31 17:37:06.220  1776  1776 E ndroid.launche: No package ID 9c found for ID 0x9c010200.
07-31 17:37:06.220  1776  1776 E ndroid.launche: No package ID 9c found for ID 0x9c010300.
07-31 17:37:06.220  1776  1776 E ndroid.launche: No package ID 9c found for ID 0x9c010400.
07-31 17:37:06.221  1776  1776 E ndroid.launche: No package ID 9c found for ID 0x9c010001.
07-31 17:37:06.221  1776  1776 E ndroid.launche: No package ID 9c found for ID 0x9c010101.
07-31 17:37:06.222  1776  1776 E ndroid.launche: No package ID 9c found for ID 0x9c010201.
07-31 17:37:06.222  1776  1776 W HwLauncher: TalkBackHelper needAnnounceAbilityForm input parameter is null
07-31 17:37:06.222  1776  1776 E ndroid.launche: No package ID 9c found for ID 0x9c010301.
07-31 17:37:06.223  1776  1776 E ndroid.launche: No package ID 9c found for ID 0x9c010401.
07-31 17:37:06.223  1776  1776 W HwLauncher: TalkBackHelper needAnnounceAbilityForm input parameter is null
07-31 17:37:06.223  1776  1776 E ndroid.launche: No package ID 9c found for ID 0x9c010500.
07-31 17:37:06.224  1776  1776 W HwLauncher: TalkBackHelper needAnnounceAbilityForm input parameter is null
07-31 17:37:06.229  1776  1776 E ndroid.launche: No package ID 9c found for ID 0x9c010002.
07-31 17:37:06.230  1776  1776 E ndroid.launche: No package ID 9c found for ID 0x9c010003.
07-31 17:37:06.230  1776  1776 E ndroid.launche: No package ID 9c found for ID 0x9c010103.
07-31 17:37:06.231  1776  1776 E ndroid.launche: No package ID 9c found for ID 0x9c010203.
07-31 17:37:06.231  1776  1776 E ndroid.launche: No package ID 9c found for ID 0x9c010303.
07-31 17:37:06.232  1776  1776 E ndroid.launche: No package ID 9c found for ID 0x9c010403.
07-31 17:37:06.232  1776  1776 E ndroid.launche: No package ID 9c found for ID 0x9c010503.
07-31 17:37:06.232  1776  1776 E ndroid.launche: No package ID 9c found for ID 0x9c010004.
07-31 17:37:06.233  1776  1776 E ndroid.launche: No package ID 9c found for ID 0x9c010104.
07-31 17:37:06.233  1776  1776 E ndroid.launche: No package ID 9c found for ID 0x9c010104.
07-31 17:37:06.233  1776  1776 E ndroid.launche: No package ID 9c found for ID 0x9c010304.
07-31 17:37:06.234  1776  1776 E ndroid.launche: No package ID 9c found for ID 0x9c010404.
07-31 17:37:06.234  1776  1776 E ndroid.launche: No package ID 9c found for ID 0x9c010504.
07-31 17:37:06.234  1776  1776 E ndroid.launche: No package ID 9c found for ID 0x9c010604.
07-31 17:37:06.235  1776  1776 E ndroid.launche: No package ID 9c found for ID 0x9c010604.
07-31 17:37:06.236  1776  1776 E ndroid.launche: No package ID 9c found for ID 0x9c020000.
07-31 17:37:06.236  1776  1776 W HwLauncher: TalkBackHelper needAnnounceAbilityForm input parameter is null
07-31 17:37:06.236  1776  1776 W HwLauncher: TalkBackHelper needAnnounceAbilityForm input parameter is null
07-31 17:37:06.243  1776  1776 W HwLauncher: TalkBackHelper needAnnounceAbilityForm input parameter is null
07-31 17:37:06.255  1776  1776 W HwLauncher: TalkBackHelper needAnnounceAbilityForm input parameter is null
07-31 17:37:06.256  1776  1776 E ndroid.launche: Invalid ID 0x9b000000.
07-31 17:37:06.256  1776  1776 E ndroid.launche: No package ID 9b found for ID 0x9b010100.
07-31 17:37:06.256  1776  1776 E ndroid.launche: No package ID 9b found for ID 0x9b020200.
07-31 17:37:06.256  1776  1776 E ndroid.launche: No package ID 9b found for ID 0x9b030300.
07-31 17:37:06.256  1776  1776 E ndroid.launche: No package ID 9b found for ID 0x9b040400.
07-31 17:37:06.256  1776  1776 E ndroid.launche: No package ID 9b found for ID 0x9b050500.
07-31 17:37:06.256  1776  1776 E ndroid.launche: No package ID 9b found for ID 0x9b060600.
07-31 17:37:06.257  1776  1776 E ndroid.launche: Invalid ID 0x9b000000.
07-31 17:37:06.257  1776  1776 E ndroid.launche: No package ID 9b found for ID 0x9b010100.
07-31 17:37:06.257  1776  1776 E ndroid.launche: No package ID 9b found for ID 0x9b020200.
07-31 17:37:06.257  1776  1776 E ndroid.launche: No package ID 9b found for ID 0x9b030300.
07-31 17:37:06.257  1776  1776 E ndroid.launche: No package ID 9b found for ID 0x9b040400.
07-31 17:37:06.257  1776  1776 E ndroid.launche: No package ID 9b found for ID 0x9b050500.
07-31 17:37:06.257  1776  1776 E ndroid.launche: No package ID 9b found for ID 0x9b060600.
07-31 17:37:06.263  1776  1776 E ndroid.launche: No package ID 9b found for ID 0x9b090900.
07-31 17:37:06.263  1776  1776 E ndroid.launche: No package ID 9b found for ID 0x9b090900.
07-31 17:37:06.263  1776  1776 E ndroid.launche: No package ID 9b found for ID 0x9b090900.
07-31 17:37:06.263  1776  1776 E ndroid.launche: No package ID 9b found for ID 0x9b080800.
07-31 17:37:06.263  1776  1776 E ndroid.launche: No package ID 9b found for ID 0x9b080800.
07-31 17:37:06.264  1776  1776 E ndroid.launche: No package ID 9b found for ID 0x9b070700.
07-31 17:37:06.264  1776  1776 E ndroid.launche: No package ID 9b found for ID 0x9b060600.
07-31 17:37:06.265  1776  1776 E ndroid.launche: No package ID 9b found for ID 0x9b050500.
07-31 17:37:06.265  1776  1776 E ndroid.launche: No package ID 9b found for ID 0x9b040400.
07-31 17:37:06.265  1776  1776 E ndroid.launche: No package ID 9b found for ID 0x9b030300.
07-31 17:37:06.295   847   895 I audio_hw_usbaudio_ext: [get_extension_typec_parameters:189]: check show hires (false)
07-31 17:37:06.300  1776  1776 E ndroid.launche: Invalid ID 0x9c000000.
07-31 17:37:06.300  1776  1776 E ndroid.launche: Invalid ID 0x9c000003.
07-31 17:37:06.300  1776  1776 E ndroid.launche: Invalid ID 0x9c000203.
07-31 17:37:06.301  1776  1776 E ndroid.launche: Invalid ID 0x9c000403.
07-31 17:37:06.301  1776  1776 E ndroid.launche: Invalid ID 0x9c000503.
07-31 17:37:06.301  1776  1776 E ndroid.launche: Invalid ID 0x9c000204.
07-31 17:37:06.301   847   895 I audio_hw_usbaudio_ext: [get_extension_typec_parameters:189]: check show hires (false)
07-31 17:37:06.301  1776  1776 E ndroid.launche: Invalid ID 0x9c000304.
07-31 17:37:06.301  1776  1776 E ndroid.launche: Invalid ID 0x9c000404.
07-31 17:37:06.301  1776  1776 E ndroid.launche: Invalid ID 0x9c000604.
07-31 17:37:06.301  1776  1776 W HwLauncher: TalkBackHelper needAnnounceAbilityForm input parameter is null
07-31 17:37:06.301  1776  1776 W HwLauncher: TalkBackHelper needAnnounceAbilityForm input parameter is null
07-31 17:37:06.307  1776  1776 E ndroid.launche: Invalid ID 0x9c000000.
07-31 17:37:06.307  1776  1776 E ndroid.launche: Invalid ID 0x9c000003.
07-31 17:37:06.307  1776  1776 E ndroid.launche: Invalid ID 0x9c000203.
07-31 17:37:06.307  1776  1776 E ndroid.launche: Invalid ID 0x9c000403.
07-31 17:37:06.307  1776  1776 E ndroid.launche: Invalid ID 0x9c000503.
07-31 17:37:06.307  1776  1776 E ndroid.launche: Invalid ID 0x9c000204.
07-31 17:37:06.307  1776  1776 E ndroid.launche: Invalid ID 0x9c000304.
07-31 17:37:06.307  1776  1776 E ndroid.launche: Invalid ID 0x9c000404.
07-31 17:37:06.307  1776  1776 E ndroid.launche: Invalid ID 0x9c000604.
07-31 17:37:06.307  1776  1776 W HwLauncher: TalkBackHelper needAnnounceAbilityForm input parameter is null
07-31 17:37:06.307  1776  1776 W HwLauncher: TalkBackHelper needAnnounceAbilityForm input parameter is null
07-31 17:37:06.310  1776  1776 E ndroid.launche: No package ID 9c found for ID 0x9c010000.
07-31 17:37:06.310  1776  1776 E ndroid.launche: No package ID 9c found for ID 0x9c010100.
07-31 17:37:06.310  1776  1776 E ndroid.launche: No package ID 9c found for ID 0x9c010200.
07-31 17:37:06.310  1776  1776 E ndroid.launche: No package ID 9c found for ID 0x9c010300.
07-31 17:37:06.310  1776  1776 E ndroid.launche: No package ID 9c found for ID 0x9c010400.
07-31 17:37:06.310  1776  1776 E ndroid.launche: No package ID 9c found for ID 0x9c010001.
07-31 17:37:06.311  1776  1776 E ndroid.launche: No package ID 9c found for ID 0x9c010101.
07-31 17:37:06.311  1776  1776 E ndroid.launche: No package ID 9c found for ID 0x9c010201.
07-31 17:37:06.311  1776  1776 E ndroid.launche: No package ID 9c found for ID 0x9c010301.
07-31 17:37:06.311  1776  1776 E ndroid.launche: No package ID 9c found for ID 0x9c010401.
07-31 17:37:06.311  1776  1776 E ndroid.launche: No package ID 9c found for ID 0x9c010500.
07-31 17:37:06.311  1776  1776 E ndroid.launche: No package ID 9c found for ID 0x9c010002.
07-31 17:37:06.311  1776  1776 E ndroid.launche: No package ID 9c found for ID 0x9c010003.
07-31 17:37:06.311  1776  1776 E ndroid.launche: No package ID 9c found for ID 0x9c010103.
07-31 17:37:06.311  1776  1776 E ndroid.launche: No package ID 9c found for ID 0x9c010203.
07-31 17:37:06.311  1776  1776 E ndroid.launche: No package ID 9c found for ID 0x9c010303.
07-31 17:37:06.311  1776  1776 E ndroid.launche: No package ID 9c found for ID 0x9c010403.
07-31 17:37:06.311  1776  1776 E ndroid.launche: No package ID 9c found for ID 0x9c010503.
07-31 17:37:06.311  1776  1776 E ndroid.launche: No package ID 9c found for ID 0x9c010004.
07-31 17:37:06.311  1776  1776 E ndroid.launche: No package ID 9c found for ID 0x9c010104.
07-31 17:37:06.311  1776  1776 E ndroid.launche: No package ID 9c found for ID 0x9c010104.
07-31 17:37:06.311  1776  1776 E ndroid.launche: No package ID 9c found for ID 0x9c010304.
07-31 17:37:06.311  1776  1776 E ndroid.launche: No package ID 9c found for ID 0x9c010404.
07-31 17:37:06.311  1776  1776 E ndroid.launche: No package ID 9c found for ID 0x9c010504.
07-31 17:37:06.311  1776  1776 E ndroid.launche: No package ID 9c found for ID 0x9c010604.
07-31 17:37:06.311  1776  1776 E ndroid.launche: No package ID 9c found for ID 0x9c010604.
07-31 17:37:06.311  1776  1776 W HwLauncher: TalkBackHelper needAnnounceAbilityForm input parameter is null
07-31 17:37:06.312  1776  1776 W HwLauncher: TalkBackHelper needAnnounceAbilityForm input parameter is null
07-31 17:37:06.312  1776  1776 W HwLauncher: TalkBackHelper needAnnounceAbilityForm input parameter is null
07-31 17:37:06.312  1776  1776 E ndroid.launche: No package ID 9c found for ID 0x9c010000.
07-31 17:37:06.318  1776  1776 E ndroid.launche: No package ID 9c found for ID 0x9c020000.
07-31 17:37:06.318  1776  1776 W HwLauncher: TalkBackHelper needAnnounceAbilityForm input parameter is null
07-31 17:37:06.318  1776  1776 W HwLauncher: TalkBackHelper needAnnounceAbilityForm input parameter is null
07-31 17:37:06.323  1776  1776 W HwLauncher: TalkBackHelper needAnnounceAbilityForm input parameter is null
07-31 17:37:06.339  4274  4274 I HwScreenRecorderTimer: updateCapsuleState isTransientShown=false isStatusBarWindowShown=true hasScreenRecorderTimer=false isPanelExpand=false
07-31 17:37:06.340  4274  4274 I HwCapsuleDataConsumer: onDataProduce isAnimatorRunning=false
07-31 17:37:06.340  4274  4274 I NotifSectionsManager: updateFirstAndLastViewsForAllSections, changed:false
07-31 17:37:06.341  4274  4274 I HwStatusBarCapsuleHelper: onCapsuleDataUpdate isOverlay=true, mIsCapsuleLauncherAnimationStart=false
07-31 17:37:06.341  4274  4274 I HwStatusBarCapsuleView: hide capsule
07-31 17:37:06.341  4274  4274 I HwStatusBarCapsuleHelper: onCapsuleDataUpdate isOverlay=false, mIsCapsuleLauncherAnimationStart=false
07-31 17:37:06.341  4274  4274 I HwStatusBarCapsuleView: hide capsule
07-31 17:37:06.342  1776  1776 W HwLauncher: TalkBackHelper needAnnounceAbilityForm input parameter is null
07-31 17:37:06.343  1776  1776 E ndroid.launche: Invalid ID 0x9b000000.
07-31 17:37:06.343  1776  1776 E ndroid.launche: No package ID 9b found for ID 0x9b010100.
07-31 17:37:06.343  1776  1776 E ndroid.launche: No package ID 9b found for ID 0x9b020200.
07-31 17:37:06.343  1776  1776 E ndroid.launche: No package ID 9b found for ID 0x9b030300.
07-31 17:37:06.343  1776  1776 E ndroid.launche: No package ID 9b found for ID 0x9b040400.
07-31 17:37:06.343  1776  1776 E ndroid.launche: No package ID 9b found for ID 0x9b050500.
07-31 17:37:06.343  1776  1776 E ndroid.launche: No package ID 9b found for ID 0x9b060600.
07-31 17:37:06.343  1776  1776 E ndroid.launche: Invalid ID 0x9b000000.
07-31 17:37:06.344  1776  1776 E ndroid.launche: No package ID 9b found for ID 0x9b010100.
07-31 17:37:06.344  1776  1776 E ndroid.launche: No package ID 9b found for ID 0x9b020200.
07-31 17:37:06.344  1776  1776 E ndroid.launche: No package ID 9b found for ID 0x9b030300.
07-31 17:37:06.344  1776  1776 E ndroid.launche: No package ID 9b found for ID 0x9b040400.
07-31 17:37:06.344  1776  1776 E ndroid.launche: No package ID 9b found for ID 0x9b050500.
07-31 17:37:06.344  1776  1776 E ndroid.launche: No package ID 9b found for ID 0x9b060600.
07-31 17:37:06.344  1776  1776 E ndroid.launche: No package ID 9b found for ID 0x9b090900.
07-31 17:37:06.345  1776  1776 E ndroid.launche: No package ID 9b found for ID 0x9b090900.
07-31 17:37:06.345  1776  1776 E ndroid.launche: No package ID 9b found for ID 0x9b090900.
07-31 17:37:06.345  1776  1776 E ndroid.launche: No package ID 9b found for ID 0x9b080800.
07-31 17:37:06.345  1776  1776 E ndroid.launche: No package ID 9b found for ID 0x9b080800.
07-31 17:37:06.345  1776  1776 E ndroid.launche: No package ID 9b found for ID 0x9b070700.
07-31 17:37:06.345  1776  1776 E ndroid.launche: No package ID 9b found for ID 0x9b060600.
07-31 17:37:06.345  1776  1776 E ndroid.launche: No package ID 9b found for ID 0x9b050500.
07-31 17:37:06.345  1776  1776 E ndroid.launche: No package ID 9b found for ID 0x9b040400.
07-31 17:37:06.345  1776  1776 E ndroid.launche: No package ID 9b found for ID 0x9b030300.
07-31 17:37:06.345  1776  1776 E ndroid.launche: No package ID 9b found for ID 0x9b090900.
07-31 17:37:06.345  1776  1776 E ndroid.launche: No package ID 9b found for ID 0x9b090900.
07-31 17:37:06.345  1776  1776 E ndroid.launche: No package ID 9b found for ID 0x9b090900.
07-31 17:37:06.345  1776  1776 E ndroid.launche: No package ID 9b found for ID 0x9b080800.
07-31 17:37:06.345  1776  1776 E ndroid.launche: No package ID 9b found for ID 0x9b080800.
07-31 17:37:06.345  1776  1776 E ndroid.launche: No package ID 9b found for ID 0x9b070700.
07-31 17:37:06.345  1776  1776 E ndroid.launche: No package ID 9b found for ID 0x9b060600.
07-31 17:37:06.345  1776  1776 E ndroid.launche: No package ID 9b found for ID 0x9b050500.
07-31 17:37:06.345  1776  1776 E ndroid.launche: No package ID 9b found for ID 0x9b040400.
07-31 17:37:06.345  1776  1776 E ndroid.launche: No package ID 9b found for ID 0x9b030300.
07-31 17:37:06.358  1851  2124 E AwareLog: AwareMem_MemoryUtils: trim Memory illegal arg exception, proc:14809 userId:-2 level:40 fromAware:true
07-31 17:37:06.364  1851  7208 I HwConnectivityServiceEx: set 1110061, metered: false, value: false
07-31 17:37:06.364  1851  7208 I HwNetworkPolicy: onTransact, code = 203
07-31 17:37:06.364  1390 25013 I HwNetworkPolicyManager: getHwUidPolicy uid = 1110061 policy = 0
07-31 17:37:06.384  1776  1776 E ndroid.launche: Invalid ID 0x9c000000.
07-31 17:37:06.385  1776  1776 E ndroid.launche: Invalid ID 0x9c000003.
07-31 17:37:06.385  1776  1776 E ndroid.launche: Invalid ID 0x9c000203.
07-31 17:37:06.385  1776  1776 E ndroid.launche: Invalid ID 0x9c000403.
07-31 17:37:06.385  1776  1776 E ndroid.launche: Invalid ID 0x9c000003.
07-31 17:37:06.423  1776  1776 E ndroid.launche: Invalid ID 0x9c000000.
07-31 17:37:06.423  1776  1776 E ndroid.launche: Invalid ID 0x9c000003.
07-31 17:37:06.423  1776  1776 E ndroid.launche: Invalid ID 0x9c000203.
07-31 17:37:06.423  1776  1776 E ndroid.launche: Invalid ID 0x9c000403.
07-31 17:37:06.430  1776  1776 W HwLauncher: TalkBackHelper needAnnounceAbilityForm input parameter is null
07-31 17:37:06.433  1776  1776 W HwLauncher: TalkBackHelper needAnnounceAbilityForm input parameter is null
07-31 17:37:06.433  1776  1776 E ndroid.launche: Invalid ID 0x9c000503.
07-31 17:37:06.433  1776  1776 E ndroid.launche: Invalid ID 0x9c000204.
07-31 17:37:06.433  1776  1776 E ndroid.launche: Invalid ID 0x9c000304.
07-31 17:37:06.434  1776  1776 E ndroid.launche: Invalid ID 0x9c000404.
07-31 17:37:06.434  1776  1776 E ndroid.launche: Invalid ID 0x9c000604.
07-31 17:37:06.434  1776  1776 E ndroid.launche: No package ID 9c found for ID 0x9c010000.
07-31 17:37:06.434  1776  1776 E ndroid.launche: No package ID 9c found for ID 0x9c010100.
07-31 17:37:06.434  1776  1776 E ndroid.launche: No package ID 9c found for ID 0x9c010200.
07-31 17:37:06.434  1776  1776 E ndroid.launche: No package ID 9c found for ID 0x9c010300.
07-31 17:37:06.434  1776  1776 E ndroid.launche: No package ID 9c found for ID 0x9c010400.
07-31 17:37:06.434  1776  1776 E ndroid.launche: No package ID 9c found for ID 0x9c010001.
07-31 17:37:06.434  1776  1776 E ndroid.launche: No package ID 9c found for ID 0x9c010101.
07-31 17:37:06.434  1776  1776 E ndroid.launche: No package ID 9c found for ID 0x9c010201.
07-31 17:37:06.434  1776  1776 E ndroid.launche: No package ID 9c found for ID 0x9c010301.
07-31 17:37:06.435  1776  1776 E ndroid.launche: No package ID 9c found for ID 0x9c010401.
07-31 17:37:06.435  1776  1776 E ndroid.launche: No package ID 9c found for ID 0x9c010500.
07-31 17:37:06.435  1776  1776 E ndroid.launche: No package ID 9c found for ID 0x9c010002.
07-31 17:37:06.435  1776  1776 E ndroid.launche: No package ID 9c found for ID 0x9c010003.
07-31 17:37:06.435  1776  1776 E ndroid.launche: No package ID 9c found for ID 0x9c010103.
07-31 17:37:06.435  1776  1776 E ndroid.launche: No package ID 9c found for ID 0x9c010203.
07-31 17:37:06.435  1776  1776 E ndroid.launche: No package ID 9c found for ID 0x9c010303.
07-31 17:37:06.435  1776  1776 E ndroid.launche: No package ID 9c found for ID 0x9c010403.
07-31 17:37:06.435  1776  1776 E ndroid.launche: No package ID 9c found for ID 0x9c010503.
07-31 17:37:06.435  1776  1776 E ndroid.launche: No package ID 9c found for ID 0x9c010004.
07-31 17:37:06.435  1776  1776 E ndroid.launche: No package ID 9c found for ID 0x9c010104.
07-31 17:37:06.435  1776  1776 E ndroid.launche: No package ID 9c found for ID 0x9c010104.
07-31 17:37:06.435  1776  1776 E ndroid.launche: No package ID 9c found for ID 0x9c010304.
07-31 17:37:06.435  1776  1776 E ndroid.launche: No package ID 9c found for ID 0x9c010404.
07-31 17:37:06.435  1776  1776 E ndroid.launche: No package ID 9c found for ID 0x9c010504.
07-31 17:37:06.435  1776  1776 E ndroid.launche: No package ID 9c found for ID 0x9c010604.
07-31 17:37:06.435  1776  1776 E ndroid.launche: No package ID 9c found for ID 0x9c010604.
07-31 17:37:06.435  1776  1776 W HwLauncher: TalkBackHelper needAnnounceAbilityForm input parameter is null
07-31 17:37:06.435  1776  1776 W HwLauncher: TalkBackHelper needAnnounceAbilityForm input parameter is null
07-31 17:37:06.435  1776  1776 W HwLauncher: TalkBackHelper needAnnounceAbilityForm input parameter is null
07-31 17:37:06.440  1776  1776 E ndroid.launche: No package ID 9c found for ID 0x9c010000.
07-31 17:37:06.442  1776  1776 E ndroid.launche: No package ID 9c found for ID 0x9c020000.
07-31 17:37:06.442  1776  1776 W HwLauncher: TalkBackHelper needAnnounceAbilityForm input parameter is null
07-31 17:37:06.442  1776  1776 W HwLauncher: TalkBackHelper needAnnounceAbilityForm input parameter is null
07-31 17:37:06.445  1776  1776 W HwLauncher: TalkBackHelper needAnnounceAbilityForm input parameter is null
07-31 17:37:06.448  1851  1920 I HwAmbientLuxFilterAlgo: SceneBufferAmbientLux input error,end=30,start=-141,bufferSize=59
07-31 17:37:06.456  1776  1776 W HwLauncher: TalkBackHelper needAnnounceAbilityForm input parameter is null
07-31 17:37:06.457  1776  1776 E ndroid.launche: Invalid ID 0x9b000000.
07-31 17:37:06.457  1776  1776 E ndroid.launche: No package ID 9b found for ID 0x9b010100.
07-31 17:37:06.457  1776  1776 E ndroid.launche: No package ID 9b found for ID 0x9b020200.
07-31 17:37:06.457  1776  1776 E ndroid.launche: No package ID 9b found for ID 0x9b030300.
07-31 17:37:06.457  1776  1776 E ndroid.launche: No package ID 9b found for ID 0x9b040400.
07-31 17:37:06.462  1776  1776 E ndroid.launche: No package ID 9b found for ID 0x9b050500.
07-31 17:37:06.463  1776  1776 E ndroid.launche: No package ID 9b found for ID 0x9b060600.
07-31 17:37:06.464  1776  1776 E ndroid.launche: No package ID 9b found for ID 0x9b090900.
07-31 17:37:06.464  1776  1776 E ndroid.launche: No package ID 9b found for ID 0x9b090900.
07-31 17:37:06.464  1776  1776 E ndroid.launche: No package ID 9b found for ID 0x9b090900.
07-31 17:37:06.464  1776  1776 E ndroid.launche: No package ID 9b found for ID 0x9b080800.
07-31 17:37:06.465  1776  1776 E ndroid.launche: No package ID 9b found for ID 0x9b080800.
07-31 17:37:06.465  1776  1776 E ndroid.launche: No package ID 9b found for ID 0x9b070700.
07-31 17:37:06.465  1776  1776 E ndroid.launche: No package ID 9b found for ID 0x9b060600.
07-31 17:37:06.465  1776  1776 E ndroid.launche: No package ID 9b found for ID 0x9b050500.
07-31 17:37:06.466  1776  1776 E ndroid.launche: No package ID 9b found for ID 0x9b040400.
07-31 17:37:06.466  1776  1776 E ndroid.launche: No package ID 9b found for ID 0x9b030300.
07-31 17:37:06.502  1776  1776 E ndroid.launche: Invalid ID 0x9c000000.
07-31 17:37:06.502  1776  1776 E ndroid.launche: Invalid ID 0x9c000003.
07-31 17:37:06.502  1776  1776 E ndroid.launche: Invalid ID 0x9c000203.
07-31 17:37:06.502  1776  1776 E ndroid.launche: Invalid ID 0x9c000403.
07-31 17:37:06.502  1776  1776 E ndroid.launche: Invalid ID 0x9c000503.
07-31 17:37:06.502  1776  1776 E ndroid.launche: Invalid ID 0x9c000204.
07-31 17:37:06.502  1776  1776 E ndroid.launche: Invalid ID 0x9c000304.
07-31 17:37:06.502  1776  1776 E ndroid.launche: Invalid ID 0x9c000404.
07-31 17:37:06.502  1776  1776 E ndroid.launche: Invalid ID 0x9c000604.
07-31 17:37:06.502  1776  1776 W HwLauncher: TalkBackHelper needAnnounceAbilityForm input parameter is null
07-31 17:37:06.503  1776  1776 W HwLauncher: TalkBackHelper needAnnounceAbilityForm input parameter is null
07-31 17:37:06.504  1776  1776 W InputMethodManager: Ignoring onBind: cur seq=-1, given seq=1541
07-31 17:37:06.507  1776  1776 E ndroid.launche: Invalid ID 0x9c000000.
07-31 17:37:06.507  1776  1776 E ndroid.launche: Invalid ID 0x9c000003.
07-31 17:37:06.507  1776  1776 E ndroid.launche: Invalid ID 0x9c000203.
07-31 17:37:06.507  1776  1776 E ndroid.launche: Invalid ID 0x9c000403.
07-31 17:37:06.507  1776  1776 E ndroid.launche: Invalid ID 0x9c000503.
07-31 17:37:06.507  1776  1776 E ndroid.launche: Invalid ID 0x9c000204.
07-31 17:37:06.507  1776  1776 E ndroid.launche: Invalid ID 0x9c000304.
07-31 17:37:06.507  1776  1776 E ndroid.launche: Invalid ID 0x9c000404.
07-31 17:37:06.507  1776  1776 E ndroid.launche: Invalid ID 0x9c000604.
07-31 17:37:06.507  1776  1776 W HwLauncher: TalkBackHelper needAnnounceAbilityForm input parameter is null
07-31 17:37:06.507  1776  1776 W HwLauncher: TalkBackHelper needAnnounceAbilityForm input parameter is null
07-31 17:37:06.511  1776  1776 E ndroid.launche: No package ID 9c found for ID 0x9c010000.
07-31 17:37:06.511  1776  1776 E ndroid.launche: No package ID 9c found for ID 0x9c010100.
07-31 17:37:06.511  1776  1776 E ndroid.launche: No package ID 9c found for ID 0x9c010200.
07-31 17:37:06.511  1776  1776 E ndroid.launche: No package ID 9c found for ID 0x9c010300.
07-31 17:37:06.511  1776  1776 E ndroid.launche: No package ID 9c found for ID 0x9c010400.
07-31 17:37:06.511  1776  1776 E ndroid.launche: No package ID 9c found for ID 0x9c010001.
07-31 17:37:06.511  1776  1776 E ndroid.launche: No package ID 9c found for ID 0x9c010101.
07-31 17:37:06.511  1776  1776 E ndroid.launche: No package ID 9c found for ID 0x9c010201.
07-31 17:37:06.511  1776  1776 E ndroid.launche: No package ID 9c found for ID 0x9c010301.
07-31 17:37:06.511  1776  1776 E ndroid.launche: No package ID 9c found for ID 0x9c010401.
07-31 17:37:06.511  1776  1776 E ndroid.launche: No package ID 9c found for ID 0x9c010500.
07-31 17:37:06.511  1776  1776 E ndroid.launche: No package ID 9c found for ID 0x9c010002.
07-31 17:37:06.511  1776  1776 E ndroid.launche: No package ID 9c found for ID 0x9c010003.
07-31 17:37:06.511  1776  1776 E ndroid.launche: No package ID 9c found for ID 0x9c010103.
07-31 17:37:06.511  1776  1776 E ndroid.launche: No package ID 9c found for ID 0x9c010203.
07-31 17:37:06.511  1776  1776 E ndroid.launche: No package ID 9c found for ID 0x9c010303.
07-31 17:37:06.511  1776  1776 E ndroid.launche: No package ID 9c found for ID 0x9c010403.
07-31 17:37:06.511  1776  1776 E ndroid.launche: No package ID 9c found for ID 0x9c010503.
07-31 17:37:06.511  1776  1776 E ndroid.launche: No package ID 9c found for ID 0x9c010004.
07-31 17:37:06.511  1776  1776 E ndroid.launche: No package ID 9c found for ID 0x9c010104.
07-31 17:37:06.511  1776  1776 E ndroid.launche: No package ID 9c found for ID 0x9c010104.
07-31 17:37:06.511  1776  1776 E ndroid.launche: No package ID 9c found for ID 0x9c010304.
07-31 17:37:06.511  1776  1776 E ndroid.launche: No package ID 9c found for ID 0x9c010404.
07-31 17:37:06.512  1776  1776 E ndroid.launche: No package ID 9c found for ID 0x9c010504.
07-31 17:37:06.512  1776  1776 E ndroid.launche: No package ID 9c found for ID 0x9c010604.
07-31 17:37:06.512  1776  1776 E ndroid.launche: No package ID 9c found for ID 0x9c010604.
07-31 17:37:06.512  1776  1776 W HwLauncher: TalkBackHelper needAnnounceAbilityForm input parameter is null
07-31 17:37:06.512  1776  1776 W HwLauncher: TalkBackHelper needAnnounceAbilityForm input parameter is null
07-31 17:37:06.512  1776  1776 W HwLauncher: TalkBackHelper needAnnounceAbilityForm input parameter is null
07-31 17:37:06.512  1776  1776 E ndroid.launche: No package ID 9c found for ID 0x9c010000.
07-31 17:37:06.518  1776  1776 E ndroid.launche: No package ID 9c found for ID 0x9c020000.
07-31 17:37:06.518  1776  1776 W HwLauncher: TalkBackHelper needAnnounceAbilityForm input parameter is null
07-31 17:37:06.518  1776  1776 W HwLauncher: TalkBackHelper needAnnounceAbilityForm input parameter is null
07-31 17:37:06.522  1776  1776 W HwLauncher: TalkBackHelper needAnnounceAbilityForm input parameter is null
07-31 17:37:06.535  1776  1776 W HwLauncher: TalkBackHelper needAnnounceAbilityForm input parameter is null
07-31 17:37:06.541  1776  1776 E ndroid.launche: Invalid ID 0x9b000000.
07-31 17:37:06.541  1776  1776 E ndroid.launche: No package ID 9b found for ID 0x9b010100.
07-31 17:37:06.541  1776  1776 E ndroid.launche: No package ID 9b found for ID 0x9b020200.
07-31 17:37:06.541  1776  1776 E ndroid.launche: No package ID 9b found for ID 0x9b030300.
07-31 17:37:06.542  1776  1776 E ndroid.launche: No package ID 9b found for ID 0x9b040400.
07-31 17:37:06.542  1776  1776 E ndroid.launche: No package ID 9b found for ID 0x9b050500.
07-31 17:37:06.543  1776  1776 E ndroid.launche: No package ID 9b found for ID 0x9b060600.
07-31 17:37:06.545  1776  1776 E ndroid.launche: No package ID 9b found for ID 0x9b090900.
07-31 17:37:06.545  1776  1776 E ndroid.launche: No package ID 9b found for ID 0x9b090900.
07-31 17:37:06.545  1776  1776 E ndroid.launche: No package ID 9b found for ID 0x9b090900.
07-31 17:37:06.545  1776  1776 E ndroid.launche: No package ID 9b found for ID 0x9b080800.
07-31 17:37:06.545  1776  1776 E ndroid.launche: No package ID 9b found for ID 0x9b080800.
07-31 17:37:06.545  1776  1776 E ndroid.launche: No package ID 9b found for ID 0x9b070700.
07-31 17:37:06.545  1776  1776 E ndroid.launche: No package ID 9b found for ID 0x9b060600.
07-31 17:37:06.551  1776  1776 E ndroid.launche: No package ID 9b found for ID 0x9b050500.
07-31 17:37:06.552  1776  1776 E ndroid.launche: No package ID 9b found for ID 0x9b040400.
07-31 17:37:06.552  1776  1776 E ndroid.launche: No package ID 9b found for ID 0x9b030300.
07-31 17:37:06.580   907  1282 I SurfaceFlingerEx: OnAnimationMonitorExit type: 57
07-31 17:37:06.580  1851  7208 I RemoteAnimationController: onAnimationFinished(): Notify animation finished:
07-31 17:37:06.580  1851  7208 I WindowManager: send SET_LAUNCHER_VISIBLE_IN_FINGER_BOOST visible: true,delay:0, handle:true, userId:11, callingPid: 1851
07-31 17:37:06.580  1851  1883 I WindowManager: handle SET_LAUNCHER_VISIBLE_IN_FINGER_BOOST visible:true handle:true userId:11, currentUserId:11
07-31 17:37:06.581  1851  7208 I WindowManager: onAnimationFinished task=290
07-31 17:37:06.581  1851  7208 I ActivityTaskManager: onAnimationFinished, mTransit: 0startSplitScreenFlag:false
07-31 17:37:06.581  1851  7208 E HwWindowManagerServiceEx: AnimationTurbo wms null buffer to draw icon or is invalid
07-31 17:37:06.582  1851  4451 E AwareLog: AnimationPerformance: invalid strategy
07-31 17:37:06.584  4588  9291 I ApsSceneManager: APS: APK: setSceneInfoToAgp: scene:APP_BACK_ANIMATION, scnenCategory:APP_BACK_ANIMATION, state:0
07-31 17:37:06.584  1315  1315 I AGPService: Bn-> aps-info: set scene info - scene: APP_BACK_ANIMATION, sceneCategory: APP_BACK_ANIMATION, status: 0, priorityLevel: 0
07-31 17:37:06.584  1315  1315 I AGPService: FrameRateManager:[UpdateSceneStatus] scene APP_BACK_ANIMATION and sceneCategory APP_BACK_ANIMATION exit
07-31 17:37:06.584  4588  9291 I ApsBdata: cacheSceneInfo come scene: APP_BACK_ANIMATION, state: 0
07-31 17:37:06.584  1315  1353 I AGPService: FrameRateManager:[CheckAnimationTimeOut] timeout animation check Before 0, After 0
07-31 17:37:06.584  1315  1353 I AGPService: FrameRateManager:[HandleFrameRateRefresh] currPkgName: com.huawei.android.launcher, strategyCode 6090: dynamicCode 1, isFactor 0, min 60, max 90, down 90, idle 60
07-31 17:37:06.584  4588  9291 W ApsSceneManager: APS: APK: removeSceneInfoInner: receive H_SP scene exit before scene in
07-31 17:37:06.584  1315  1353 I AGPService: FrameRateManager:[JudgeFinalLcdFps] sceneinfo(0, -2, 0, 0);touchinfo(1, 0, 2, 90);isFHF 0 animFps -1 sfFps 45 damageFps -1 pkg  isSurface 1
07-31 17:37:06.584  1315  1353 I AGPService: FrameRateManager:[JudgeFinalLcdFps] Finish judging and final lcd fps: 90
07-31 17:37:06.584  1315  1353 I AGPService: FrameRateManager:[DecideAndSendRefreshRate] displayEngineLimitFps -1, sf: 45, overHeatLcdFps -1, final refresh rate 90
07-31 17:37:06.585  1315  1353 I AGPService: display get fps - current_fps:90;default_fps:120;support_fps_list:120,45,48,60,72,90,144;product_panel_num:1;current_panel_id:0;panel_id:0;panel_type:LTPO2;support_fps:120,45,48,60,72,90,144
07-31 17:37:06.585  1315  1360 I AGPService: FrameRateManager:[SetActiveConfigByFps] reset Pkg isSurface, AnimFps -1, fps to sf 90
07-31 17:37:06.585   907  1282 I SurfaceFlinger: changeRefreshRate: new mode 5, fps 90, active display 0
07-31 17:37:06.585   907  1282 I DisplayDevice: setDesiredActiveMode: already at the desired mode 5
07-31 17:37:06.586  1315  1360 I AGPService: FrameRateManager: set active config - fps 90 pkgName  isSurface 1
07-31 17:37:06.586  1851  1883 I WindowManager: setLauncherVisible setAlpha to 1.0
07-31 17:37:06.586  1315  1360 I AGPService: FrameRefreshThread: [CheckRefreshRateSuccess]: fps 90
07-31 17:37:06.587   852   852 E HW_DISPLAY_TEST: ltpo_set_fps: open file /sys/class/graphics/fb0/lcd_fps_cmd fail
07-31 17:37:06.587   852   852 E vendor.huawei.hardware.hwdisplay@1.1-service: call display_set_brightness failed: -1
07-31 17:37:06.587  1315  1360 E AGPService: DisplayFreqClient: displaySetFps error, freqIndex: 4, ret: -2
07-31 17:37:06.587  1851  1883 W WindowManager: onAppTransitionFinishedLocked
07-31 17:37:06.588  1315  1360 I AGPService: display get fps - current_fps:90;default_fps:120;support_fps_list:120,45,48,60,72,90,144;product_panel_num:1;current_panel_id:0;panel_id:0;panel_type:LTPO2;support_fps:120,45,48,60,72,90,144
07-31 17:37:06.588  1315  1360 I AGPService: FrameRefreshThread: set refreshrate finished, tryRefreshCount = 0, lcdFps = 90
07-31 17:37:06.588  1315  1360 E ITouchService: itouch OneFrameDetect instance is nullptr or oneFrameSwitch is not change
07-31 17:37:06.589  4588  9291 W ApsSceneManager: APS: APK: removeSceneInfo: unknow scene!
07-31 17:37:06.591   907   907 I Layer   : [*#13702] reparent null
07-31 17:37:06.591   907   907 I SurfaceFlinger: setClientStateLocked: DelAnimationInfo layer Surface(name=Task=290)/@0xa8ef323 - animation-leash of app_transition#13702
07-31 17:37:06.591   907   907 I Layer   : [*#13703] reparent null
07-31 17:37:06.623  1776  1776 E ndroid.launche: Invalid ID 0x9c000000.
07-31 17:37:06.623  1776  1776 E ndroid.launche: Invalid ID 0x9c000003.
07-31 17:37:06.623  1776  1776 E ndroid.launche: Invalid ID 0x9c000203.
07-31 17:37:06.623  1776  1776 E ndroid.launche: Invalid ID 0x9c000403.
07-31 17:37:06.623  1776  1776 E ndroid.launche: Invalid ID 0x9c000503.
07-31 17:37:06.623  1776  1776 E ndroid.launche: Invalid ID 0x9c000204.
07-31 17:37:06.623  1776  1776 E ndroid.launche: Invalid ID 0x9c000304.
07-31 17:37:06.623  1776  1776 E ndroid.launche: Invalid ID 0x9c000404.
07-31 17:37:06.623  1776  1776 E ndroid.launche: Invalid ID 0x9c000604.
07-31 17:37:06.623  1776  1776 W HwLauncher: TalkBackHelper needAnnounceAbilityForm input parameter is null
07-31 17:37:06.624  1776  1776 W HwLauncher: TalkBackHelper needAnnounceAbilityForm input parameter is null
07-31 17:37:06.634  1776  2056 W HwLauncher: AbilityReleaseAndRestoreUtil restoreAbilityFormWithAbilityFormList restoreList isEmpty !
07-31 17:37:06.641  1776  1776 E ndroid.launche: No package ID 9c found for ID 0x9c010000.
07-31 17:37:06.641  1776  1776 E ndroid.launche: No package ID 9c found for ID 0x9c010100.
07-31 17:37:06.641  1776  1776 E ndroid.launche: No package ID 9c found for ID 0x9c010200.
07-31 17:37:06.641  1776  1776 E ndroid.launche: No package ID 9c found for ID 0x9c010300.
07-31 17:37:06.641  1776  1776 E ndroid.launche: No package ID 9c found for ID 0x9c010400.
07-31 17:37:06.641  1776  1776 E ndroid.launche: No package ID 9c found for ID 0x9c010001.
07-31 17:37:06.644  1776  1776 E ndroid.launche: No package ID 9c found for ID 0x9c010101.
07-31 17:37:06.645  1776  1776 E ndroid.launche: No package ID 9c found for ID 0x9c010201.
07-31 17:37:06.645  1776  1776 W HwLauncher: TalkBackHelper needAnnounceAbilityForm input parameter is null
07-31 17:37:06.646  1776  1776 E ndroid.launche: No package ID 9c found for ID 0x9c010301.
07-31 17:37:06.647  1776  1776 E ndroid.launche: No package ID 9c found for ID 0x9c010401.
07-31 17:37:06.647  1776  1776 W HwLauncher: TalkBackHelper needAnnounceAbilityForm input parameter is null
07-31 17:37:06.649  1776  1776 E ndroid.launche: No package ID 9c found for ID 0x9c010500.
07-31 17:37:06.649  1776  1776 W HwLauncher: TalkBackHelper needAnnounceAbilityForm input parameter is null
07-31 17:37:06.655  1776  1776 E ndroid.launche: No package ID 9c found for ID 0x9c010002.
07-31 17:37:06.657  1776  1776 E ndroid.launche: No package ID 9c found for ID 0x9c010003.
07-31 17:37:06.659  1776  1776 E ndroid.launche: No package ID 9c found for ID 0x9c010103.
07-31 17:37:06.660  1776  1776 E ndroid.launche: No package ID 9c found for ID 0x9c010203.
07-31 17:37:06.662  1776  1776 E ndroid.launche: No package ID 9c found for ID 0x9c010303.
07-31 17:37:06.663  1776  1776 E ndroid.launche: No package ID 9c found for ID 0x9c010403.
07-31 17:37:06.664  1776  1776 E ndroid.launche: No package ID 9c found for ID 0x9c010503.
07-31 17:37:06.665  1776  1776 E ndroid.launche: No package ID 9c found for ID 0x9c010004.
07-31 17:37:06.666  1776  1776 E ndroid.launche: No package ID 9c found for ID 0x9c010104.
07-31 17:37:06.667  1776  1776 E ndroid.launche: No package ID 9c found for ID 0x9c010104.
07-31 17:37:06.668  1776  1776 E ndroid.launche: No package ID 9c found for ID 0x9c010304.
07-31 17:37:06.669  1776  1776 E ndroid.launche: No package ID 9c found for ID 0x9c010404.
07-31 17:37:06.670  1776  1776 E ndroid.launche: No package ID 9c found for ID 0x9c010504.
07-31 17:37:06.672  1776  1776 E ndroid.launche: No package ID 9c found for ID 0x9c010604.
07-31 17:37:06.673  1776  1776 E ndroid.launche: No package ID 9c found for ID 0x9c010604.
07-31 17:37:06.675  1776  1776 E ndroid.launche: No package ID 9c found for ID 0x9c020000.
07-31 17:37:06.675  1776  1776 W HwLauncher: TalkBackHelper needAnnounceAbilityForm input parameter is null
07-31 17:37:06.675  1776  1776 W HwLauncher: TalkBackHelper needAnnounceAbilityForm input parameter is null
07-31 17:37:06.692  1776  1776 W HwLauncher: TalkBackHelper needAnnounceAbilityForm input parameter is null
