07-31 18:18:20.941  2935  3699 W Bundle  : 	at com.android.providers.media.MediaProvider.onHandleWorkEx(MediaProvider.java:1778)
07-31 18:18:20.941  2935  3699 W Bundle  : 	at com.android.providers.media.MediaService.onHandleWorkEx(MediaService.java:406)
07-31 18:18:20.941  2935  3699 W Bundle  : 	at com.android.providers.media.MediaService.onHandleWork(MediaService.java:152)
07-31 18:18:20.941  2935  3699 W Bundle  : 	at androidx.core.app.JobIntentService$CommandProcessor.doInBackground(JobIntentService.java:396)
07-31 18:18:20.941  2935  3699 W Bundle  : 	at androidx.core.app.JobIntentService$CommandProcessor.doInBackground(JobIntentService.java:387)
07-31 18:18:20.941  2935  3699 W Bundle  : 	at android.os.AsyncTask$3.call(AsyncTask.java:394)
07-31 18:18:20.941  2935  3699 W Bundle  : 	at java.util.concurrent.FutureTask.run(FutureTask.java:266)
07-31 18:18:20.941  2935  3699 W Bundle  : 	at java.util.concurrent.ThreadPoolExecutor.runWorker(ThreadPoolExecutor.java:1167)
07-31 18:18:20.941  2935  3699 W Bundle  : 	at java.util.concurrent.ThreadPoolExecutor$Worker.run(ThreadPoolExecutor.java:641)
07-31 18:18:20.941  2935  3699 W Bundle  : 	at java.lang.Thread.run(Thread.java:933)
07-31 18:18:20.941  2935  3699 I ModernMediaScanner: queryArgs key:= android:query-arg-match-trashed cotent:= null
07-31 18:18:20.941  2935  3699 W Bundle  : Key android:query-arg-match-pending expected String but value was a java.lang.Integer.  The default value <null> was returned.
07-31 18:18:20.941  2935  3699 W Bundle  : Attempt to cast generated internal exception:
07-31 18:18:20.941  2935  3699 W Bundle  : java.lang.ClassCastException: java.lang.Integer cannot be cast to java.lang.String
07-31 18:18:20.941  2935  3699 W Bundle  : 	at android.os.BaseBundle.getString(BaseBundle.java:1298)
07-31 18:18:20.941  2935  3699 W Bundle  : 	at com.android.providers.media.scan.ModernMediaScanner$Scan.reconcileAndClean(ModernMediaScanner.java:674)
07-31 18:18:20.941  2935  3699 W Bundle  : 	at com.android.providers.media.scan.ModernMediaScanner$Scan.runInternal(ModernMediaScanner.java:527)
07-31 18:18:20.941  2935  3699 W Bundle  : 	at com.android.providers.media.scan.ModernMediaScanner$Scan.run(ModernMediaScanner.java:503)
07-31 18:18:20.941  2935  3699 W Bundle  : 	at com.android.providers.media.scan.ModernMediaScanner.scanFile(ModernMediaScanner.java:337)
07-31 18:18:20.941  2935  3699 W Bundle  : 	at com.huawei.media.scan.MediaScannerEx.scanFile(MediaScannerEx.java:252)
07-31 18:18:20.941  2935  3699 W Bundle  : 	at com.huawei.media.scan.MediaScannerEx.handleScanSingleFile(MediaScannerEx.java:236)
07-31 18:18:20.941  2935  3699 W Bundle  : 	at com.huawei.media.scan.MediaScannerEx.handledAction(MediaScannerEx.java:157)
07-31 18:18:20.941  2935  3699 W Bundle  : 	at com.huawei.media.scan.MediaScannerEx.onHandleWorkEx(MediaScannerEx.java:115)
07-31 18:18:20.941  2935  3699 W Bundle  : 	at com.android.providers.media.MediaProvider.onHandleWorkEx(MediaProvider.java:1778)
07-31 18:18:20.941  2935  3699 W Bundle  : 	at com.android.providers.media.MediaService.onHandleWorkEx(MediaService.java:406)
07-31 18:18:20.941  2935  3699 W Bundle  : 	at com.android.providers.media.MediaService.onHandleWork(MediaService.java:152)
07-31 18:18:20.941  2935  3699 W Bundle  : 	at androidx.core.app.JobIntentService$CommandProcessor.doInBackground(JobIntentService.java:396)
07-31 18:18:20.941  2935  3699 W Bundle  : 	at androidx.core.app.JobIntentService$CommandProcessor.doInBackground(JobIntentService.java:387)
07-31 18:18:20.941  2935  3699 W Bundle  : 	at android.os.AsyncTask$3.call(AsyncTask.java:394)
07-31 18:18:20.941  2935  3699 W Bundle  : 	at java.util.concurrent.FutureTask.run(FutureTask.java:266)
07-31 18:18:20.941  2935  3699 W Bundle  : 	at java.util.concurrent.ThreadPoolExecutor.runWorker(ThreadPoolExecutor.java:1167)
07-31 18:18:20.941  2935  3699 W Bundle  : 	at java.util.concurrent.ThreadPoolExecutor$Worker.run(ThreadPoolExecutor.java:641)
07-31 18:18:20.941  2935  3699 W Bundle  : 	at java.lang.Thread.run(Thread.java:933)
07-31 18:18:20.941  2935  3699 I ModernMediaScanner: queryArgs key:= android:query-arg-match-pending cotent:= null
07-31 18:18:20.941  2935  3699 I ModernMediaScanner: queryArgs key:= android:query-arg-sql-selection cotent:= ifnull(format,12288) != 47621 AND (_data LIKE ? ESCAPE '\' OR _data LIKE ? ESCAPE '\') AND generation_added <= 75
07-31 18:18:20.941  2935  3699 W Bundle  : Key android:query-arg-sql-selection-args expected String but value was a [Ljava.lang.String;.  The default value <null> was returned.
07-31 18:18:20.941  2935  3699 W Bundle  : Attempt to cast generated internal exception:
07-31 18:18:20.941  2935  3699 W Bundle  : java.lang.ClassCastException: java.lang.String[] cannot be cast to java.lang.String
07-31 18:18:20.941  2935  3699 W Bundle  : 	at android.os.BaseBundle.getString(BaseBundle.java:1298)
07-31 18:18:20.941  2935  3699 W Bundle  : 	at com.android.providers.media.scan.ModernMediaScanner$Scan.reconcileAndClean(ModernMediaScanner.java:674)
07-31 18:18:20.941  2935  3699 W Bundle  : 	at com.android.providers.media.scan.ModernMediaScanner$Scan.runInternal(ModernMediaScanner.java:527)
07-31 18:18:20.941  2935  3699 W Bundle  : 	at com.android.providers.media.scan.ModernMediaScanner$Scan.run(ModernMediaScanner.java:503)
07-31 18:18:20.941  2935  3699 W Bundle  : 	at com.android.providers.media.scan.ModernMediaScanner.scanFile(ModernMediaScanner.java:337)
07-31 18:18:20.941  2935  3699 W Bundle  : 	at com.huawei.media.scan.MediaScannerEx.scanFile(MediaScannerEx.java:252)
07-31 18:18:20.941  2935  3699 W Bundle  : 	at com.huawei.media.scan.MediaScannerEx.handleScanSingleFile(MediaScannerEx.java:236)
07-31 18:18:20.941  2935  3699 W Bundle  : 	at com.huawei.media.scan.MediaScannerEx.handledAction(MediaScannerEx.java:157)
07-31 18:18:20.941  2935  3699 W Bundle  : 	at com.huawei.media.scan.MediaScannerEx.onHandleWorkEx(MediaScannerEx.java:115)
07-31 18:18:20.941  2935  3699 W Bundle  : 	at com.android.providers.media.MediaProvider.onHandleWorkEx(MediaProvider.java:1778)
07-31 18:18:20.941  2935  3699 W Bundle  : 	at com.android.providers.media.MediaService.onHandleWorkEx(MediaService.java:406)
07-31 18:18:20.941  2935  3699 W Bundle  : 	at com.android.providers.media.MediaService.onHandleWork(MediaService.java:152)
07-31 18:18:20.941  2935  3699 W Bundle  : 	at androidx.core.app.JobIntentService$CommandProcessor.doInBackground(JobIntentService.java:396)
07-31 18:18:20.941  2935  3699 W Bundle  : 	at androidx.core.app.JobIntentService$CommandProcessor.doInBackground(JobIntentService.java:387)
07-31 18:18:20.941  2935  3699 W Bundle  : 	at android.os.AsyncTask$3.call(AsyncTask.java:394)
07-31 18:18:20.941  2935  3699 W Bundle  : 	at java.util.concurrent.FutureTask.run(FutureTask.java:266)
07-31 18:18:20.941  2935  3699 W Bundle  : 	at java.util.concurrent.ThreadPoolExecutor.runWorker(ThreadPoolExecutor.java:1167)
07-31 18:18:20.941  2935  3699 W Bundle  : 	at java.util.concurrent.ThreadPoolExecutor$Worker.run(ThreadPoolExecutor.java:641)
07-31 18:18:20.941  2935  3699 W Bundle  : 	at java.lang.Thread.run(Thread.java:933)
07-31 18:18:20.941  2935  3699 I ModernMediaScanner: queryArgs key:= android:query-arg-sql-selection-args cotent:= null
07-31 18:18:20.941  2935  3699 I ModernMediaScanner: queryArgs key:= android:query-arg-sql-sort-order cotent:= _id DESC
07-31 18:18:20.941  2935  3699 W Bundle  : Key android:query-arg-match-favorite expected String but value was a java.lang.Integer.  The default value <null> was returned.
07-31 18:18:20.942  2935  3699 W Bundle  : Attempt to cast generated internal exception:
07-31 18:18:20.942  2935  3699 W Bundle  : java.lang.ClassCastException: java.lang.Integer cannot be cast to java.lang.String
07-31 18:18:20.942  2935  3699 W Bundle  : 	at android.os.BaseBundle.getString(BaseBundle.java:1298)
07-31 18:18:20.942  2935  3699 W Bundle  : 	at com.android.providers.media.scan.ModernMediaScanner$Scan.reconcileAndClean(ModernMediaScanner.java:674)
07-31 18:18:20.942  2935  3699 W Bundle  : 	at com.android.providers.media.scan.ModernMediaScanner$Scan.runInternal(ModernMediaScanner.java:527)
07-31 18:18:20.942  2935  3699 W Bundle  : 	at com.android.providers.media.scan.ModernMediaScanner$Scan.run(ModernMediaScanner.java:503)
07-31 18:18:20.942  2935  3699 W Bundle  : 	at com.android.providers.media.scan.ModernMediaScanner.scanFile(ModernMediaScanner.java:337)
07-31 18:18:20.942  2935  3699 W Bundle  : 	at com.huawei.media.scan.MediaScannerEx.scanFile(MediaScannerEx.java:252)
07-31 18:18:20.942  2935  3699 W Bundle  : 	at com.huawei.media.scan.MediaScannerEx.handleScanSingleFile(MediaScannerEx.java:236)
07-31 18:18:20.942  2935  3699 W Bundle  : 	at com.huawei.media.scan.MediaScannerEx.handledAction(MediaScannerEx.java:157)
07-31 18:18:20.942  2935  3699 W Bundle  : 	at com.huawei.media.scan.MediaScannerEx.onHandleWorkEx(MediaScannerEx.java:115)
07-31 18:18:20.942  2935  3699 W Bundle  : 	at com.android.providers.media.MediaProvider.onHandleWorkEx(MediaProvider.java:1778)
07-31 18:18:20.942  2935  3699 W Bundle  : 	at com.android.providers.media.MediaService.onHandleWorkEx(MediaService.java:406)
07-31 18:18:20.942  2935  3699 W Bundle  : 	at com.android.providers.media.MediaService.onHandleWork(MediaService.java:152)
07-31 18:18:20.942  2935  3699 W Bundle  : 	at androidx.core.app.JobIntentService$CommandProcessor.doInBackground(JobIntentService.java:396)
07-31 18:18:20.942  2935  3699 W Bundle  : 	at androidx.core.app.JobIntentService$CommandProcessor.doInBackground(JobIntentService.java:387)
07-31 18:18:20.942  2935  3699 W Bundle  : 	at android.os.AsyncTask$3.call(AsyncTask.java:394)
07-31 18:18:20.942  2935  3699 W Bundle  : 	at java.util.concurrent.FutureTask.run(FutureTask.java:266)
07-31 18:18:20.942  2935  3699 W Bundle  : 	at java.util.concurrent.ThreadPoolExecutor.runWorker(ThreadPoolExecutor.java:1167)
07-31 18:18:20.942  2935  3699 W Bundle  : 	at java.util.concurrent.ThreadPoolExecutor$Worker.run(ThreadPoolExecutor.java:641)
07-31 18:18:20.942  2935  3699 W Bundle  : 	at java.lang.Thread.run(Thread.java:933)
07-31 18:18:20.942  2935  3699 I ModernMediaScanner: queryArgs key:= android:query-arg-match-favorite cotent:= null
07-31 18:18:20.942  2935  3699 I ModernMediaScanner: reconcileAndClean mUnknownIds size 0
07-31 18:18:20.942  2935  3699 I ModernMediaScanner: runInternal: 1, filename: **/emulated/11/screen_2025-07-31_181816.png**
07-31 18:18:20.942  2935  3699 I MediaProvider: Scanned external_primary due to REASON_DEMAND, found 0 items in 1ms, 0 inserts 0 updates 0 deletes
07-31 18:18:20.943  2935  3699 I MediaProvider: try scan file with encoded path
07-31 18:18:20.943  2935  3699 I MediaProvider: handleScanSingleFile but scan path is not single file!
07-31 18:18:20.945  2935  3699 I ModernMediaScanner: max id 38
07-31 18:18:20.945  2935  3699 W ModernMediaScanner: Failed to visit one file, meet exception
07-31 18:18:20.945  2935  3699 I ModernMediaScanner: sqlSelection ifnull(format,12288) != 47621 AND (_data LIKE ? ESCAPE '\' OR _data LIKE ? ESCAPE '\') AND generation_added <= 75
07-31 18:18:20.945  2935  3699 W Bundle  : Key android:query-arg-match-trashed expected String but value was a java.lang.Integer.  The default value <null> was returned.
07-31 18:18:20.945  2935  3699 W Bundle  : Attempt to cast generated internal exception:
07-31 18:18:20.945  2935  3699 W Bundle  : java.lang.ClassCastException: java.lang.Integer cannot be cast to java.lang.String
07-31 18:18:20.945  2935  3699 W Bundle  : 	at android.os.BaseBundle.getString(BaseBundle.java:1298)
07-31 18:18:20.945  2935  3699 W Bundle  : 	at com.android.providers.media.scan.ModernMediaScanner$Scan.reconcileAndClean(ModernMediaScanner.java:674)
07-31 18:18:20.945  2935  3699 W Bundle  : 	at com.android.providers.media.scan.ModernMediaScanner$Scan.runInternal(ModernMediaScanner.java:527)
07-31 18:18:20.945  2935  3699 W Bundle  : 	at com.android.providers.media.scan.ModernMediaScanner$Scan.run(ModernMediaScanner.java:503)
07-31 18:18:20.945  2935  3699 W Bundle  : 	at com.android.providers.media.scan.ModernMediaScanner.scanFile(ModernMediaScanner.java:337)
07-31 18:18:20.945  2935  3699 W Bundle  : 	at com.huawei.media.scan.MediaScannerEx.scanFile(MediaScannerEx.java:252)
07-31 18:18:20.945  2935  3699 W Bundle  : 	at com.huawei.media.scan.MediaScannerEx.handleScanSingleFile(MediaScannerEx.java:240)
07-31 18:18:20.945  2935  3699 W Bundle  : 	at com.huawei.media.scan.MediaScannerEx.handledAction(MediaScannerEx.java:157)
07-31 18:18:20.945  2935  3699 W Bundle  : 	at com.huawei.media.scan.MediaScannerEx.onHandleWorkEx(MediaScannerEx.java:115)
07-31 18:18:20.945  2935  3699 W Bundle  : 	at com.android.providers.media.MediaProvider.onHandleWorkEx(MediaProvider.java:1778)
07-31 18:18:20.945  2935  3699 W Bundle  : 	at com.android.providers.media.MediaService.onHandleWorkEx(MediaService.java:406)
07-31 18:18:20.945  2935  3699 W Bundle  : 	at com.android.providers.media.MediaService.onHandleWork(MediaService.java:152)
07-31 18:18:20.945  2935  3699 W Bundle  : 	at androidx.core.app.JobIntentService$CommandProcessor.doInBackground(JobIntentService.java:396)
07-31 18:18:20.945  2935  3699 W Bundle  : 	at androidx.core.app.JobIntentService$CommandProcessor.doInBackground(JobIntentService.java:387)
07-31 18:18:20.945  2935  3699 W Bundle  : 	at android.os.AsyncTask$3.call(AsyncTask.java:394)
07-31 18:18:20.945  2935  3699 W Bundle  : 	at java.util.concurrent.FutureTask.run(FutureTask.java:266)
07-31 18:18:20.945  2935  3699 W Bundle  : 	at java.util.concurrent.ThreadPoolExecutor.runWorker(ThreadPoolExecutor.java:1167)
07-31 18:18:20.945  2935  3699 W Bundle  : 	at java.util.concurrent.ThreadPoolExecutor$Worker.run(ThreadPoolExecutor.java:641)
07-31 18:18:20.945  2935  3699 W Bundle  : 	at java.lang.Thread.run(Thread.java:933)
07-31 18:18:20.945  2935  3699 I ModernMediaScanner: queryArgs key:= android:query-arg-match-trashed cotent:= null
07-31 18:18:20.945  2935  3699 W Bundle  : Key android:query-arg-match-pending expected String but value was a java.lang.Integer.  The default value <null> was returned.
07-31 18:18:20.945  2935  3699 W Bundle  : Attempt to cast generated internal exception:
07-31 18:18:20.945  2935  3699 W Bundle  : java.lang.ClassCastException: java.lang.Integer cannot be cast to java.lang.String
07-31 18:18:20.945  2935  3699 W Bundle  : 	at android.os.BaseBundle.getString(BaseBundle.java:1298)
07-31 18:18:20.945  2935  3699 W Bundle  : 	at com.android.providers.media.scan.ModernMediaScanner$Scan.reconcileAndClean(ModernMediaScanner.java:674)
07-31 18:18:20.945  2935  3699 W Bundle  : 	at com.android.providers.media.scan.ModernMediaScanner$Scan.runInternal(ModernMediaScanner.java:527)
07-31 18:18:20.945  2935  3699 W Bundle  : 	at com.android.providers.media.scan.ModernMediaScanner$Scan.run(ModernMediaScanner.java:503)
07-31 18:18:20.945  2935  3699 W Bundle  : 	at com.android.providers.media.scan.ModernMediaScanner.scanFile(ModernMediaScanner.java:337)
07-31 18:18:20.945  2935  3699 W Bundle  : 	at com.huawei.media.scan.MediaScannerEx.scanFile(MediaScannerEx.java:252)
07-31 18:18:20.945  2935  3699 W Bundle  : 	at com.huawei.media.scan.MediaScannerEx.handleScanSingleFile(MediaScannerEx.java:240)
07-31 18:18:20.945  2935  3699 W Bundle  : 	at com.huawei.media.scan.MediaScannerEx.handledAction(MediaScannerEx.java:157)
07-31 18:18:20.945  2935  3699 W Bundle  : 	at com.huawei.media.scan.MediaScannerEx.onHandleWorkEx(MediaScannerEx.java:115)
07-31 18:18:20.945  2935  3699 W Bundle  : 	at com.android.providers.media.MediaProvider.onHandleWorkEx(MediaProvider.java:1778)
07-31 18:18:20.945  2935  3699 W Bundle  : 	at com.android.providers.media.MediaService.onHandleWorkEx(MediaService.java:406)
07-31 18:18:20.945  2935  3699 W Bundle  : 	at com.android.providers.media.MediaService.onHandleWork(MediaService.java:152)
07-31 18:18:20.945  2935  3699 W Bundle  : 	at androidx.core.app.JobIntentService$CommandProcessor.doInBackground(JobIntentService.java:396)
07-31 18:18:20.945  2935  3699 W Bundle  : 	at androidx.core.app.JobIntentService$CommandProcessor.doInBackground(JobIntentService.java:387)
07-31 18:18:20.945  2935  3699 W Bundle  : 	at android.os.AsyncTask$3.call(AsyncTask.java:394)
07-31 18:18:20.945  2935  3699 W Bundle  : 	at java.util.concurrent.FutureTask.run(FutureTask.java:266)
07-31 18:18:20.945  2935  3699 W Bundle  : 	at java.util.concurrent.ThreadPoolExecutor.runWorker(ThreadPoolExecutor.java:1167)
07-31 18:18:20.945  2935  3699 W Bundle  : 	at java.util.concurrent.ThreadPoolExecutor$Worker.run(ThreadPoolExecutor.java:641)
07-31 18:18:20.945  2935  3699 W Bundle  : 	at java.lang.Thread.run(Thread.java:933)
07-31 18:18:20.945  2935  3699 I ModernMediaScanner: queryArgs key:= android:query-arg-match-pending cotent:= null
07-31 18:18:20.945  2935  3699 I ModernMediaScanner: queryArgs key:= android:query-arg-sql-selection cotent:= ifnull(format,12288) != 47621 AND (_data LIKE ? ESCAPE '\' OR _data LIKE ? ESCAPE '\') AND generation_added <= 75
07-31 18:18:20.946  2935  3699 W Bundle  : Key android:query-arg-sql-selection-args expected String but value was a [Ljava.lang.String;.  The default value <null> was returned.
07-31 18:18:20.946  2935  3699 W Bundle  : Attempt to cast generated internal exception:
07-31 18:18:20.946  2935  3699 W Bundle  : java.lang.ClassCastException: java.lang.String[] cannot be cast to java.lang.String
07-31 18:18:20.946  2935  3699 W Bundle  : 	at android.os.BaseBundle.getString(BaseBundle.java:1298)
07-31 18:18:20.946  2935  3699 W Bundle  : 	at com.android.providers.media.scan.ModernMediaScanner$Scan.reconcileAndClean(ModernMediaScanner.java:674)
07-31 18:18:20.946  2935  3699 W Bundle  : 	at com.android.providers.media.scan.ModernMediaScanner$Scan.runInternal(ModernMediaScanner.java:527)
07-31 18:18:20.946  2935  3699 W Bundle  : 	at com.android.providers.media.scan.ModernMediaScanner$Scan.run(ModernMediaScanner.java:503)
07-31 18:18:20.946  2935  3699 W Bundle  : 	at com.android.providers.media.scan.ModernMediaScanner.scanFile(ModernMediaScanner.java:337)
07-31 18:18:20.946  2935  3699 W Bundle  : 	at com.huawei.media.scan.MediaScannerEx.scanFile(MediaScannerEx.java:252)
07-31 18:18:20.946  2935  3699 W Bundle  : 	at com.huawei.media.scan.MediaScannerEx.handleScanSingleFile(MediaScannerEx.java:240)
07-31 18:18:20.946  2935  3699 W Bundle  : 	at com.huawei.media.scan.MediaScannerEx.handledAction(MediaScannerEx.java:157)
07-31 18:18:20.946  2935  3699 W Bundle  : 	at com.huawei.media.scan.MediaScannerEx.onHandleWorkEx(MediaScannerEx.java:115)
07-31 18:18:20.946  2935  3699 W Bundle  : 	at com.android.providers.media.MediaProvider.onHandleWorkEx(MediaProvider.java:1778)
07-31 18:18:20.946  2935  3699 W Bundle  : 	at com.android.providers.media.MediaService.onHandleWorkEx(MediaService.java:406)
07-31 18:18:20.946  2935  3699 W Bundle  : 	at com.android.providers.media.MediaService.onHandleWork(MediaService.java:152)
07-31 18:18:20.946  2935  3699 W Bundle  : 	at androidx.core.app.JobIntentService$CommandProcessor.doInBackground(JobIntentService.java:396)
07-31 18:18:20.946  2935  3699 W Bundle  : 	at androidx.core.app.JobIntentService$CommandProcessor.doInBackground(JobIntentService.java:387)
07-31 18:18:20.946  2935  3699 W Bundle  : 	at android.os.AsyncTask$3.call(AsyncTask.java:394)
07-31 18:18:20.946  2935  3699 W Bundle  : 	at java.util.concurrent.FutureTask.run(FutureTask.java:266)
07-31 18:18:20.946  2935  3699 W Bundle  : 	at java.util.concurrent.ThreadPoolExecutor.runWorker(ThreadPoolExecutor.java:1167)
07-31 18:18:20.946  2935  3699 W Bundle  : 	at java.util.concurrent.ThreadPoolExecutor$Worker.run(ThreadPoolExecutor.java:641)
07-31 18:18:20.946  2935  3699 W Bundle  : 	at java.lang.Thread.run(Thread.java:933)
07-31 18:18:20.946  2935  3699 I ModernMediaScanner: queryArgs key:= android:query-arg-sql-selection-args cotent:= null
07-31 18:18:20.946  2935  3699 I ModernMediaScanner: queryArgs key:= android:query-arg-sql-sort-order cotent:= _id DESC
07-31 18:18:20.946  2935  3699 W Bundle  : Key android:query-arg-match-favorite expected String but value was a java.lang.Integer.  The default value <null> was returned.
07-31 18:18:20.946  2935  3699 W Bundle  : Attempt to cast generated internal exception:
07-31 18:18:20.946  2935  3699 W Bundle  : java.lang.ClassCastException: java.lang.Integer cannot be cast to java.lang.String
07-31 18:18:20.946  2935  3699 W Bundle  : 	at android.os.BaseBundle.getString(BaseBundle.java:1298)
07-31 18:18:20.946  2935  3699 W Bundle  : 	at com.android.providers.media.scan.ModernMediaScanner$Scan.reconcileAndClean(ModernMediaScanner.java:674)
07-31 18:18:20.946  2935  3699 W Bundle  : 	at com.android.providers.media.scan.ModernMediaScanner$Scan.runInternal(ModernMediaScanner.java:527)
07-31 18:18:20.946  2935  3699 W Bundle  : 	at com.android.providers.media.scan.ModernMediaScanner$Scan.run(ModernMediaScanner.java:503)
07-31 18:18:20.946  2935  3699 W Bundle  : 	at com.android.providers.media.scan.ModernMediaScanner.scanFile(ModernMediaScanner.java:337)
07-31 18:18:20.946  2935  3699 W Bundle  : 	at com.huawei.media.scan.MediaScannerEx.scanFile(MediaScannerEx.java:252)
07-31 18:18:20.946  2935  3699 W Bundle  : 	at com.huawei.media.scan.MediaScannerEx.handleScanSingleFile(MediaScannerEx.java:240)
07-31 18:18:20.946  2935  3699 W Bundle  : 	at com.huawei.media.scan.MediaScannerEx.handledAction(MediaScannerEx.java:157)
07-31 18:18:20.946  2935  3699 W Bundle  : 	at com.huawei.media.scan.MediaScannerEx.onHandleWorkEx(MediaScannerEx.java:115)
07-31 18:18:20.946  2935  3699 W Bundle  : 	at com.android.providers.media.MediaProvider.onHandleWorkEx(MediaProvider.java:1778)
07-31 18:18:20.946  2935  3699 W Bundle  : 	at com.android.providers.media.MediaService.onHandleWorkEx(MediaService.java:406)
07-31 18:18:20.946  2935  3699 W Bundle  : 	at com.android.providers.media.MediaService.onHandleWork(MediaService.java:152)
07-31 18:18:20.946  2935  3699 W Bundle  : 	at androidx.core.app.JobIntentService$CommandProcessor.doInBackground(JobIntentService.java:396)
07-31 18:18:20.946  2935  3699 W Bundle  : 	at androidx.core.app.JobIntentService$CommandProcessor.doInBackground(JobIntentService.java:387)
07-31 18:18:20.946  2935  3699 W Bundle  : 	at android.os.AsyncTask$3.call(AsyncTask.java:394)
07-31 18:18:20.946  2935  3699 W Bundle  : 	at java.util.concurrent.FutureTask.run(FutureTask.java:266)
07-31 18:18:20.946  2935  3699 W Bundle  : 	at java.util.concurrent.ThreadPoolExecutor.runWorker(ThreadPoolExecutor.java:1167)
07-31 18:18:20.946  2935  3699 W Bundle  : 	at java.util.concurrent.ThreadPoolExecutor$Worker.run(ThreadPoolExecutor.java:641)
07-31 18:18:20.946  2935  3699 W Bundle  : 	at java.lang.Thread.run(Thread.java:933)
07-31 18:18:20.946  2935  3699 I ModernMediaScanner: queryArgs key:= android:query-arg-match-favorite cotent:= null
07-31 18:18:20.946  2935  3699 I ModernMediaScanner: reconcileAndClean mUnknownIds size 0
07-31 18:18:20.946  2935  3699 I ModernMediaScanner: runInternal: 1, filename: **/emulated/11/screen_2025-07-31_181816.png**
07-31 18:18:20.946  2935  3699 I MediaProvider: Scanned external_primary due to REASON_DEMAND, found 0 items in 1ms, 0 inserts 0 updates 0 deletes
07-31 18:18:20.947  2935  3699 I MediaService: End Intent { act=android.intent.action.MEDIA_SCANNER_SCAN_FILE dat=file:///sdcard/screen_2025-07-31_181816.png flg=0x1400010 cmp=com.android.providers.media.module/com.android.providers.media.MediaService }
07-31 18:18:20.947   637   637 I android.system.suspend@1.0-service: decSuspendCounter kname=native_PowerManagerService.WakeLocks --mSuspendCounter= 2
07-31 18:18:20.947  2935  2935 I MediaService: onUnbind
07-31 18:18:20.948  2935  2935 I MediaService: onDestroy {MediaVolume name: [external_primary] id: [emulated;11] user: [UserHandle{11}] path: [/storage/emulated/11]}
07-31 18:18:20.949  1851  1920 I HwAmbientLuxFilterAlgo: SceneBufferAmbientLux input error,end=30,start=-141,bufferSize=59
07-31 18:18:20.980  4588  5225 I PG_ash  : com.huawei.ohos.systemmanager timeout trigger time sources: BinderCall, triggerTime: 288131720
07-31 18:18:20.980  4588  5225 I PG_ash  : com.huawei.ohos.systemmanager update time, cur: 288137721, trigger: 288131720
07-31 18:18:20.981  4588  5225 I AppManager: check dependency pid: 29891 is depended by pid: 15621
07-31 18:18:20.981  4588  5225 I PG_ash  :  can not ignore depended about hide app: com.huawei.ohos.systemmanager
07-31 18:18:21.130  1851  4076 I WifiNl80211Manager: Noise: -92, Snr: 33, Chload: 77, rssi: -61, txBitrate: 229, rxBitrate: 229, frequency: 5745, UlDelay: 0, currentTxBytes: -1685845758, currentTxPackets: 6402300, currentTxFailed: 12, currentRxBytes: 224269463, currentRxPackets: 1613498
07-31 18:18:21.143  1851  4098 I HwConnectivityServiceEx: set 1000, metered: false, value: false
07-31 18:18:21.144  4222  4253 I NcDft_WifiEwpInfoComponent: networkIsEquals: true
07-31 18:18:21.156  1851  7209 I HwConnectivityServiceEx: set 10061, metered: false, value: false
07-31 18:18:21.159  1851  4177 I HwConnectivityServiceEx: set 10197, metered: false, value: false
07-31 18:18:21.159  7643  8262 I HMSFindNetworkCore_61502320_NetworkMonitor: [FindNetwork null:2] onCapabilitiesChanged, isNetworkAvailable:true
07-31 18:18:21.158  4632  4997 I CommonEventMonitor: onCapabilitiesChanged
07-31 18:18:21.161  1851  7209 I HwConnectivityServiceEx: set 5525, metered: false, value: false
07-31 18:18:21.161  4632  4997 E CommonEventMonitor: info: tosting[type: WIFI[], state: CONNECTED/CONNECTED, reason: (unspecified), extra: ***, failover: false, available: true, roaming: false]
07-31 18:18:21.161  4632  4997 I CommonEventMonitor: hasNetworkState:num:1, type:9,false
07-31 18:18:21.161  4632  4997 I CommonEventMonitor: isWifiConnected = trueisEthernetConnected = false
07-31 18:18:21.162  4632  4997 I SoftBusComm: [JNIWifiState] recv WifiState:4
07-31 18:18:21.162  4632  4997 I SoftBusComm: [BusCenter]PostMessageAtTime what =0 time= 288137903700 us
07-31 18:18:21.163  4632  4901 I SoftBusComm: LoopTask[BusCenter], get message. handle=LnnAsyncHandler,what=0,arg1=0,msgSize=3,time=288137903700
07-31 18:18:21.163  4632  4901 I SoftBusLnn: wifi state change wifiState = 0
07-31 18:18:21.163  4632  4901 I SoftBusLnn: get LocalIp =09.8
07-31 18:18:21.163  4632  4901 I SoftBusLnn: wifi or ap wifiConn=1, apEnabled=0, beforeConn=1, currConn=1, isValidIp=1
07-31 18:18:21.163  4632  4901 I SoftBusLnn: WifiStateEventHandler WifiState = 0
07-31 18:18:21.164  4632  4901 I SoftBusComm: LoopTask[BusCenter], after HandleMessage message. what=0,arg1=0
07-31 18:18:21.169  1851  7209 I HwConnectivityServiceEx: set 10005, metered: false, value: false
07-31 18:18:21.170  1851  4827 I HwConnectivityServiceEx: set 10002, metered: false, value: false
07-31 18:18:21.172  1851  4827 I HwConnectivityServiceEx: set 1110061, metered: false, value: false
07-31 18:18:21.173  4222  4248 E NcDft_Wifi2Component: cannot handle the message1001
07-31 18:18:21.300  1851  1920 I HwAmbientLuxFilterAlgo: SceneBufferAmbientLux input error,end=30,start=-141,bufferSize=59
07-31 18:18:21.547  4588  5225 I PG_ash  : com.huawei.android.totemweather timeout trigger time sources: BinderCall, triggerTime: 288117629
07-31 18:18:21.547  4588  5225 I PG_ash  : com.huawei.android.totemweather update time, cur: 288138288, trigger: 288117629
07-31 18:18:21.545  4588  4588 W com.huawei.iaware: type=1400 audit(0.0:123323): avc: granted { getattr } for comm=616374696F6E732068616E646C6572 path="/data/system/users/0/appwidgets.xml" dev="sdd88" ino=172212 scontext=u:r:system_app:s0 tcontext=u:object_r:system_data_file:s0 tclass=file
07-31 18:18:21.548  4588  5225 I PG_ash  : has widget app: com.huawei.android.totemweather
07-31 18:18:21.549  4588  5225 I PG_ash  : long time no update, active widget app com.huawei.android.totemweather can enter Hibernation state!
07-31 18:18:21.549  4588  5225 I AppManager: check dependency pid: 1390 is depended by pid: 1776
07-31 18:18:21.573  4741  4924 I SpeedTestNotifier: is low speed scene
07-31 18:18:21.573  4741  4924 I OllieMsgCenter: publishEvt=2135097353
07-31 18:18:21.651  1851  1920 I HwAmbientLuxFilterAlgo: SceneBufferAmbientLux input error,end=30,start=-141,bufferSize=59
07-31 18:18:21.690  1851  4076 I TrafficMonitor: update:rxPkts:455,txPkts:4326,rxBytes:25258,txBytes:6216063
07-31 18:18:21.690  1851  4076 I TrafficMonitor: no expired. level:2
07-31 18:18:21.690  1851  4076 I TrafficMonitor: gettimer:interval=2000
07-31 18:18:21.690  1851  4076 I TrafficMonitor: during_ms:2003,period_ms:2000
07-31 18:18:21.690  1851  4076 I TrafficMonitor: count:499,rx_sum:455,tx_sum:4326,rxBytes:25258,during_ms:2003,rx_speed:12610.084872690963,tx_speed:3103376.435346979,rto:0.10517799352750809
07-31 18:18:21.691  1851  4076 I HuaweiWifiWatchdogStateMachine: Get speed information rx_speed = 12610 ,tx_speed = 3103376 ,isSpeedOk = true ,mBestSpeedInPeriod = 12610
07-31 18:18:21.797  6713 18765 I MediaProvider: controlDeleteMedia content://media/external_primary/file
07-31 18:18:21.797  6713 18765 I MediaProvider: controlDeleteMedia id: 2655
07-31 18:18:21.827  6713 18765 I MediaProvider: controlDeleteMedia end deleteType: -1 deleteCount: 1
07-31 18:18:21.829  6713 18765 I MediaProvider: Deleted 0 0 0 0 0 0 0 0 items on external_primary due to com.android.shell
07-31 18:18:21.885  1851  4172 I WifiNl80211Manager: Noise: -92, Snr: 33, Chload: 77, rssi: -61, txBitrate: 229, rxBitrate: 229, frequency: 5745, UlDelay: 0, currentTxBytes: -1685845758, currentTxPackets: 6402300, currentTxFailed: 12, currentRxBytes: 224269463, currentRxPackets: 1613498
07-31 18:18:21.886  1851  4168 I WiFi_PRO: MSG_RETURN_AP_CURRY_RSSI rssi = -61
07-31 18:18:21.887  1851  4168 I QosMonitor: queryRtt: rttType = 3
07-31 18:18:21.887  1851  4168 I QosMonitor: call ctrlHwWifiNetwork
07-31 18:18:21.887  1851  4172 I HuaweiWifiWatchdogStateMachine: high data flow: protection_counter = 0,  not_detect_counter = 1168
07-31 18:18:21.888  1851  4172 I HuaweiWifiWatchdogStateMachine: high data flow scenario: 0 --> 0 rx rate =9KB/s
07-31 18:18:21.888  1851  4172 I HuaweiWifiWatchdogStateMachine: POta txb txg rxg:0, 493, 0. Lr =0% Totpkt=493
07-31 18:18:21.888  1851  4168 I QosMonitor: postEventFromNative: msg=100,arg1=4,arg2=10
07-31 18:18:21.889  1851  4168 I QosMonitor: call ctrlHwWifiNetwork
07-31 18:18:21.890  1851  4168 I QosMonitor: postEventFromNative: msg=100,arg1=0,arg2=10
07-31 18:18:21.891  1851  4168 I MQoS    : rtt=448,tcpTxPkts=683786,tcpRxPkts=918915
07-31 18:18:21.892  1851  4172 I HuaweiWifiWatchdogStateMachine: PTcp RTT:0, rtt pkt=0, tcp_rx=0, tcp_tx=0, tcp_reTran=0, rtRate=0
07-31 18:18:21.892  1851  4172 I HuaweiWifiWatchdogStateMachine: start computeQosLevel tcpRtt = 0 ,rssi = -61 ,mBestSpeedInPeriod = 12610
07-31 18:18:21.892  1851  4172 I HuaweiWifiWatchdogStateMachine: smoothConsecutiveQosResults, currentQosLevel = 3
07-31 18:18:21.893  1851  4168 I QosMonitor: resetRtt: rttType = 3
07-31 18:18:21.893  1851  4168 I QosMonitor: call ctrlHwWifiNetwork
07-31 18:18:21.897  1851 11821 I MQoS    : QOS_level:0(0),wifi-link;SIM error;use level-0
07-31 18:18:21.906  1851  4827 I Binder  : dump {serviceName:BinderService, formatArgs:, callChain:/apex/com.android.adbd/bin/adbd->dumpsys}
07-31 18:18:22.000  1851  1920 I HwAmbientLuxFilterAlgo: SceneBufferAmbientLux input error,end=30,start=-141,bufferSize=59
07-31 18:18:22.064  1851  4827 I Binder  : dump {serviceName:InputManagerServiceBridge, formatArgs:, callChain:/apex/com.android.adbd/bin/adbd->dumpsys}
07-31 18:18:22.155  1350  8694 I CPU_STATS: iawared: query next cpu load with 2!
07-31 18:18:22.155  1350  8694 I CPU_STATS: total cost time 2008578124 ns
07-31 18:18:22.157  1350  8694 I CPU_STATS: iawared: current total load is 0.110826, capacity : 5166, pre load:  16130101210685, current load : 16131224228643
07-31 18:18:22.160  1350  8694 I CPU_STATS: read once cost time 5251 us
07-31 18:18:22.217   637   637 I android.system.suspend@1.0-service: incSuspendCounter kname=native_PowerManagerService.WakeLocks ++mSuspendCounter= 3
07-31 18:18:22.220  1851  4072 I NetworkStats: performPollLocked, pid = 1851
07-31 18:18:22.252  1851  4072 I NetworkStatsCollection: getSummary, uid = 1000stats size = 2
07-31 18:18:22.253  1851  4072 I NetworkStatsCollection: getSummary, uid = 1000stats size = 2
07-31 18:18:22.253  1851  4072 I NetworkStatsCollection: getSummary, uid = 1000stats size = 215
07-31 18:18:22.254  1851  4072 I NetworkStatsCollection: getSummary, uid = 1000stats size = 2
07-31 18:18:22.254  1851  4072 I NetworkStatsCollection: getSummary, uid = 1000stats size = 2
07-31 18:18:22.255  1851  4072 I NetworkStatsCollection: getSummary, uid = 1000stats size = 215
07-31 18:18:22.260  1851  4072 I NetworkStats: callingPid is system 1851
07-31 18:18:22.261   637   637 I android.system.suspend@1.0-service: decSuspendCounter kname=native_PowerManagerService.WakeLocks --mSuspendCounter= 2
07-31 18:18:22.263   808  8909 I netd    : bandwidthSetGlobalAlert(2097152) <0.46ms>
07-31 18:18:22.269  1851  4074 I HwConnectivityServiceEx: set 1000, metered: false, value: false
07-31 18:18:22.351  1851  1920 I HwAmbientLuxFilterAlgo: SceneBufferAmbientLux input error,end=30,start=-141,bufferSize=59
07-31 18:18:22.384  1851  4827 I HwConnectivityServiceEx: set 10197, metered: true, value: false
07-31 18:18:22.386  1851  4827 I HwConnectivityServiceEx: set 10197, metered: false, value: false
07-31 18:18:22.400   907  1418 I VSyncPredictor: setPeriod: 16666666
07-31 18:18:22.403 28394 28394 I SmartSlideOverScroller: start init SmartSlideOverScroller and get the overscroller config
07-31 18:18:22.404 28394 28394 I SmartSlideOverScrollerConfig: get the overscroller config
07-31 18:18:22.515  4588  5499 I m.huawei.iawar: Explicit concurrent copying GC freed 100760(4936KB) AllocSpace objects, 41(820KB) LOS objects, 57% free, 4627KB/10MB, paused 373us,60us total 66.072ms cpu time 62.985ms DisableRefAccess:2.088ms(2.084ms), NotOnTop
07-31 18:18:22.519  4588  4609 W System  : A resource failed to call close. 
07-31 18:18:22.519  4588  4609 W System  : A resource failed to call close. 
07-31 18:18:22.520  4588  4609 W System  : A resource failed to call close. 
07-31 18:18:22.520  4588  4609 W System  : A resource failed to call close. 
07-31 18:18:22.520  4588  4609 W System  : A resource failed to call close. 
07-31 18:18:22.520  4588  4609 W System  : A resource failed to call close. 
07-31 18:18:22.520  4588  4609 W System  : A resource failed to call close. 
07-31 18:18:22.521  4588  4609 W System  : A resource failed to call close. 
07-31 18:18:22.521  4588  4609 W System  : A resource failed to call close. 
07-31 18:18:22.521  4588  4609 W System  : A resource failed to call close. 
07-31 18:18:22.521  4588  4609 W System  : A resource failed to call close. 
07-31 18:18:22.521  4588  4609 W System  : A resource failed to call close. 
07-31 18:18:22.521  4588  4609 W System  : A resource failed to call close. 
07-31 18:18:22.521  4588  4609 W System  : A resource failed to call close. 
07-31 18:18:22.521  4588  4609 W System  : A resource failed to call close. 
07-31 18:18:22.522  4588  4609 W System  : A resource failed to call close. 
07-31 18:18:22.700  1851  1920 I HwAmbientLuxFilterAlgo: SceneBufferAmbientLux input error,end=30,start=-141,bufferSize=59
07-31 18:18:23.053  1851  1920 I HwAmbientLuxFilterAlgo: SceneBufferAmbientLux input error,end=30,start=-141,bufferSize=59
07-31 18:18:23.402  1851  1920 I HwAmbientLuxFilterAlgo: SceneBufferAmbientLux input error,end=30,start=-141,bufferSize=59
07-31 18:18:23.573  4741  4924 I OllieMsgCenter: publishEvt=2135097353
07-31 18:18:23.696  1851  4076 I TrafficMonitor: update:rxPkts:186,txPkts:440,rxBytes:12037,txBytes:414794
07-31 18:18:23.696  1851  4076 I TrafficMonitor: gettimer:interval=2000
07-31 18:18:23.751  1851  1920 I HwAmbientLuxFilterAlgo: SceneBufferAmbientLux input error,end=30,start=-141,bufferSize=59
07-31 18:18:23.819  4588  5225 I ash_dd  : com.huawei.hiai not ctrl when screen on, delay to D!
07-31 18:18:24.100  1851  1920 I HwAmbientLuxFilterAlgo: SceneBufferAmbientLux input error,end=30,start=-141,bufferSize=59
07-31 18:18:24.166  1350  8694 I CPU_STATS: iawared: query next cpu load with 2!
07-31 18:18:24.166  1350  8694 I CPU_STATS: total cost time 2011293229 ns
07-31 18:18:24.167  1350  8694 I CPU_STATS: iawared: current total load is 0.028482, capacity : 5166, pre load:  16131224228643, current load : 16131513229621
07-31 18:18:24.168  1350  8694 I CPU_STATS: read once cost time 2070 us
07-31 18:18:24.174  1851  4076 I WifiNl80211Manager: Noise: -93, Snr: 33, Chload: 34, rssi: -62, txBitrate: 229, rxBitrate: 229, frequency: 5745, UlDelay: 3, currentTxBytes: -1678997038, currentTxPackets: 6407874, currentTxFailed: 12, currentRxBytes: 224306672, currentRxPackets: 1614104
07-31 18:18:24.245  4588  5225 I ash_dd  : com.huawei.systemmanager not ctrl when screen on, delay to D!
07-31 18:18:24.451  1851  1920 I HwAmbientLuxFilterAlgo: SceneBufferAmbientLux input error,end=30,start=-141,bufferSize=59
07-31 18:18:24.497  4588  5225 I PG_ash  : com.huawei.ohos.suggestion timeout trigger time sources: BinderCall, triggerTime: 288132367
07-31 18:18:24.497  4588  5225 I PG_ash  : com.huawei.ohos.suggestion update time, cur: 288141238, trigger: 288132367
07-31 18:18:24.499  4588  5225 I ash_trans: com.huawei.ohos.suggestion { doze duration=6012 Uptime=6012 } transition to: hibernation reason:
07-31 18:18:24.499  4588  5225 I PG_ash  : H takeover action: 2
07-31 18:18:24.499  4588  5225 I PG_ash  : perform H actions: com.huawei.ohos.suggestion
07-31 18:18:24.504   637   637 I android.system.suspend@1.0-service: incSuspendCounter kname=native_PowerManagerService.WakeLocks ++mSuspendCounter= 3
07-31 18:18:24.509  4588  5225 I PG_ash  : pending H_B com.huawei.ohos.suggestion pkgs: [com.huawei.ohos.suggestion]
07-31 18:18:24.510  4588  5225 I PG_ash  : Pending com.huawei.ohos.suggestion H_B OK !
07-31 18:18:24.511  4588  5225 I PG_ash  : h takeover P_GPS pkg:com.huawei.ohos.suggestion
07-31 18:18:24.513  1851  4827 I PGManagerService: proxyBroadcast:[com.huawei.ohos.suggestion] proxy:true
07-31 18:18:24.515  4588  5225 I PG_ash  : P_BC com.huawei.ohos.suggestion OK ! delayMs:0
07-31 18:18:24.515  4588  5225 I PG_ash  : perform delay action: com.huawei.ohos.suggestion
07-31 18:18:24.516  1350 13177 I Pged-IPgedBinderService: ****action is 1, pid num is 2***
07-31 18:18:24.516  1350 13177 I Pged-Freezer: freezePids
07-31 18:18:24.516  1350 13177 I Pged-Freezer: check recent binder
07-31 18:18:24.516  1350 13177 I Pged-Freezer: Freeze process: 23736
07-31 18:18:24.518  1350 13177 I Pged-Freezer: get tgid:23736
07-31 18:18:24.520  4588  5225 I PGServer: report state:6 event type:1 pid:0 uid:1110168 pkg:com.huawei.ohos.suggestion to pid: 1851
07-31 18:18:24.520  4588  5225 I PGServer: report state:100 event type:1 pid:0 uid:1110168 pkg:23736 to pid: 1851
07-31 18:18:24.521  4588  5225 I PG_ash  : F_Z com.huawei.ohos.suggestion OK ! Type: 21
07-31 18:18:24.521  1851  4827 I SWAP_Scene: Entering notifySceneData notifySceneData. EventType:FREEZE pkg:com.huawei.ohos.suggestion uid:1110168 pid:0 proc: activity:null
07-31 18:18:24.523  4588  5225 I PgLog   : ZAppActionService: do suspend : pkg : com.huawei.ohos.suggestion, pid : 23736,  uid : 1110168,  isSuspend : true
07-31 18:18:24.523  4588  5225 I PG_ash  : h takeover P_Sensor pkg:com.huawei.ohos.suggestion
07-31 18:18:24.525  1851  4177 I PGManagerService: pid:23736 uid:1110168 proxy:true
07-31 18:18:24.525  4588  5225 I PG_ash  : P_wl uids = [1110168] pids = [23736]
07-31 18:18:24.530  1851  4177 I HwNetworkPolicy: onTransact, code = 1002
07-31 18:18:24.532  4588  5225 I ActNet  : deny network for uid : 10168 succ:true flag:ASH_DENY_FLAG
07-31 18:18:24.532  1851  4177 I HwNetworkPolicy: onTransact, code = 1002
07-31 18:18:24.534  4588  5225 I ActNet  : deny network for uid : 1110168 succ:true flag:ASH_DENY_FLAG
07-31 18:18:24.534  4588  5225 I PG_ash  : NetworkRestrict >> com.huawei.ohos.suggestion, uids : [10168, 1110168]
07-31 18:18:24.542  4588  5225 I ActNet  : cSockets for uid : 10168, succ: true spend(ms):9
07-31 18:18:24.546  4588  5225 I ActNet  : cSockets for uid : 1110168, succ: true spend(ms):3
07-31 18:18:24.546  4588  5225 I PG_ash  : cSockets >> com.huawei.ohos.suggestion, uids : [10168, 1110168]
07-31 18:18:24.547   637   637 I android.system.suspend@1.0-service: decSuspendCounter kname=native_PowerManagerService.WakeLocks --mSuspendCounter= 2
07-31 18:18:24.801  1851  1920 I HwAmbientLuxFilterAlgo: SceneBufferAmbientLux input error,end=30,start=-141,bufferSize=59
07-31 18:18:25.154  1851  1920 I HwAmbientLuxFilterAlgo: SceneBufferAmbientLux input error,end=30,start=-141,bufferSize=59
07-31 18:18:25.252  1851  4177 I Binder  : dump {serviceName:HwActivityManagerService, formatArgs:activities, callChain:/apex/com.android.adbd/bin/adbd->dumpsys}
07-31 18:18:25.384  1851  4177 I Binder  : dump {serviceName:HwActivityManagerService, formatArgs:activities, callChain:/apex/com.android.adbd/bin/adbd->dumpsys}
07-31 18:18:25.500  1851  1920 I HwAmbientLuxFilterAlgo: SceneBufferAmbientLux input error,end=30,start=-141,bufferSize=59
07-31 18:18:25.506  1851  4177 I Binder  : dump {serviceName:HwActivityManagerService, formatArgs:activities, callChain:/apex/com.android.adbd/bin/adbd->dumpsys}
07-31 18:18:25.579  4741  4924 I OllieMsgCenter: publishEvt=2135097353
07-31 18:18:25.626  1851  4177 I Binder  : dump {serviceName:HwActivityManagerService, formatArgs:services, callChain:/apex/com.android.adbd/bin/adbd->dumpsys}
07-31 18:18:25.699  1851  4076 I TrafficMonitor: update:rxPkts:268,txPkts:1412,rxBytes:16326,txBytes:1861955
07-31 18:18:25.700  1851  4076 I TrafficMonitor: gettimer:interval=2000
07-31 18:18:25.843   907  1281 I SurfaceFlinger: hasCaptureBlackoutContentPermission: pid 23892, uid 2000, checkPermissionResult is false
07-31 18:18:25.843   907  1281 I SurfaceFlinger: captureDisplay: end, status 0
07-31 18:18:25.846   595   595 I hwservicemanager: getTransport: Cannot find entry android.hardware.graphics.mapper@4.0::IMapper/default in either framework or device VINTF manifest.
07-31 18:18:25.847 23892 23894 I Gralloc4: mapper 4.x is not supported
07-31 18:18:25.847   595   595 I hwservicemanager: getTransport: Cannot find entry android.hardware.graphics.mapper@3.0::IMapper/default in either framework or device VINTF manifest.
07-31 18:18:25.847 23892 23894 W Gralloc3: mapper 3.x is not supported
07-31 18:18:25.849  1851  1920 I HwAmbientLuxFilterAlgo: SceneBufferAmbientLux input error,end=30,start=-141,bufferSize=59
07-31 18:18:25.885  1325  2088 I dubaid  : [AmbientTempCalculator.cpp] UpdateSampleCurrent# Current jump, reset ambient sample.
07-31 18:18:25.890  1325  2088 I dubaid  : [TemperatureData.cpp] ReportTemp# [system_h] tempNew: 34, tempOld:35.
07-31 18:18:25.894  4588  5497 W AwareLog: UniScheduleDMEPlugin: add load record in temp
07-31 18:18:25.895  4588  5497 W AwareLog: UniScheduleDMEPlugin: downgradeSwitch is not open.
07-31 18:18:25.896  1851  4172 I WifiNl80211Manager: Noise: -89, Snr: 33, Chload: 197, rssi: -61, txBitrate: 229, rxBitrate: 206, frequency: 5745, UlDelay: 0, currentTxBytes: -1677173602, currentTxPackets: 6409428, currentTxFailed: 12, currentRxBytes: 224322547, currentRxPackets: 1614345
07-31 18:18:25.897  1851  4168 I WiFi_PRO: MSG_RETURN_AP_CURRY_RSSI rssi = -61
07-31 18:18:25.897  1851  4168 I QosMonitor: queryRtt: rttType = 3
07-31 18:18:25.897  1851  4168 I QosMonitor: call ctrlHwWifiNetwork
07-31 18:18:25.897  1851  4172 I HuaweiWifiWatchdogStateMachine: POta txb txg rxg:0, 7128, 0. Lr =0% Totpkt=7128
07-31 18:18:25.898  1851  4168 I QosMonitor: postEventFromNative: msg=100,arg1=4,arg2=10
07-31 18:18:25.898  1851  4168 I QosMonitor: call ctrlHwWifiNetwork
07-31 18:18:25.898  1851  4168 I QosMonitor: postEventFromNative: msg=100,arg1=0,arg2=10
07-31 18:18:25.899  1851  4168 I MQoS    : rtt=448,tcpTxPkts=683786,tcpRxPkts=918915
07-31 18:18:25.899  1851 11821 I HwConnectivityServiceEx: set 1000, metered: false, value: false
07-31 18:18:25.900  1851  4172 I HuaweiWifiWatchdogStateMachine: PTcp RTT:0, rtt pkt=0, tcp_rx=0, tcp_tx=0, tcp_reTran=0, rtRate=0
07-31 18:18:25.900  1851  4172 I HuaweiWifiWatchdogStateMachine: start computeQosLevel tcpRtt = 0 ,rssi = -61 ,mBestSpeedInPeriod = 0
07-31 18:18:25.900  1851  4172 I HuaweiWifiWatchdogStateMachine: smoothConsecutiveQosResults, currentQosLevel = 3
07-31 18:18:25.901  1851  4168 I QosMonitor: resetRtt: rttType = 3
07-31 18:18:25.901  1851  4168 I QosMonitor: call ctrlHwWifiNetwork
07-31 18:18:25.903  1851 11821 I MQoS    : QOS_level:0(0),wifi-link;SIM error;use level-0
07-31 18:18:25.903  1851 11821 I MQoS    : skip-low-Level:0(0),wifi-link;SIM error;use level-0
07-31 18:18:26.164  7643  7643 I HMSFindNetworkCore_61502320_NetworkMonitor: [FindNetwork null:2] networkMode not change.
07-31 18:18:26.170  1350  8694 I CPU_STATS: iawared: query next cpu load with 2!
07-31 18:18:26.170  1350  8694 I CPU_STATS: total cost time 2004006250 ns
07-31 18:18:26.171  1350  8694 I CPU_STATS: iawared: current total load is 0.064791, capacity : 5166, pre load:  16131513229621, current load : 16132168273765
07-31 18:18:26.174  1350  8694 I CPU_STATS: read once cost time 3707 us
07-31 18:18:26.199  1851  1920 I HwAmbientLuxFilterAlgo: SceneBufferAmbientLux input error,end=30,start=-141,bufferSize=59
07-31 18:18:26.224  4222  4249 I NcDft_NcDftChip: NcChipDftEvent receive:NcChipDftEvent{Id=909009126, Length=180, Flag=0}
07-31 18:18:26.225  4222  4249 I NcDft_NcDftChip: Special event skipped begin, eventId: 909009126, toSkiped: true
07-31 18:18:26.225  4222  4249 I NcDft_NcDftChip: NcChipDftEvent receive:NcChipDftEvent{Id=909009521, Length=464, Flag=0}
07-31 18:18:26.225  4222  4249 I NcDft_NcDftChip: Special event skipped begin, eventId: 909009521, toSkiped: true
07-31 18:18:26.549  1851  1920 I HwAmbientLuxFilterAlgo: SceneBufferAmbientLux input error,end=30,start=-141,bufferSize=59
07-31 18:18:26.550  4588  5225 I PG_ash  : com.huawei.android.totemweather timeout trigger time sources: BinderCall, triggerTime: 288138288
07-31 18:18:26.551  4588  5225 I PG_ash  : com.huawei.android.totemweather update time, cur: 288143292, trigger: 288138288
07-31 18:18:26.552  4588  5225 I PG_ash  : has widget app: com.huawei.android.totemweather
07-31 18:18:26.552  4588  5225 I PG_ash  : long time no update, active widget app com.huawei.android.totemweather can enter Hibernation state!
07-31 18:18:26.549  4588  4588 W com.huawei.iaware: type=1400 audit(0.0:123324): avc: granted { getattr } for comm=616374696F6E732068616E646C6572 path="/data/system/users/0/appwidgets.xml" dev="sdd88" ino=172212 scontext=u:r:system_app:s0 tcontext=u:object_r:system_data_file:s0 tclass=file
07-31 18:18:26.552  4588  5225 I AppManager: check dependency pid: 1390 is depended by pid: 1776
07-31 18:18:26.614   808   876 I libnetd_resolv: ApiCount[0, 0, 0, 156, 0, 0, 0, 6, 0, 0, 602, 3128, 3941, 75, 74, 0, 127, 0, 9441, 24662, 0]
07-31 18:18:26.702  1851  4076 I TrafficMonitor: expired arrive. level:-1
07-31 18:18:26.702  1851  4076 I TrafficMonitor: during_ms:2004,period_ms:2000
07-31 18:18:26.703  1851  4076 I TrafficMonitor: count:501,rx_sum:268,tx_sum:1412,rxBytes:16326,during_ms:2004,rx_speed:8146.706586826347,tx_speed:929119.261477046,rto:0.18980169971671387
07-31 18:18:26.703  1851  4076 I HuaweiWifiWatchdogStateMachine: Get speed information rx_speed = 8146 ,tx_speed = 929119 ,isSpeedOk = true ,mBestSpeedInPeriod = 8146
07-31 18:18:26.704  1851  4180 I HwWifiProServiceProxy: ctrlHwWifiNetwork pkgName: WIFIPRO_SERVICE interfaceId: 52
07-31 18:18:26.704  1851  4180 I HwWifiProServiceProxy: ctrlHwWifiNetwork pkgName: WIFIPRO_SERVICE interfaceId: 68
07-31 18:18:26.712  1851  4180 I HwWifiProServiceProxy: pair = Pair{true 4}, Bundle = Bundle[{time=4, arpResult=true}]
07-31 18:18:26.712  1851  4180 I HwWifiProServiceProxy: ctrlHwWifiNetwork pkgName: WIFIPRO_SERVICE interfaceId: 63
07-31 18:18:26.712  1851  4180 I HwWifiProServiceProxy: ctrlHwWifiNetwork pkgName: WIFIPRO_SERVICE interfaceId: 2
07-31 18:18:26.714  4222  4248 E NcDft_Wifi2Component: cannot handle the message1001
07-31 18:18:26.715  4222  4248 E NcDft_Wifi2Component: cannot handle the message1001
07-31 18:18:26.899  1851  1920 I HwAmbientLuxFilterAlgo: SceneBufferAmbientLux input error,end=30,start=-141,bufferSize=59
07-31 18:18:26.982  4588  5225 I PG_ash  : com.huawei.ohos.systemmanager timeout trigger time sources: BinderCall, triggerTime: 288137722
07-31 18:18:26.983  4588  5225 I PG_ash  : com.huawei.ohos.systemmanager update time, cur: 288143724, trigger: 288137722
07-31 18:18:26.983  4588  5225 I AppManager: check dependency pid: 29891 is depended by pid: 15621
07-31 18:18:26.983  4588  5225 I PG_ash  :  can not ignore depended about hide app: com.huawei.ohos.systemmanager
07-31 18:18:27.030  1340 29133 I CodecTracker: start
07-31 18:18:27.030  1340 29133 I CodecTracker:  tId: 29120, pId: 27240, type: OMX.hisi.video.decoder.hevc, pkgName: tv.danmaku.bili, mimeType: video/raw, width: 1920, height: 1080, frameRate: 0, macroblocks: 0, lifeCycle: UNINITIALIZED->INITIALIZING->INITIALIZED->CONFIGURING->CONFIGURED->STARTING->STARTED->FLUSHING->STARTED->FLUSHING->STARTED, scene: 3
07-31 18:18:27.030  1340 29133 I CodecTracker:  tId: 25219, pId: 14814, type: c2.android.flac.decoder, pkgName: com.simplemobiletools.musicplayer, mimeType: audio/raw, width: 0, height: 0, frameRate: 0, macroblocks: 0, lifeCycle: UNINITIALIZED->INITIALIZING->INITIALIZED->CONFIGURING->CONFIGURED->STARTING->STARTED, scene: 3
