07-31 18:18:03.971 17579 17579 I HiBoard_14.1.18.311_Workspace: visible0, closed:true
07-31 18:18:03.971  1851  7209 I WindowManager: Checking 1 opening apps (frozen=false timeout=false)...
07-31 18:18:03.971  1851  7209 I WindowManager: Check opening app=ActivityRecord{d60c74c u11 com.huawei.android.launcher/.unihome.UniHomeLauncher t1100002}: allDrawn=false startingDisplayed=false startingMoved=false isRelaunching()=false mStartingWindow=null isOneStepWindowChanging=falseisOpenCombinationSplitScreen=false shouldWaitCombine=false
07-31 18:18:03.972  1851  7209 I WindowManager: Changing focus from null to Window{c777e91 u11 com.huawei.android.launcher/com.huawei.android.launcher.unihome.UniHomeLauncher} displayId=0
07-31 18:18:03.972  1851  7209 I NavigationCallOut: focusChanged, focus=Window{c777e91 u11 com.huawei.android.launcher/com.huawei.android.launcher.unihome.UniHomeLauncher}, mIsFocusWinInBlackList=false
07-31 18:18:03.972  1851  7209 I HwSwingMotionGestureHub: current app:com.huawei.android.launcher,appType:28
07-31 18:18:03.972  1851  2132 I GestureNavManager: FocusWindowBottom Options = 0x0, isDisabled = false
07-31 18:18:03.972   907  2461 I Layer   : Surface(name=488b10d StatusBar)/@0x416af34 - animation-leash of insets_animation#13781: created
07-31 18:18:03.973 17579 19148 I HiBoard_14.1.18.311_ShareCodeClipboardHelper: handleMsg 5
07-31 18:18:03.973  1851  7209 I HwDisplayContentEx: currentFocus windowstate not null
07-31 18:18:03.973  1851  7209 I HwDisplayContentEx: trans currentFocus windowstate not null
07-31 18:18:03.974  1851  1884 I WindowManager: Focus requested for window=:c777e91 com.huawei.android.launcher/com.huawei.android.launcher.unihome.UniHomeLauncher
07-31 18:18:03.975  4588  3792 I KStateManager: send binder call message, called pid:4274, calling pid:[1851]
07-31 18:18:03.975  1776  2590 E OpenGLRenderer: Unable to match the desired swap behavior.
07-31 18:18:03.975  4588  5225 I PG_ash  : 1851 binder call 4274
07-31 18:18:03.976  1851  4104 W HwAudioServiceEx: SoundEffectState bundle get reserved is invalid
07-31 18:18:03.980  4274 14932 I HwCommandQueue: updateBarBgColor
07-31 18:18:03.980  1851  1881 I StatusBarDisable: setFlags what=0 which=1 pkg=Window{c777e91 u11 com.huawei.android.launcher/com.huawei.android.launcher.unihome.UniHomeLauncher}
07-31 18:18:03.980 19985 19985 I WindowManager: trimMemory level: 20
07-31 18:18:03.980  1851  1895 I HmCameraWhiteListUtils: getDownloadCfgFile dir:/system/emui/base/thirdappfilter/third_app_filter.xml
07-31 18:18:03.981 19985 19985 I InsetsSourceConsumer: ViewUI_insets mSourceControl is null notifyControlRevoked type: 0
07-31 18:18:03.981  1776  2472 I Bitmap  : source bitmap colorspace: Display P3
07-31 18:18:03.981  1851  2124 W AwareLog: SchedLevelBoost: onFgActivitiesChanged config not set!
07-31 18:18:03.982  1851  7209 I HwAudioService: now type = 15,reportForegroundAppType = 28systemload = 15VOIP_OPTIMIZE_IN_GAMEMODEfalse
07-31 18:18:03.983  1851  1884 I WindowManager: Checking 1 opening apps (frozen=false timeout=false)...
07-31 18:18:03.983  1851  1884 I WindowManager: Check opening app=ActivityRecord{d60c74c u11 com.huawei.android.launcher/.unihome.UniHomeLauncher t1100002}: allDrawn=false startingDisplayed=false startingMoved=false isRelaunching()=false mStartingWindow=null isOneStepWindowChanging=falseisOpenCombinationSplitScreen=false shouldWaitCombine=false
07-31 18:18:03.983  1776  1776 I RmeSchedManager: init Rme, version is: v1.0
07-31 18:18:03.984  1776  1776 I HwViewRootImpl: removeInvalidNode all the node in jank list is out of time
07-31 18:18:03.984   907   907 I Layer   : [*#13767] reparent null
07-31 18:18:03.984   907   907 I BufferStateLayer: setBuffer: com.huawei.android.launcher/com.huawei.android.launcher.unihome.UniHomeLauncher#13780: first buffer comes.
07-31 18:18:03.984   907   907 I Layer   : Surface(name=488b10d StatusBar)/@0x416af34 - animation-leash of insets_animation#13767: destroyed
07-31 18:18:03.984  1776  1776 W HwLauncher: LauncherDeviceManagerService getCachedLocalDevice: device Manager did not complete initialization
07-31 18:18:03.985  1851  1884 I WindowManager: New wallpaper target: Window{c777e91 u11 com.huawei.android.launcher/com.huawei.android.launcher.unihome.UniHomeLauncher} prevTarget: null
07-31 18:18:03.985   904  4110 I EffectHvsController: SetGameModeForeground SetGameModeForeground isForeground 0
07-31 18:18:03.985  1660  2772 I WallpaperService: dispatchAppVisibility:true
07-31 18:18:03.986  1660  1660 I WallpaperService: onVisibilityChanged(true): com.android.systemui.HwImageWallpaper$b@8d5a64
07-31 18:18:03.986  1660  1660 I WallpaperService: relayout, mLayout: 2800x2800
07-31 18:18:03.986  1851  4822 I FocusResolver: window c777e91 com.huawei.android.launcher/com.huawei.android.launcher.unihome.UniHomeLauncher is focusable even if it is not visible.
07-31 18:18:03.986  1851  4822 I FocusResolver: setFocusedWindow c777e91 com.huawei.android.launcher/com.huawei.android.launcher.unihome.UniHomeLauncher on display 0, result:OK
07-31 18:18:03.986  1851  4822 I FocusResolver: Focus entered window c777e91 com.huawei.android.launcher/com.huawei.android.launcher.unihome.UniHomeLauncher in display 0, reason:setFocusedWindow
07-31 18:18:03.986  1660  2172 I ImageWallpaperRenderer: updateOffsets mXOffset 0.5 mYOffset 0.5
07-31 18:18:03.987  1776  1776 I InputMethodManager: set currentRootView to : android.view.ViewRootImpl@1e779b6, getDisplayId=0
07-31 18:18:03.988  1851  2132 I GestureNavManager: FocusWindowBottom Options = 0x0, isDisabled = false
07-31 18:18:03.988  1776  1776 I InputMethodManager: Starting input: reason=WINDOW_FOCUS_GAIN
07-31 18:18:03.988  1776  1776 W HwRemoteInputMethodManager: isCasting false because IHwDistributedWindowManager is invalid.
07-31 18:18:03.988  1776  1776 I InputMethodManager: startInputOrWindowGainedFocusAsync startInputReason:1
07-31 18:18:03.988  1851  2072 I HwInputMethodManagerService: startInputOrWindowGainedFocus windowToken:android.os.BinderProxy@d94b0b8 mInputShown:false
07-31 18:18:03.988  1851  2072 I HwOcrImeController: updateMultiWindow focus window = com.huawei.android.launcher/com.huawei.android.launcher.unihome.UniHomeLauncher mIsInMultiScreen = false
07-31 18:18:03.988  1851  2072 I HwOcrImeController: updateUser userId = 11 mIsOwnerUser = false
07-31 18:18:03.988  1851  2072 I HwOcrImeController: setOcrImeSupportProp mIsOcrImeValid = true mIsHardKeyboardAvailable = false mIsInMultiScreen = false mIsOwnerUser = false
07-31 18:18:03.988  1851  2072 I HwOcrImeController: setOcrImeSupportProp mIsOcrImeValid = true mIsHardKeyboardAvailable = false mIsInMultiScreen = false mIsOwnerUser = false
07-31 18:18:03.988  1851  2072 I InputMethodShowDelayTask: clearTask
07-31 18:18:03.989  1851  1895 I HmCameraWhiteListUtils: other function may be added to the xml later, parse it here
07-31 18:18:03.989  1851  1884 I WindowManager: Checking 1 opening apps (frozen=false timeout=false)...
07-31 18:18:03.989  1851  1884 I WindowManager: Check opening app=ActivityRecord{d60c74c u11 com.huawei.android.launcher/.unihome.UniHomeLauncher t1100002}: allDrawn=true startingDisplayed=false startingMoved=false isRelaunching()=false mStartingWindow=null isOneStepWindowChanging=falseisOpenCombinationSplitScreen=false shouldWaitCombine=false
07-31 18:18:03.990  1851  1884 I WindowManager: Checking 0 opening apps (frozen=false timeout=false)...
07-31 18:18:03.990  1776  2472 I HwLauncher: Themes initResource shadowColor = 0 ,colorDate = -11381672 ,colorWeek = -16098825
07-31 18:18:03.992   907  1281 I Layer   : Surface(name=Task=290)/@0xa8ef323 - animation-leash of app_transition#13782: created
07-31 18:18:03.993  1851  1895 I HwAudioServiceEx: ComponentInfo : className = com.huawei.android.launcher.unihome.UniHomeLauncher, flag = onResume, isHomeActivity = , isTop = true
07-31 18:18:03.993  1851  4104 W HwAudioServiceEx: SoundEffectState bundle get reserved is invalid
07-31 18:18:03.993  1851  4769 E HwGameAssistantController: Game Mode is disabled for non-primary user!
07-31 18:18:03.993   907  2461 I Layer   : Surface(name=Task=1100115)/@0x3218fda - animation-leash of app_transition#13783: created
07-31 18:18:03.993  1878 16334 E ConfigManager: [LocKit LogLocation.java:1] json parse failed
07-31 18:18:03.994  1851  1884 W ActivityTaskManager: stopFreezingScreen return caused by mFreezingScreen=false this=ActivityRecord{7b7b6b4 u11 com.simplemobiletools.voicerecorder/.activities.MainActivity t1100115 f}}
07-31 18:18:03.994  1851  1884 W ActivityTaskManager: stopFreezingScreen return caused by mFreezingScreen false.
07-31 18:18:03.994  1851  1884 I HwWindowManagerServiceEx: exit info has been reset.
07-31 18:18:03.994   907   907 I Layer   : setFlags: com.android.systemui.HwImageWallpaper#8129 show
07-31 18:18:03.995  1776  1776 I HwLauncher: CalenderDynamicUpdater setHasUpdateSuccess, success: true
07-31 18:18:03.995  1776  1776 I HwLauncher: CalenderDynamicUpdater setHasUpdateSuccess, success: true
07-31 18:18:03.995  1776  1776 I HwLauncher: CalenderDynamicUpdater setHasUpdateSuccess, success: true
07-31 18:18:03.995  1776  1776 I HwLauncher: CalenderDynamicUpdater setHasUpdateSuccess, success: true
07-31 18:18:03.995  1851  4769 I FocusResolver: window c777e91 com.huawei.android.launcher/com.huawei.android.launcher.unihome.UniHomeLauncher is focusable even if it is not visible.
07-31 18:18:03.996  1851  4769 I UriGrantsManagerService: readMet true writeMet true forceMet true
07-31 18:18:03.996  1851  4769 I UriGrantsManagerService: readMet true writeMet true forceMet true
07-31 18:18:03.996  1851  4769 I UriGrantsManagerService: readMet true writeMet true forceMet true
07-31 18:18:03.996  1851  4769 I UriGrantsManagerService: readMet true writeMet true forceMet true
07-31 18:18:03.996  1851  4769 I UriGrantsManagerService: readMet true writeMet true forceMet true
07-31 18:18:03.996  1851  4769 I UriGrantsManagerService: readMet true writeMet true forceMet true
07-31 18:18:03.996  1851  1884 I HwWindowManagerServiceEx: AnimationTurbo wms setIconLeash: Surface(name=Surface(name=Task=1100115)/@0x3218fda - animation-leash of app_transition)/@0xab7a0af
07-31 18:18:03.996  1851  1884 I HwWindowManagerServiceEx: AnimationTurbo wms leash Surface(name=Surface(name=Task=1100115)/@0x3218fda - animation-leash of app_transition)/@0xab7a0af exit:true
07-31 18:18:03.996  1851  1884 E HwWindowManagerServiceEx: AnimationTurbo wms icon not set
07-31 18:18:03.996   907  2461 I Layer   : Surface(name=WallpaperWindowToken{aad14fe token=android.os.Binder@49418b9})/@0x95a3625 - animation-leash of window_animation#13784: created
07-31 18:18:04.000  1851  4451 E AwareLog: AnimationPerformance: invalid strategy
07-31 18:18:04.001  1776  1947 I HwLauncher: LauncherAnimationRunner RemoteAnimation start
07-31 18:18:04.002 17579 17579 I HiBoard_14.1.18.311_HiBoardProvider: call method getUserProtocolState
07-31 18:18:04.002 17579 17579 I HiBoard_14.1.18.311_SettingsUtil: isAgreeProtocolBefore: false
07-31 18:18:04.003 17579 17579 I HiBoard_14.1.18.311_ActivityUtil: isUserProtocolAgreed bundle:false
07-31 18:18:04.004  1776  1776 W HwLauncher: IconBitmapUtils checkAdaptiveIconValid failed. adaptiveIconDrawable is null.
07-31 18:18:04.004  4274  4274 I LightBarController: onStatusBarAppearanceChanged appearanceRegions:AppearanceRegion{LIGHT_STATUS_BARS bounds=[0,0][1840,2800]},  sbModeChanged:false, statusBarMode:0, stackAppearancesChanged:false, navbarColorManagedByIme:false
07-31 18:18:04.004  1776  1776 I Bitmap  : source bitmap colorspace: sRGB IEC61966-2.1
07-31 18:18:04.004  1851  1881 I StatusBarDisable: setFlags what=0 which=1 pkg=Window{c777e91 u11 com.huawei.android.launcher/com.huawei.android.launcher.unihome.UniHomeLauncher}
07-31 18:18:04.004  4274  4274 I NavigationBar: navigationbar appearance:0,mAppearance:1000,mTransientShown:false
07-31 18:18:04.005  1776  2471 I Bitmap  : source bitmap colorspace: sRGB IEC61966-2.1
07-31 18:18:04.005  4741  4924 E DollieAdapterService: notifyActivityState pkg:com.simplemobiletools.voicerecorder/com.simplemobiletools.voicerecorder.activities.MainActivity state:10 fg:false mUid:1110227
07-31 18:18:04.005  1776  1776 W HwLauncher: IconBitmapUtils checkAdaptiveIconValid failed. adaptiveIconDrawable is null.
07-31 18:18:04.006   907   907 I Layer   : setFlags: com.huawei.android.launcher/com.huawei.android.launcher.unihome.UniHomeLauncher#13780 show
07-31 18:18:04.006   907  2461 I ExtremeAnimationCore: EaComposer relocate
07-31 18:18:04.006   907  2461 I ExtremeAnimationCore: EaComposer relocateAnimation create new spec stage 2
07-31 18:18:04.006   907  2461 I ExtremeAnimationCore: except duration amended 0.831742
07-31 18:18:04.006  1776  1776 I ExtremeAnimationAnimator: start
07-31 18:18:04.006  4741  4924 E HwPacketFilterBypass: sendRequestToKernel SOCKET_CLOSE_DETECT_UID_DEL [1110227]
07-31 18:18:04.006  4741  4924 I HwPacketFilterBypass: handleActivityUidStateChanged uid:1110227 -1 foreground:0
07-31 18:18:04.006  4741  4924 I HwPacketFilterBypass: isAllowSendSmartCureToChr false, no exceptions occur, dropCnt:0
07-31 18:18:04.006  4741  4924 I HwPacketFilterBypass: no exceptions occur, dropCnt:0
07-31 18:18:04.006  4741  4924 I HwPacketFilterBypass: isAllowSendDataDropChr false, no exceptions occur
07-31 18:18:04.006  1776  1776 W HwLauncher: AnimatorListenerAdapterEx HwSpringAnimationManager set duration: 2521
07-31 18:18:04.007  4741  4924 I NetPredictEngine: ObserveState processMessage 11
07-31 18:18:04.007  4741  4924 I NetPredictEngine: Parent processMessage 11
07-31 18:18:04.007  4741  4924 I NetPredictEngine: Parent: active app change, old packageName: com.android.permissioncontroller, new packageName: com.simplemobiletools.voicerecorder
07-31 18:18:04.007  4741  4924 I OllieMsgCenter: publishEvt=2130771969
07-31 18:18:04.007   907  2461 I SurfaceFlingerEx: OnAnimationMonitorEnter type: 57
07-31 18:18:04.007  4741  4924 E Booster_BroadcastProxy: [isDebugModemEnabled]get package info fail.
07-31 18:18:04.007   907  2461 I ExtremeAnimationCore: EaComposer start
07-31 18:18:04.007  4741  4924 E Booster_NetworkQoe: [checkModemParaCollecEnable]sendModemParaCollecEnable invalid defaultDataSlotId=-1
07-31 18:18:04.007  1776  1776 W HwLauncher: LauncherDeviceManagerService getCachedLocalDevice: device Manager did not complete initialization
07-31 18:18:04.007  1776  1776 W HwLauncher: LauncherDeviceManagerService getCachedLocalDevice: device Manager did not complete initialization
07-31 18:18:04.007  1776  1776 E HwLauncher: ExitAppAnimationManager setCapsuleInfoAdaptiveInternal params error! capsuleInfo is nulltrue
07-31 18:18:04.008  1851  7232 I ActivityManager: delayGcTask callingPid = 1776 callingUid = 1110106
07-31 18:18:04.008  1851  1898 I HwSystemMemoryUtils: delay gc task
07-31 18:18:04.008  1851  1860 I system_server: [SuspendGCController] suspend footprint = 171MB
07-31 18:18:04.008  1851  5766 I Bitmap  : source bitmap colorspace: sRGB IEC61966-2.1
07-31 18:18:04.009  1851  5766 I HwWindowManagerServiceEx: AnimationTurbo wms set adaptive icon from launcher IsNeedFloatView: false
07-31 18:18:04.009  1851  5766 I HwWindowManagerServiceEx: AnimationTurbo wms leash Surface(name=Surface(name=Task=1100115)/@0x3218fda - animation-leash of app_transition)/@0xab7a0af exit:true
07-31 18:18:04.009  1851  5766 I HwWindowManagerServiceEx: AnimationTurbo wms leash new buffer
07-31 18:18:04.009   907  2461 I Layer   : IconSurface#13785: created
07-31 18:18:04.009  4741  4924 I BanNetworkChr: uid1110227,isFgfalse
07-31 18:18:04.009  4588  9291 I PF_API_JNI: ACCKIT_APS_NotifyInfo 3: com.huawei.android.launcher
07-31 18:18:04.010   907  2461 I Layer   : com.huawei.intelligent.Workspace#13786: created
07-31 18:18:04.010   905   990 I libdisplayservice: onTransact: before OnTransactForPfMsg code id=10
07-31 18:18:04.010   905   990 I libdisplayservice: record aps notify 3: com.huawei.android.launcher
07-31 18:18:04.010   905   990 I libdisplayservice: onTransact: after OnTransactForPfMsg code id=10, ret = 0
07-31 18:18:04.010  4588  9291 I ApsSceneManager: APS: APK: setSceneInfoToAgp: scene:APP_BACK_ANIMATION, scnenCategory:APP_BACK_ANIMATION, state:1
07-31 18:18:04.010  1315  1315 I AGPService: aps-info: focus pkgName - com.huawei.android.launcher, with 0 more apps
07-31 18:18:04.010  1315  1315 I AGPService: aps-info: all package uid -1
07-31 18:18:04.010  1315  1315 I AGPService: current settingConfigId - 2
07-31 18:18:04.010  4588  9291 I ApsBdata: cacheSceneInfo come scene: APP_BACK_ANIMATION, state: 1
07-31 18:18:04.010  1315  1315 I AGPService: FrameRateManager: aps-info: new pkgName - com.huawei.android.launcher, type - 28
07-31 18:18:04.010   907  2461 I SurfaceFlingerEx: agp set pkg info, status 1
07-31 18:18:04.011  1315  1353 I AGPService: FrameRateManager:[CheckAnimationTimeOut] timeout animation check Before 0, After 0
07-31 18:18:04.011  1660  1660 I WallpaperService: setTransformHint:3, redrawNeeded:false
07-31 18:18:04.011  1851  4393 I PackageManager: checkQueryAppsPermission, package:com.android.shell callingUid:2000 callingPid:23608
07-31 18:18:04.011  1660  1660 I HwImageWallpaper: onVisibilityChanged, isVisible=true
07-31 18:18:04.011  1315  1315 I AGPService: NotifyPackageMaxFpsToITouch - pkgName: com.huawei.android.launcher, gameScene: 0, maxFps: 90
07-31 18:18:04.011  1315  1315 I ITouchService: package info pkgName = com.huawei.android.launcher appType = 28 maxFps = 90
07-31 18:18:04.011  1660  1660 I ImageWallpaper: wallpaper visibility changes to: true
07-31 18:18:04.011  1851  5766 I HwWindowManagerServiceEx: AnimationTurbo wms setIconToLayer adaptive icon: 139,139
07-31 18:18:04.011   885   885 E TS_Service: hwSetFeatureConfig
07-31 18:18:04.011   885   885 I TS_HAL  : ts_set_feature_config:feature =14,config = com.huawei.android.launcher#996#0
07-31 18:18:04.011   885   885 I TS_HAL  : multi_panel_write_cmd: thp write /sys/touchscreen/thp_app_info com.huawei.android.launcher#996#0
07-31 18:18:04.011  4741  4924 I SmartDualCardConfig: getAppType,pkgName=com.simplemobiletools.voicerecorder,appType=-1
07-31 18:18:04.011  1315  1315 I AGPService: GpuPolicyManager: m_currentPkgName - com.huawei.android.launcher
07-31 18:18:04.011  4741  4924 E SmartDualCardConfig: isAppInBlackList false,items==null
07-31 18:18:04.011  1315  1353 I AGPService: FrameRateManager:[HandleFrameRateRefresh] currPkgName: com.huawei.android.launcher, strategyCode 6090: dynamicCode 1, isFactor 0, min 60, max 90, down 90, idle 60
07-31 18:18:04.011  1315  1315 I AGPService: Bn-> aps-info: set scene info - scene: APP_BACK_ANIMATION, sceneCategory: APP_BACK_ANIMATION, status: 1, priorityLevel: 0
07-31 18:18:04.011  1315  1315 I AGPService: FrameRateManager:[UpdateSceneStatus] scene APP_BACK_ANIMATION and sceneCategory APP_BACK_ANIMATION enter
07-31 18:18:04.011  1315  1353 I AGPService: EnableDynamicThread
07-31 18:18:04.012  4741  4924 I OllieMsgCenter: publishEvt=2134966274
07-31 18:18:04.012  4741  4924 I HcPreDnsQueryCtrl: EVENT_APPINFO_ACTION_UID_STATE_CHANGED
07-31 18:18:04.012  4741  4924 I AppStallManager: OllieInternalEvtConsts.EVENT_APPINFO_ACTION_UID_STATE_CHANGED
07-31 18:18:04.012  1851  7232 I InputDispatcher: getLastTouchEvent 0
07-31 18:18:04.012  1315  1353 I AGPService: FrameRateManager: GetLastTouchEvent 0
07-31 18:18:04.012  1315  1353 I AGPService: SetAppDynamicFpsStrategyToITouch - strategy: 1, touchSlop: 0
07-31 18:18:04.012  1315  1353 I AGPService: FrameRateManager:[HandleAppFrameRateRefresh] need reset AppDynamicThread
07-31 18:18:04.012  1315  1353 I AGPService: FrameRateManager:[JudgeFinalLcdFps] sceneinfo(0, -2, 0, 0);touchinfo(1, 0, 2, 90);isFHF 0 animFps -1 sfFps 45 damageFps -1 pkg  isSurface 1
07-31 18:18:04.012  1315  1353 I AGPService: FrameRateManager:[JudgeFinalLcdFps] Finish judging and final lcd fps: 90
07-31 18:18:04.012  1315  1353 I AGPService: FrameRateManager:[DecideAndSendRefreshRate] displayEngineLimitFps -1, sf: 45, overHeatLcdFps -1, final refresh rate 90
07-31 18:18:04.012  1315  1353 I AGPService: display get fps - current_fps:90;default_fps:120;support_fps_list:120,45,48,60,72,90,144;product_panel_num:1;current_panel_id:0;panel_id:0;panel_type:LTPO2;support_fps:120,45,48,60,72,90,144
07-31 18:18:04.012  1315  1353 I AGPService: FrameRateManager:[CheckAnimationTimeOut] timeout animation check Before 0, After 0
07-31 18:18:04.012  1315  1353 I AGPService: FrameRateManager:[HandleFrameRateRefresh] currPkgName: com.huawei.android.launcher, strategyCode 6090: dynamicCode 1, isFactor 0, min 60, max 90, down 90, idle 60
07-31 18:18:04.012  1315  1360 I AGPService: FrameRateManager:[SetActiveConfigByFps] reset Pkg isSurface, AnimFps -1, fps to sf 90
07-31 18:18:04.012  1315  1353 I AGPService: FrameRateManager:[JudgeFinalLcdFps] sceneinfo(90, 3, 3, 0);touchinfo(1, 0, 2, 90);isFHF 0 animFps -1 sfFps 45 damageFps -1 pkg  isSurface 1
07-31 18:18:04.012  1315  1353 I AGPService: FrameRateManager:[JudgeFinalLcdFps] Finish judging and final lcd fps: 90
07-31 18:18:04.012  1315  1353 I AGPService: FrameRateManager:[DecideAndSendRefreshRate] displayEngineLimitFps -1, sf: 45, overHeatLcdFps -1, final refresh rate 90
07-31 18:18:04.012   907  2461 I SurfaceFlinger: changeRefreshRate: new mode 5, fps 90, active display 0
07-31 18:18:04.012   907  2461 I DisplayDevice: setDesiredActiveMode: already at the desired mode 5
07-31 18:18:04.013  1315  1360 I AGPService: FrameRateManager: set active config - fps 90 pkgName  isSurface 1
07-31 18:18:04.013  1315  1360 I AGPService: FrameRefreshThread: [CheckRefreshRateSuccess]: fps 90
07-31 18:18:04.013   852   852 E HW_DISPLAY_TEST: ltpo_set_fps: open file /sys/class/graphics/fb0/lcd_fps_cmd fail
07-31 18:18:04.013   852   852 E vendor.huawei.hardware.hwdisplay@1.1-service: call display_set_brightness failed: -1
07-31 18:18:04.013  1315  1360 E AGPService: DisplayFreqClient: displaySetFps error, freqIndex: 4, ret: -2
07-31 18:18:04.013  1315  1360 I AGPService: display get fps - current_fps:90;default_fps:120;support_fps_list:120,45,48,60,72,90,144;product_panel_num:1;current_panel_id:0;panel_id:0;panel_type:LTPO2;support_fps:120,45,48,60,72,90,144
07-31 18:18:04.013  1315  1360 I AGPService: FrameRefreshThread: set refreshrate finished, tryRefreshCount = 0, lcdFps = 90
07-31 18:18:04.013  1315  1353 I AGPService: display get fps - current_fps:90;default_fps:120;support_fps_list:120,45,48,60,72,90,144;product_panel_num:1;current_panel_id:0;panel_id:0;panel_type:LTPO2;support_fps:120,45,48,60,72,90,144
07-31 18:18:04.013  1851  7232 I ITouchService: Bp<- SetDispatcherDynamicFpsStrategy - strategy: 1, touchSlop: 0
07-31 18:18:04.013  1315  1360 I ITouchService: ProcessTHPMode pkgName = com.huawei.android.launcher currAppType = 28, lcdFps = 90
07-31 18:18:04.013  1315  1360 I ITouchService: ProcessTHPMode sent config = com.huawei.android.launcher#28#2
07-31 18:18:04.013   885   885 E TS_Service: hwSetFeatureConfig
07-31 18:18:04.013   885   885 I TS_HAL  : ts_set_feature_config:feature =14,config = com.huawei.android.launcher#28#2
07-31 18:18:04.013   885   885 I TS_HAL  : multi_panel_write_cmd: thp write /sys/touchscreen/thp_app_info com.huawei.android.launcher#28#2
07-31 18:18:04.014  1315  1360 E ITouchService: itouch OneFrameDetect instance is nullptr or oneFrameSwitch is not change
07-31 18:18:04.014  1315  1360 I AGPService: FrameRateManager:[SetActiveConfigByFps] reset Pkg isSurface, AnimFps -1, fps to sf 90
07-31 18:18:04.014  1040  1286 W aptouch_daemon: DriverThp::UpdateStatus[1914]0x100a1
07-31 18:18:04.014   907  2461 I SurfaceFlinger: changeRefreshRate: new mode 5, fps 90, active display 0
07-31 18:18:04.014   907  2461 I DisplayDevice: setDesiredActiveMode: already at the desired mode 5
07-31 18:18:04.014  1040  1286 I aptouch_daemon: DriverThp::RegListeningAppInfo[955]now app info is TSA_ExecuteCommand THP_SetAppFeature com.huawei.android.launcher#28#2
07-31 18:18:04.014  1315  1360 I AGPService: FrameRateManager: set active config - fps 90 pkgName  isSurface 1
07-31 18:18:04.014  1315  1360 I AGPService: FrameRefreshThread: [CheckRefreshRateSuccess]: fps 90
07-31 18:18:04.014   852   852 E HW_DISPLAY_TEST: ltpo_set_fps: open file /sys/class/graphics/fb0/lcd_fps_cmd fail
07-31 18:18:04.014   852   852 E vendor.huawei.hardware.hwdisplay@1.1-service: call display_set_brightness failed: -1
07-31 18:18:04.014  1315  1360 E AGPService: DisplayFreqClient: displaySetFps error, freqIndex: 4, ret: -2
07-31 18:18:04.014  1315  1360 I AGPService: display get fps - current_fps:90;default_fps:120;support_fps_list:120,45,48,60,72,90,144;product_panel_num:1;current_panel_id:0;panel_id:0;panel_type:LTPO2;support_fps:120,45,48,60,72,90,144
07-31 18:18:04.014  1315  1360 I AGPService: FrameRefreshThread: set refreshrate finished, tryRefreshCount = 0, lcdFps = 90
07-31 18:18:04.014  1776  2472 I Bitmap  : source bitmap colorspace: sRGB IEC61966-2.1
07-31 18:18:04.014  1315  1360 E ITouchService: itouch OneFrameDetect instance is nullptr or oneFrameSwitch is not change
07-31 18:18:04.016 17579 18323 E OpenGLRenderer: Unable to match the desired swap behavior.
07-31 18:18:04.016  1776  2472 I Bitmap  : source bitmap colorspace: sRGB IEC61966-2.1
07-31 18:18:04.016  1851  2072 I SecInputMethodManagerService: ime focus result=0
07-31 18:18:04.016  1851  2072 I SecInputMethodManagerService: Client requesting input be hidden, uid=1000
07-31 18:18:04.016  1851  2072 I SecInputMethodManagerService: hideCurrentInputLocked inputShown:false, imeWindowVis:0
07-31 18:18:04.016  1851  2072 I HwInputMethodManagerService: windowfocus: hide secureIME isNeedWaitShow:false
07-31 18:18:04.017   907   907 I Layer   : setFlags: IconSurface#13785 show
07-31 18:18:04.017   907   907 I BufferStateLayer: setBuffer: IconSurface#13785: first buffer comes.
07-31 18:18:04.018   907   907 I BufferLayer: preparePerFrameCompositionState: com.huawei.android.launcher/com.huawei.android.launcher.unihome.UniHomeLauncher#13780: first buffer updated to LayerFE. frame=4
07-31 18:18:04.018   907   907 I BufferLayer: preparePerFrameCompositionState: IconSurface#13785: first buffer updated to LayerFE. frame=1
07-31 18:18:04.019  1851  2124 I iMonitor: send: 905100000
07-31 18:18:04.019  1851  2124 W AwareLog: AwareMem_FastRepairActionManager: send execute sucess, scene : 4
07-31 18:18:04.020   637   637 I android.system.suspend@1.0-service: decSuspendCounter kname=native_PowerManagerService.WakeLocks --mSuspendCounter= 2
07-31 18:18:04.020  1851  4393 I PackageManager: getInstalledPackages cost 10 ms, flags: 0, userId: 0, callingUid: 2000, callingPid: 23608
07-31 18:18:04.020  1851  4451 W AwareLog: SysLoadManager: check status do nothing
07-31 18:18:04.021  1851  4822 I ActivityTaskManager: Stopping ActivityRecord{7b7b6b4 u11 com.simplemobiletools.voicerecorder/.activities.MainActivity t1100115 f}}: nowVisible=true animating=true finishing=true
07-31 18:18:04.023  1851  2124 W Process : Unable to open /proc/-1/status
07-31 18:18:04.023  4274  4274 I LightBarController: onStatusBarAppearanceChanged appearanceRegions:AppearanceRegion{ bounds=[0,0][1840,2800]},  sbModeChanged:false, statusBarMode:0, stackAppearancesChanged:true, navbarColorManagedByIme:false
07-31 18:18:04.023  4274  4274 I LightBarController: updateStatus numLightStacks:0, numStacks:1
07-31 18:18:04.023  4274  4274 I HwStatusBarCapsuleHelper: onUiModeChanged
07-31 18:18:04.023  1776  1776 I RmeSchedManager: init Rme, version is: v1.0
07-31 18:18:04.024 19985 19985 I RmeSchedManager: init Rme, version is: v1.0
07-31 18:18:04.024  4274  4274 I StatusBarLayout: refreshTint: tint: ffffffff, area:Rect(0, 0 - 0, 0)
07-31 18:18:04.025  4274  4274 I HwStatusBarCapsuleHelper: onUiModeChanged
07-31 18:18:04.025  1851  2072 E SecInputMethodManagerService: InputBindResult is @NonNull. startInputReason=Unknown=10000 windowFlags=#81910100 editorInfo=android.view.inputmethod.EditorInfo@fd05643
07-31 18:18:04.025  1776  2472 I Bitmap  : source bitmap colorspace: sRGB IEC61966-2.1
07-31 18:18:04.026  1776  1776 E ndroid.launche: Invalid ID 0x9c000000.
07-31 18:18:04.026  1776  1776 E ndroid.launche: Invalid ID 0x9c000003.
07-31 18:18:04.026  1776  1776 E ndroid.launche: Invalid ID 0x9c000203.
07-31 18:18:04.026  1776  1776 E ndroid.launche: Invalid ID 0x9c000403.
07-31 18:18:04.026  1776  1776 E ndroid.launche: Invalid ID 0x9c000503.
07-31 18:18:04.026  1776  1776 E ndroid.launche: Invalid ID 0x9c000204.
07-31 18:18:04.026  1776  1776 E ndroid.launche: Invalid ID 0x9c000304.
07-31 18:18:04.026  1776  1776 E ndroid.launche: Invalid ID 0x9c000404.
07-31 18:18:04.026  1776  2472 I Bitmap  : source bitmap colorspace: sRGB IEC61966-2.1
07-31 18:18:04.026  1776  1776 E ndroid.launche: Invalid ID 0x9c000604.
07-31 18:18:04.026  1776  2506 I HwLauncher: LocalTaskList loadTasksInBackground:12 numTasks:16 currentUserId:11
07-31 18:18:04.026  1776  1776 W HwLauncher: TalkBackHelper needAnnounceAbilityForm input parameter is null
07-31 18:18:04.026  1776  1776 W HwLauncher: TalkBackHelper needAnnounceAbilityForm input parameter is null
07-31 18:18:04.027 17579 17579 I HwViewRootImpl: removeInvalidNode all the node in jank list is out of time
07-31 18:18:04.027  1851  1901 I HwDFRServicesFactory: getZrHungServicesFactory
07-31 18:18:04.028  1851  1901 I ZrHungServicesFactoryImpl: getZRHungService
07-31 18:18:04.028  1851  1884 W Choreographer: Frame time is 0.061271 ms in the future!  Check that graphics HAL is generating vsync timestamps using the correct timebase.
07-31 18:18:04.028   907   907 I BufferStateLayer: setBuffer: com.huawei.intelligent.Workspace#13786: first buffer comes.
07-31 18:18:04.028  4274  4274 I NavigationBar: navigationbar appearance:0,mAppearance:0,mTransientShown:false
07-31 18:18:04.031  1851  1901 I DropBoxManagerService: add tag=system_server_wtf isTagEnabled=true flags=0x2
07-31 18:18:04.031  1851  2072 I InputMethodManagerService: isSecMethodUsing set false
07-31 18:18:04.032  1851  2072 I InputMethodManagerService: startInputOrWindowGainedFocus didStart: isTextEditor=false sameWindowFocused=false doAutoShow=true softInputMode=STATE_ALWAYS_HIDDEN|ADJUST_RESIZE|IS_FORWARD_NAVIGATION
07-31 18:18:04.032  1851  2072 I InputMethodManagerService: Window asks to hide input
07-31 18:18:04.032  1851  2072 I HwInputMethodManagerService: hideCurrentInputLocked res:false
07-31 18:18:04.032  1851  2072 I InputMethodManagerService: switching to client:ClientState{a0a1ee6 uid=1110106 pid=1776 displayId=0} keyguard:false
07-31 18:18:04.032  1851  1901 I ActivityManager: before write dropbox time 1753957084031 eventType is wtf dataFile is false
07-31 18:18:04.033  4588  5225 I PG_ash  : launcher call intelligent
07-31 18:18:04.034  4588  4837 I ScenarioService: app is visible from system: com.simplemobiletools.voicerecorder ,visible: false
07-31 18:18:04.034  1382  1682 W ScreemCommon: ProcessEntry, not beta version or commercial log off
07-31 18:18:04.034  4588  4837 I ScenarioService: not same pkg need update from system
07-31 18:18:04.034  1776  1776 E ndroid.launche: Invalid ID 0x9c000000.
07-31 18:18:04.034  1776  1776 E ndroid.launche: Invalid ID 0x9c000003.
07-31 18:18:04.034  1776  1776 E ndroid.launche: Invalid ID 0x9c000203.
07-31 18:18:04.034  1776  1776 E ndroid.launche: Invalid ID 0x9c000403.
07-31 18:18:04.034  1776  1776 E ndroid.launche: Invalid ID 0x9c000503.
07-31 18:18:04.034  1776  1776 E ndroid.launche: Invalid ID 0x9c000204.
07-31 18:18:04.034  1776  1776 E ndroid.launche: Invalid ID 0x9c000304.
07-31 18:18:04.034  1776  1776 E ndroid.launche: Invalid ID 0x9c000404.
07-31 18:18:04.034  1776  1776 E ndroid.launche: Invalid ID 0x9c000604.
07-31 18:18:04.035  1776  1776 W HwLauncher: TalkBackHelper needAnnounceAbilityForm input parameter is null
07-31 18:18:04.035  4588  5225 I PG_ash  : try freeze fa refresh whitelist app when fa card visible change
07-31 18:18:04.035  1776  1776 W HwLauncher: TalkBackHelper needAnnounceAbilityForm input parameter is null
07-31 18:18:04.035  1851  1895 I HmCameraWhiteListUtils: getDownloadCfgFile dir:/system/emui/base/thirdappfilter/third_app_filter.xml
07-31 18:18:04.035  4588  4837 I ScenarioService: refresh visibleApp:[com.huawei.android.launcher]
07-31 18:18:04.036  4588  5225 I PG_ash  : com.simplemobiletools.voicerecorder become invisible
07-31 18:18:04.036  1776  2472 I Bitmap  : source bitmap colorspace: sRGB IEC61966-2.1
07-31 18:18:04.037  4588  5225 I PG_ash  : Visible app changed pkg : com.simplemobiletools.voicerecorder, visible: false
07-31 18:18:04.037  4588  5225 I PG_ash  : running package: com.simplemobiletools.voicerecorder, visible: false
07-31 18:18:04.037  1776  2472 I Bitmap  : source bitmap colorspace: sRGB IEC61966-2.1
07-31 18:18:04.038  4588  4837 I ScenarioService: multiScreenVisibleApps: 0:com.huawei.android.launcher:1110106
07-31 18:18:04.038  4588  4837 I PGServer: report state:15 event type:1 pid:-1 uid:-1 pkg:0:com.huawei.android.launcher:1110106 to pid: 4588
07-31 18:18:04.039  1776  1776 E ndroid.launche: No package ID 9c found for ID 0x9c010000.
07-31 18:18:04.039  1776  1776 E ndroid.launche: No package ID 9c found for ID 0x9c010100.
07-31 18:18:04.039  1776  1776 E ndroid.launche: No package ID 9c found for ID 0x9c010200.
07-31 18:18:04.039   907   907 I Layer   : setFlags: com.huawei.intelligent.Workspace#13786 show
07-31 18:18:04.039  1776  1776 E ndroid.launche: No package ID 9c found for ID 0x9c010300.
07-31 18:18:04.039  1776  1776 E ndroid.launche: No package ID 9c found for ID 0x9c010400.
07-31 18:18:04.039  1776  1776 E ndroid.launche: No package ID 9c found for ID 0x9c010001.
07-31 18:18:04.039  1776  1776 E ndroid.launche: No package ID 9c found for ID 0x9c010101.
07-31 18:18:04.039  1776  1776 E ndroid.launche: No package ID 9c found for ID 0x9c010201.
07-31 18:18:04.039  1776  1776 E ndroid.launche: No package ID 9c found for ID 0x9c010301.
07-31 18:18:04.039  1776  1776 E ndroid.launche: No package ID 9c found for ID 0x9c010401.
07-31 18:18:04.039  1776  1776 E ndroid.launche: No package ID 9c found for ID 0x9c010500.
07-31 18:18:04.040  1776  1776 E ndroid.launche: No package ID 9c found for ID 0x9c010002.
07-31 18:18:04.040  1776  1776 E ndroid.launche: No package ID 9c found for ID 0x9c010003.
07-31 18:18:04.040  1776  1776 E ndroid.launche: No package ID 9c found for ID 0x9c010103.
07-31 18:18:04.040  1776  1776 E ndroid.launche: No package ID 9c found for ID 0x9c010203.
07-31 18:18:04.040  1776  1776 E ndroid.launche: No package ID 9c found for ID 0x9c010303.
07-31 18:18:04.040  1776  1776 E ndroid.launche: No package ID 9c found for ID 0x9c010403.
07-31 18:18:04.040  1776  1776 E ndroid.launche: No package ID 9c found for ID 0x9c010503.
07-31 18:18:04.040  1776  1776 E ndroid.launche: No package ID 9c found for ID 0x9c010004.
07-31 18:18:04.040  1776  1776 E ndroid.launche: No package ID 9c found for ID 0x9c010104.
07-31 18:18:04.040  1776  1776 E ndroid.launche: No package ID 9c found for ID 0x9c010104.
07-31 18:18:04.040  1776  1776 E ndroid.launche: No package ID 9c found for ID 0x9c010304.
07-31 18:18:04.040  1776  1776 E ndroid.launche: No package ID 9c found for ID 0x9c010404.
07-31 18:18:04.040  1776  1776 E ndroid.launche: No package ID 9c found for ID 0x9c010504.
07-31 18:18:04.040  1776  1776 E ndroid.launche: No package ID 9c found for ID 0x9c010604.
07-31 18:18:04.040  1776  1776 E ndroid.launche: No package ID 9c found for ID 0x9c010604.
07-31 18:18:04.040  1776  1776 W HwLauncher: TalkBackHelper needAnnounceAbilityForm input parameter is null
07-31 18:18:04.040  1776  1776 W HwLauncher: TalkBackHelper needAnnounceAbilityForm input parameter is null
07-31 18:18:04.040  1776  1776 W HwLauncher: TalkBackHelper needAnnounceAbilityForm input parameter is null
07-31 18:18:04.042  1776  2056 W HwLauncher: AbilityReleaseAndRestoreUtil restoreAbilityFormWithAbilityFormList restoreList isEmpty !
07-31 18:18:04.043  1851  1895 I HmCameraWhiteListUtils: other function may be added to the xml later, parse it here
07-31 18:18:04.044 14736 14793 I CAWARENESS_32379_AppUsageManager: Repeat info, don't need publish
07-31 18:18:04.044  4741  4924 E DollieAdapterService: notifyActivityState pkg:com.huawei.android.launcher/com.huawei.android.launcher.unihome.UniHomeLauncher state:2 fg:true mUid:1110106
07-31 18:18:04.044  4741  4924 I NrSmartCure: Speed sensitive app is not top Activity
07-31 18:18:04.044  4741  4924 E HwPacketFilterBypass: sendRequestToKernel SOCKET_CLOSE_DETECT_UID_ADD [1110106]
07-31 18:18:04.044  4741  4924 I OllieMsgCenter: publishEvt=2135097351
07-31 18:18:04.044  4741  4924 I NetworkQoeChr: checkForegroundApp timer start
07-31 18:18:04.044  4741  4924 I NetworkQoeChr: end qoe report
07-31 18:18:04.044  4741  4924 I NetPredictEngine: ObserveState processMessage 11
07-31 18:18:04.044  4741  4924 I NetPredictEngine: Parent processMessage 11
07-31 18:18:04.044  4741  4924 I NetPredictEngine: Parent: active app change, old packageName: com.simplemobiletools.voicerecorder, new packageName: com.huawei.android.launcher
07-31 18:18:04.045  4741  4924 I OllieMsgCenter: publishEvt=2130771969
07-31 18:18:04.045  4741  4924 I OllieMsgCenter: publishEvt=2130771985
07-31 18:18:04.045  4741  4924 I BanNetworkChr: uid1110106,isFgtrue
07-31 18:18:04.045  4741  4924 I BanNetworkChr: isAbnormalEvent mScreenState:true, mDataConnectStatus:false, uid:1110106
07-31 18:18:04.045  4741  4924 I SpeedTestNotifier: Speed test app is back Activity
07-31 18:18:04.045  1776  1776 E ndroid.launche: No package ID 9c found for ID 0x9c010000.
07-31 18:18:04.045  4741  4924 I SmartDualCardConfig: getAppType,pkgName=com.huawei.android.launcher,appType=28
07-31 18:18:04.045  4741  4924 E SmartDualCardConfig: isAppInBlackList false,items==null
07-31 18:18:04.045  4741  4924 I RollieSpeedTestNotifier: getSpeedApkConfig fail,invalid params
07-31 18:18:04.045  4741  4924 I RollieSpeedTestNotifier: Speed test app is back Activity
07-31 18:18:04.045  4741  4924 I PowerMsgAdapter: UID hot switch, uid:1110106, pkgName:com.huawei.android.launcher
07-31 18:18:04.045  4741  4924 E Booster_MatterAppRecommend: [isMatterActivity]invalid mMatterActivitiesConfig
07-31 18:18:04.045  4741  4924 I OllieFeatureManager: DollieChr EVENT_OLLIE_ACTIVITY_CHANGED
07-31 18:18:04.045  4741  4924 I OllieMsgCenter: publishEvt=2134966274
07-31 18:18:04.045  4741  4924 I OllieMsgCenter: publishEvt=2135097350
07-31 18:18:04.045  4741  4924 I ForegroundDataOpt: mCurUid changed to 1110106
07-31 18:18:04.045  4741  4924 I HcPreDnsQueryCtrl: EVENT_APPINFO_ACTION_UID_STATE_CHANGED
07-31 18:18:04.045  4741  4924 I HcPreDnsQueryCtrl: mForeAppPackageName update=com.huawei.android.launcher
07-31 18:18:04.045  4741  4924 I AppStallManager: OllieInternalEvtConsts.EVENT_APPINFO_ACTION_UID_STATE_CHANGED
07-31 18:18:04.047  1776  1776 E ndroid.launche: No package ID 9c found for ID 0x9c020000.
07-31 18:18:04.047  1776  1776 W HwLauncher: TalkBackHelper needAnnounceAbilityForm input parameter is null
07-31 18:18:04.049  1851  4193 I Bitmap  : source bitmap colorspace: Display P3
07-31 18:18:04.056  1776  1947 W HwLauncher: LauncherDeviceManagerService getCachedLocalDevice: device Manager did not complete initialization
07-31 18:18:04.056  1776  1947 W HwLauncher: LauncherDeviceManagerService getCachedLocalDevice: device Manager did not complete initialization
07-31 18:18:04.056  1776  1776 W HwLauncher: TalkBackHelper needAnnounceAbilityForm input parameter is null
07-31 18:18:04.056  1776  1776 W HwLauncher: LauncherDeviceManagerService getCachedLocalDevice: device Manager did not complete initialization
07-31 18:18:04.056 23136 23136 W HwLauncher: LauncherDeviceManagerService getCachedLocalDevice: device Manager did not complete initialization
07-31 18:18:04.056  1776  2506 I HwLauncher: LocalTaskList loadTasksInBackground:3 numTasks:3 currentUserId:11
07-31 18:18:04.057  1776  1776 W HwLauncher: LauncherDeviceManagerService getCachedLocalDevice: device Manager did not complete initialization
07-31 18:18:04.057  1776  1776 W HwLauncher: LauncherDeviceManagerService getCachedLocalDevice: device Manager did not complete initialization
07-31 18:18:04.057  1776  1776 W HwLauncher: LauncherDeviceManagerService getCachedLocalDevice: device Manager did not complete initialization
07-31 18:18:04.061  1776  1776 W HwLauncher: TalkBackHelper needAnnounceAbilityForm input parameter is null
07-31 18:18:04.063 23136 23363 I HwLauncher: LocalTaskList loadTasksInBackground:16 numTasks:16 currentUserId:0
07-31 18:18:04.071  1776  1776 W HwLauncher: TalkBackHelper needAnnounceAbilityForm input parameter is null
07-31 18:18:04.072  1776  1776 E ndroid.launche: Invalid ID 0x9b000000.
07-31 18:18:04.073  1776  1776 E ndroid.launche: No package ID 9b found for ID 0x9b010100.
07-31 18:18:04.073  1776  1776 E ndroid.launche: No package ID 9b found for ID 0x9b020200.
07-31 18:18:04.073  1776  1776 E ndroid.launche: No package ID 9b found for ID 0x9b030300.
07-31 18:18:04.073  1776  1776 E ndroid.launche: No package ID 9b found for ID 0x9b040400.
07-31 18:18:04.073  1776  1776 E ndroid.launche: No package ID 9b found for ID 0x9b050500.
07-31 18:18:04.073  1776  1776 E ndroid.launche: No package ID 9b found for ID 0x9b060600.
07-31 18:18:04.073  1776  1776 E ndroid.launche: Invalid ID 0x9b000000.
07-31 18:18:04.073  1776  1776 E ndroid.launche: No package ID 9b found for ID 0x9b010100.
07-31 18:18:04.073  1776  1776 E ndroid.launche: No package ID 9b found for ID 0x9b020200.
07-31 18:18:04.073  1776  1776 E ndroid.launche: No package ID 9b found for ID 0x9b030300.
07-31 18:18:04.073  1776  1776 E ndroid.launche: No package ID 9b found for ID 0x9b040400.
07-31 18:18:04.073  1776  1776 E ndroid.launche: No package ID 9b found for ID 0x9b050500.
07-31 18:18:04.073  1776  1776 E ndroid.launche: No package ID 9b found for ID 0x9b060600.
07-31 18:18:04.079  1776  1776 E ndroid.launche: No package ID 9b found for ID 0x9b090900.
07-31 18:18:04.079  1776  1776 E ndroid.launche: No package ID 9b found for ID 0x9b090900.
07-31 18:18:04.079  1776  1776 E ndroid.launche: No package ID 9b found for ID 0x9b090900.
07-31 18:18:04.079  1776  1776 E ndroid.launche: No package ID 9b found for ID 0x9b090900.
07-31 18:18:04.079  1776  1776 E ndroid.launche: No package ID 9b found for ID 0x9b080800.
07-31 18:18:04.079  1776  1776 E ndroid.launche: No package ID 9b found for ID 0x9b080800.
07-31 18:18:04.080  1776  1776 E ndroid.launche: No package ID 9b found for ID 0x9b070700.
07-31 18:18:04.080  1776  1776 E ndroid.launche: No package ID 9b found for ID 0x9b060600.
07-31 18:18:04.080  1776  1776 E ndroid.launche: No package ID 9b found for ID 0x9b050500.
07-31 18:18:04.081  1776  1776 E ndroid.launche: No package ID 9b found for ID 0x9b040400.
07-31 18:18:04.084  1851  9972 I Binder  : dump {serviceName:HwPackageManagerService, formatArgs:com.simplemobiletools.voicerecorder, callChain:/apex/com.android.adbd/bin/adbd->dumpsys}
07-31 18:18:04.084  1851  9972 I PackageManager: Start dump, calling from : pid=23612,ppid=22076, uid=2000
07-31 18:18:04.088   594   594 I servicemanager: Since 'apexservice' could not be found, trying to start it as a lazy AIDL service
07-31 18:18:04.094  1350  8694 I CPU_STATS: iawared: query next cpu load with 2!
07-31 18:18:04.094  1350  8694 I CPU_STATS: total cost time 2009406770 ns
07-31 18:18:04.094  1350  8694 I CPU_STATS: iawared: current total load is 0.106810, capacity : 5166, pre load:  16112994748563, current load : 16114077512553
07-31 18:18:04.095  1350  8694 I CPU_STATS: read once cost time 657 us
07-31 18:18:04.108   594   594 I servicemanager: add service 'apexservice' from 23617
07-31 18:18:04.108   594   594 I BpBinder: onLastStrongRef automatically unlinking death recipients: <uncached descriptor>
07-31 18:18:04.109 23243 23619 W System.err: java.net.SocketException: Broken pipe
07-31 18:18:04.109 23243 23619 W System.err: 	at java.net.SocketOutputStream.socketWrite0(Native Method)
07-31 18:18:04.109 23243 23619 W System.err: 	at java.net.SocketOutputStream.socketWrite(SocketOutputStream.java:117)
07-31 18:18:04.109 23243 23619 W System.err: 	at java.net.SocketOutputStream.write(SocketOutputStream.java:149)
07-31 18:18:04.109 23243 23619 W System.err: 	at io.github.privacystreams.utils.PSDebugSocketServer$SocketSendThread.run(PSDebugSocketServer.java:119)
07-31 18:18:04.109   594   594 I servicemanager: Tried to unregister apexservice, but there is about to be a client.
07-31 18:18:04.110  1851  9972 I PackageManager: Finish dump , calling from : pid=23612, ppid=22076, uid=2000
07-31 18:18:04.111  1776  1776 E ndroid.launche: Invalid ID 0x9c000000.
07-31 18:18:04.111  1776  1776 E ndroid.launche: Invalid ID 0x9c000003.
07-31 18:18:04.111  1776  1776 E ndroid.launche: Invalid ID 0x9c000203.
07-31 18:18:04.111  1776  1776 E ndroid.launche: Invalid ID 0x9c000403.
07-31 18:18:04.112  1776  1776 E ndroid.launche: Invalid ID 0x9c000503.
07-31 18:18:04.112  1776  1776 E ndroid.launche: Invalid ID 0x9c000204.
07-31 18:18:04.112  1776  1776 E ndroid.launche: Invalid ID 0x9c000304.
07-31 18:18:04.112  1776  1776 E ndroid.launche: Invalid ID 0x9c000404.
07-31 18:18:04.114  1776  1776 W HwLauncher: TalkBackHelper needAnnounceAbilityForm input parameter is null
07-31 18:18:04.116  1776  1776 W HwLauncher: TalkBackHelper needAnnounceAbilityForm input parameter is null
07-31 18:18:04.117  1776  1776 E ndroid.launche: Invalid ID 0x9c000604.
07-31 18:18:04.117  1776  1776 E ndroid.launche: No package ID 9c found for ID 0x9c010000.
07-31 18:18:04.117  1776  1776 E ndroid.launche: No package ID 9c found for ID 0x9c010100.
07-31 18:18:04.117  1776  1776 E ndroid.launche: No package ID 9c found for ID 0x9c010200.
07-31 18:18:04.117  1776  1776 E ndroid.launche: No package ID 9c found for ID 0x9c010300.
07-31 18:18:04.117  1776  1776 E ndroid.launche: No package ID 9c found for ID 0x9c010400.
07-31 18:18:04.117  1776  1776 E ndroid.launche: No package ID 9c found for ID 0x9c010001.
07-31 18:18:04.117  1776  1776 E ndroid.launche: No package ID 9c found for ID 0x9c010101.
07-31 18:18:04.117  1776  1776 E ndroid.launche: No package ID 9c found for ID 0x9c010201.
07-31 18:18:04.117  1776  1776 E ndroid.launche: No package ID 9c found for ID 0x9c010301.
07-31 18:18:04.117  1776  1776 E ndroid.launche: No package ID 9c found for ID 0x9c010401.
07-31 18:18:04.123  1776  1776 W HwLauncher: TalkBackHelper needAnnounceAbilityForm input parameter is null
07-31 18:18:04.124  1776  1776 W HwLauncher: TalkBackHelper needAnnounceAbilityForm input parameter is null
07-31 18:18:04.124  1776  1776 E ndroid.launche: No package ID 9c found for ID 0x9c010500.
07-31 18:18:04.124  1776  1776 W HwLauncher: TalkBackHelper needAnnounceAbilityForm input parameter is null
07-31 18:18:04.125  1776  1776 E ndroid.launche: No package ID 9c found for ID 0x9c010002.
07-31 18:18:04.126  1776  1776 E ndroid.launche: No package ID 9c found for ID 0x9c010003.
07-31 18:18:04.126  1776  1776 E ndroid.launche: No package ID 9c found for ID 0x9c010103.
07-31 18:18:04.126  1776  1776 E ndroid.launche: No package ID 9c found for ID 0x9c010203.
07-31 18:18:04.127  1776  1776 E ndroid.launche: No package ID 9c found for ID 0x9c010303.
07-31 18:18:04.127  1776  1776 E ndroid.launche: No package ID 9c found for ID 0x9c010403.
07-31 18:18:04.127  1776  1776 E ndroid.launche: No package ID 9c found for ID 0x9c010503.
07-31 18:18:04.128  1776  1776 E ndroid.launche: No package ID 9c found for ID 0x9c010004.
07-31 18:18:04.128  1776  1776 E ndroid.launche: No package ID 9c found for ID 0x9c010104.
07-31 18:18:04.133  1776  1776 E ndroid.launche: No package ID 9c found for ID 0x9c010104.
07-31 18:18:04.134  1776  1776 E ndroid.launche: No package ID 9c found for ID 0x9c010304.
07-31 18:18:04.135  1776  1776 E ndroid.launche: No package ID 9c found for ID 0x9c010404.
07-31 18:18:04.135  1776  1776 E ndroid.launche: No package ID 9c found for ID 0x9c010504.
07-31 18:18:04.135  1776  1776 E ndroid.launche: No package ID 9c found for ID 0x9c010604.
07-31 18:18:04.136  1776  1776 E ndroid.launche: No package ID 9c found for ID 0x9c010604.
07-31 18:18:04.136  4588  4837 I ScenarioService: multiScreenVisibleApps: 0:com.huawei.android.launcher:1110106
07-31 18:18:04.136  4588  4837 I PGServer: report state:15 event type:1 pid:-1 uid:-1 pkg:0:com.huawei.android.launcher:1110106 to pid: 4588
07-31 18:18:04.136  1776  1776 E ndroid.launche: No package ID 9c found for ID 0x9c020000.
07-31 18:18:04.137  1776  1776 W HwLauncher: TalkBackHelper needAnnounceAbilityForm input parameter is null
07-31 18:18:04.137  1776  1776 W HwLauncher: TalkBackHelper needAnnounceAbilityForm input parameter is null
07-31 18:18:04.145  1776  1776 W HwLauncher: TalkBackHelper needAnnounceAbilityForm input parameter is null
07-31 18:18:04.148  1851  1920 I HwAmbientLuxFilterAlgo: SceneBufferAmbientLux input error,end=30,start=-141,bufferSize=59
07-31 18:18:04.151 19985 27195 I s.voicerecorde: [SuspendGCController] restore footprint = 26MB
07-31 18:18:04.159  1776  1776 W HwLauncher: TalkBackHelper needAnnounceAbilityForm input parameter is null
07-31 18:18:04.160  1776  1776 E ndroid.launche: Invalid ID 0x9b000000.
07-31 18:18:04.160  1776  1776 E ndroid.launche: No package ID 9b found for ID 0x9b010100.
07-31 18:18:04.160  1776  1776 E ndroid.launche: No package ID 9b found for ID 0x9b020200.
07-31 18:18:04.160  1776  1776 E ndroid.launche: No package ID 9b found for ID 0x9b030300.
07-31 18:18:04.160  1776  1776 E ndroid.launche: No package ID 9b found for ID 0x9b040400.
07-31 18:18:04.160  1776  1776 E ndroid.launche: No package ID 9b found for ID 0x9b050500.
07-31 18:18:04.161  1776  1776 E ndroid.launche: No package ID 9b found for ID 0x9b060600.
07-31 18:18:04.162  1776  1776 E ndroid.launche: No package ID 9b found for ID 0x9b090900.
07-31 18:18:04.162  1776  1776 E ndroid.launche: No package ID 9b found for ID 0x9b090900.
