07-31 18:18:04.806   907   907 I Layer   : [*#13749] reparent null
07-31 18:18:04.806   907   907 I Layer   : [*#13788] reparent null
07-31 18:18:04.806   907   907 I Layer   : Task=1100115#13788: destroyed
07-31 18:18:04.806   907   907 I Layer   : ActivityRecord{7b7b6b4 u11 com.simplemobiletools.voicerecorder/.activities.MainActivity t1100115}#13756: destroyed
07-31 18:18:04.807  1776  1776 E ndroid.launche: No package ID 9c found for ID 0x9c010504.
07-31 18:18:04.808  1776  1776 E ndroid.launche: No package ID 9c found for ID 0x9c010604.
07-31 18:18:04.809  1776  1776 E ndroid.launche: No package ID 9c found for ID 0x9c010604.
07-31 18:18:04.811  1776  1776 E ndroid.launche: No package ID 9c found for ID 0x9c020000.
07-31 18:18:04.811  1776  1776 W HwLauncher: TalkBackHelper needAnnounceAbilityForm input parameter is null
07-31 18:18:04.811  1776  1776 W HwLauncher: TalkBackHelper needAnnounceAbilityForm input parameter is null
07-31 18:18:04.822  1776  1776 W HwLauncher: TalkBackHelper needAnnounceAbilityForm input parameter is null
07-31 18:18:04.849  1851  1920 I HwAmbientLuxFilterAlgo: SceneBufferAmbientLux input error,end=30,start=-141,bufferSize=59
07-31 18:18:04.850  1776  1776 W HwLauncher: TalkBackHelper needAnnounceAbilityForm input parameter is null
07-31 18:18:04.853  6783 22505 I ContentSensor_13.11.3.205_AudioInfoCapture: captureMusicData: pkgName = tv.danmaku.bili
07-31 18:18:04.853  6783 22505 I ContentSensor_13.11.3.205_AudioInfoCapture: captureMusicData: pkgName = com.simplemobiletools.musicplayer
07-31 18:18:04.853  6783 22505 W ContentSensor_13.11.3.205_AudioInfoCapture: No need notify, resultList is empty
07-31 18:18:04.853  6783 22505 W ContentSensor_13.11.3.205_AudioInfoCapture: insert info list is empty
07-31 18:18:04.853  6783 22505 W ContentSensor_13.11.3.205_AudioInfoCapture: insert info list is empty
07-31 18:18:04.853  1776  1776 E ndroid.launche: Invalid ID 0x9b000000.
07-31 18:18:04.854  1776  1776 E ndroid.launche: No package ID 9b found for ID 0x9b010100.
07-31 18:18:04.854  1776  1776 E ndroid.launche: No package ID 9b found for ID 0x9b020200.
07-31 18:18:04.854  1776  1776 E ndroid.launche: No package ID 9b found for ID 0x9b030300.
07-31 18:18:04.854  1776  1776 E ndroid.launche: No package ID 9b found for ID 0x9b040400.
07-31 18:18:04.854  1776  1776 E ndroid.launche: No package ID 9b found for ID 0x9b050500.
07-31 18:18:04.854  6783 22505 I ContentSensor_13.11.3.205_AudioInfoCapture: captureMusicData: pkgName = tv.danmaku.bili
07-31 18:18:04.855  6783 22505 I ContentSensor_13.11.3.205_AudioInfoCapture: captureMusicData: pkgName = com.simplemobiletools.musicplayer
07-31 18:18:04.855  6783 22505 W ContentSensor_13.11.3.205_AudioInfoCapture: No need notify, resultList is empty
07-31 18:18:04.855  6783 22505 W ContentSensor_13.11.3.205_AudioInfoCapture: insert info list is empty
07-31 18:18:04.855  6783 22505 W ContentSensor_13.11.3.205_AudioInfoCapture: insert info list is empty
07-31 18:18:04.856  1776  1776 E ndroid.launche: No package ID 9b found for ID 0x9b060600.
07-31 18:18:04.859  1776  1776 E ndroid.launche: No package ID 9b found for ID 0x9b090900.
07-31 18:18:04.859  1776  1776 E ndroid.launche: No package ID 9b found for ID 0x9b090900.
07-31 18:18:04.859  1776  1776 E ndroid.launche: No package ID 9b found for ID 0x9b090900.
07-31 18:18:04.859  1776  1776 E ndroid.launche: No package ID 9b found for ID 0x9b090900.
07-31 18:18:04.860  1776  1776 E ndroid.launche: No package ID 9b found for ID 0x9b080800.
07-31 18:18:04.860  1776  1776 E ndroid.launche: No package ID 9b found for ID 0x9b080800.
07-31 18:18:04.860  1776  1776 E ndroid.launche: No package ID 9b found for ID 0x9b070700.
07-31 18:18:04.860  1776  1776 E ndroid.launche: No package ID 9b found for ID 0x9b060600.
07-31 18:18:04.860  1776  1776 E ndroid.launche: No package ID 9b found for ID 0x9b050500.
07-31 18:18:04.863  1776  1776 E ndroid.launche: No package ID 9b found for ID 0x9b040400.
07-31 18:18:04.939 14736 26198 I CAWARENESS_32379_AbilityContext: [1753957099977] deliver {dataId=1001000011, mode=0} to 1 receivers
07-31 18:18:04.973  1776  1776 E ndroid.launche: Invalid ID 0x9c000000.
07-31 18:18:04.973  1776  1776 E ndroid.launche: Invalid ID 0x9c000003.
07-31 18:18:04.974  1776  1776 E ndroid.launche: Invalid ID 0x9c000203.
07-31 18:18:04.997  1776  1776 W HwLauncher: TalkBackHelper needAnnounceAbilityForm input parameter is null
07-31 18:18:05.004  1776  1776 W HwLauncher: TalkBackHelper needAnnounceAbilityForm input parameter is null
07-31 18:18:05.005  1776  1776 E ndroid.launche: Invalid ID 0x9c000403.
07-31 18:18:05.006  1776  1776 E ndroid.launche: Invalid ID 0x9c000503.
07-31 18:18:05.007  1776  1776 E ndroid.launche: Invalid ID 0x9c000204.
07-31 18:18:05.007  1851  9972 I ActivityManager: restoreGcTask callingPid = 1776 callingUid = 1110106
07-31 18:18:05.007  1776  1776 E ndroid.launche: Invalid ID 0x9c000304.
07-31 18:18:05.008  1776  1776 E ndroid.launche: Invalid ID 0x9c000404.
07-31 18:18:05.008  1776  1776 E ndroid.launche: Invalid ID 0x9c000604.
07-31 18:18:05.010  1776  1776 E ndroid.launche: No package ID 9c found for ID 0x9c010000.
07-31 18:18:05.010  1776  1776 E ndroid.launche: No package ID 9c found for ID 0x9c010100.
07-31 18:18:05.010  1776  1776 E ndroid.launche: No package ID 9c found for ID 0x9c010200.
07-31 18:18:05.010  1776  1776 E ndroid.launche: No package ID 9c found for ID 0x9c010300.
07-31 18:18:05.010  1776  1776 E ndroid.launche: No package ID 9c found for ID 0x9c010400.
07-31 18:18:05.010  1776  1776 E ndroid.launche: No package ID 9c found for ID 0x9c010001.
07-31 18:18:05.010  1851  1898 I HwSystemMemoryUtils: restore gc task msgId: 32
07-31 18:18:05.011  1776  1776 E ndroid.launche: No package ID 9c found for ID 0x9c010101.
07-31 18:18:05.011  1776  1776 E ndroid.launche: No package ID 9c found for ID 0x9c010201.
07-31 18:18:05.012  1776  1776 W HwLauncher: TalkBackHelper needAnnounceAbilityForm input parameter is null
07-31 18:18:05.012  1776  1776 E ndroid.launche: No package ID 9c found for ID 0x9c010301.
07-31 18:18:05.013  1776  1776 E ndroid.launche: No package ID 9c found for ID 0x9c010401.
07-31 18:18:05.013  1776  1776 W HwLauncher: TalkBackHelper needAnnounceAbilityForm input parameter is null
07-31 18:18:05.014  1776  1776 E ndroid.launche: No package ID 9c found for ID 0x9c010500.
07-31 18:18:05.014  1776  1776 W HwLauncher: TalkBackHelper needAnnounceAbilityForm input parameter is null
07-31 18:18:05.018  1776  1776 E ndroid.launche: No package ID 9c found for ID 0x9c010002.
07-31 18:18:05.019  1776  1776 E ndroid.launche: No package ID 9c found for ID 0x9c010003.
07-31 18:18:05.020  1776  1776 E ndroid.launche: No package ID 9c found for ID 0x9c010103.
07-31 18:18:05.020  1776  1776 E ndroid.launche: No package ID 9c found for ID 0x9c010203.
07-31 18:18:05.021  1776  1776 E ndroid.launche: No package ID 9c found for ID 0x9c010303.
07-31 18:18:05.021  1776  1776 E ndroid.launche: No package ID 9c found for ID 0x9c010403.
07-31 18:18:05.022  1776  1776 E ndroid.launche: No package ID 9c found for ID 0x9c010503.
07-31 18:18:05.023  1776  1776 E ndroid.launche: No package ID 9c found for ID 0x9c010004.
07-31 18:18:05.024  1776  1776 E ndroid.launche: No package ID 9c found for ID 0x9c010104.
07-31 18:18:05.024  1776  1776 E ndroid.launche: No package ID 9c found for ID 0x9c010104.
07-31 18:18:05.025  1776  1776 E ndroid.launche: No package ID 9c found for ID 0x9c010304.
07-31 18:18:05.025  1776  1776 E ndroid.launche: No package ID 9c found for ID 0x9c010404.
07-31 18:18:05.026  1776  1776 E ndroid.launche: No package ID 9c found for ID 0x9c010504.
07-31 18:18:05.027  1776  1776 E ndroid.launche: No package ID 9c found for ID 0x9c010604.
07-31 18:18:05.027  1776  1776 E ndroid.launche: No package ID 9c found for ID 0x9c010604.
07-31 18:18:05.029  1776  1776 E ndroid.launche: No package ID 9c found for ID 0x9c020000.
07-31 18:18:05.029  1776  1776 W HwLauncher: TalkBackHelper needAnnounceAbilityForm input parameter is null
07-31 18:18:05.040  1776  1776 W HwLauncher: TalkBackHelper needAnnounceAbilityForm input parameter is null
07-31 18:18:05.051  1776  1776 W HwLauncher: TalkBackHelper needAnnounceAbilityForm input parameter is null
07-31 18:18:05.070  1776  1776 W HwLauncher: TalkBackHelper needAnnounceAbilityForm input parameter is null
07-31 18:18:05.073  1776  1776 E ndroid.launche: Invalid ID 0x9b000000.
07-31 18:18:05.073  1776  1776 E ndroid.launche: No package ID 9b found for ID 0x9b010100.
07-31 18:18:05.073  1776  1776 E ndroid.launche: No package ID 9b found for ID 0x9b020200.
07-31 18:18:05.073  1776  1776 E ndroid.launche: No package ID 9b found for ID 0x9b030300.
07-31 18:18:05.074  1776  1776 E ndroid.launche: No package ID 9b found for ID 0x9b040400.
07-31 18:18:05.076  1776  1776 E ndroid.launche: No package ID 9b found for ID 0x9b050500.
07-31 18:18:05.078  1776  1776 E ndroid.launche: No package ID 9b found for ID 0x9b060600.
07-31 18:18:05.082  1776  1776 E ndroid.launche: No package ID 9b found for ID 0x9b090900.
07-31 18:18:05.082  1776  1776 E ndroid.launche: No package ID 9b found for ID 0x9b090900.
07-31 18:18:05.083  1776  1776 E ndroid.launche: No package ID 9b found for ID 0x9b090900.
07-31 18:18:05.083  1776  1776 E ndroid.launche: No package ID 9b found for ID 0x9b090900.
07-31 18:18:05.083  1776  1776 E ndroid.launche: No package ID 9b found for ID 0x9b080800.
07-31 18:18:05.083  1776  1776 E ndroid.launche: No package ID 9b found for ID 0x9b080800.
07-31 18:18:05.083  1776  1776 E ndroid.launche: No package ID 9b found for ID 0x9b070700.
07-31 18:18:05.083  1776  1776 E ndroid.launche: No package ID 9b found for ID 0x9b060600.
07-31 18:18:05.083  1776  1776 E ndroid.launche: No package ID 9b found for ID 0x9b050500.
07-31 18:18:05.086  1776  1776 E ndroid.launche: No package ID 9b found for ID 0x9b040400.
07-31 18:18:05.112   637   637 I android.system.suspend@1.0-service: incSuspendCounter kname=native_PowerManagerService.WakeLocks ++mSuspendCounter= 3
07-31 18:18:05.113  1851  4072 I NetworkStats: performPollLocked, pid = 1851
07-31 18:18:05.132  1776  1776 W HwLauncher: ParentAbilityRefreshController refreshObserver == null
07-31 18:18:05.132  1776  1776 I HwLauncher: AbilityFormGenericMotionFocusListener start release hover resource!
07-31 18:18:05.133  1776  1776 W HwLauncher: CompositeFormRefreshAnimation showContentLayout hostFormView.getVisibility() == View.VISIBLE
07-31 18:18:05.133  1776  1776 W HwLauncher: CompositeFormRefreshAnimation checkAndSwitchCardOnStack !isCeliaSuggestionAbilityFormInfo or !isInAbilityStackGroup
07-31 18:18:05.135  1851  4072 I NetworkStatsCollection: getSummary, uid = 1000stats size = 2
07-31 18:18:05.129  8039  8039 W kworker/u24:1: type=1400 audit(0.0:123319): avc: granted { setsched } for scontext=u:r:kernel:s0 tcontext=u:r:platform_app:s0:c523,c768 tclass=process
07-31 18:18:05.135  1851  4072 I NetworkStatsCollection: getSummary, uid = 1000stats size = 2
07-31 18:18:05.135  1851  4072 I NetworkStatsCollection: getSummary, uid = 1000stats size = 215
07-31 18:18:05.135  1776  1776 I InputMethodManager: setNextServedViewLocked in view is null
07-31 18:18:05.136  1851  4072 I NetworkStatsCollection: getSummary, uid = 1000stats size = 2
07-31 18:18:05.136  1776  1776 I InputMethodManager: FINISH INPUT: mServedView = :com.huawei.android.launcher.BubbleTextViewWrapper{d7f4afd VFED..CL. ......ID 0,0-185,151 aid=1073741846}, BubbleTextView: {RecommendAppInfo: component=ComponentInfo{com.simplemobiletools.musicplayer/com.simplemobiletools.musicplayer.activities.SplashActivity.Orange}, user=UserHandle{11}, type=0, position=(0,0), unread=0}; alpha=1.0,focus=false,windowFocus=false,autofillUiShowing=false,window=null,displayId=0,temporaryDetach=false,hasImeFocus=false
07-31 18:18:05.136  1776  1776 I InputMethodManager: getServedView is com.huawei.android.launcher.BubbleTextViewWrapper{d7f4afd VFED..CL. ......ID 0,0-185,151 aid=1073741846}, BubbleTextView: {RecommendAppInfo: component=ComponentInfo{com.simplemobiletools.musicplayer/com.simplemobiletools.musicplayer.activities.SplashActivity.Orange}, user=UserHandle{11}, type=0, position=(0,0), unread=0}; alpha=1.0
07-31 18:18:05.136  1776  1776 I InputMethodManager: setServedViewLocked in view is null
07-31 18:18:05.136  1776  1776 I InputMethodManager: closeCurrentInput
07-31 18:18:05.136  1851  4072 I NetworkStatsCollection: getSummary, uid = 1000stats size = 2
07-31 18:18:05.136  1776  1776 W HwRemoteInputMethodManager: isCasting false because IHwDistributedWindowManager is invalid.
07-31 18:18:05.136  1851  4072 I NetworkStatsCollection: getSummary, uid = 1000stats size = 215
07-31 18:18:05.136  1851  9972 I HwInputMethodManagerService: hideSoftInput windowToken:android.os.BinderProxy@d94b0b8
07-31 18:18:05.136  1851  9972 I InputMethodManagerService: Client requesting input be hidden, requestedUid = 1110106
07-31 18:18:05.136  1851  9972 I HwInputMethodManagerService: hideCurrentInputLocked res:false
07-31 18:18:05.136  1851  9972 I HwInputMethodManagerService: hideSoftInput end! isHide:false, isNeedWaitShow:false
07-31 18:18:05.139  1851  4072 I NetworkStats: callingPid is system 1851
07-31 18:18:05.140   637   637 I android.system.suspend@1.0-service: decSuspendCounter kname=native_PowerManagerService.WakeLocks --mSuspendCounter= 2
07-31 18:18:05.141   808  8909 I netd    : bandwidthSetGlobalAlert(2097152) <0.30ms>
07-31 18:18:05.162  1851  9972 I Binder  : dump {serviceName:HwActivityManagerService, formatArgs:activities, callChain:/apex/com.android.adbd/bin/adbd->dumpsys}
07-31 18:18:05.174  1325  1429 E dubaid  : [SchemaTable.cpp] GetTableAttribute# There is no table named debug_data_polling
07-31 18:18:05.175  1325  1429 E dubaid  : [SchemaTable.cpp] GetTableAttribute# There is no table named debug_data_polling
07-31 18:18:05.175  1325  1429 E dubaid  : [SchemaTable.cpp] GetTableAttribute# There is no table named debug_data_polling
07-31 18:18:05.175  1325  1429 E dubaid  : [SchemaTable.cpp] GetTableAttribute# There is no table named debug_data_polling
07-31 18:18:05.175  1325  1429 E dubaid  : [SchemaTable.cpp] GetTableAttribute# There is no table named debug_data_polling
07-31 18:18:05.187  1325  1429 E dubaid  : [SchemaTable.cpp] GetTableAttribute# There is no table named debug_data_polling
07-31 18:18:05.192  1325  1429 E dubaid  : [SchemaTable.cpp] GetTableAttribute# There is no table named debug_data_polling
07-31 18:18:05.192  1325  1429 E dubaid  : [SchemaTable.cpp] GetTableAttribute# There is no table named debug_data_polling
07-31 18:18:05.192  1325  1429 E dubaid  : [SchemaTable.cpp] GetTableAttribute# There is no table named debug_data_polling
07-31 18:18:05.193  1325  1429 E dubaid  : [SchemaTable.cpp] GetTableAttribute# There is no table named debug_data_polling
07-31 18:18:05.193  1325  1429 E dubaid  : [SchemaTable.cpp] GetTableAttribute# There is no table named debug_data_polling
07-31 18:18:05.193  1325  1429 E dubaid  : [SchemaTable.cpp] GetTableAttribute# There is no table named debug_data_polling
07-31 18:18:05.194  1325  1429 E dubaid  : [SchemaTable.cpp] GetTableAttribute# There is no table named debug_data_polling
07-31 18:18:05.197  1325  1429 I dubaid  : [DubaiStorage.cpp] DoFlushEntriesBuffer# Flush all entries into database: /data/system_ce/11/dubai/dubai.db
07-31 18:18:05.199  1851  1920 I HwAmbientLuxFilterAlgo: SceneBufferAmbientLux input error,end=30,start=-141,bufferSize=59
07-31 18:18:05.208  1776  1867 I ndroid.launche: [SuspendGCController] restore footprint = 20MB
07-31 18:18:05.213  1851  9972 I InputMethodManagerService: reportStartInput to window:android.os.BinderProxy@d94b0b8
07-31 18:18:05.215   907  1282 I Layer   : Surface(name=149b7ad InputMethod)/@0x9107e73 - animation-leash of insets_animation#13789: created
07-31 18:18:05.215  1851  1860 I system_server: [SuspendGCController] restore footprint = 98MB
07-31 18:18:05.216  1776  1776 E ndroid.launche: Invalid ID 0x9c000000.
07-31 18:18:05.216  1776  1776 E ndroid.launche: Invalid ID 0x9c000003.
07-31 18:18:05.216  1776  1776 E ndroid.launche: Invalid ID 0x9c000203.
07-31 18:18:05.216  1776  1776 E ndroid.launche: Invalid ID 0x9c000403.
07-31 18:18:05.217  1776  1776 E ndroid.launche: Invalid ID 0x9c000503.
07-31 18:18:05.217  1776  1776 E ndroid.launche: Invalid ID 0x9c000204.
07-31 18:18:05.217  1776  1776 E ndroid.launche: Invalid ID 0x9c000304.
07-31 18:18:05.217  1776  1776 E ndroid.launche: Invalid ID 0x9c000404.
07-31 18:18:05.217  1776  1776 E ndroid.launche: Invalid ID 0x9c000604.
07-31 18:18:05.218  1776  1776 W HwLauncher: TalkBackHelper needAnnounceAbilityForm input parameter is null
07-31 18:18:05.219  1776  1776 W HwLauncher: TalkBackHelper needAnnounceAbilityForm input parameter is null
07-31 18:18:05.225  1851  9972 I HwOcrImeController: updateMultiWindow focus window = com.huawei.android.launcher/com.huawei.android.launcher.unihome.UniHomeLauncher mIsInMultiScreen = false
07-31 18:18:05.225  1851  9972 I HwOcrImeController: updateUser userId = 11 mIsOwnerUser = false
07-31 18:18:05.225  1851  9972 I HwOcrImeController: setOcrImeSupportProp mIsOcrImeValid = true mIsHardKeyboardAvailable = false mIsInMultiScreen = false mIsOwnerUser = false
07-31 18:18:05.225  1851  9972 I HwOcrImeController: setOcrImeSupportProp mIsOcrImeValid = true mIsHardKeyboardAvailable = false mIsInMultiScreen = false mIsOwnerUser = false
07-31 18:18:05.226  1776  1776 E ndroid.launche: Invalid ID 0x9c000000.
07-31 18:18:05.226  1776  1776 E ndroid.launche: Invalid ID 0x9c000003.
07-31 18:18:05.226  1776  1776 E ndroid.launche: Invalid ID 0x9c000203.
07-31 18:18:05.226  1776  1776 E ndroid.launche: Invalid ID 0x9c000403.
07-31 18:18:05.226  1776  1776 E ndroid.launche: Invalid ID 0x9c000503.
07-31 18:18:05.226  1776  1776 E ndroid.launche: Invalid ID 0x9c000204.
07-31 18:18:05.226  1776  1776 E ndroid.launche: Invalid ID 0x9c000304.
07-31 18:18:05.226  1776  1776 E ndroid.launche: Invalid ID 0x9c000404.
07-31 18:18:05.226  1776  1776 E ndroid.launche: Invalid ID 0x9c000604.
07-31 18:18:05.226  1776  1776 W HwLauncher: TalkBackHelper needAnnounceAbilityForm input parameter is null
07-31 18:18:05.227  1776  1776 W HwLauncher: TalkBackHelper needAnnounceAbilityForm input parameter is null
07-31 18:18:05.228   907   907 I Layer   : [*#13787] reparent null
07-31 18:18:05.238  1776  1776 E ndroid.launche: No package ID 9c found for ID 0x9c010000.
07-31 18:18:05.239  1776  1776 E ndroid.launche: No package ID 9c found for ID 0x9c010100.
07-31 18:18:05.239  1776  1776 E ndroid.launche: No package ID 9c found for ID 0x9c010200.
07-31 18:18:05.239  1776  1776 E ndroid.launche: No package ID 9c found for ID 0x9c010300.
07-31 18:18:05.239  1776  1776 E ndroid.launche: No package ID 9c found for ID 0x9c010400.
07-31 18:18:05.239  1776  1776 E ndroid.launche: No package ID 9c found for ID 0x9c010001.
07-31 18:18:05.239  1776  1776 E ndroid.launche: No package ID 9c found for ID 0x9c010101.
07-31 18:18:05.239  1776  1776 E ndroid.launche: No package ID 9c found for ID 0x9c010201.
07-31 18:18:05.240  1776  1776 E ndroid.launche: No package ID 9c found for ID 0x9c010301.
07-31 18:18:05.240  1776  1776 E ndroid.launche: No package ID 9c found for ID 0x9c010401.
07-31 18:18:05.240  1776  1776 E ndroid.launche: No package ID 9c found for ID 0x9c010500.
07-31 18:18:05.240  1776  1776 E ndroid.launche: No package ID 9c found for ID 0x9c010002.
07-31 18:18:05.243  1776  1776 W HwLauncher: TalkBackHelper needAnnounceAbilityForm input parameter is null
07-31 18:18:05.245  1776  1776 W HwLauncher: TalkBackHelper needAnnounceAbilityForm input parameter is null
07-31 18:18:05.245  1776  1867 W ndroid.launche: Reducing the number of considered missed Gc histogram windows from 215 to 100
07-31 18:18:05.249  1776  1776 W HwLauncher: TalkBackHelper needAnnounceAbilityForm input parameter is null
07-31 18:18:05.250  1776  1776 E ndroid.launche: No package ID 9c found for ID 0x9c010003.
07-31 18:18:05.251  1776  1776 E ndroid.launche: No package ID 9c found for ID 0x9c010103.
07-31 18:18:05.251  1776  1776 E ndroid.launche: No package ID 9c found for ID 0x9c010203.
07-31 18:18:05.252  1776  1776 E ndroid.launche: No package ID 9c found for ID 0x9c010303.
07-31 18:18:05.252  1776  1776 E ndroid.launche: No package ID 9c found for ID 0x9c010403.
07-31 18:18:05.252  1776  1776 E ndroid.launche: No package ID 9c found for ID 0x9c010503.
07-31 18:18:05.253  1776  1776 E ndroid.launche: No package ID 9c found for ID 0x9c010004.
07-31 18:18:05.253  1851  4391 I Binder  : dump {serviceName:HwActivityManagerService, formatArgs:activities, callChain:/apex/com.android.adbd/bin/adbd->dumpsys}
07-31 18:18:05.253  1776  1776 E ndroid.launche: No package ID 9c found for ID 0x9c010104.
07-31 18:18:05.255  1776  1869 W System  : A resource failed to call release. 
07-31 18:18:05.261   907   907 I Layer   : Surface(name=WallpaperWindowToken{aad14fe token=android.os.Binder@49418b9})/@0x95a3625 - animation-leash of window_animation#13784: destroyed
07-31 18:18:05.266  1776  1776 E ndroid.launche: No package ID 9c found for ID 0x9c010104.
07-31 18:18:05.268  1776  1776 E ndroid.launche: No package ID 9c found for ID 0x9c010304.
07-31 18:18:05.269  1776  1776 E ndroid.launche: No package ID 9c found for ID 0x9c010404.
07-31 18:18:05.271  1776  1776 E ndroid.launche: No package ID 9c found for ID 0x9c010504.
07-31 18:18:05.271  1776  1776 E ndroid.launche: No package ID 9c found for ID 0x9c010604.
07-31 18:18:05.272  1776  1776 E ndroid.launche: No package ID 9c found for ID 0x9c010604.
07-31 18:18:05.274  1776  1776 E ndroid.launche: No package ID 9c found for ID 0x9c020000.
07-31 18:18:05.274  1776  1776 W HwLauncher: TalkBackHelper needAnnounceAbilityForm input parameter is null
07-31 18:18:05.286  1776  1776 W HwLauncher: TalkBackHelper needAnnounceAbilityForm input parameter is null
07-31 18:18:05.294  1776  1776 W HwLauncher: TalkBackHelper needAnnounceAbilityForm input parameter is null
07-31 18:18:05.301  1776  1776 W HwLauncher: TalkBackHelper needAnnounceAbilityForm input parameter is null
07-31 18:18:05.302  1776  1776 E ndroid.launche: Invalid ID 0x9b000000.
07-31 18:18:05.302  1776  1776 E ndroid.launche: No package ID 9b found for ID 0x9b010100.
07-31 18:18:05.303  1776  1776 E ndroid.launche: No package ID 9b found for ID 0x9b020200.
07-31 18:18:05.303  1776  1776 E ndroid.launche: No package ID 9b found for ID 0x9b030300.
07-31 18:18:05.304  1776  1776 E ndroid.launche: No package ID 9b found for ID 0x9b040400.
07-31 18:18:05.304  1776  1776 E ndroid.launche: No package ID 9b found for ID 0x9b050500.
07-31 18:18:05.305  1776  1776 E ndroid.launche: No package ID 9b found for ID 0x9b060600.
07-31 18:18:05.306  1776  1776 E ndroid.launche: No package ID 9b found for ID 0x9b090900.
07-31 18:18:05.306  1776  1776 E ndroid.launche: No package ID 9b found for ID 0x9b090900.
07-31 18:18:05.306  1776  1776 E ndroid.launche: No package ID 9b found for ID 0x9b090900.
07-31 18:18:05.307  1776  1776 E ndroid.launche: No package ID 9b found for ID 0x9b090900.
07-31 18:18:05.307  1776  1776 E ndroid.launche: No package ID 9b found for ID 0x9b080800.
07-31 18:18:05.308  1776  1776 E ndroid.launche: No package ID 9b found for ID 0x9b080800.
07-31 18:18:05.308  1776  1776 E ndroid.launche: No package ID 9b found for ID 0x9b070700.
07-31 18:18:05.309  1776  1776 E ndroid.launche: No package ID 9b found for ID 0x9b060600.
07-31 18:18:05.310  1776  1776 E ndroid.launche: No package ID 9b found for ID 0x9b050500.
07-31 18:18:05.310  1776  1776 E ndroid.launche: No package ID 9b found for ID 0x9b040400.
07-31 18:18:05.338  1851  9972 I Binder  : dump {serviceName:HwActivityManagerService, formatArgs:activities, callChain:/apex/com.android.adbd/bin/adbd->dumpsys}
07-31 18:18:05.391  1776  1776 E ndroid.launche: Invalid ID 0x9c000000.
07-31 18:18:05.391  1776  1776 E ndroid.launche: Invalid ID 0x9c000003.
07-31 18:18:05.391  1776  1776 E ndroid.launche: Invalid ID 0x9c000203.
07-31 18:18:05.391  1776  1776 E ndroid.launche: Invalid ID 0x9c000403.
07-31 18:18:05.391  1776  1776 E ndroid.launche: Invalid ID 0x9c000503.
07-31 18:18:05.391  1776  1776 E ndroid.launche: Invalid ID 0x9c000204.
07-31 18:18:05.391  1776  1776 E ndroid.launche: Invalid ID 0x9c000304.
07-31 18:18:05.391  1776  1776 E ndroid.launche: Invalid ID 0x9c000404.
07-31 18:18:05.391  1776  1776 E ndroid.launche: Invalid ID 0x9c000604.
07-31 18:18:05.409  1776  1776 W HwLauncher: TalkBackHelper needAnnounceAbilityForm input parameter is null
07-31 18:18:05.416  1851  9972 I Binder  : dump {serviceName:HwActivityManagerService, formatArgs:services, callChain:/apex/com.android.adbd/bin/adbd->dumpsys}
07-31 18:18:05.416  1776  1776 W HwLauncher: TalkBackHelper needAnnounceAbilityForm input parameter is null
07-31 18:18:05.418  1776  1776 E ndroid.launche: No package ID 9c found for ID 0x9c010000.
07-31 18:18:05.418  1776  1776 E ndroid.launche: No package ID 9c found for ID 0x9c010100.
07-31 18:18:05.418  1776  1776 E ndroid.launche: No package ID 9c found for ID 0x9c010200.
07-31 18:18:05.418  1776  1776 E ndroid.launche: No package ID 9c found for ID 0x9c010300.
07-31 18:18:05.418  1776  1776 E ndroid.launche: No package ID 9c found for ID 0x9c010400.
07-31 18:18:05.418  1776  1776 E ndroid.launche: No package ID 9c found for ID 0x9c010001.
07-31 18:18:05.418  1776  1776 E ndroid.launche: No package ID 9c found for ID 0x9c010101.
07-31 18:18:05.421  1776  1776 E ndroid.launche: No package ID 9c found for ID 0x9c010201.
07-31 18:18:05.421  1776  1776 W HwLauncher: TalkBackHelper needAnnounceAbilityForm input parameter is null
07-31 18:18:05.422  1776  1776 E ndroid.launche: No package ID 9c found for ID 0x9c010301.
07-31 18:18:05.423  1776  1776 E ndroid.launche: No package ID 9c found for ID 0x9c010401.
07-31 18:18:05.423  1776  1776 W HwLauncher: TalkBackHelper needAnnounceAbilityForm input parameter is null
07-31 18:18:05.424  1776  1776 E ndroid.launche: No package ID 9c found for ID 0x9c010500.
07-31 18:18:05.424  1776  1776 W HwLauncher: TalkBackHelper needAnnounceAbilityForm input parameter is null
07-31 18:18:05.427  1776  1776 E ndroid.launche: No package ID 9c found for ID 0x9c010002.
07-31 18:18:05.428  1776  1776 E ndroid.launche: No package ID 9c found for ID 0x9c010003.
07-31 18:18:05.428  1776  1776 E ndroid.launche: No package ID 9c found for ID 0x9c010103.
07-31 18:18:05.430  1776  1776 E ndroid.launche: No package ID 9c found for ID 0x9c010203.
07-31 18:18:05.431  1776  1776 E ndroid.launche: No package ID 9c found for ID 0x9c010303.
07-31 18:18:05.431  1776  1776 E ndroid.launche: No package ID 9c found for ID 0x9c010403.
07-31 18:18:05.432  1776  1776 E ndroid.launche: No package ID 9c found for ID 0x9c010503.
07-31 18:18:05.432  1776  1776 E ndroid.launche: No package ID 9c found for ID 0x9c010004.
07-31 18:18:05.433  1776  1776 E ndroid.launche: No package ID 9c found for ID 0x9c010104.
07-31 18:18:05.433  1776  1776 E ndroid.launche: No package ID 9c found for ID 0x9c010104.
07-31 18:18:05.434  1776  1776 E ndroid.launche: No package ID 9c found for ID 0x9c010304.
07-31 18:18:05.434  1776  1776 E ndroid.launche: No package ID 9c found for ID 0x9c010404.
07-31 18:18:05.435  1776  1776 E ndroid.launche: No package ID 9c found for ID 0x9c010504.
07-31 18:18:05.436  1776  1776 E ndroid.launche: No package ID 9c found for ID 0x9c010604.
07-31 18:18:05.436  1776  1776 E ndroid.launche: No package ID 9c found for ID 0x9c010604.
07-31 18:18:05.437  1776  1776 E ndroid.launche: No package ID 9c found for ID 0x9c020000.
07-31 18:18:05.437  1776  1776 W HwLauncher: TalkBackHelper needAnnounceAbilityForm input parameter is null
07-31 18:18:05.437  1776  1776 W HwLauncher: TalkBackHelper needAnnounceAbilityForm input parameter is null
07-31 18:18:05.455  1776  1776 W HwLauncher: TalkBackHelper needAnnounceAbilityForm input parameter is null
07-31 18:18:05.475  1851  1862 W System  : A resource failed to call close. 
07-31 18:18:05.495  1776  1776 W HwLauncher: TalkBackHelper needAnnounceAbilityForm input parameter is null
07-31 18:18:05.498  1776  1776 E ndroid.launche: Invalid ID 0x9b000000.
07-31 18:18:05.499  1776  1776 E ndroid.launche: No package ID 9b found for ID 0x9b010100.
07-31 18:18:05.499  1776  1776 E ndroid.launche: No package ID 9b found for ID 0x9b020200.
07-31 18:18:05.499  1776  1776 E ndroid.launche: No package ID 9b found for ID 0x9b030300.
07-31 18:18:05.499  1776  1776 E ndroid.launche: No package ID 9b found for ID 0x9b040400.
07-31 18:18:05.499  1776  1776 E ndroid.launche: No package ID 9b found for ID 0x9b050500.
07-31 18:18:05.499  1776  1776 E ndroid.launche: No package ID 9b found for ID 0x9b060600.
07-31 18:18:05.499  1776  1776 E ndroid.launche: No package ID 9b found for ID 0x9b090900.
07-31 18:18:05.499  1776  1776 E ndroid.launche: No package ID 9b found for ID 0x9b090900.
07-31 18:18:05.504  1776  1776 E ndroid.launche: No package ID 9b found for ID 0x9b090900.
07-31 18:18:05.505  1776  1776 E ndroid.launche: No package ID 9b found for ID 0x9b090900.
07-31 18:18:05.507  1776  1776 E ndroid.launche: No package ID 9b found for ID 0x9b080800.
07-31 18:18:05.508  1776  1776 E ndroid.launche: No package ID 9b found for ID 0x9b080800.
07-31 18:18:05.510  1776  1776 W ContextImpl: Failed to ensure /data/user_de/11/com.huawei.android.totemweather/shared_prefs: mkdir failed: EACCES (Permission denied)
07-31 18:18:05.511  1776  1776 W ContextImpl: Failed to ensure /data/user_de/11/com.huawei.android.totemweather/shared_prefs: mkdir failed: EACCES (Permission denied)
07-31 18:18:05.511  1776  1776 W ContextImpl: Failed to ensure /data/user_de/11/com.huawei.android.totemweather/shared_prefs: mkdir failed: EACCES (Permission denied)
07-31 18:18:05.512  1776  1776 E ndroid.launche: No package ID 9b found for ID 0x9b070700.
07-31 18:18:05.514  1776  1776 W ContextImpl: Failed to ensure /data/user_de/11/com.huawei.android.totemweather/shared_prefs: mkdir failed: EACCES (Permission denied)
07-31 18:18:05.514  1776  1776 W ContextImpl: Failed to ensure /data/user_de/11/com.huawei.android.totemweather/shared_prefs: mkdir failed: EACCES (Permission denied)
07-31 18:18:05.515  1776  1776 W ContextImpl: Failed to ensure /data/user_de/11/com.huawei.android.totemweather/shared_prefs: mkdir failed: EACCES (Permission denied)
07-31 18:18:05.524  1776  1776 E ndroid.launche: No package ID 9b found for ID 0x9b060600.
07-31 18:18:05.526  1851  9972 I HwActivityManagerServiceEx: provider is prevented for not-prevent
07-31 18:18:05.528  1851  9972 I ContentProviderHelper: Successfully start provider ContentProviderRecord{f44a71c u11 com.huawei.android.totemweather/.provider.SharedPreferenceProvider} launchingApp=null caller pid= 1776
07-31 18:18:05.528  4588  4837 E NumberUtils: Number Format err! str: 
07-31 18:18:05.529  4588  5225 I PG_ash  : pkg com.huawei.android.launcher calling: com.huawei.android.totemweather, pid: -1 ,type: acquire_provider
07-31 18:18:05.529  4588  5225 I PG_ash  : com.huawei.android.totemweather is called by front app, D to R
07-31 18:18:05.529  4588  5225 I ash_trans: com.huawei.android.totemweather { doze duration=2336237 Uptime=2336237 } transition to: running reason:be_called_acquire_provider
07-31 18:18:05.529  4588  5225 I PG_ash  : clear_nap unP_GPS : com.huawei.android.totemweather
07-31 18:18:05.530  1851  9972 I HwActivityManagerServiceEx: provider is prevented for not-prevent
07-31 18:18:05.530  1851  9972 I ContentProviderHelper: Successfully start provider ContentProviderRecord{f44a71c u11 com.huawei.android.totemweather/.provider.SharedPreferenceProvider} launchingApp=null caller pid= 1776
07-31 18:18:05.531  1851  4391 I PGManagerService: unproxy gps com.huawei.android.totemweather 10061 success
07-31 18:18:05.531  1851  4391 I PGManagerService: unproxy gps com.huawei.android.totemweather 1110061 success
07-31 18:18:05.531  1851  4391 I PGManagerService: unproxy gps com.huawei.android.totemweather 1199068 success
07-31 18:18:05.531  4588  5225 I PG_ash  : unP_gps com.huawei.android.totemweather OK !
07-31 18:18:05.531  4588  5225 I PG_ash  : perform running actions!
07-31 18:18:05.531  4588  5225 I PG_ash  : running package: com.huawei.android.totemweather, visible: false
07-31 18:18:05.531  4588  5225 I PG_ash  : has widget app: com.huawei.android.totemweather
07-31 18:18:05.529  4588  4588 W com.huawei.iaware: type=1400 audit(0.0:123320): avc: granted { getattr } for comm=616374696F6E732068616E646C6572 path="/data/system/users/0/appwidgets.xml" dev="sdd88" ino=172212 scontext=u:r:system_app:s0 tcontext=u:object_r:system_data_file:s0 tclass=file
07-31 18:18:05.538  1776  1776 E ndroid.launche: No package ID 9b found for ID 0x9b050500.
07-31 18:18:05.542  4741  4924 I OllieMsgCenter: publishEvt=2135097353
07-31 18:18:05.545  1776  1776 E ndroid.launche: No package ID 9b found for ID 0x9b040400.
07-31 18:18:05.549  1851  1920 I HwAmbientLuxFilterAlgo: SceneBufferAmbientLux input error,end=30,start=-141,bufferSize=59
07-31 18:18:05.656  1851  4076 I TrafficMonitor: update:rxPkts:745,txPkts:3004,rxBytes:47039,txBytes:3740341
07-31 18:18:05.656  1851  4076 I TrafficMonitor: no expired. level:3
07-31 18:18:05.656  1851  4076 I TrafficMonitor: gettimer:interval=2000
07-31 18:18:05.656  1851  4076 I TrafficMonitor: during_ms:2003,period_ms:2000
07-31 18:18:05.657  1851  4076 I TrafficMonitor: count:491,rx_sum:745,tx_sum:3004,rxBytes:47039,during_ms:2003,rx_speed:23484.273589615575,tx_speed:1867369.445831253,rto:0.24800266311584554
07-31 18:18:05.657  1851  4076 I HuaweiWifiWatchdogStateMachine: Get speed information rx_speed = 23484 ,tx_speed = 1867369 ,isSpeedOk = true ,mBestSpeedInPeriod = 23484
07-31 18:18:05.665  1776  1776 E ndroid.launche: Invalid ID 0x9c000000.
07-31 18:18:05.666  1776  1776 E ndroid.launche: Invalid ID 0x9c000003.
07-31 18:18:05.667  1776  1776 E ndroid.launche: Invalid ID 0x9c000203.
07-31 18:18:05.667  1776  1776 E ndroid.launche: Invalid ID 0x9c000403.
07-31 18:18:05.667  1776  1776 E ndroid.launche: Invalid ID 0x9c000503.
07-31 18:18:05.672   907  1282 I SurfaceFlinger: hasCaptureBlackoutContentPermission: pid 23652, uid 2000, checkPermissionResult is false
07-31 18:18:05.672   907  1282 I SurfaceFlinger: captureDisplay: end, status 0
07-31 18:18:05.677   595   595 I hwservicemanager: getTransport: Cannot find entry android.hardware.graphics.mapper@4.0::IMapper/default in either framework or device VINTF manifest.
07-31 18:18:05.677 23652 23658 I Gralloc4: mapper 4.x is not supported
07-31 18:18:05.678   595   595 I hwservicemanager: getTransport: Cannot find entry android.hardware.graphics.mapper@3.0::IMapper/default in either framework or device VINTF manifest.
07-31 18:18:05.678 23652 23658 W Gralloc3: mapper 3.x is not supported
07-31 18:18:05.681  1776  1776 W HwLauncher: TalkBackHelper needAnnounceAbilityForm input parameter is null
07-31 18:18:05.692  1776  1776 W HwLauncher: TalkBackHelper needAnnounceAbilityForm input parameter is null
07-31 18:18:05.693  1776  1776 E ndroid.launche: Invalid ID 0x9c000204.
07-31 18:18:05.694  1776  1776 E ndroid.launche: Invalid ID 0x9c000304.
07-31 18:18:05.695  1776  1776 E ndroid.launche: Invalid ID 0x9c000404.
07-31 18:18:05.696  1776  1776 E ndroid.launche: Invalid ID 0x9c000604.
07-31 18:18:05.698  1776  1776 E ndroid.launche: No package ID 9c found for ID 0x9c010000.
07-31 18:18:05.699  1776  1776 E ndroid.launche: No package ID 9c found for ID 0x9c010100.
07-31 18:18:05.700  1776  1776 E ndroid.launche: No package ID 9c found for ID 0x9c010200.
07-31 18:18:05.701  1776  1776 E ndroid.launche: No package ID 9c found for ID 0x9c010300.
07-31 18:18:05.701  1776  1776 E ndroid.launche: No package ID 9c found for ID 0x9c010400.
07-31 18:18:05.702  1776  1776 E ndroid.launche: No package ID 9c found for ID 0x9c010001.
07-31 18:18:05.702  1776  1776 E ndroid.launche: No package ID 9c found for ID 0x9c010101.
07-31 18:18:05.703  1776  1776 E ndroid.launche: No package ID 9c found for ID 0x9c010201.
07-31 18:18:05.703  1776  1776 W HwLauncher: TalkBackHelper needAnnounceAbilityForm input parameter is null
07-31 18:18:05.705  1776  1776 E ndroid.launche: No package ID 9c found for ID 0x9c010301.
07-31 18:18:05.705  1776  1776 E ndroid.launche: No package ID 9c found for ID 0x9c010401.
07-31 18:18:05.705  1776  1776 W HwLauncher: TalkBackHelper needAnnounceAbilityForm input parameter is null
07-31 18:18:05.707  1776  1776 E ndroid.launche: No package ID 9c found for ID 0x9c010500.
07-31 18:18:05.707  1776  1776 W HwLauncher: TalkBackHelper needAnnounceAbilityForm input parameter is null
07-31 18:18:05.711  1776  1776 E ndroid.launche: No package ID 9c found for ID 0x9c010002.
07-31 18:18:05.713  1776  1776 E ndroid.launche: No package ID 9c found for ID 0x9c010003.
07-31 18:18:05.714  1776  1776 E ndroid.launche: No package ID 9c found for ID 0x9c010103.
07-31 18:18:05.714  1776  1776 E ndroid.launche: No package ID 9c found for ID 0x9c010203.
07-31 18:18:05.715  1776  1776 E ndroid.launche: No package ID 9c found for ID 0x9c010303.
07-31 18:18:05.716  1776  1776 E ndroid.launche: No package ID 9c found for ID 0x9c010403.
07-31 18:18:05.716  1776  1776 E ndroid.launche: No package ID 9c found for ID 0x9c010503.
07-31 18:18:05.717  1776  1776 E ndroid.launche: No package ID 9c found for ID 0x9c010004.
07-31 18:18:05.718  1776  1776 E ndroid.launche: No package ID 9c found for ID 0x9c010104.
07-31 18:18:05.719  1776  1776 E ndroid.launche: No package ID 9c found for ID 0x9c010104.
07-31 18:18:05.719  1776  1776 E ndroid.launche: No package ID 9c found for ID 0x9c010304.
07-31 18:18:05.720  1776  1776 E ndroid.launche: No package ID 9c found for ID 0x9c010404.
07-31 18:18:05.721  1776  1776 E ndroid.launche: No package ID 9c found for ID 0x9c010504.
07-31 18:18:05.721  1776  1776 E ndroid.launche: No package ID 9c found for ID 0x9c010604.
07-31 18:18:05.722  1776  1776 E ndroid.launche: No package ID 9c found for ID 0x9c010604.
07-31 18:18:05.723  1776  1776 E ndroid.launche: No package ID 9c found for ID 0x9c020000.
07-31 18:18:05.723  1776  1776 W HwLauncher: TalkBackHelper needAnnounceAbilityForm input parameter is null
07-31 18:18:05.723  1776  1776 W HwLauncher: TalkBackHelper needAnnounceAbilityForm input parameter is null
07-31 18:18:05.735  1776  1776 W HwLauncher: TalkBackHelper needAnnounceAbilityForm input parameter is null
07-31 18:18:05.755  1776  1776 W HwLauncher: TalkBackHelper needAnnounceAbilityForm input parameter is null
07-31 18:18:05.757  1776  1776 E ndroid.launche: Invalid ID 0x9b000000.
07-31 18:18:05.757  1776  1776 E ndroid.launche: No package ID 9b found for ID 0x9b010100.
07-31 18:18:05.757  1776  1776 E ndroid.launche: No package ID 9b found for ID 0x9b020200.
07-31 18:18:05.757  1776  1776 E ndroid.launche: No package ID 9b found for ID 0x9b030300.
07-31 18:18:05.757  1776  1776 E ndroid.launche: No package ID 9b found for ID 0x9b040400.
07-31 18:18:05.759  1776  1776 E ndroid.launche: No package ID 9b found for ID 0x9b050500.
07-31 18:18:05.760  1776  1776 E ndroid.launche: No package ID 9b found for ID 0x9b060600.
07-31 18:18:05.763  1776  1776 E ndroid.launche: No package ID 9b found for ID 0x9b090900.
07-31 18:18:05.763  1776  1776 E ndroid.launche: No package ID 9b found for ID 0x9b090900.
07-31 18:18:05.763  1776  1776 E ndroid.launche: No package ID 9b found for ID 0x9b090900.
07-31 18:18:05.763  1776  1776 E ndroid.launche: No package ID 9b found for ID 0x9b090900.
07-31 18:18:05.763  1776  1776 E ndroid.launche: No package ID 9b found for ID 0x9b080800.
07-31 18:18:05.763  1776  1776 E ndroid.launche: No package ID 9b found for ID 0x9b080800.
07-31 18:18:05.763  1776  1776 E ndroid.launche: No package ID 9b found for ID 0x9b070700.
07-31 18:18:05.763  1776  1776 E ndroid.launche: No package ID 9b found for ID 0x9b060600.
07-31 18:18:05.763  1776  1776 E ndroid.launche: No package ID 9b found for ID 0x9b050500.
07-31 18:18:05.763  4588  6166 I AppInfo : getPid size is bad, size: -1
07-31 18:18:05.764  4588  6166 I PGServer: android calls fast HApps
07-31 18:18:05.764  4588  6166 I AppAct  : fastHibernation hurry_h pkg list: [com.simplemobiletools.voicerecorder]
07-31 18:18:05.764  4588  5225 I PG_ash  : request H pkgs: [com.simplemobiletools.voicerecorder] reason: hurry_h
07-31 18:18:05.765  4588  5225 I PG_ash  : com.simplemobiletools.voicerecorder not check download condition with no dl requisites
07-31 18:18:05.766  1776  1776 E ndroid.launche: No package ID 9b found for ID 0x9b040400.
07-31 18:18:05.766  4588  5225 I ash_trans: com.simplemobiletools.voicerecorder { running duration=2328579 Uptime=2328578 } transition to: doze reason:
07-31 18:18:05.778  1851  2072 I HwInputMethodManagerService: isFlagExists  value = true, userId = 11
07-31 18:18:05.790  1851  2072 I HwInputMethodManagerService: isFlagExists  value = true, userId = 11
07-31 18:18:05.790  1851  2072 W InputMethodManagerService: buildInputMethodListLocked: Skipping IME com.huawei.secime
07-31 18:18:05.793  1851  2072 I HwInputMethodManagerService: isFlagExists  value = true, userId = 11
07-31 18:18:05.797  1851  2072 I HwInputMethodManagerService: isFlagExists  value = true, userId = 11
07-31 18:18:05.802  4588  5225 I APwPowerPolicy: ignore smart optimize and unkown gps pkg: com.simplemobiletools.voicerecorder duration:0
07-31 18:18:05.802  4588  5225 I PG_ash  : perform_nap P_GPS : com.simplemobiletools.voicerecorder
07-31 18:18:05.803  4588  5225 I PG_ash  : perform_nap set bgcheck : com.simplemobiletools.voicerecorder
07-31 18:18:05.803  4588  5225 I PG_ash  : perform_nap P_job : com.simplemobiletools.voicerecorder
07-31 18:18:05.805  1851  4391 I PGManagerService: proxy gps com.simplemobiletools.voicerecorder 10227 success
07-31 18:18:05.806  1851  4391 I PGManagerService: proxy gps com.simplemobiletools.voicerecorder 1110227 success
07-31 18:18:05.806  1851  4391 I PGManagerService: proxyJob, sub type:0, list: [com.simplemobiletools.voicerecorder]
07-31 18:18:05.807  4588  5225 I PG_ash  : P_GPS com.simplemobiletools.voicerecorder OK !
07-31 18:18:05.807  4588  5225 I PG_ash  : set bgcheck com.simplemobiletools.voicerecorder OK !
07-31 18:18:05.807  4588  5225 I PG_ash  : P_job com.simplemobiletools.voicerecorder OK !
07-31 18:18:05.807  4588  5225 I PG_ash  : nap package: com.simplemobiletools.voicerecorder, visible: false, bgTime: 1770, scrOff: false
07-31 18:18:05.807  4588  5225 I PG_ash  : com.huawei.lbs timeout trigger time sources: BinderCall, triggerTime: 288092543
07-31 18:18:05.807  4588  5225 I PG_ash  : com.huawei.lbs update time, cur: 288122549, trigger: 288092543
07-31 18:18:05.808  4588  5225 I AppManager: check dependency pid: 1693 is depended by pid: 1851
07-31 18:18:05.808  4588  5225 I PG_ash  :  can not ignore depended about hide app: com.huawei.lbs
07-31 18:18:05.836  1851  4172 I WifiNl80211Manager: Noise: -90, Snr: 32, Chload: 150, rssi: -61, txBitrate: 229, rxBitrate: 229, frequency: 5745, UlDelay: 0, currentTxBytes: -1706523041, currentTxPackets: 6384812, currentTxFailed: 12, currentRxBytes: 224110251, currentRxPackets: 1611127
07-31 18:18:05.837  1851  4168 I WiFi_PRO: MSG_RETURN_AP_CURRY_RSSI rssi = -61
07-31 18:18:05.837  1851  4168 I QosMonitor: queryRtt: rttType = 3
07-31 18:18:05.837  1851  4168 I QosMonitor: call ctrlHwWifiNetwork
07-31 18:18:05.838  1851  4172 I HuaweiWifiWatchdogStateMachine: high data flow: protection_counter = 0,  not_detect_counter = 1166
07-31 18:18:05.838  1851  4172 I HuaweiWifiWatchdogStateMachine: high data flow scenario: 0 --> 0 rx rate =8KB/s
07-31 18:18:05.838  1851  4168 I QosMonitor: postEventFromNative: msg=100,arg1=4,arg2=10
07-31 18:18:05.838  1851  4172 I HuaweiWifiWatchdogStateMachine: POta txb txg rxg:0, 5011, 0. Lr =0% Totpkt=5011
07-31 18:18:05.838  1851  4168 I QosMonitor: call ctrlHwWifiNetwork
07-31 18:18:05.839  1851  4168 I QosMonitor: postEventFromNative: msg=100,arg1=0,arg2=10
07-31 18:18:05.839  1851  4168 I MQoS    : rtt=448,tcpTxPkts=683786,tcpRxPkts=918915
07-31 18:18:05.841  1851  4172 I HuaweiWifiWatchdogStateMachine: PTcp RTT:0, rtt pkt=0, tcp_rx=0, tcp_tx=0, tcp_reTran=0, rtRate=0
07-31 18:18:05.841  1851  4172 I HuaweiWifiWatchdogStateMachine: start computeQosLevel tcpRtt = 0 ,rssi = -61 ,mBestSpeedInPeriod = 23484
07-31 18:18:05.841  1851  4172 I HuaweiWifiWatchdogStateMachine: smoothConsecutiveQosResults, currentQosLevel = 3
07-31 18:18:05.841  1851 11821 I MQoS    : QOS_level:0(0),wifi-link;SIM error;use level-0
07-31 18:18:05.841  1851  4168 I QosMonitor: resetRtt: rttType = 3
07-31 18:18:05.841  1851  4168 I QosMonitor: call ctrlHwWifiNetwork
07-31 18:18:05.864  1776  1776 E ndroid.launche: Invalid ID 0x9c000000.
07-31 18:18:05.865  4588  5225 I PG_ash  : com.simplemobiletools.voicerecorder timeout trigger time sources: BgBroadcast, triggerTime: 0
07-31 18:18:05.866  4588  5225 I PG_ash  : com.simplemobiletools.voicerecorder update time, cur: 288122607, trigger: 0
07-31 18:18:05.867  4588  5225 I PG_ash  : com.simplemobiletools.voicerecorder not check download condition with no dl requisites
07-31 18:18:05.868  4588  5225 I ash_trans: com.simplemobiletools.voicerecorder { doze duration=101 Uptime=102 } transition to: hibernation reason:
07-31 18:18:05.869  4588  5225 I PG_ash  : H takeover action: 2
07-31 18:18:05.869  4588  5225 I PG_ash  : H takeover action: 6
07-31 18:18:05.869  4588  5225 I PG_ash  : perform H actions: com.simplemobiletools.voicerecorder
07-31 18:18:05.870   637   637 I android.system.suspend@1.0-service: incSuspendCounter kname=native_PowerManagerService.WakeLocks ++mSuspendCounter= 3
07-31 18:18:05.873  4588  5225 I PG_ash  : pending H_B com.simplemobiletools.voicerecorder pkgs: [com.simplemobiletools.voicerecorder]
07-31 18:18:05.874  4588  5225 I PG_ash  : Pending com.simplemobiletools.voicerecorder H_B OK !
07-31 18:18:05.874  4588  5225 I PG_ash  : h takeover P_GPS pkg:com.simplemobiletools.voicerecorder
07-31 18:18:05.874  4588  5225 I PG_ash  : h takeover P_job pkg:com.simplemobiletools.voicerecorder
07-31 18:18:05.874  1776  1776 E ndroid.launche: Invalid ID 0x9c000003.
07-31 18:18:05.874  1776  1776 W HwLauncher: TalkBackHelper needAnnounceAbilityForm input parameter is null
07-31 18:18:05.875  1851  2072 I PGManagerService: proxy config:6 ,com.simplemobiletools.voicerecorder ,[android.intent.action.ACTION_POWER_CONNECTED, android.intent.action.ACTION_POWER_DISCONNECTED]
07-31 18:18:05.876  1851  2072 I HwBroadcastQueue: proxy foreground bc config [6][com.simplemobiletools.voicerecorder][[android.intent.action.ACTION_POWER_CONNECTED, android.intent.action.ACTION_POWER_DISCONNECTED]]
07-31 18:18:05.877  4588  5225 I PGManagerAdapter: Config type:6 key:com.simplemobiletools.voicerecorder value:[android.intent.action.ACTION_POWER_CONNECTED, android.intent.action.ACTION_POWER_DISCONNECTED]
07-31 18:18:05.878  1851  2072 I PGManagerService: proxyBroadcast:[com.simplemobiletools.voicerecorder] proxy:true
07-31 18:18:05.878  4588  5225 I PG_ash  : P_BC com.simplemobiletools.voicerecorder OK ! delayMs:0
07-31 18:18:05.878  4588  5225 I PG_ash  : perform delay action: com.simplemobiletools.voicerecorder
07-31 18:18:05.878  1776  1776 E ndroid.launche: Invalid ID 0x9c000203.
07-31 18:18:05.878  1350 13177 I Pged-IPgedBinderService: ****action is 1, pid num is 2***
07-31 18:18:05.879  1350 13177 I Pged-Freezer: freezePids
07-31 18:18:05.879  1350 13177 I Pged-Freezer: check recent binder
07-31 18:18:05.879  1350 13177 I Pged-Freezer: Freeze process: 19985
07-31 18:18:05.879  1776  1776 W HwLauncher: TalkBackHelper needAnnounceAbilityForm input parameter is null
07-31 18:18:05.879  1350 13177 I Pged-Freezer: get tgid:19985
07-31 18:18:05.880  4588  5225 I PGServer: report state:6 event type:1 pid:0 uid:1110227 pkg:com.simplemobiletools.voicerecorder to pid: 1851
07-31 18:18:05.880  4588  5225 I PGServer: report state:100 event type:1 pid:0 uid:1110227 pkg:19985 to pid: 1851
07-31 18:18:05.880  4588  5225 I PG_ash  : F_Z com.simplemobiletools.voicerecorder OK ! Type: -1
07-31 18:18:05.880  4588  5225 I PG_ash  : h takeover P_Sensor pkg:com.simplemobiletools.voicerecorder
07-31 18:18:05.881  1851  2072 I SWAP_Scene: Entering notifySceneData notifySceneData. EventType:FREEZE pkg:com.simplemobiletools.voicerecorder uid:1110227 pid:0 proc: activity:null
07-31 18:18:05.881  1851  2072 I PGManagerService: pid:19985 uid:1110227 proxy:true
07-31 18:18:05.882  4588  5225 I PG_ash  : P_wl uids = [1110227] pids = [19985]
07-31 18:18:05.883  4588  5225 I PG_ash  : com.simplemobiletools.voicerecorder delay restrict net due to hurryh, delay : 3000
07-31 18:18:05.885  1776  1776 E ndroid.launche: Invalid ID 0x9c000403.
07-31 18:18:05.886   637   637 I android.system.suspend@1.0-service: decSuspendCounter kname=native_PowerManagerService.WakeLocks --mSuspendCounter= 2
07-31 18:18:05.886  1776  1776 E ndroid.launche: Invalid ID 0x9c000503.
07-31 18:18:05.887  1776  1776 E ndroid.launche: Invalid ID 0x9c000204.
07-31 18:18:05.887  1776  1776 E ndroid.launche: Invalid ID 0x9c000304.
07-31 18:18:05.888  1776  1776 E ndroid.launche: Invalid ID 0x9c000404.
07-31 18:18:05.888  1325  2088 I dubaid  : [AmbientTempCalculator.cpp] UpdateSampleCurrent# Current jump, reset ambient sample.
07-31 18:18:05.889  1776  1776 E ndroid.launche: Invalid ID 0x9c000604.
07-31 18:18:05.890  1776  1776 E ndroid.launche: No package ID 9c found for ID 0x9c010000.
07-31 18:18:05.890  1776  1776 E ndroid.launche: No package ID 9c found for ID 0x9c010100.
07-31 18:18:05.890  1776  1776 E ndroid.launche: No package ID 9c found for ID 0x9c010200.
07-31 18:18:05.890  1776  1776 E ndroid.launche: No package ID 9c found for ID 0x9c010300.
07-31 18:18:05.890  1776  1776 E ndroid.launche: No package ID 9c found for ID 0x9c010400.
07-31 18:18:05.890  1776  1776 E ndroid.launche: No package ID 9c found for ID 0x9c010001.
