07-31 18:18:09.216  2935  3699 W Bundle  : 	at com.huawei.media.scan.MediaScannerEx.handledAction(MediaScannerEx.java:157)
07-31 18:18:09.216  2935  3699 W Bundle  : 	at com.huawei.media.scan.MediaScannerEx.onHandleWorkEx(MediaScannerEx.java:115)
07-31 18:18:09.216  2935  3699 W Bundle  : 	at com.android.providers.media.MediaProvider.onHandleWorkEx(MediaProvider.java:1778)
07-31 18:18:09.216  2935  3699 W Bundle  : 	at com.android.providers.media.MediaService.onHandleWorkEx(MediaService.java:406)
07-31 18:18:09.216  2935  3699 W Bundle  : 	at com.android.providers.media.MediaService.onHandleWork(MediaService.java:152)
07-31 18:18:09.216  2935  3699 W Bundle  : 	at androidx.core.app.JobIntentService$CommandProcessor.doInBackground(JobIntentService.java:396)
07-31 18:18:09.216  2935  3699 W Bundle  : 	at androidx.core.app.JobIntentService$CommandProcessor.doInBackground(JobIntentService.java:387)
07-31 18:18:09.216  2935  3699 W Bundle  : 	at android.os.AsyncTask$3.call(AsyncTask.java:394)
07-31 18:18:09.216  2935  3699 W Bundle  : 	at java.util.concurrent.FutureTask.run(FutureTask.java:266)
07-31 18:18:09.216  2935  3699 W Bundle  : 	at java.util.concurrent.ThreadPoolExecutor.runWorker(ThreadPoolExecutor.java:1167)
07-31 18:18:09.216  2935  3699 W Bundle  : 	at java.util.concurrent.ThreadPoolExecutor$Worker.run(ThreadPoolExecutor.java:641)
07-31 18:18:09.216  2935  3699 W Bundle  : 	at java.lang.Thread.run(Thread.java:933)
07-31 18:18:09.216  2935  3699 I ModernMediaScanner: queryArgs key:= android:query-arg-sql-selection-args cotent:= null
07-31 18:18:09.216  2935  3699 I ModernMediaScanner: queryArgs key:= android:query-arg-sql-sort-order cotent:= _id DESC
07-31 18:18:09.216  2935  3699 W Bundle  : Key android:query-arg-match-favorite expected String but value was a java.lang.Integer.  The default value <null> was returned.
07-31 18:18:09.216  2935  3699 W Bundle  : Attempt to cast generated internal exception:
07-31 18:18:09.216  2935  3699 W Bundle  : java.lang.ClassCastException: java.lang.Integer cannot be cast to java.lang.String
07-31 18:18:09.216  2935  3699 W Bundle  : 	at android.os.BaseBundle.getString(BaseBundle.java:1298)
07-31 18:18:09.216  2935  3699 W Bundle  : 	at com.android.providers.media.scan.ModernMediaScanner$Scan.reconcileAndClean(ModernMediaScanner.java:674)
07-31 18:18:09.216  2935  3699 W Bundle  : 	at com.android.providers.media.scan.ModernMediaScanner$Scan.runInternal(ModernMediaScanner.java:527)
07-31 18:18:09.216  2935  3699 W Bundle  : 	at com.android.providers.media.scan.ModernMediaScanner$Scan.run(ModernMediaScanner.java:503)
07-31 18:18:09.216  2935  3699 W Bundle  : 	at com.android.providers.media.scan.ModernMediaScanner.scanFile(ModernMediaScanner.java:337)
07-31 18:18:09.216  2935  3699 W Bundle  : 	at com.huawei.media.scan.MediaScannerEx.scanFile(MediaScannerEx.java:252)
07-31 18:18:09.216  2935  3699 W Bundle  : 	at com.huawei.media.scan.MediaScannerEx.handleScanSingleFile(MediaScannerEx.java:240)
07-31 18:18:09.216  2935  3699 W Bundle  : 	at com.huawei.media.scan.MediaScannerEx.handledAction(MediaScannerEx.java:157)
07-31 18:18:09.216  2935  3699 W Bundle  : 	at com.huawei.media.scan.MediaScannerEx.onHandleWorkEx(MediaScannerEx.java:115)
07-31 18:18:09.216  2935  3699 W Bundle  : 	at com.android.providers.media.MediaProvider.onHandleWorkEx(MediaProvider.java:1778)
07-31 18:18:09.216  2935  3699 W Bundle  : 	at com.android.providers.media.MediaService.onHandleWorkEx(MediaService.java:406)
07-31 18:18:09.216  2935  3699 W Bundle  : 	at com.android.providers.media.MediaService.onHandleWork(MediaService.java:152)
07-31 18:18:09.216  2935  3699 W Bundle  : 	at androidx.core.app.JobIntentService$CommandProcessor.doInBackground(JobIntentService.java:396)
07-31 18:18:09.216  2935  3699 W Bundle  : 	at androidx.core.app.JobIntentService$CommandProcessor.doInBackground(JobIntentService.java:387)
07-31 18:18:09.216  2935  3699 W Bundle  : 	at android.os.AsyncTask$3.call(AsyncTask.java:394)
07-31 18:18:09.216  2935  3699 W Bundle  : 	at java.util.concurrent.FutureTask.run(FutureTask.java:266)
07-31 18:18:09.216  2935  3699 W Bundle  : 	at java.util.concurrent.ThreadPoolExecutor.runWorker(ThreadPoolExecutor.java:1167)
07-31 18:18:09.216  2935  3699 W Bundle  : 	at java.util.concurrent.ThreadPoolExecutor$Worker.run(ThreadPoolExecutor.java:641)
07-31 18:18:09.216  2935  3699 W Bundle  : 	at java.lang.Thread.run(Thread.java:933)
07-31 18:18:09.216  2935  3699 I ModernMediaScanner: queryArgs key:= android:query-arg-match-favorite cotent:= null
07-31 18:18:09.216  2935  3699 I ModernMediaScanner: reconcileAndClean mUnknownIds size 0
07-31 18:18:09.217  2935  3699 I ModernMediaScanner: runInternal: 2, filename: **/emulated/11/screen_2025-07-31_181805.png**
07-31 18:18:09.217  2935  3699 I MediaProvider: Scanned external_primary due to REASON_DEMAND, found 0 items in 2ms, 0 inserts 0 updates 0 deletes
07-31 18:18:09.217  2935  3699 I MediaService: End Intent { act=android.intent.action.MEDIA_SCANNER_SCAN_FILE dat=file:///sdcard/screen_2025-07-31_181805.png flg=0x1400010 cmp=com.android.providers.media.module/com.android.providers.media.MediaService }
07-31 18:18:09.218   637   637 I android.system.suspend@1.0-service: decSuspendCounter kname=native_PowerManagerService.WakeLocks --mSuspendCounter= 2
07-31 18:18:09.218  2935  2935 I MediaService: onUnbind
07-31 18:18:09.219  2935  2935 I MediaService: onDestroy {MediaVolume name: [external_primary] id: [emulated;11] user: [UserHandle{11}] path: [/storage/emulated/11]}
07-31 18:18:09.400  1851  1920 I HwAmbientLuxFilterAlgo: SceneBufferAmbientLux input error,end=30,start=-141,bufferSize=59
07-31 18:18:09.551  4741  4924 I OllieMsgCenter: publishEvt=2135097353
07-31 18:18:09.664  1851  4076 I TrafficMonitor: update:rxPkts:376,txPkts:3831,rxBytes:21486,txBytes:5467308
07-31 18:18:09.664  1851  4076 I TrafficMonitor: gettimer:interval=2000
07-31 18:18:09.751  1851  1920 I HwAmbientLuxFilterAlgo: SceneBufferAmbientLux input error,end=30,start=-141,bufferSize=59
07-31 18:18:09.830  6713 18752 I MediaProvider: controlDeleteMedia content://media/external_primary/file
07-31 18:18:09.830  6713 18752 I MediaProvider: controlDeleteMedia id: 2653
07-31 18:18:09.845  1851  4172 I WifiNl80211Manager: Noise: -93, Snr: 32, Chload: 89, rssi: -61, txBitrate: 229, rxBitrate: 216, frequency: 5745, UlDelay: 0, currentTxBytes: -1705320291, currentTxPackets: 6385968, currentTxFailed: 12, currentRxBytes: 224131415, currentRxPackets: 1611427
07-31 18:18:09.846  1851  4168 I WiFi_PRO: MSG_RETURN_AP_CURRY_RSSI rssi = -61
07-31 18:18:09.846  1851  4172 I HuaweiWifiWatchdogStateMachine: POta txb txg rxg:0, 1156, 0. Lr =0% Totpkt=1156
07-31 18:18:09.846  1851  4168 I QosMonitor: queryRtt: rttType = 3
07-31 18:18:09.846  1851  4168 I QosMonitor: call ctrlHwWifiNetwork
07-31 18:18:09.849  1851  4168 I QosMonitor: postEventFromNative: msg=100,arg1=4,arg2=10
07-31 18:18:09.850  1851  4168 I QosMonitor: call ctrlHwWifiNetwork
07-31 18:18:09.851  1851  4168 I QosMonitor: postEventFromNative: msg=100,arg1=0,arg2=10
07-31 18:18:09.852  1851  4168 I MQoS    : rtt=448,tcpTxPkts=683786,tcpRxPkts=918915
07-31 18:18:09.853  1851 11821 I HwConnectivityServiceEx: set 1000, metered: false, value: false
07-31 18:18:09.856  1851  4172 I HuaweiWifiWatchdogStateMachine: PTcp RTT:0, rtt pkt=0, tcp_rx=0, tcp_tx=0, tcp_reTran=0, rtRate=0
07-31 18:18:09.856  1851  4172 I HuaweiWifiWatchdogStateMachine: start computeQosLevel tcpRtt = 0 ,rssi = -61 ,mBestSpeedInPeriod = 8347
07-31 18:18:09.856  1851  4172 I HuaweiWifiWatchdogStateMachine: smoothConsecutiveQosResults, currentQosLevel = 3
07-31 18:18:09.857  1851  4168 I QosMonitor: resetRtt: rttType = 3
07-31 18:18:09.857  1851  4168 I QosMonitor: call ctrlHwWifiNetwork
07-31 18:18:09.860  6713 18752 I MediaProvider: controlDeleteMedia end deleteType: -1 deleteCount: 1
07-31 18:18:09.861  1851 11821 I MQoS    : QOS_level:0(0),wifi-link;SIM error;use level-0
07-31 18:18:09.861  1851 11821 I MQoS    : skip-low-Level:0(0),wifi-link;SIM error;use level-0
07-31 18:18:09.861  6713 18752 I MediaProvider: Deleted 0 0 0 0 0 0 0 0 items on external_primary due to com.android.shell
07-31 18:18:10.008  1851  5766 I Binder  : dump {serviceName:BinderService, formatArgs:, callChain:/apex/com.android.adbd/bin/adbd->dumpsys}
07-31 18:18:10.079  4588  5225 I ash_dd  : com.huawei.hiaction not ctrl when screen on, delay to D!
07-31 18:18:10.100  1851  1920 I HwAmbientLuxFilterAlgo: SceneBufferAmbientLux input error,end=30,start=-141,bufferSize=59
07-31 18:18:10.110  1350  8694 I CPU_STATS: iawared: query next cpu load with 2!
07-31 18:18:10.111  1350  8694 I CPU_STATS: total cost time 2008267708 ns
07-31 18:18:10.113  1350  8694 I CPU_STATS: iawared: current total load is 0.135480, capacity : 5166, pre load:  16119208761557, current load : 16120581382623
07-31 18:18:10.117  1350  8694 I CPU_STATS: read once cost time 6631 us
07-31 18:18:10.156  1851  5766 I Binder  : dump {serviceName:InputManagerServiceBridge, formatArgs:, callChain:/apex/com.android.adbd/bin/adbd->dumpsys}
07-31 18:18:10.311  1851  5766 I ActivityManager: Force stopping com.simplemobiletools.voicerecorder appid=10227 user=0: from pid 23695by app
07-31 18:18:10.315  1851  5766 I ActivityManager: Start to clean task when force stop the app com.simplemobiletools.voicerecorder , reason:from pid 23695by app
07-31 18:18:10.319  1851  5766 W HwActivityTaskManagerServiceEx: invalid param when resuming applock
07-31 18:18:10.323  1851  5766 I ActivityManager: Force stopping com.simplemobiletools.voicerecorder appid=10227 user=11: from pid 23695by app
07-31 18:18:10.324  4741  4924 I PowerMsgAdapter: handleUidGone uid: 1110227
07-31 18:18:10.324  1851  5766 I ActivityManager: Killing 19985:com.simplemobiletools.voicerecorder/u11a227 (adj 905): stop com.simplemobiletools.voicerecorder due to from pid 23695by app
07-31 18:18:10.325  1851  5766 I ActivityTaskManager: The application process is dead.
07-31 18:18:10.326  1851  1895 I HwPowerManagerService: appdie release wakelock, pid = 19985, uid = 1110227
07-31 18:18:10.326  1851  4104 W HwAudioServiceEx: SoundEffectState bundle get reserved is invalid
07-31 18:18:10.326  1851  1881 I SWAP_Scene: Entering notifySceneData notifySceneData. EventType:PROCESS_DIED pkg:com.simplemobiletools.voicerecorder uid:1110227 pid:19985 proc: activity:null
07-31 18:18:10.327  4588  5225 I PG_ash  : clear H actions!
07-31 18:18:10.327  1851  5991 I SWAP_Scene: This app was killed: com.simplemobiletools.voicerecorder
07-31 18:18:10.328  1851  4350 I PGManagerService: pid:19985 uid:1110227 proxy:false
07-31 18:18:10.328  4741  5403 E HsmCoreServiceImpl: onTransact in code is: 102
07-31 18:18:10.328  4741  5403 I MediaProcessHandler: processOp opType: 1, uid: 1110227, pid: 19985
07-31 18:18:10.328  4741  5403 W MediaProcessHandler: only the process it self can do this operation: 1110227, 1101000, 19985, 1951
07-31 18:18:10.328  4741  5403 I MediaProcessHandler: executedCallBack opType: 1 mMediaStatusObservers.size=1
07-31 18:18:10.328  4741 16031 I HwGlobalWritingBusiness: mProcessObserver:package:com.simplemobiletools.voicerecorder
07-31 18:18:10.329  4588  5225 I PG_ash  : unP_wl uids = [1110227] pids = [19985]
07-31 18:18:10.329  1851  5766 I ActivityManager: Start to clean task when force stop the app com.simplemobiletools.voicerecorder , reason:from pid 23695by app
07-31 18:18:10.329  1851  4350 I HwNetworkPolicy: onTransact, code = 1002
07-31 18:18:10.329  4741  5403 E HsmCoreServiceImpl: onTransact in code is: 102
07-31 18:18:10.329  4741  5403 I MediaProcessHandler: processOp opType: 1, uid: 1110227, pid: 19985
07-31 18:18:10.329  4741  5403 W MediaProcessHandler: only the process it self can do this operation: 1110227, 1000, 19985, 4528
07-31 18:18:10.329  4741  5403 I MediaProcessHandler: executedCallBack opType: 1 mMediaStatusObservers.size=1
07-31 18:18:10.330  4588  5225 I ActNet  : allow network for uid : 10227 succ:true flag:ASH_DENY_FLAG
07-31 18:18:10.331  1851  4827 I HwNetworkPolicy: onTransact, code = 1002
07-31 18:18:10.331  4588  5225 I ActNet  : allow network for uid : 1110227 succ:true flag:ASH_DENY_FLAG
07-31 18:18:10.331  1851  5766 W HwActivityTaskManagerServiceEx: invalid param when resuming applock
07-31 18:18:10.331  4588  5225 I PG_ash  : CancelNetworkRestrict >> com.simplemobiletools.voicerecorder, uids : [10227, 1110227]
07-31 18:18:10.331  1851  2124 W AwareLog: SchedLevelBoost: onProcessDied config not set!
07-31 18:18:10.332   637   637 I android.system.suspend@1.0-service: incSuspendCounter kname=native_PowerManagerService.WakeLocks ++mSuspendCounter= 3
07-31 18:18:10.333  1350 13177 I Pged-IPgedBinderService: ****action is 2, pid num is 2***
07-31 18:18:10.333  1350 13177 I Pged-Freezer: thawPids
07-31 18:18:10.336  1851  1851 I AlarmManager: UninstallReceiver onReceive action:android.intent.action.PACKAGE_RESTARTED
07-31 18:18:10.338  4588  5225 I PGServer: report state:6 event type:2 pid:0 uid:1110227 pkg:com.simplemobiletools.voicerecorder to pid: 1851
07-31 18:18:10.339  4588  5225 I PGServer: report state:100 event type:2 pid:0 uid:1110227 pkg:19985 to pid: 1851
07-31 18:18:10.339  1851  5766 I SWAP_Scene: Entering notifySceneData notifySceneData. EventType:UNFREEZE pkg:com.simplemobiletools.voicerecorder uid:1110227 pid:0 proc: activity:null
07-31 18:18:10.339  4588  5225 I PG_ash  : unF_Z com.simplemobiletools.voicerecorder OK !
07-31 18:18:10.339  1851  5766 E ProcessInfoCollector: setAwareProcessState: fail to set state! pid: 19985, uid: 1110227, state: 2
07-31 18:18:10.340  4588  5225 I PG_ash  : 19985 exit, delay to unP_BC
07-31 18:18:10.340   637   637 I android.system.suspend@1.0-service: decSuspendCounter kname=native_PowerManagerService.WakeLocks --mSuspendCounter= 2
07-31 18:18:10.340  4588  5225 I PG_ash  : Unpending H_B com.simplemobiletools.voicerecorder pkgs: [com.simplemobiletools.voicerecorder]
07-31 18:18:10.340  4588  5225 I PG_ash  : Unpending com.simplemobiletools.voicerecorder H_B OK !
07-31 18:18:10.341  1851  4148 E HwBastetService: Failed to get bastet service!
07-31 18:18:10.341  1851  4827 I PGManagerService: unproxy gps com.simplemobiletools.voicerecorder 10227 success
07-31 18:18:10.343  4741  4741 I HwCoreAppHelperService: LocalReceiver receives:android.intent.action.PACKAGE_RESTARTED,pkg:com.simplemobiletools.voicerecorder,uid:10227
07-31 18:18:10.344  4741  4741 I HwCoreAppHelperService: LocalReceiver receives:android.intent.action.PACKAGE_RESTARTED,pkg:com.simplemobiletools.voicerecorder,uid:1110227
07-31 18:18:10.347  1851  4827 I PGManagerService: unproxy gps com.simplemobiletools.voicerecorder 1110227 success
07-31 18:18:10.347  1851  4827 I PGManagerService: proxyJob, sub type:1, list: [com.simplemobiletools.voicerecorder]
07-31 18:18:10.347  4588  5225 I PG_ash  : unP_gps com.simplemobiletools.voicerecorder OK !
07-31 18:18:10.347  4588  5225 I PG_ash  : unP_job com.simplemobiletools.voicerecorder OK !
07-31 18:18:10.347  4588  5225 I ash_trans: com.simplemobiletools.voicerecorder { hibernation duration=4479 Uptime=4479 } transition to: end, reason: not_running
07-31 18:18:10.348  4588  5225 I PG_ash  : delete app record pkg: com.simplemobiletools.voicerecorder
07-31 18:18:10.351  1851  1903 I libprocessgroup: Successfully killed process cgroup uid 1110227 pid 19985 in 26ms
07-31 18:18:10.374   904  1270 I AudioFlinger:  removing entry for pid 19985 session 761
07-31 18:18:10.375  1851  7209 I AudioService.PlaybackActivityMonitor: releasePlayer() for piid=1087
07-31 18:18:10.375  1340  1637 W mediaserver: Bean is empty, nothing need to upload. data is valid: 0
07-31 18:18:10.375  1340  1637 I mediaserver: The current node will be released, tree size: 0, mVector size: 5
07-31 18:18:10.375  1851  7209 I AudioService.PlaybackActivityMonitor: DuckingManager: removedReleased() player piid: 1087 uid:1110227
07-31 18:18:10.375  1851  7209 I AudioService.PlaybackActivityMonitor: dispatchPlaybackChange to 8 clients
07-31 18:18:10.375  1851  4393 I ActivityManager: appDiedLocked: pid=19985, app=ProcessRecord{6892e18 0:com.simplemobiletools.voicerecorder/u11a227}, fromBinderDied=true, reason=null
07-31 18:18:10.376  1851  4393 W ActivityManager: Spurious death: diff, app=ProcessRecord{6892e18 0:com.simplemobiletools.voicerecorder/u11a227}, curProc=null
07-31 18:18:10.376  1851  1883 W ActivityManager: setHasOverlayUi called on unknown pid: 19985
07-31 18:18:10.376   809   809 I Zygote  : Process 19985 exited due to signal 9 (Killed)
07-31 18:18:10.376  1851  4350 I InputManager: Input devices changed listener for pid 19985 died.
07-31 18:18:10.376  6783  6783 I ContentSensor_13.11.3.205_AudioInfoCapture: onPlaybackConfigChanged:
07-31 18:18:10.387  1851  4350 I HwPhoneWindowManager: innerInterceptKeyBeforeQueueing keycode:3,action:0,isIntercept:false
07-31 18:18:10.387  1851  4350 I HwPhoneWindowManager: intercept Key : 3, isdown : true, flags : 0
07-31 18:18:10.387  1851  4350 I HwPhoneWindowManager: enter wakeupNoteEditor
07-31 18:18:10.387  1851  4350 E EasyWakeUpManager: enter wakeUpDoing !
07-31 18:18:10.387  1851  4350 I EasyWakeUpManager: keycode: 3 minKeyCode: 131 maxKeyCode: 131
07-31 18:18:10.387  1851  4350 I HwPhoneWindowManager: interceptKeyBeforeQueueing deviceID:-1 isFrontFpNavi:false isSupportTrikey:false isMmiTest:false
07-31 18:18:10.387  1851  4350 I KeyCombinationManager: Key 3 is not an interested key.
07-31 18:18:10.387  1851  4350 I PhoneWindowManager: interceptKeyBeforeQueueing: key 3 , result : 1
07-31 18:18:10.389  1851  2134 I HwPhoneWindowManager: interceptKeyTi keyCode=3 isActionDown=true repeatCount=0 isInjected=true
07-31 18:18:10.389  1851  2134 I HwPhoneWindowManager: deviceID:-1 isFrontFpNavi:false isSupportTrikey:false isMmiTest:false
07-31 18:18:10.389  1851  2134 I PhoneWindowManager: interceptKeyTi keyCode=3 down=true repeatCount=0 keyguardOn=false canceled=false
07-31 18:18:10.389  1851  2134 I PhoneWindowManager: handleHomeButton in display#-1 mHomePressed = false
07-31 18:18:10.390  1851  4350 I HwPhoneWindowManager: innerInterceptKeyBeforeQueueing keycode:3,action:1,isIntercept:false
07-31 18:18:10.390  1851  4350 I HwPhoneWindowManager: intercept Key : 3, isdown : false, flags : 0
07-31 18:18:10.390  1851  4350 I HwPhoneWindowManager: enter wakeupNoteEditor
07-31 18:18:10.390  1851  4350 E EasyWakeUpManager: enter wakeUpDoing !
07-31 18:18:10.390  1851  4350 I EasyWakeUpManager: keycode: 3 minKeyCode: 131 maxKeyCode: 131
07-31 18:18:10.390  1851  4350 I HwPhoneWindowManager: interceptKeyBeforeQueueing deviceID:-1 isFrontFpNavi:false isSupportTrikey:false isMmiTest:false
07-31 18:18:10.390  1851  4350 I PhoneWindowManager: interceptKeyBeforeQueueing: key 3 , result : 1
07-31 18:18:10.390  1851  2134 I HwPhoneWindowManager: interceptKeyTi keyCode=3 isActionDown=false repeatCount=0 isInjected=true
07-31 18:18:10.391  1851  2134 I HwPhoneWindowManager: deviceID:-1 isFrontFpNavi:false isSupportTrikey:false isMmiTest:false
07-31 18:18:10.391  1851  2134 I PhoneWindowManager: interceptKeyTi keyCode=3 down=false repeatCount=0 keyguardOn=false canceled=false
07-31 18:18:10.391  1851  2134 I PhoneWindowManager: handleHomeButton in display#-1 mHomePressed = true
07-31 18:18:10.391  1851  1881 I PhoneWindowManager: SendCloseSystemWindows not by userId.
07-31 18:18:10.395  1851  1881 I PhoneWindowManager: startDockOrHome: startReason= startDockOrHome
07-31 18:18:10.395  4274  4274 I HwCtrlCtr: ControlCenterImpl: root view is gone, return
07-31 18:18:10.396  4274  4274 I PanelView1: canPanelBeCollapsed mTracking = false , mClosing = false, isWakingUp = false, ret = false
07-31 18:18:10.396  4274  4274 I PanelView1: canPanelBeCollapsed mTracking = false , mClosing = false, isWakingUp = false, ret = false
07-31 18:18:10.396  4274  4274 I ShadeControllerImpl: animateCollapsePanels canPanelBeCollapsed = false
07-31 18:18:10.396  4274  4274 I ShadeControllerImpl: animateCollapsePanels collapseStack
07-31 18:18:10.396  4274  4274 I HwCtrlCtr: ControlCenterImpl: root view is gone, return
07-31 18:18:10.396  4274  4274 I vol.VolumeDialogImpl: dismissH, not on showing, return
07-31 18:18:10.398  1851  1881 W HwActivityTaskManagerServiceEx: invalid param when resuming applock
07-31 18:18:10.400  1851  1881 I HwPackageManagerServiceUtils: skip preferred set check of preferred activity for Intent { act=android.intent.action.MAIN cat=[android.intent.category.HOME] flg=0x300 }, do not dropping preferred activity
07-31 18:18:10.400  1851  1881 I PackageManager: Returning preferred activity: com.huawei.android.launcher/com.huawei.android.launcher.unihome.UniHomeLauncher
07-31 18:18:10.400  1851  1881 I PackageManager: choose best activity: com.huawei.android.launcher, com.huawei.android.launcher.unihome.UniHomeLauncher
07-31 18:18:10.401  1851  1881 I ActivityTaskManager: notifyActivityLaunching intent=Intent { act=android.intent.action.MAIN cat=[android.intent.category.HOME] flg=0x10000300 hwFlg=0x400000 cmp=com.huawei.android.launcher/.unihome.UniHomeLauncher (has extras) } existingInfo=null
07-31 18:18:10.401  1851  1881 I SWAP_Scene: Entering notifySceneData notifySceneData. EventType:SWITCH_TO_FOREGROUND pkg:com.huawei.android.launcher uid:1110106 pid:0 proc: activity:com.huawei.android.launcher.unihome.UniHomeLauncher
07-31 18:18:10.401  1851  1881 I ActivityTaskManager: START u11 {act=android.intent.action.MAIN cat=[android.intent.category.HOME] flg=0x10000300 hwFlg=0x400010 cmp=com.huawei.android.launcher/.unihome.UniHomeLauncher (has extras)} from uid 0 controller startHomeActivity: startDockOrHome:11:11:0
07-31 18:18:10.403  1851  1881 I HwPackageManagerServiceUtils: skip preferred set check of preferred activity for Intent { act=android.intent.action.MAIN cat=[android.intent.category.HOME] flg=0x300 }, do not dropping preferred activity
07-31 18:18:10.403  1851  1881 I PackageManager: Returning preferred activity: com.huawei.android.launcher/com.huawei.android.launcher.unihome.UniHomeLauncher
07-31 18:18:10.403  1851  1881 I PackageManager: choose best activity: com.huawei.android.launcher, com.huawei.android.launcher.unihome.UniHomeLauncher
07-31 18:18:10.403  1851  1881 I HwActivityStarterEx: packageName is empty
07-31 18:18:10.404  1851  1881 I HwASInterceptor: null not found.
07-31 18:18:10.404  1851  1881 I PermissionPolicyService: ActivityInterceptorCallback ActivityInterceptResult intercept
07-31 18:18:10.404  1851  1881 I ActivityTaskManager: ActivityRecord info: ActivityInfo{b337722 com.huawei.android.launcher.unihome.UniHomeLauncher}
07-31 18:18:10.405  1851  1881 I ActivityOptions: getDualCodeFlag: false
07-31 18:18:10.406  1851  1881 I HWMW_HwMagicStackManager: ### Execute overrideIntentFlagForHwMagicWin
07-31 18:18:10.406  1851  1881 I ActivityTaskManager: ActivityStarter setInitialState mDoResume = true
07-31 18:18:10.407  1851  1881 I ActivityOptions: getDualCodeFlag: false
07-31 18:18:10.407  1851  1881 W HwMultiWindowManager: launch multi window activity: invalid params. r=ActivityRecord{97e5ae9 u11 com.huawei.android.launcher/.unihome.UniHomeLauncher t-1} options=ActivityOptions(159532467), mPackageName=null, mAnimationType=-1, mStartX=0, mStartY=0, mWidth=0, mHeight=0 source=null
07-31 18:18:10.408  1776  1947 I LifecycleTransaction: activityCallbacks NewIntentItem{intents=[Intent { act=android.intent.action.MAIN cat=[android.intent.category.HOME] flg=0x10000300 hwFlg=0x400000 cmp=com.huawei.android.launcher/.unihome.UniHomeLauncher (has extras) }],resume=true}
07-31 18:18:10.408  1776  1776 W HwDamageRectFpsManager: submitFps mFpsDecisionHandler == null
07-31 18:18:10.408  1776  1776 I HwLauncher: Launcher onNewIntent() DragLayer visibility = 0, alpha = 1.000000
07-31 18:18:10.409  1776  2491 I InputMethodManager: hideSoftInputFromWindow windowToken=android.view.ViewRootImpl$W@88edc31;flags=0
07-31 18:18:10.409  1776  2491 I InputMethodManager: hideSoftInputFromWindow return: servedView=null
07-31 18:18:10.409  1776  2056 W HwLauncher: AbilityReleaseAndRestoreUtil restoreAbilityFormWithAbilityFormList restoreList isEmpty !
07-31 18:18:10.409  1776  1776 W HwLauncher: Workspace changeState() state no change.
07-31 18:18:10.409  1776  2056 I AbilityFormProxy-031: notifyFormsVisible come from aar
07-31 18:18:10.410  1776  1776 W HwLauncher: LauncherDeviceManagerService getCachedLocalDevice: device Manager did not complete initialization
07-31 18:18:10.410  1776  1776 W HwLauncher: LauncherDeviceManagerService getCachedLocalDevice: device Manager did not complete initialization
07-31 18:18:10.410  1776  1776 W HwDamageRectFpsManager: submitFps mFpsDecisionHandler == null
07-31 18:18:10.410  1851  1881 W HwActivityTaskManagerServiceEx: invalid param when resuming applock
07-31 18:18:10.410  1776  1776 I HwLauncher: Model loadWidgetsAfterUserUnlockIfNeeded, sLoadWidgetOnResume is false!
07-31 18:18:10.411  1851  1881 W HwActivityTaskManagerServiceEx: invalid param when resuming applock
07-31 18:18:10.411  1851  5766 I AppOps  : updateFormVisibility uid : 1110168 visible : true
07-31 18:18:10.411  1851  5766 I AppOps  : updateFormVisibility uid : 1110187 visible : true
07-31 18:18:10.412  4588  5225 I PG_ash  : try freeze fa refresh whitelist app when fa card visible change
07-31 18:18:10.412  8385 19677 I IFormSupplyClient.Stub: onTransact code:2
07-31 18:18:10.412  8385 19677 I AbilityFormSupplyProxy: onVisibilityChange called
07-31 18:18:10.412  8385 19677 I AbilityFormSupplyProxy: onVisibilityChange: VISIBLE_com.huawei.android.launcher
07-31 18:18:10.412  1776  2056 W HwLauncher: AbilityReleaseAndRestoreUtil restoreAbilityFormWithAbilityFormList restoreList isEmpty !
07-31 18:18:10.412  1776  2056 I AbilityFormProxy-031: notifyFormsVisible come from aar
07-31 18:18:10.412  4588  9291 W ApsSceneManager: APS: APK: setSceneInfo: unknow scene!
07-31 18:18:10.413  1851  4393 I AppOps  : updateFormVisibility uid : 1110168 visible : true
07-31 18:18:10.413  1851  4393 I AppOps  : updateFormVisibility uid : 1110187 visible : true
07-31 18:18:10.414  1851  1881 I PermissionPolicyService: onActivityLaunched start
07-31 18:18:10.414  1851  1881 W PermissionPolicyService: do not show notification dialog when onActivityLaunched
07-31 18:18:10.414  1851  1881 I ActivityTaskManager: start activity: {com.huawei.android.launcher/com.huawei.android.launcher.unihome.UniHomeLauncher} result = 3
07-31 18:18:10.414   637   637 I android.system.suspend@1.0-service: incSuspendCounter kname=native_PowerManagerService.WakeLocks ++mSuspendCounter= 3
07-31 18:18:10.415  1851  4072 I NetworkStats: performPollLocked, pid = 1851
07-31 18:18:10.415   907  1418 I VSyncPredictor: setPeriod: 16666666
07-31 18:18:10.416  1776  2506 I HwLauncher: LocalTaskList loadTasksInBackground:12 numTasks:16 currentUserId:11
07-31 18:18:10.422  1776  1776 I InputMethodManager: Starting input: reason=CHECK_FOCUS
07-31 18:18:10.423  1776  1776 W HwRemoteInputMethodManager: isCasting false because IHwDistributedWindowManager is invalid.
07-31 18:18:10.423  1776  1776 I InputMethodManager: startInputOrWindowGainedFocusAsync startInputReason:5
07-31 18:18:10.423  1851  4072 I NetworkStatsCollection: getSummary, uid = 1000stats size = 2
07-31 18:18:10.423  1851  4072 I NetworkStatsCollection: getSummary, uid = 1000stats size = 2
07-31 18:18:10.423  1851  4072 I NetworkStatsCollection: getSummary, uid = 1000stats size = 215
07-31 18:18:10.423  1851  7209 I HwInputMethodManagerService: startInputOrWindowGainedFocus windowToken:android.os.BinderProxy@d94b0b8 mInputShown:false
07-31 18:18:10.423  1851  7209 I HwOcrImeController: updateMultiWindow focus window = com.huawei.android.launcher/com.huawei.android.launcher.unihome.UniHomeLauncher mIsInMultiScreen = false
07-31 18:18:10.423  1851  4072 I NetworkStatsCollection: getSummary, uid = 1000stats size = 2
07-31 18:18:10.423  1851  7209 I HwOcrImeController: updateUser userId = 11 mIsOwnerUser = false
07-31 18:18:10.423  1851  7209 I HwOcrImeController: setOcrImeSupportProp mIsOcrImeValid = true mIsHardKeyboardAvailable = false mIsInMultiScreen = false mIsOwnerUser = false
07-31 18:18:10.423  1851  7209 I HwOcrImeController: setOcrImeSupportProp mIsOcrImeValid = true mIsHardKeyboardAvailable = false mIsInMultiScreen = false mIsOwnerUser = false
07-31 18:18:10.423  1851  7209 I InputMethodShowDelayTask: clearTask
07-31 18:18:10.423  1851  4072 I NetworkStatsCollection: getSummary, uid = 1000stats size = 2
07-31 18:18:10.423  1851  4072 I NetworkStatsCollection: getSummary, uid = 1000stats size = 215
07-31 18:18:10.423  1851  7209 I SecInputMethodManagerService: ime focus result=0
07-31 18:18:10.423  1851  7209 I SecInputMethodManagerService: Client requesting input be hidden, uid=1000
07-31 18:18:10.423  1851  7209 I SecInputMethodManagerService: hideCurrentInputLocked inputShown:false, imeWindowVis:0
07-31 18:18:10.423  1851  7209 I HwInputMethodManagerService: windowfocus: hide secureIME isNeedWaitShow:false
07-31 18:18:10.423  1851  7209 E SecInputMethodManagerService: InputBindResult is @NonNull. startInputReason=Unknown=10000 windowFlags=#81910100 editorInfo=android.view.inputmethod.EditorInfo@9bd7e21
07-31 18:18:10.423  1851  7209 I InputMethodManagerService: isSecMethodUsing set false
07-31 18:18:10.423  1776  1776 E ndroid.launche: Invalid ID 0x9c000000.
07-31 18:18:10.423  1851  7209 I InputMethodManagerService: startInputOrWindowGainedFocus didStart: isTextEditor=false sameWindowFocused=true doAutoShow=true softInputMode=STATE_ALWAYS_HIDDEN|ADJUST_RESIZE|IS_FORWARD_NAVIGATION
07-31 18:18:10.423  1776  1776 E ndroid.launche: Invalid ID 0x9c000003.
07-31 18:18:10.423  1851  4072 I NetworkStats: callingPid is system 1851
07-31 18:18:10.423  1776  1776 E ndroid.launche: Invalid ID 0x9c000203.
07-31 18:18:10.423  1776  1776 E ndroid.launche: Invalid ID 0x9c000403.
07-31 18:18:10.424  1776  1776 E ndroid.launche: Invalid ID 0x9c000503.
07-31 18:18:10.424  1776  1776 E ndroid.launche: Invalid ID 0x9c000204.
07-31 18:18:10.424  1776  1776 E ndroid.launche: Invalid ID 0x9c000304.
07-31 18:18:10.424  1776  1776 E ndroid.launche: Invalid ID 0x9c000404.
07-31 18:18:10.424   637   637 I android.system.suspend@1.0-service: decSuspendCounter kname=native_PowerManagerService.WakeLocks --mSuspendCounter= 2
07-31 18:18:10.424  1851  1901 I HwDFRServicesFactory: getZrHungServicesFactory
07-31 18:18:10.424  1851  1901 I ZrHungServicesFactoryImpl: getZRHungService
07-31 18:18:10.424   808  8909 I netd    : bandwidthSetGlobalAlert(2097152) <0.13ms>
07-31 18:18:10.425  1851  1901 I DropBoxManagerService: add tag=system_server_wtf isTagEnabled=true flags=0x2
07-31 18:18:10.426  1851  1901 I ActivityManager: before write dropbox time 1753957090425 eventType is wtf dataFile is false
07-31 18:18:10.449  1851  1920 I HwAmbientLuxFilterAlgo: SceneBufferAmbientLux input error,end=30,start=-141,bufferSize=59
07-31 18:18:10.457  6783 22505 I ContentSensor_13.11.3.205_AudioInfoCapture: captureMusicData: pkgName = tv.danmaku.bili
07-31 18:18:10.458  6783 22505 I ContentSensor_13.11.3.205_AudioInfoCapture: captureMusicData: pkgName = com.simplemobiletools.musicplayer
07-31 18:18:10.458  6783 22505 W ContentSensor_13.11.3.205_AudioInfoCapture: No need notify, resultList is empty
07-31 18:18:10.458  6783 22505 W ContentSensor_13.11.3.205_AudioInfoCapture: insert info list is empty
07-31 18:18:10.458  6783 22505 W ContentSensor_13.11.3.205_AudioInfoCapture: insert info list is empty
07-31 18:18:10.501  1776  1776 W HwLauncher: TalkBackHelper needAnnounceAbilityForm input parameter is null
07-31 18:18:10.534  1776  1776 W HwLauncher: TalkBackHelper needAnnounceAbilityForm input parameter is null
07-31 18:18:10.551  1776  1776 E ndroid.launche: Invalid ID 0x9c000604.
07-31 18:18:10.568  1776  1776 E ndroid.launche: No package ID 9c found for ID 0x9c010000.
07-31 18:18:10.568  1776  1776 E ndroid.launche: No package ID 9c found for ID 0x9c010100.
07-31 18:18:10.568  1776  1776 E ndroid.launche: No package ID 9c found for ID 0x9c010200.
07-31 18:18:10.568  1776  1776 E ndroid.launche: No package ID 9c found for ID 0x9c010300.
07-31 18:18:10.568  1776  1776 E ndroid.launche: No package ID 9c found for ID 0x9c010400.
07-31 18:18:10.568  1776  1776 E ndroid.launche: No package ID 9c found for ID 0x9c010001.
07-31 18:18:10.568  1776  1776 E ndroid.launche: No package ID 9c found for ID 0x9c010101.
07-31 18:18:10.568  1776  1776 E ndroid.launche: No package ID 9c found for ID 0x9c010201.
07-31 18:18:10.569  1776  1776 E ndroid.launche: No package ID 9c found for ID 0x9c010301.
07-31 18:18:10.569  1776  1776 E ndroid.launche: No package ID 9c found for ID 0x9c010401.
07-31 18:18:10.569  1776  1776 E ndroid.launche: No package ID 9c found for ID 0x9c010500.
07-31 18:18:10.569  1776  1776 E ndroid.launche: No package ID 9c found for ID 0x9c010002.
07-31 18:18:10.569  1776  1776 E ndroid.launche: No package ID 9c found for ID 0x9c010003.
07-31 18:18:10.569  1776  1776 E ndroid.launche: No package ID 9c found for ID 0x9c010103.
07-31 18:18:10.569  1776  1776 E ndroid.launche: No package ID 9c found for ID 0x9c010203.
07-31 18:18:10.569  1776  1776 E ndroid.launche: No package ID 9c found for ID 0x9c010303.
07-31 18:18:10.569  1776  1776 E ndroid.launche: No package ID 9c found for ID 0x9c010403.
07-31 18:18:10.569  1776  1776 E ndroid.launche: No package ID 9c found for ID 0x9c010503.
07-31 18:18:10.569  1776  1776 E ndroid.launche: No package ID 9c found for ID 0x9c010004.
07-31 18:18:10.569  1776  1776 E ndroid.launche: No package ID 9c found for ID 0x9c010104.
07-31 18:18:10.569  1776  1776 E ndroid.launche: No package ID 9c found for ID 0x9c010104.
07-31 18:18:10.569  1776  1776 E ndroid.launche: No package ID 9c found for ID 0x9c010304.
07-31 18:18:10.569  1776  1776 E ndroid.launche: No package ID 9c found for ID 0x9c010404.
07-31 18:18:10.569  1776  1776 E ndroid.launche: No package ID 9c found for ID 0x9c010504.
07-31 18:18:10.569  1776  1776 E ndroid.launche: No package ID 9c found for ID 0x9c010604.
07-31 18:18:10.601  1776  1776 W HwLauncher: TalkBackHelper needAnnounceAbilityForm input parameter is null
07-31 18:18:10.635  1776  1776 W HwLauncher: TalkBackHelper needAnnounceAbilityForm input parameter is null
07-31 18:18:10.685  1776  1776 W HwLauncher: TalkBackHelper needAnnounceAbilityForm input parameter is null
07-31 18:18:10.685  4588  9291 W ApsSceneManager: APS: APK: removeSceneInfoInner: receive H_SP scene exit before scene in
07-31 18:18:10.701  1776  1776 E ndroid.launche: No package ID 9c found for ID 0x9c010604.
07-31 18:18:10.702  1851  2124 W AwareLog: AwareMem_FastRepairActionManager: send execute sucess, scene : 4
07-31 18:18:10.702  1851  4451 W AwareLog: SysLoadManager: check status do nothing
07-31 18:18:10.703  1776  1776 E ndroid.launche: No package ID 9c found for ID 0x9c020000.
07-31 18:18:10.704  1776  1776 W HwLauncher: TalkBackHelper needAnnounceAbilityForm input parameter is null
07-31 18:18:10.704  1776  1776 W HwLauncher: TalkBackHelper needAnnounceAbilityForm input parameter is null
07-31 18:18:10.710  1776  1776 W HwLauncher: TalkBackHelper needAnnounceAbilityForm input parameter is null
07-31 18:18:10.723  1776  1776 W HwLauncher: TalkBackHelper needAnnounceAbilityForm input parameter is null
07-31 18:18:10.725  1776  1776 E ndroid.launche: Invalid ID 0x9b000000.
07-31 18:18:10.725  1776  1776 E ndroid.launche: No package ID 9b found for ID 0x9b010100.
07-31 18:18:10.725  1776  1776 E ndroid.launche: No package ID 9b found for ID 0x9b020200.
07-31 18:18:10.725  1776  1776 E ndroid.launche: No package ID 9b found for ID 0x9b030300.
07-31 18:18:10.725  1776  1776 E ndroid.launche: No package ID 9b found for ID 0x9b040400.
07-31 18:18:10.725  1776  1776 E ndroid.launche: No package ID 9b found for ID 0x9b050500.
07-31 18:18:10.725  1776  1776 E ndroid.launche: No package ID 9b found for ID 0x9b060600.
07-31 18:18:10.726  1776  1776 E ndroid.launche: Invalid ID 0x9b000000.
07-31 18:18:10.726  1776  1776 E ndroid.launche: No package ID 9b found for ID 0x9b010100.
07-31 18:18:10.726  1776  1776 E ndroid.launche: No package ID 9b found for ID 0x9b020200.
07-31 18:18:10.726  1776  1776 E ndroid.launche: No package ID 9b found for ID 0x9b030300.
07-31 18:18:10.726  1776  1776 E ndroid.launche: No package ID 9b found for ID 0x9b040400.
07-31 18:18:10.726  1776  1776 E ndroid.launche: No package ID 9b found for ID 0x9b050500.
07-31 18:18:10.726  1776  1776 E ndroid.launche: No package ID 9b found for ID 0x9b060600.
07-31 18:18:10.729  1776  1776 E ndroid.launche: No package ID 9b found for ID 0x9b090900.
07-31 18:18:10.729  1776  1776 E ndroid.launche: No package ID 9b found for ID 0x9b090900.
07-31 18:18:10.729  1776  1776 E ndroid.launche: No package ID 9b found for ID 0x9b090900.
07-31 18:18:10.729  1776  1776 E ndroid.launche: No package ID 9b found for ID 0x9b090900.
07-31 18:18:10.729  1776  1776 E ndroid.launche: No package ID 9b found for ID 0x9b080800.
07-31 18:18:10.729  1776  1776 E ndroid.launche: No package ID 9b found for ID 0x9b080800.
07-31 18:18:10.729  1776  1776 E ndroid.launche: No package ID 9b found for ID 0x9b070700.
07-31 18:18:10.729  1776  1776 E ndroid.launche: No package ID 9b found for ID 0x9b060600.
07-31 18:18:10.729  1776  1776 E ndroid.launche: No package ID 9b found for ID 0x9b050500.
07-31 18:18:10.729  1776  1776 E ndroid.launche: No package ID 9b found for ID 0x9b040400.
07-31 18:18:10.730  1776  1776 E ndroid.launche: No package ID 9b found for ID 0x9b090900.
07-31 18:18:10.730  1776  1776 E ndroid.launche: No package ID 9b found for ID 0x9b090900.
07-31 18:18:10.730  1776  1776 E ndroid.launche: No package ID 9b found for ID 0x9b090900.
07-31 18:18:10.730  1776  1776 E ndroid.launche: No package ID 9b found for ID 0x9b090900.
07-31 18:18:10.730  1776  1776 E ndroid.launche: No package ID 9b found for ID 0x9b080800.
07-31 18:18:10.730  1776  1776 E ndroid.launche: No package ID 9b found for ID 0x9b080800.
07-31 18:18:10.730  1776  1776 E ndroid.launche: No package ID 9b found for ID 0x9b070700.
07-31 18:18:10.730  1776  1776 E ndroid.launche: No package ID 9b found for ID 0x9b060600.
07-31 18:18:10.730  1776  1776 E ndroid.launche: No package ID 9b found for ID 0x9b050500.
07-31 18:18:10.730  1776  1776 E ndroid.launche: No package ID 9b found for ID 0x9b040400.
07-31 18:18:10.750  1776  2056 W HwLauncher: AbilityReleaseAndRestoreUtil restoreAbilityFormWithAbilityFormList restoreList isEmpty !
07-31 18:18:10.781  1776  1776 E ndroid.launche: Invalid ID 0x9c000000.
07-31 18:18:10.781  1776  1776 E ndroid.launche: Invalid ID 0x9c000003.
07-31 18:18:10.781  1776  1776 E ndroid.launche: Invalid ID 0x9c000203.
07-31 18:18:10.781  1776  1776 E ndroid.launche: Invalid ID 0x9c000403.
07-31 18:18:10.781  1776  1776 E ndroid.launche: Invalid ID 0x9c000503.
07-31 18:18:10.781  1776  1776 E ndroid.launche: Invalid ID 0x9c000204.
07-31 18:18:10.781  1776  1776 E ndroid.launche: Invalid ID 0x9c000304.
07-31 18:18:10.781  1776  1776 E ndroid.launche: Invalid ID 0x9c000404.
07-31 18:18:10.781  1776  1776 E ndroid.launche: Invalid ID 0x9c000604.
07-31 18:18:10.781  1776  1776 W HwLauncher: TalkBackHelper needAnnounceAbilityForm input parameter is null
07-31 18:18:10.781  1776  1776 W HwLauncher: TalkBackHelper needAnnounceAbilityForm input parameter is null
07-31 18:18:10.798  1851  1920 I HwAmbientLuxFilterAlgo: SceneBufferAmbientLux input error,end=30,start=-141,bufferSize=59
07-31 18:18:10.809  1776  1776 E ndroid.launche: Invalid ID 0x9c000000.
07-31 18:18:10.809  1776  1776 E ndroid.launche: Invalid ID 0x9c000003.
07-31 18:18:10.809  1776  1776 E ndroid.launche: Invalid ID 0x9c000203.
07-31 18:18:10.809  1776  1776 E ndroid.launche: Invalid ID 0x9c000403.
07-31 18:18:10.809  1776  1776 E ndroid.launche: Invalid ID 0x9c000503.
07-31 18:18:10.809  1776  1776 E ndroid.launche: Invalid ID 0x9c000204.
07-31 18:18:10.809  1776  1776 E ndroid.launche: Invalid ID 0x9c000304.
07-31 18:18:10.809  1776  1776 E ndroid.launche: Invalid ID 0x9c000404.
07-31 18:18:10.809  1776  1776 E ndroid.launche: Invalid ID 0x9c000604.
07-31 18:18:10.809  1776  1776 W HwLauncher: TalkBackHelper needAnnounceAbilityForm input parameter is null
07-31 18:18:10.809  1776  1776 W HwLauncher: TalkBackHelper needAnnounceAbilityForm input parameter is null
07-31 18:18:10.813  1776  1776 E ndroid.launche: No package ID 9c found for ID 0x9c010000.
07-31 18:18:10.813  1776  1776 E ndroid.launche: No package ID 9c found for ID 0x9c010100.
07-31 18:18:10.813  1776  1776 E ndroid.launche: No package ID 9c found for ID 0x9c010200.
07-31 18:18:10.813  1776  1776 E ndroid.launche: No package ID 9c found for ID 0x9c010300.
07-31 18:18:10.814  1776  1776 E ndroid.launche: No package ID 9c found for ID 0x9c010400.
07-31 18:18:10.814  1776  1776 E ndroid.launche: No package ID 9c found for ID 0x9c010001.
07-31 18:18:10.814  1776  1776 E ndroid.launche: No package ID 9c found for ID 0x9c010101.
07-31 18:18:10.814  1776  1776 E ndroid.launche: No package ID 9c found for ID 0x9c010201.
07-31 18:18:10.815  1776  1776 W HwLauncher: TalkBackHelper needAnnounceAbilityForm input parameter is null
07-31 18:18:10.816  1776  1776 E ndroid.launche: No package ID 9c found for ID 0x9c010301.
07-31 18:18:10.816  1776  1776 E ndroid.launche: No package ID 9c found for ID 0x9c010401.
07-31 18:18:10.816  1776  1776 W HwLauncher: TalkBackHelper needAnnounceAbilityForm input parameter is null
07-31 18:18:10.817  1776  1776 E ndroid.launche: No package ID 9c found for ID 0x9c010500.
07-31 18:18:10.817  1776  1776 W HwLauncher: TalkBackHelper needAnnounceAbilityForm input parameter is null
07-31 18:18:10.819  1776  1776 E ndroid.launche: No package ID 9c found for ID 0x9c010002.
07-31 18:18:10.820  1776  1776 E ndroid.launche: No package ID 9c found for ID 0x9c010003.
07-31 18:18:10.820  1776  1776 E ndroid.launche: No package ID 9c found for ID 0x9c010103.
07-31 18:18:10.820  1776  1776 E ndroid.launche: No package ID 9c found for ID 0x9c010203.
07-31 18:18:10.821  1776  1776 E ndroid.launche: No package ID 9c found for ID 0x9c010303.
07-31 18:18:10.821  1776  1776 E ndroid.launche: No package ID 9c found for ID 0x9c010403.
07-31 18:18:10.821  1776  1776 E ndroid.launche: No package ID 9c found for ID 0x9c010503.
07-31 18:18:10.821  1776  1776 E ndroid.launche: No package ID 9c found for ID 0x9c010004.
07-31 18:18:10.822  1776  1776 E ndroid.launche: No package ID 9c found for ID 0x9c010104.
07-31 18:18:10.822  1776  1776 E ndroid.launche: No package ID 9c found for ID 0x9c010104.
07-31 18:18:10.822  1776  1776 E ndroid.launche: No package ID 9c found for ID 0x9c010304.
07-31 18:18:10.823  1776  1776 E ndroid.launche: No package ID 9c found for ID 0x9c010404.
07-31 18:18:10.823  1776  1776 E ndroid.launche: No package ID 9c found for ID 0x9c010504.
07-31 18:18:10.824  1776  1776 E ndroid.launche: No package ID 9c found for ID 0x9c010604.
07-31 18:18:10.824  1776  1776 E ndroid.launche: No package ID 9c found for ID 0x9c010604.
07-31 18:18:10.825  1776  1776 E ndroid.launche: No package ID 9c found for ID 0x9c020000.
07-31 18:18:10.825  1776  1776 W HwLauncher: TalkBackHelper needAnnounceAbilityForm input parameter is null
07-31 18:18:10.825  1776  1776 W HwLauncher: TalkBackHelper needAnnounceAbilityForm input parameter is null
07-31 18:18:10.827   847   895 I audio_hw_usbaudio_ext: [get_extension_typec_parameters:189]: check show hires (false)
07-31 18:18:10.830  1776  1776 W HwLauncher: TalkBackHelper needAnnounceAbilityForm input parameter is null
07-31 18:18:10.839  1776  1776 W HwLauncher: TalkBackHelper needAnnounceAbilityForm input parameter is null
07-31 18:18:10.841  1776  1776 E ndroid.launche: Invalid ID 0x9b000000.
07-31 18:18:10.841  1776  1776 E ndroid.launche: No package ID 9b found for ID 0x9b010100.
07-31 18:18:10.841  1776  1776 E ndroid.launche: No package ID 9b found for ID 0x9b020200.
07-31 18:18:10.841  1776  1776 E ndroid.launche: No package ID 9b found for ID 0x9b030300.
07-31 18:18:10.841  1776  1776 E ndroid.launche: No package ID 9b found for ID 0x9b040400.
07-31 18:18:10.841  1776  1776 E ndroid.launche: No package ID 9b found for ID 0x9b050500.
07-31 18:18:10.841  1776  1776 E ndroid.launche: No package ID 9b found for ID 0x9b060600.
07-31 18:18:10.842  1776  1776 E ndroid.launche: Invalid ID 0x9b000000.
07-31 18:18:10.842  1776  1776 E ndroid.launche: No package ID 9b found for ID 0x9b010100.
07-31 18:18:10.842  1776  1776 E ndroid.launche: No package ID 9b found for ID 0x9b020200.
07-31 18:18:10.842  1776  1776 E ndroid.launche: No package ID 9b found for ID 0x9b030300.
07-31 18:18:10.842  1776  1776 E ndroid.launche: No package ID 9b found for ID 0x9b040400.
07-31 18:18:10.842  1776  1776 E ndroid.launche: No package ID 9b found for ID 0x9b050500.
07-31 18:18:10.842  1776  1776 E ndroid.launche: No package ID 9b found for ID 0x9b060600.
07-31 18:18:10.843  1776  1776 E ndroid.launche: No package ID 9b found for ID 0x9b090900.
07-31 18:18:10.843  1776  1776 E ndroid.launche: No package ID 9b found for ID 0x9b090900.
07-31 18:18:10.843  1776  1776 E ndroid.launche: No package ID 9b found for ID 0x9b090900.
07-31 18:18:10.843  1776  1776 E ndroid.launche: No package ID 9b found for ID 0x9b090900.
07-31 18:18:10.843  1776  1776 E ndroid.launche: No package ID 9b found for ID 0x9b080800.
07-31 18:18:10.843  1776  1776 E ndroid.launche: No package ID 9b found for ID 0x9b080800.
07-31 18:18:10.843  1776  1776 E ndroid.launche: No package ID 9b found for ID 0x9b070700.
07-31 18:18:10.843  1776  1776 E ndroid.launche: No package ID 9b found for ID 0x9b060600.
07-31 18:18:10.843  1776  1776 E ndroid.launche: No package ID 9b found for ID 0x9b050500.
07-31 18:18:10.843  1776  1776 E ndroid.launche: No package ID 9b found for ID 0x9b040400.
07-31 18:18:10.844  1776  1776 E ndroid.launche: No package ID 9b found for ID 0x9b090900.
07-31 18:18:10.844  1776  1776 E ndroid.launche: No package ID 9b found for ID 0x9b090900.
07-31 18:18:10.844  1776  1776 E ndroid.launche: No package ID 9b found for ID 0x9b090900.
07-31 18:18:10.844  1776  1776 E ndroid.launche: No package ID 9b found for ID 0x9b090900.
07-31 18:18:10.844  1776  1776 E ndroid.launche: No package ID 9b found for ID 0x9b080800.
07-31 18:18:10.844  1776  1776 E ndroid.launche: No package ID 9b found for ID 0x9b080800.
07-31 18:18:10.844  1776  1776 E ndroid.launche: No package ID 9b found for ID 0x9b070700.
07-31 18:18:10.844  1776  1776 E ndroid.launche: No package ID 9b found for ID 0x9b060600.
07-31 18:18:10.844  1776  1776 E ndroid.launche: No package ID 9b found for ID 0x9b050500.
07-31 18:18:10.844  1776  1776 E ndroid.launche: No package ID 9b found for ID 0x9b040400.
07-31 18:18:10.883  1325  2088 I dubaid  : [TemperatureData.cpp] ReportTemp# [system_h] tempNew: 34, tempOld:33.
07-31 18:18:10.885  4588  5497 W AwareLog: UniScheduleDMEPlugin: add load record in temp
07-31 18:18:10.885  4588  5497 W AwareLog: UniScheduleDMEPlugin: downgradeSwitch is not open.
07-31 18:18:10.893  1776  1776 E ndroid.launche: Invalid ID 0x9c000000.
07-31 18:18:10.893  1776  1776 E ndroid.launche: Invalid ID 0x9c000003.
07-31 18:18:10.893  1776  1776 E ndroid.launche: Invalid ID 0x9c000203.
07-31 18:18:10.893  1776  1776 E ndroid.launche: Invalid ID 0x9c000403.
07-31 18:18:10.894  1776  1776 E ndroid.launche: Invalid ID 0x9c000503.
07-31 18:18:10.894  1776  1776 E ndroid.launche: Invalid ID 0x9c000204.
07-31 18:18:10.894  1776  1776 E ndroid.launche: Invalid ID 0x9c000304.
07-31 18:18:10.894  1776  1776 E ndroid.launche: Invalid ID 0x9c000404.
07-31 18:18:10.894  1776  1776 E ndroid.launche: Invalid ID 0x9c000604.
07-31 18:18:10.894  1776  1776 W HwLauncher: TalkBackHelper needAnnounceAbilityForm input parameter is null
07-31 18:18:10.894  1776  1776 W HwLauncher: TalkBackHelper needAnnounceAbilityForm input parameter is null
07-31 18:18:10.901  1776  1776 E ndroid.launche: No package ID 9c found for ID 0x9c010000.
07-31 18:18:10.901  1776  1776 E ndroid.launche: No package ID 9c found for ID 0x9c010100.
07-31 18:18:10.901  1776  1776 E ndroid.launche: No package ID 9c found for ID 0x9c010200.
07-31 18:18:10.901  1776  1776 E ndroid.launche: No package ID 9c found for ID 0x9c010300.
07-31 18:18:10.901  1776  1776 E ndroid.launche: No package ID 9c found for ID 0x9c010400.
07-31 18:18:10.901  1776  1776 E ndroid.launche: No package ID 9c found for ID 0x9c010001.
07-31 18:18:10.901  1776  1776 E ndroid.launche: No package ID 9c found for ID 0x9c010101.
07-31 18:18:10.901  1776  1776 E ndroid.launche: No package ID 9c found for ID 0x9c010201.
07-31 18:18:10.901  1776  1776 E ndroid.launche: No package ID 9c found for ID 0x9c010301.
07-31 18:18:10.901  1776  1776 E ndroid.launche: No package ID 9c found for ID 0x9c010401.
07-31 18:18:10.901  1776  1776 E ndroid.launche: No package ID 9c found for ID 0x9c010500.
07-31 18:18:10.901  1776  1776 E ndroid.launche: No package ID 9c found for ID 0x9c010002.
07-31 18:18:10.901  1776  1776 E ndroid.launche: No package ID 9c found for ID 0x9c010003.
07-31 18:18:10.901  1776  1776 E ndroid.launche: No package ID 9c found for ID 0x9c010103.
07-31 18:18:10.901  1776  1776 E ndroid.launche: No package ID 9c found for ID 0x9c010203.
07-31 18:18:10.901  1776  1776 E ndroid.launche: No package ID 9c found for ID 0x9c010303.
07-31 18:18:10.902  1776  1776 E ndroid.launche: No package ID 9c found for ID 0x9c010403.
07-31 18:18:10.902  1776  1776 E ndroid.launche: No package ID 9c found for ID 0x9c010503.
07-31 18:18:10.902  1776  1776 E ndroid.launche: No package ID 9c found for ID 0x9c010004.
07-31 18:18:10.902  1776  1776 E ndroid.launche: No package ID 9c found for ID 0x9c010104.
07-31 18:18:10.902  1776  1776 E ndroid.launche: No package ID 9c found for ID 0x9c010104.
07-31 18:18:10.902  1776  1776 E ndroid.launche: No package ID 9c found for ID 0x9c010304.
07-31 18:18:10.902  1776  1776 E ndroid.launche: No package ID 9c found for ID 0x9c010404.
