07-31 18:19:58.241  1040  1286 W aptouch_daemon: DriverThp::UpdateStatus[1914]0x100a1
07-31 18:19:58.241  1315  1360 E ITouchService: itouch OneFrameDetect instance is nullptr or oneFrameSwitch is not change
07-31 18:19:58.241  1315  1360 I AGPService: FrameRateManager:[SetActiveConfigByFps] reset Pkg isSurface, AnimFps -1, fps to sf 90
07-31 18:19:58.241  1040  1286 I aptouch_daemon: DriverThp::RegListeningAppInfo[955]now app info is TSA_ExecuteCommand THP_SetAppFeature com.huawei.android.launcher#28#2
07-31 18:19:58.241   907  6386 I SurfaceFlinger: changeRefreshRate: new mode 5, fps 90, active display 0
07-31 18:19:58.241   907  6386 I DisplayDevice: setDesiredActiveMode: already at the desired mode 5
07-31 18:19:58.241  1315  1360 I AGPService: FrameRateManager: set active config - fps 90 pkgName  isSurface 1
07-31 18:19:58.241  1315  1360 I AGPService: FrameRefreshThread: [CheckRefreshRateSuccess]: fps 90
07-31 18:19:58.242   852   852 E HW_DISPLAY_TEST: ltpo_set_fps: open file /sys/class/graphics/fb0/lcd_fps_cmd fail
07-31 18:19:58.242   852   852 E vendor.huawei.hardware.hwdisplay@1.1-service: call display_set_brightness failed: -1
07-31 18:19:58.242  1315  1360 E AGPService: DisplayFreqClient: displaySetFps error, freqIndex: 4, ret: -2
07-31 18:19:58.242  1315  1360 I AGPService: display get fps - current_fps:90;default_fps:120;support_fps_list:120,45,48,60,72,90,144;product_panel_num:1;current_panel_id:0;panel_id:0;panel_type:LTPO2;support_fps:120,45,48,60,72,90,144
07-31 18:19:58.242  1315  1360 I AGPService: FrameRefreshThread: set refreshrate finished, tryRefreshCount = 0, lcdFps = 90
07-31 18:19:58.242  1315  1360 E ITouchService: itouch OneFrameDetect instance is nullptr or oneFrameSwitch is not change
07-31 18:19:58.248  1776  1776 E ndroid.launche: No package ID 9c found for ID 0x9c010000.
07-31 18:19:58.249  1776  1776 E ndroid.launche: No package ID 9c found for ID 0x9c010100.
07-31 18:19:58.249  1776  1776 E ndroid.launche: No package ID 9c found for ID 0x9c010200.
07-31 18:19:58.249  1776  1776 E ndroid.launche: No package ID 9c found for ID 0x9c010300.
07-31 18:19:58.249  1776  1776 E ndroid.launche: No package ID 9c found for ID 0x9c010400.
07-31 18:19:58.249  1776  1776 E ndroid.launche: No package ID 9c found for ID 0x9c010001.
07-31 18:19:58.249  1776  1776 E ndroid.launche: No package ID 9c found for ID 0x9c010101.
07-31 18:19:58.250  1776  1776 E ndroid.launche: No package ID 9c found for ID 0x9c010201.
07-31 18:19:58.250  1776  1776 W HwLauncher: TalkBackHelper needAnnounceAbilityForm input parameter is null
07-31 18:19:58.250  1776  1776 E ndroid.launche: No package ID 9c found for ID 0x9c010301.
07-31 18:19:58.251  1776  1776 E ndroid.launche: No package ID 9c found for ID 0x9c010401.
07-31 18:19:58.251  1776  1776 W HwLauncher: TalkBackHelper needAnnounceAbilityForm input parameter is null
07-31 18:19:58.251  1776  2056 W HwLauncher: AbilityReleaseAndRestoreUtil restoreAbilityFormWithAbilityFormList restoreList isEmpty !
07-31 18:19:58.256  1776  1776 E ndroid.launche: No package ID 9c found for ID 0x9c010500.
07-31 18:19:58.257  1776  1776 W HwLauncher: TalkBackHelper needAnnounceAbilityForm input parameter is null
07-31 18:19:58.259  1776  1776 E ndroid.launche: No package ID 9c found for ID 0x9c010002.
07-31 18:19:58.259  1776  1776 E ndroid.launche: No package ID 9c found for ID 0x9c010003.
07-31 18:19:58.259  1776  1776 E ndroid.launche: No package ID 9c found for ID 0x9c010103.
07-31 18:19:58.259  1776  1776 E ndroid.launche: No package ID 9c found for ID 0x9c010203.
07-31 18:19:58.260  1776  1776 E ndroid.launche: No package ID 9c found for ID 0x9c010303.
07-31 18:19:58.260  1776  1776 E ndroid.launche: No package ID 9c found for ID 0x9c010403.
07-31 18:19:58.260  1776  1776 E ndroid.launche: No package ID 9c found for ID 0x9c010503.
07-31 18:19:58.261  1776  1776 E ndroid.launche: No package ID 9c found for ID 0x9c010004.
07-31 18:19:58.261  1776  1776 E ndroid.launche: No package ID 9c found for ID 0x9c010104.
07-31 18:19:58.261  1776  1776 E ndroid.launche: No package ID 9c found for ID 0x9c010104.
07-31 18:19:58.261  1776  1776 E ndroid.launche: No package ID 9c found for ID 0x9c010304.
07-31 18:19:58.262  1776  1776 E ndroid.launche: No package ID 9c found for ID 0x9c010404.
07-31 18:19:58.262  1776  1776 E ndroid.launche: No package ID 9c found for ID 0x9c010504.
07-31 18:19:58.262  1776  2495 W HwLauncher: LauncherDeviceManagerService getCachedLocalDevice: device Manager did not complete initialization
07-31 18:19:58.262  1776  2495 W HwLauncher: LauncherDeviceManagerService getCachedLocalDevice: device Manager did not complete initialization
07-31 18:19:58.263 23136 23136 W HwLauncher: LauncherDeviceManagerService getCachedLocalDevice: device Manager did not complete initialization
07-31 18:19:58.263  1851  7217 I HwConnectivityServiceEx: set 10197, metered: true, value: false
07-31 18:19:58.263  1776  2506 I HwLauncher: LocalTaskList loadTasksInBackground:3 numTasks:3 currentUserId:11
07-31 18:19:58.264  4588  4837 I ScenarioService: refresh visibleApp:[com.huawei.android.launcher]
07-31 18:19:58.264  1851  2072 I HwConnectivityServiceEx: set 10197, metered: false, value: false
07-31 18:19:58.264  4588  5225 I PG_ash  : com.simplemobiletools.voicerecorder become invisible
07-31 18:19:58.264  4588  5225 I PG_ash  : Visible app changed pkg : com.simplemobiletools.voicerecorder, visible: false
07-31 18:19:58.264  4588  5225 I PG_ash  : running package: com.simplemobiletools.voicerecorder, visible: false
07-31 18:19:58.266  4588  4837 I ScenarioService: multiScreenVisibleApps: 0:com.huawei.android.launcher:1110106
07-31 18:19:58.266  4588  4837 I PGServer: report state:15 event type:1 pid:-1 uid:-1 pkg:0:com.huawei.android.launcher:1110106 to pid: 4588
07-31 18:19:58.267  1776  1776 W HwLauncher: LauncherDeviceManagerService getCachedLocalDevice: device Manager did not complete initialization
07-31 18:19:58.267  1776  1776 E ndroid.launche: No package ID 9c found for ID 0x9c010604.
07-31 18:19:58.267  1776  1776 W HwLauncher: LauncherDeviceManagerService getCachedLocalDevice: device Manager did not complete initialization
07-31 18:19:58.267  1776  1776 W HwLauncher: LauncherDeviceManagerService getCachedLocalDevice: device Manager did not complete initialization
07-31 18:19:58.267  1776  1776 W HwLauncher: LauncherDeviceManagerService getCachedLocalDevice: device Manager did not complete initialization
07-31 18:19:58.268  1776  1776 E ndroid.launche: No package ID 9c found for ID 0x9c010604.
07-31 18:19:58.269  1776  1776 E ndroid.launche: No package ID 9c found for ID 0x9c020000.
07-31 18:19:58.269  1776  1776 W HwLauncher: TalkBackHelper needAnnounceAbilityForm input parameter is null
07-31 18:19:58.269  1776  1776 W HwLauncher: TalkBackHelper needAnnounceAbilityForm input parameter is null
07-31 18:19:58.270 23136 23363 I HwLauncher: LocalTaskList loadTasksInBackground:16 numTasks:16 currentUserId:0
07-31 18:19:58.278 28394 28394 I SmartSlideOverScroller: start init SmartSlideOverScroller and get the overscroller config
07-31 18:19:58.278 28394 28394 I SmartSlideOverScrollerConfig: get the overscroller config
07-31 18:19:58.279  1776  1776 W HwLauncher: TalkBackHelper needAnnounceAbilityForm input parameter is null
07-31 18:19:58.293  1776  1776 W HwLauncher: TalkBackHelper needAnnounceAbilityForm input parameter is null
07-31 18:19:58.294  1776  1776 E ndroid.launche: Invalid ID 0x9b000000.
07-31 18:19:58.294  1776  1776 E ndroid.launche: No package ID 9b found for ID 0x9b010100.
07-31 18:19:58.294  1776  1776 E ndroid.launche: No package ID 9b found for ID 0x9b020200.
07-31 18:19:58.294  1776  1776 E ndroid.launche: No package ID 9b found for ID 0x9b030300.
07-31 18:19:58.294  1776  1776 E ndroid.launche: No package ID 9b found for ID 0x9b040400.
07-31 18:19:58.294  1776  1776 E ndroid.launche: No package ID 9b found for ID 0x9b050500.
07-31 18:19:58.295  1776  1776 E ndroid.launche: No package ID 9b found for ID 0x9b060600.
07-31 18:19:58.300  1776  1776 E ndroid.launche: No package ID 9b found for ID 0x9b090900.
07-31 18:19:58.300  1776  1776 E ndroid.launche: No package ID 9b found for ID 0x9b090900.
07-31 18:19:58.300  1776  1776 E ndroid.launche: No package ID 9b found for ID 0x9b090900.
07-31 18:19:58.300  1776  1776 E ndroid.launche: No package ID 9b found for ID 0x9b090900.
07-31 18:19:58.300  1776  1776 E ndroid.launche: No package ID 9b found for ID 0x9b080800.
07-31 18:19:58.300  1776  1776 E ndroid.launche: No package ID 9b found for ID 0x9b080800.
07-31 18:19:58.301  1776  1776 E ndroid.launche: No package ID 9b found for ID 0x9b070700.
07-31 18:19:58.301  1776  1776 E ndroid.launche: No package ID 9b found for ID 0x9b060600.
07-31 18:19:58.301  1776  1776 E ndroid.launche: No package ID 9b found for ID 0x9b050500.
07-31 18:19:58.302  1776  1776 E ndroid.launche: No package ID 9b found for ID 0x9b040400.
07-31 18:19:58.335  1776  1776 E ndroid.launche: Invalid ID 0x9c000000.
07-31 18:19:58.335  1776  1776 E ndroid.launche: Invalid ID 0x9c000003.
07-31 18:19:58.335  1776  1776 E ndroid.launche: Invalid ID 0x9c000203.
07-31 18:19:58.335  1776  1776 E ndroid.launche: Invalid ID 0x9c000403.
07-31 18:19:58.335  1776  1776 E ndroid.launche: Invalid ID 0x9c000503.
07-31 18:19:58.335  1776  1776 E ndroid.launche: Invalid ID 0x9c000204.
07-31 18:19:58.335  1776  1776 E ndroid.launche: Invalid ID 0x9c000304.
07-31 18:19:58.335  1776  1776 E ndroid.launche: Invalid ID 0x9c000404.
07-31 18:19:58.335  1776  1776 E ndroid.launche: Invalid ID 0x9c000604.
07-31 18:19:58.336  1776  1776 W HwLauncher: TalkBackHelper needAnnounceAbilityForm input parameter is null
07-31 18:19:58.336  1776  1776 W HwLauncher: TalkBackHelper needAnnounceAbilityForm input parameter is null
07-31 18:19:58.337  1776  1776 E ndroid.launche: Invalid ID 0x9c000000.
07-31 18:19:58.337  1776  1776 E ndroid.launche: Invalid ID 0x9c000003.
07-31 18:19:58.337  1776  1776 E ndroid.launche: Invalid ID 0x9c000203.
07-31 18:19:58.337  1776  1776 E ndroid.launche: Invalid ID 0x9c000403.
07-31 18:19:58.337  1776  1776 E ndroid.launche: Invalid ID 0x9c000503.
07-31 18:19:58.338  1776  1776 E ndroid.launche: Invalid ID 0x9c000204.
07-31 18:19:58.338  1776  1776 E ndroid.launche: Invalid ID 0x9c000304.
07-31 18:19:58.338  1776  1776 E ndroid.launche: Invalid ID 0x9c000404.
07-31 18:19:58.338  1776  1776 E ndroid.launche: Invalid ID 0x9c000604.
07-31 18:19:58.338  1776  1776 W HwLauncher: TalkBackHelper needAnnounceAbilityForm input parameter is null
07-31 18:19:58.338  1776  1776 W HwLauncher: TalkBackHelper needAnnounceAbilityForm input parameter is null
07-31 18:19:58.345  1776  1776 E ndroid.launche: No package ID 9c found for ID 0x9c010000.
07-31 18:19:58.345  1776  1776 E ndroid.launche: No package ID 9c found for ID 0x9c010100.
07-31 18:19:58.345  1776  1776 E ndroid.launche: No package ID 9c found for ID 0x9c010200.
07-31 18:19:58.345  1776  1776 E ndroid.launche: No package ID 9c found for ID 0x9c010300.
07-31 18:19:58.345  1776  1776 E ndroid.launche: No package ID 9c found for ID 0x9c010400.
07-31 18:19:58.345  1776  1776 E ndroid.launche: No package ID 9c found for ID 0x9c010001.
07-31 18:19:58.345  1776  1776 E ndroid.launche: No package ID 9c found for ID 0x9c010101.
07-31 18:19:58.345  1776  1776 E ndroid.launche: No package ID 9c found for ID 0x9c010201.
07-31 18:19:58.345  1776  1776 E ndroid.launche: No package ID 9c found for ID 0x9c010301.
07-31 18:19:58.345  1776  1776 E ndroid.launche: No package ID 9c found for ID 0x9c010401.
07-31 18:19:58.345  1776  1776 E ndroid.launche: No package ID 9c found for ID 0x9c010500.
07-31 18:19:58.345  1776  1776 E ndroid.launche: No package ID 9c found for ID 0x9c010002.
07-31 18:19:58.345  1776  1776 E ndroid.launche: No package ID 9c found for ID 0x9c010003.
07-31 18:19:58.345  1776  1776 E ndroid.launche: No package ID 9c found for ID 0x9c010103.
07-31 18:19:58.345  1776  1776 E ndroid.launche: No package ID 9c found for ID 0x9c010203.
07-31 18:19:58.345  1776  1776 E ndroid.launche: No package ID 9c found for ID 0x9c010303.
07-31 18:19:58.345  1776  1776 E ndroid.launche: No package ID 9c found for ID 0x9c010403.
07-31 18:19:58.345  1776  1776 E ndroid.launche: No package ID 9c found for ID 0x9c010503.
07-31 18:19:58.345  1776  1776 E ndroid.launche: No package ID 9c found for ID 0x9c010004.
07-31 18:19:58.345  1776  1776 E ndroid.launche: No package ID 9c found for ID 0x9c010104.
07-31 18:19:58.345  1776  1776 E ndroid.launche: No package ID 9c found for ID 0x9c010104.
07-31 18:19:58.346  1776  1776 E ndroid.launche: No package ID 9c found for ID 0x9c010304.
07-31 18:19:58.346  1776  1776 E ndroid.launche: No package ID 9c found for ID 0x9c010404.
07-31 18:19:58.346  1776  1776 E ndroid.launche: No package ID 9c found for ID 0x9c010504.
07-31 18:19:58.346  1776  1776 E ndroid.launche: No package ID 9c found for ID 0x9c010604.
07-31 18:19:58.346  1776  1776 E ndroid.launche: No package ID 9c found for ID 0x9c010604.
07-31 18:19:58.346  1776  1776 W HwLauncher: TalkBackHelper needAnnounceAbilityForm input parameter is null
07-31 18:19:58.346  1776  1776 W HwLauncher: TalkBackHelper needAnnounceAbilityForm input parameter is null
07-31 18:19:58.346  1776  1776 W HwLauncher: TalkBackHelper needAnnounceAbilityForm input parameter is null
07-31 18:19:58.347  1776  1776 E ndroid.launche: No package ID 9c found for ID 0x9c010000.
07-31 18:19:58.348  1776  1776 E ndroid.launche: No package ID 9c found for ID 0x9c020000.
07-31 18:19:58.348  1776  1776 W HwLauncher: TalkBackHelper needAnnounceAbilityForm input parameter is null
07-31 18:19:58.348  1776  1776 W HwLauncher: TalkBackHelper needAnnounceAbilityForm input parameter is null
07-31 18:19:58.349  1776  1776 W HwLauncher: TalkBackHelper needAnnounceAbilityForm input parameter is null
07-31 18:19:58.351  1776  1776 E ndroid.launche: No package ID 9c found for ID 0x9c020000.
07-31 18:19:58.351  1776  1776 W HwLauncher: TalkBackHelper needAnnounceAbilityForm input parameter is null
07-31 18:19:58.351  1776  1776 W HwLauncher: TalkBackHelper needAnnounceAbilityForm input parameter is null
07-31 18:19:58.352  1776  1776 W HwLauncher: TalkBackHelper needAnnounceAbilityForm input parameter is null
07-31 18:19:58.354  4741  4924 I OllieMsgCenter: publishEvt=2135097353
07-31 18:19:58.358  1776  1776 W HwLauncher: TalkBackHelper needAnnounceAbilityForm input parameter is null
07-31 18:19:58.360  1776  1776 E ndroid.launche: Invalid ID 0x9b000000.
07-31 18:19:58.361  1776  1776 E ndroid.launche: No package ID 9b found for ID 0x9b010100.
07-31 18:19:58.361  1776  1776 E ndroid.launche: No package ID 9b found for ID 0x9b020200.
07-31 18:19:58.361  1776  1776 E ndroid.launche: No package ID 9b found for ID 0x9b030300.
07-31 18:19:58.361  1776  1776 E ndroid.launche: No package ID 9b found for ID 0x9b040400.
07-31 18:19:58.361  1776  1776 E ndroid.launche: No package ID 9b found for ID 0x9b050500.
07-31 18:19:58.361  1776  1776 E ndroid.launche: No package ID 9b found for ID 0x9b060600.
07-31 18:19:58.361  1776  1776 E ndroid.launche: Invalid ID 0x9b000000.
07-31 18:19:58.361  1776  1776 E ndroid.launche: No package ID 9b found for ID 0x9b010100.
07-31 18:19:58.361  1776  1776 E ndroid.launche: No package ID 9b found for ID 0x9b020200.
07-31 18:19:58.361  1776  1776 E ndroid.launche: No package ID 9b found for ID 0x9b030300.
07-31 18:19:58.361  1776  1776 E ndroid.launche: No package ID 9b found for ID 0x9b040400.
07-31 18:19:58.361  1776  1776 E ndroid.launche: No package ID 9b found for ID 0x9b050500.
07-31 18:19:58.361  1776  1776 E ndroid.launche: No package ID 9b found for ID 0x9b060600.
07-31 18:19:58.362  1776  1776 E ndroid.launche: No package ID 9b found for ID 0x9b090900.
07-31 18:19:58.362  1776  1776 E ndroid.launche: No package ID 9b found for ID 0x9b090900.
07-31 18:19:58.362  1776  1776 E ndroid.launche: No package ID 9b found for ID 0x9b090900.
07-31 18:19:58.362  1776  1776 E ndroid.launche: No package ID 9b found for ID 0x9b090900.
07-31 18:19:58.362  1776  1776 E ndroid.launche: No package ID 9b found for ID 0x9b080800.
07-31 18:19:58.362  1776  1776 E ndroid.launche: No package ID 9b found for ID 0x9b080800.
07-31 18:19:58.362  1776  1776 E ndroid.launche: No package ID 9b found for ID 0x9b070700.
07-31 18:19:58.362  1776  1776 E ndroid.launche: No package ID 9b found for ID 0x9b060600.
07-31 18:19:58.367  1776  1776 E ndroid.launche: No package ID 9b found for ID 0x9b050500.
07-31 18:19:58.368  1776  1776 E ndroid.launche: No package ID 9b found for ID 0x9b040400.
07-31 18:19:58.374 19987 23941 I s.voicerecorde: [SuspendGCController] restore footprint = 26MB
07-31 18:19:58.402  1776  1776 E ndroid.launche: Invalid ID 0x9c000000.
07-31 18:19:58.402  1776  1776 E ndroid.launche: Invalid ID 0x9c000003.
07-31 18:19:58.402  1776  1776 E ndroid.launche: Invalid ID 0x9c000203.
07-31 18:19:58.402  1776  1776 E ndroid.launche: Invalid ID 0x9c000403.
07-31 18:19:58.402  1776  1776 E ndroid.launche: Invalid ID 0x9c000503.
07-31 18:19:58.402  1776  1776 E ndroid.launche: Invalid ID 0x9c000204.
07-31 18:19:58.402  1776  1776 E ndroid.launche: Invalid ID 0x9c000304.
07-31 18:19:58.402  1776  1776 E ndroid.launche: Invalid ID 0x9c000404.
07-31 18:19:58.402  1776  1776 E ndroid.launche: Invalid ID 0x9c000604.
07-31 18:19:58.402  1776  1776 W HwLauncher: TalkBackHelper needAnnounceAbilityForm input parameter is null
07-31 18:19:58.402  1776  1776 W HwLauncher: TalkBackHelper needAnnounceAbilityForm input parameter is null
07-31 18:19:58.404  1776  1776 E ndroid.launche: Invalid ID 0x9c000000.
07-31 18:19:58.404  1776  1776 E ndroid.launche: Invalid ID 0x9c000003.
07-31 18:19:58.404  1776  1776 E ndroid.launche: Invalid ID 0x9c000203.
07-31 18:19:58.404  1776  1776 E ndroid.launche: Invalid ID 0x9c000403.
07-31 18:19:58.404  1776  1776 E ndroid.launche: Invalid ID 0x9c000503.
07-31 18:19:58.404  1776  1776 E ndroid.launche: Invalid ID 0x9c000204.
07-31 18:19:58.404  1776  1776 E ndroid.launche: Invalid ID 0x9c000304.
07-31 18:19:58.404  1776  1776 E ndroid.launche: Invalid ID 0x9c000404.
07-31 18:19:58.404  1776  1776 E ndroid.launche: Invalid ID 0x9c000604.
07-31 18:19:58.404  1776  1776 W HwLauncher: TalkBackHelper needAnnounceAbilityForm input parameter is null
07-31 18:19:58.405  1776  1776 W HwLauncher: TalkBackHelper needAnnounceAbilityForm input parameter is null
07-31 18:19:58.411  1776  1776 E ndroid.launche: No package ID 9c found for ID 0x9c010000.
07-31 18:19:58.411  1776  1776 E ndroid.launche: No package ID 9c found for ID 0x9c010100.
07-31 18:19:58.411  1776  1776 E ndroid.launche: No package ID 9c found for ID 0x9c010200.
07-31 18:19:58.411  1776  1776 E ndroid.launche: No package ID 9c found for ID 0x9c010300.
07-31 18:19:58.411  1776  1776 E ndroid.launche: No package ID 9c found for ID 0x9c010400.
07-31 18:19:58.412  1776  1776 E ndroid.launche: No package ID 9c found for ID 0x9c010001.
07-31 18:19:58.412  1776  1776 E ndroid.launche: No package ID 9c found for ID 0x9c010101.
07-31 18:19:58.412  1776  1776 E ndroid.launche: No package ID 9c found for ID 0x9c010201.
07-31 18:19:58.412  1776  1776 E ndroid.launche: No package ID 9c found for ID 0x9c010301.
07-31 18:19:58.412  1776  1776 E ndroid.launche: No package ID 9c found for ID 0x9c010401.
07-31 18:19:58.412  1776  1776 E ndroid.launche: No package ID 9c found for ID 0x9c010500.
07-31 18:19:58.412  1776  1776 E ndroid.launche: No package ID 9c found for ID 0x9c010002.
07-31 18:19:58.412  1776  1776 E ndroid.launche: No package ID 9c found for ID 0x9c010003.
07-31 18:19:58.412  1776  1776 E ndroid.launche: No package ID 9c found for ID 0x9c010103.
07-31 18:19:58.412  1776  1776 E ndroid.launche: No package ID 9c found for ID 0x9c010203.
07-31 18:19:58.412  1776  1776 E ndroid.launche: No package ID 9c found for ID 0x9c010303.
07-31 18:19:58.412  1776  1776 E ndroid.launche: No package ID 9c found for ID 0x9c010403.
07-31 18:19:58.412  1776  1776 E ndroid.launche: No package ID 9c found for ID 0x9c010503.
07-31 18:19:58.412  1776  1776 E ndroid.launche: No package ID 9c found for ID 0x9c010004.
07-31 18:19:58.412  1776  1776 E ndroid.launche: No package ID 9c found for ID 0x9c010104.
07-31 18:19:58.412  1776  1776 E ndroid.launche: No package ID 9c found for ID 0x9c010104.
07-31 18:19:58.412  1776  1776 E ndroid.launche: No package ID 9c found for ID 0x9c010304.
07-31 18:19:58.412  1776  1776 E ndroid.launche: No package ID 9c found for ID 0x9c010404.
07-31 18:19:58.412  1776  1776 E ndroid.launche: No package ID 9c found for ID 0x9c010504.
07-31 18:19:58.412  1776  1776 E ndroid.launche: No package ID 9c found for ID 0x9c010604.
07-31 18:19:58.412  1776  1776 E ndroid.launche: No package ID 9c found for ID 0x9c010604.
07-31 18:19:58.412  1776  1776 W HwLauncher: TalkBackHelper needAnnounceAbilityForm input parameter is null
07-31 18:19:58.413  1776  1776 W HwLauncher: TalkBackHelper needAnnounceAbilityForm input parameter is null
07-31 18:19:58.413  1776  1776 W HwLauncher: TalkBackHelper needAnnounceAbilityForm input parameter is null
07-31 18:19:58.413  1776  1776 E ndroid.launche: No package ID 9c found for ID 0x9c010000.
07-31 18:19:58.415  1776  1776 E ndroid.launche: No package ID 9c found for ID 0x9c020000.
07-31 18:19:58.415  1776  1776 W HwLauncher: TalkBackHelper needAnnounceAbilityForm input parameter is null
07-31 18:19:58.415  1776  1776 W HwLauncher: TalkBackHelper needAnnounceAbilityForm input parameter is null
07-31 18:19:58.416  1776  1776 W HwLauncher: TalkBackHelper needAnnounceAbilityForm input parameter is null
07-31 18:19:58.422  1776  1776 E ndroid.launche: No package ID 9c found for ID 0x9c020000.
07-31 18:19:58.423  1776  1776 W HwLauncher: TalkBackHelper needAnnounceAbilityForm input parameter is null
07-31 18:19:58.423  1776  1776 W HwLauncher: TalkBackHelper needAnnounceAbilityForm input parameter is null
07-31 18:19:58.427  1776  1776 W HwLauncher: TalkBackHelper needAnnounceAbilityForm input parameter is null
07-31 18:19:58.435  1776  1776 E ndroid.launche: Invalid ID 0x9b000000.
07-31 18:19:58.435  1776  1776 E ndroid.launche: No package ID 9b found for ID 0x9b010100.
07-31 18:19:58.435  1776  1776 E ndroid.launche: No package ID 9b found for ID 0x9b020200.
07-31 18:19:58.436  1776  1776 E ndroid.launche: No package ID 9b found for ID 0x9b030300.
07-31 18:19:58.436  1776  1776 E ndroid.launche: No package ID 9b found for ID 0x9b040400.
07-31 18:19:58.436  1776  1776 E ndroid.launche: No package ID 9b found for ID 0x9b050500.
07-31 18:19:58.437  1776  1776 E ndroid.launche: No package ID 9b found for ID 0x9b060600.
07-31 18:19:58.438  1776  1776 E ndroid.launche: No package ID 9b found for ID 0x9b090900.
07-31 18:19:58.438  1776  1776 E ndroid.launche: No package ID 9b found for ID 0x9b090900.
07-31 18:19:58.438  1776  1776 E ndroid.launche: No package ID 9b found for ID 0x9b090900.
07-31 18:19:58.438  1776  1776 E ndroid.launche: No package ID 9b found for ID 0x9b090900.
07-31 18:19:58.438  1776  1776 E ndroid.launche: No package ID 9b found for ID 0x9b080800.
07-31 18:19:58.438  1776  1776 E ndroid.launche: No package ID 9b found for ID 0x9b080800.
07-31 18:19:58.439  1776  1776 E ndroid.launche: No package ID 9b found for ID 0x9b070700.
07-31 18:19:58.439  1776  1776 E ndroid.launche: No package ID 9b found for ID 0x9b060600.
07-31 18:19:58.439  1776  1776 E ndroid.launche: No package ID 9b found for ID 0x9b050500.
07-31 18:19:58.440  1776  1776 E ndroid.launche: No package ID 9b found for ID 0x9b040400.
07-31 18:19:58.486  4741  4924 I ConnCureStateMonitor: handleMessage: msg[4]
07-31 18:19:58.487  4741  4924 I ConnCureStateMonitor: canPerformConnCure: network is not in service.
07-31 18:19:58.487  4741  4924 I ConnCureStateMonitor: isCaredApp:false,isAllowed:true,isDataEnabled:true
07-31 18:19:58.500  1776  1776 E ndroid.launche: Invalid ID 0x9c000000.
07-31 18:19:58.501  1776  1776 E ndroid.launche: Invalid ID 0x9c000003.
07-31 18:19:58.501  1776  1776 E ndroid.launche: Invalid ID 0x9c000203.
07-31 18:19:58.503  1776  1776 W HwLauncher: TalkBackHelper needAnnounceAbilityForm input parameter is null
07-31 18:19:58.505  1776  1776 W HwLauncher: TalkBackHelper needAnnounceAbilityForm input parameter is null
07-31 18:19:58.506  1776  1776 E ndroid.launche: Invalid ID 0x9c000403.
07-31 18:19:58.506  1776  1776 E ndroid.launche: Invalid ID 0x9c000503.
07-31 18:19:58.507  1776  1776 E ndroid.launche: Invalid ID 0x9c000204.
07-31 18:19:58.511  1776  1776 E ndroid.launche: Invalid ID 0x9c000304.
07-31 18:19:58.512  1776  1776 E ndroid.launche: Invalid ID 0x9c000404.
07-31 18:19:58.512  1776  1776 E ndroid.launche: Invalid ID 0x9c000604.
07-31 18:19:58.513  1776  1776 E ndroid.launche: No package ID 9c found for ID 0x9c010000.
07-31 18:19:58.513  1776  1776 E ndroid.launche: No package ID 9c found for ID 0x9c010100.
07-31 18:19:58.513  1776  1776 E ndroid.launche: No package ID 9c found for ID 0x9c010200.
07-31 18:19:58.513  1776  1776 E ndroid.launche: No package ID 9c found for ID 0x9c010300.
07-31 18:19:58.513  1776  1776 E ndroid.launche: No package ID 9c found for ID 0x9c010400.
07-31 18:19:58.513  1776  1776 E ndroid.launche: No package ID 9c found for ID 0x9c010001.
07-31 18:19:58.513  1776  1776 E ndroid.launche: No package ID 9c found for ID 0x9c010101.
07-31 18:19:58.513  1776  1776 E ndroid.launche: No package ID 9c found for ID 0x9c010201.
07-31 18:19:58.514  1776  1776 W HwLauncher: TalkBackHelper needAnnounceAbilityForm input parameter is null
07-31 18:19:58.514  1776  1776 E ndroid.launche: No package ID 9c found for ID 0x9c010301.
07-31 18:19:58.515  1776  1776 E ndroid.launche: No package ID 9c found for ID 0x9c010401.
07-31 18:19:58.515  1776  1776 W HwLauncher: TalkBackHelper needAnnounceAbilityForm input parameter is null
07-31 18:19:58.515  1776  1776 E ndroid.launche: No package ID 9c found for ID 0x9c010500.
07-31 18:19:58.515  1776  1776 W HwLauncher: TalkBackHelper needAnnounceAbilityForm input parameter is null
07-31 18:19:58.517  1776  1776 E ndroid.launche: No package ID 9c found for ID 0x9c010002.
07-31 18:19:58.517  1776  1776 E ndroid.launche: No package ID 9c found for ID 0x9c010003.
07-31 18:19:58.518  1776  1776 E ndroid.launche: No package ID 9c found for ID 0x9c010103.
07-31 18:19:58.522  1776  1776 E ndroid.launche: No package ID 9c found for ID 0x9c010203.
07-31 18:19:58.523  1776  1776 E ndroid.launche: No package ID 9c found for ID 0x9c010303.
07-31 18:19:58.523  4741  6312 I Booster_Qoe: Ada,index:8,NisPsSlow:0,NProba:312,rsrp(rssi):-61,rsrq(noise):-87,rtt(chload):273,BFH(uldelay):0,BFC(rtt):0 Real:0,0,0,0,0, bler:0
07-31 18:19:58.523  4741  6312 I Booster_Qoe: Ada,index:2,NisPsSlow:0,NProba:312,rsrp(rssi):-61,rsrq(noise):-87,rtt(chload):273,BFH(uldelay):0,BFC(rtt):56 Real:0,0,56,0,0, bler:0
07-31 18:19:58.523  4741  6312 I fast_decay: HandleBeaconRssiInfo, the number of zero in beacon rssi is : 0
07-31 18:19:58.523  1776  1776 E ndroid.launche: No package ID 9c found for ID 0x9c010403.
07-31 18:19:58.523  4741  6312 I fast_decay: HandleBeaconRssiInfo, the value in beacon rssi is valid
07-31 18:19:58.523  4741  6312 I fast_decay: DetectFastDecay, normalUsedValidCnt is : 30, allValidCnt is : 50
07-31 18:19:58.523  4741  6312 I fast_decay: DetectFastDecay, normalUsedValidCnt is : 30, allValidCnt is : 50
07-31 18:19:58.523  4741  6312 I fast_decay: DetectFastDecay, normalUsedValidCnt is : 30, allValidCnt is : 50
07-31 18:19:58.523  4741  6312 I fast_decay: DetectFastDecay, normalUsedValidCnt is : 30, allValidCnt is : 50
07-31 18:19:58.523  4741  6312 I fast_decay: DetectFastDecay, normalUsedValidCnt is : 30, allValidCnt is : 50
07-31 18:19:58.523  4741  6312 I fast_decay: DetectFastDecay, normalUsedValidCnt is : 30, allValidCnt is : 50
07-31 18:19:58.523  4741  4924 I NetworkQoeProxy: channelId:2 upRate:21089, downRate325
07-31 18:19:58.523  4741  6312 I fast_decay: DetectFastDecay, normalUsedValidCnt is : 30, allValidCnt is : 50
07-31 18:19:58.523  4741  6312 I fast_decay: DetectFastDecay, normalUsedValidCnt is : 30, allValidCnt is : 50
07-31 18:19:58.523  4741  6312 I fast_decay: DetectFastDecay, normalUsedValidCnt is : 30, allValidCnt is : 50
07-31 18:19:58.524  4741  6312 I fast_decay: DetectFastDecay, normalUsedValidCnt is : 30, allValidCnt is : 50
07-31 18:19:58.524  4741  6312 I asymmetric_link: getPer, getPer: 0.072997, filterTxRate: 2294.000000, filterRxRate: 1792.625000
07-31 18:19:58.524  4741  6312 I asymmetric_link: HandleAsymmetricLinkInfo, the txRssi: -69.156357, the activeNodeCnt: 1
07-31 18:19:58.524  4741  4924 E Booster_BroadcastProxy: [isDebugModemEnabled]get package info fail.
07-31 18:19:58.524  1776  1776 E ndroid.launche: No package ID 9c found for ID 0x9c010503.
07-31 18:19:58.524  4741  4924 I WifiObserver: txThroughput = 20, rxThroughput = 0
07-31 18:19:58.524  1776  1776 E ndroid.launche: No package ID 9c found for ID 0x9c010004.
07-31 18:19:58.524  1851  4164 I WiFi_PRO_WifiProStateMachine: APP_SERVICE_QOE_NOTIFY Qoe info 1110227,4,0,312,1,2,4,0,312,229400,172100,10,10,0,21089,325,0 CID 2 mMasterWifiRssi -61 mMasterCardAmbr 1048576 mSlaveCardAmbr 1048576
07-31 18:19:58.525  1776  1776 E ndroid.launche: No package ID 9c found for ID 0x9c010104.
07-31 18:19:58.525  1851  4164 I HwWifiProServiceProxy: ctrlHwWifiNetwork pkgName: WIFIPRO_SERVICE interfaceId: 9
07-31 18:19:58.525  1851  4164 I WiFi_PRO_WifiProStateMachine: isWifi2WifiProcess = false, mIsNeedIgnoreQoeUpdate = false, mIsAppInBlacklist = false, mIsAppInBlacklistFullScreen = false, mIsWiFiNoInternet false, screen on = true, full screen = false, isLandscapeMode = false, mNotifyWifiLinkPoorReason = -1
07-31 18:19:58.525  1851  4164 I WiFi_PRO_WifiProStateMachine: ignore app qoe info update, because current wifi link rate is good
07-31 18:19:58.525  1776  1776 E ndroid.launche: No package ID 9c found for ID 0x9c010104.
07-31 18:19:58.525  1776  1776 E ndroid.launche: No package ID 9c found for ID 0x9c010304.
07-31 18:19:58.526  1776  1776 E ndroid.launche: No package ID 9c found for ID 0x9c010404.
07-31 18:19:58.526  1776  1776 E ndroid.launche: No package ID 9c found for ID 0x9c010504.
07-31 18:19:58.526  1776  1776 E ndroid.launche: No package ID 9c found for ID 0x9c010604.
07-31 18:19:58.527  1776  1776 E ndroid.launche: No package ID 9c found for ID 0x9c010604.
07-31 18:19:58.527  1776  1776 E ndroid.launche: No package ID 9c found for ID 0x9c020000.
07-31 18:19:58.527  1776  1776 W HwLauncher: TalkBackHelper needAnnounceAbilityForm input parameter is null
07-31 18:19:58.528  1776  1776 W HwLauncher: TalkBackHelper needAnnounceAbilityForm input parameter is null
07-31 18:19:58.529  1776  1776 W HwLauncher: TalkBackHelper needAnnounceAbilityForm input parameter is null
07-31 18:19:58.533  1776  1776 E ndroid.launche: No package ID 9c found for ID 0x9c020000.
07-31 18:19:58.533  1776  1776 W HwLauncher: TalkBackHelper needAnnounceAbilityForm input parameter is null
07-31 18:19:58.534  1776  1776 W HwLauncher: TalkBackHelper needAnnounceAbilityForm input parameter is null
07-31 18:19:58.537  1776  1776 W HwLauncher: TalkBackHelper needAnnounceAbilityForm input parameter is null
07-31 18:19:58.539  1776  1776 E ndroid.launche: Invalid ID 0x9b000000.
07-31 18:19:58.539  1776  1776 E ndroid.launche: No package ID 9b found for ID 0x9b010100.
07-31 18:19:58.539  1776  1776 E ndroid.launche: No package ID 9b found for ID 0x9b020200.
07-31 18:19:58.539  1776  1776 E ndroid.launche: No package ID 9b found for ID 0x9b030300.
07-31 18:19:58.540  1776  1776 E ndroid.launche: No package ID 9b found for ID 0x9b040400.
07-31 18:19:58.540  1776  1776 E ndroid.launche: No package ID 9b found for ID 0x9b050500.
07-31 18:19:58.541  1776  1776 E ndroid.launche: No package ID 9b found for ID 0x9b060600.
07-31 18:19:58.546  1776  1776 E ndroid.launche: No package ID 9b found for ID 0x9b090900.
07-31 18:19:58.546  1776  1776 E ndroid.launche: No package ID 9b found for ID 0x9b090900.
07-31 18:19:58.546  1776  1776 E ndroid.launche: No package ID 9b found for ID 0x9b090900.
07-31 18:19:58.546  1776  1776 E ndroid.launche: No package ID 9b found for ID 0x9b090900.
07-31 18:19:58.546  1776  1776 E ndroid.launche: No package ID 9b found for ID 0x9b080800.
07-31 18:19:58.546  1776  1776 E ndroid.launche: No package ID 9b found for ID 0x9b080800.
07-31 18:19:58.546  1776  1776 E ndroid.launche: No package ID 9b found for ID 0x9b070700.
07-31 18:19:58.546  1776  1776 E ndroid.launche: No package ID 9b found for ID 0x9b060600.
07-31 18:19:58.547  1776  1776 E ndroid.launche: No package ID 9b found for ID 0x9b050500.
07-31 18:19:58.547  1776  1776 E ndroid.launche: No package ID 9b found for ID 0x9b040400.
07-31 18:19:58.612  1776  1776 W InputMethodManager: Ignoring onBind: cur seq=-1, given seq=1562
07-31 18:19:58.613  1776  1776 E ndroid.launche: Invalid ID 0x9c000000.
07-31 18:19:58.613  1776  1776 E ndroid.launche: Invalid ID 0x9c000003.
07-31 18:19:58.613  1776  1776 E ndroid.launche: Invalid ID 0x9c000203.
07-31 18:19:58.616  1776  1776 W HwLauncher: TalkBackHelper needAnnounceAbilityForm input parameter is null
07-31 18:19:58.622  1776  1776 W HwLauncher: TalkBackHelper needAnnounceAbilityForm input parameter is null
07-31 18:19:58.623  1776  1776 E ndroid.launche: Invalid ID 0x9c000403.
07-31 18:19:58.623  1776  1776 E ndroid.launche: Invalid ID 0x9c000503.
07-31 18:19:58.624  1776  1776 E ndroid.launche: Invalid ID 0x9c000204.
07-31 18:19:58.624  1776  1776 E ndroid.launche: Invalid ID 0x9c000304.
07-31 18:19:58.624  1776  1776 E ndroid.launche: Invalid ID 0x9c000404.
07-31 18:19:58.624  1776  1776 E ndroid.launche: Invalid ID 0x9c000604.
07-31 18:19:58.625  1776  1776 E ndroid.launche: No package ID 9c found for ID 0x9c010000.
07-31 18:19:58.625  1776  1776 E ndroid.launche: No package ID 9c found for ID 0x9c010100.
07-31 18:19:58.625  1776  1776 E ndroid.launche: No package ID 9c found for ID 0x9c010200.
07-31 18:19:58.625  1776  1776 E ndroid.launche: No package ID 9c found for ID 0x9c010300.
07-31 18:19:58.625  1776  1776 E ndroid.launche: No package ID 9c found for ID 0x9c010400.
07-31 18:19:58.625  1776  1776 E ndroid.launche: No package ID 9c found for ID 0x9c010001.
07-31 18:19:58.626  1776  1776 E ndroid.launche: No package ID 9c found for ID 0x9c010101.
07-31 18:19:58.627  1776  1776 E ndroid.launche: No package ID 9c found for ID 0x9c010201.
07-31 18:19:58.627  1776  1776 W HwLauncher: TalkBackHelper needAnnounceAbilityForm input parameter is null
07-31 18:19:58.627  1776  1776 E ndroid.launche: No package ID 9c found for ID 0x9c010301.
07-31 18:19:58.628  1776  1776 E ndroid.launche: No package ID 9c found for ID 0x9c010401.
07-31 18:19:58.628  1776  1776 W HwLauncher: TalkBackHelper needAnnounceAbilityForm input parameter is null
07-31 18:19:58.633  1776  1776 E ndroid.launche: No package ID 9c found for ID 0x9c010500.
07-31 18:19:58.634  1776  1776 W HwLauncher: TalkBackHelper needAnnounceAbilityForm input parameter is null
07-31 18:19:58.634  1350  8694 I CPU_STATS: iawared: query next cpu load with 2!
07-31 18:19:58.634  1350  8694 I CPU_STATS: total cost time 2003954687 ns
07-31 18:19:58.634  1350  8694 I CPU_STATS: iawared: current total load is 0.239593, capacity : 5166, pre load:  16170413146417, current load : 16172835381424
07-31 18:19:58.635  1350  8694 I CPU_STATS: read once cost time 672 us
07-31 18:19:58.636  1776  1776 E ndroid.launche: No package ID 9c found for ID 0x9c010002.
07-31 18:19:58.636  1776  1776 E ndroid.launche: No package ID 9c found for ID 0x9c010003.
07-31 18:19:58.636  1776  1776 E ndroid.launche: No package ID 9c found for ID 0x9c010103.
07-31 18:19:58.637  1776  1776 E ndroid.launche: No package ID 9c found for ID 0x9c010203.
07-31 18:19:58.637  1776  1776 E ndroid.launche: No package ID 9c found for ID 0x9c010303.
07-31 18:19:58.637  1776  1776 E ndroid.launche: No package ID 9c found for ID 0x9c010403.
07-31 18:19:58.638  1776  1776 E ndroid.launche: No package ID 9c found for ID 0x9c010503.
07-31 18:19:58.638  1776  1776 E ndroid.launche: No package ID 9c found for ID 0x9c010004.
07-31 18:19:58.638  1776  1776 E ndroid.launche: No package ID 9c found for ID 0x9c010104.
07-31 18:19:58.639  1776  1776 E ndroid.launche: No package ID 9c found for ID 0x9c010104.
07-31 18:19:58.639  1776  1776 E ndroid.launche: No package ID 9c found for ID 0x9c010304.
07-31 18:19:58.639  1776  1776 E ndroid.launche: No package ID 9c found for ID 0x9c010404.
07-31 18:19:58.639  1776  1776 E ndroid.launche: No package ID 9c found for ID 0x9c010504.
07-31 18:19:58.640  1776  1776 E ndroid.launche: No package ID 9c found for ID 0x9c010604.
07-31 18:19:58.641  1776  1776 E ndroid.launche: No package ID 9c found for ID 0x9c010604.
07-31 18:19:58.645  1776  1776 E ndroid.launche: No package ID 9c found for ID 0x9c020000.
07-31 18:19:58.645  1776  1776 W HwLauncher: TalkBackHelper needAnnounceAbilityForm input parameter is null
07-31 18:19:58.649  1776  1776 W HwLauncher: TalkBackHelper needAnnounceAbilityForm input parameter is null
07-31 18:19:58.656  1776  1776 W HwLauncher: TalkBackHelper needAnnounceAbilityForm input parameter is null
07-31 18:19:58.661  1776  1776 W HwLauncher: TalkBackHelper needAnnounceAbilityForm input parameter is null
07-31 18:19:58.663  1776  1776 E ndroid.launche: Invalid ID 0x9b000000.
07-31 18:19:58.663  1776  1776 E ndroid.launche: No package ID 9b found for ID 0x9b010100.
07-31 18:19:58.663  1776  1776 E ndroid.launche: No package ID 9b found for ID 0x9b020200.
07-31 18:19:58.663  1776  1776 E ndroid.launche: No package ID 9b found for ID 0x9b030300.
07-31 18:19:58.663  1776  1776 E ndroid.launche: No package ID 9b found for ID 0x9b040400.
07-31 18:19:58.663  1776  1776 E ndroid.launche: No package ID 9b found for ID 0x9b050500.
07-31 18:19:58.663  1776  1776 E ndroid.launche: No package ID 9b found for ID 0x9b060600.
07-31 18:19:58.667  1776  1776 E ndroid.launche: Invalid ID 0x9b000000.
07-31 18:19:58.667  1776  1776 E ndroid.launche: No package ID 9b found for ID 0x9b010100.
07-31 18:19:58.667  1776  1776 E ndroid.launche: No package ID 9b found for ID 0x9b020200.
07-31 18:19:58.667  1776  1776 E ndroid.launche: No package ID 9b found for ID 0x9b030300.
07-31 18:19:58.667  1776  1776 E ndroid.launche: No package ID 9b found for ID 0x9b040400.
07-31 18:19:58.667  1776  1776 E ndroid.launche: No package ID 9b found for ID 0x9b050500.
07-31 18:19:58.667  1776  1776 E ndroid.launche: No package ID 9b found for ID 0x9b060600.
07-31 18:19:58.668  1776  1776 E ndroid.launche: No package ID 9b found for ID 0x9b090900.
07-31 18:19:58.668  1776  1776 E ndroid.launche: No package ID 9b found for ID 0x9b090900.
07-31 18:19:58.668  1776  1776 E ndroid.launche: No package ID 9b found for ID 0x9b090900.
07-31 18:19:58.668  1776  1776 E ndroid.launche: No package ID 9b found for ID 0x9b090900.
07-31 18:19:58.668  1776  1776 E ndroid.launche: No package ID 9b found for ID 0x9b080800.
07-31 18:19:58.668  1776  1776 E ndroid.launche: No package ID 9b found for ID 0x9b080800.
07-31 18:19:58.668  1776  1776 E ndroid.launche: No package ID 9b found for ID 0x9b070700.
07-31 18:19:58.668  1776  1776 E ndroid.launche: No package ID 9b found for ID 0x9b060600.
07-31 18:19:58.668  1776  1776 E ndroid.launche: No package ID 9b found for ID 0x9b050500.
07-31 18:19:58.669  1776  1776 E ndroid.launche: No package ID 9b found for ID 0x9b040400.
07-31 18:19:58.698  4274  4274 I HwScreenRecorderTimer: updateCapsuleState isTransientShown=false isStatusBarWindowShown=true hasScreenRecorderTimer=false isPanelExpand=false
07-31 18:19:58.698  4274  4274 I HwCapsuleDataConsumer: onDataProduce isAnimatorRunning=false
07-31 18:19:58.700  4274  4274 I NotifSectionsManager: updateFirstAndLastViewsForAllSections, changed:false
07-31 18:19:58.701  4274  4274 I HwStatusBarCapsuleHelper: onCapsuleDataUpdate isOverlay=true, mIsCapsuleLauncherAnimationStart=false
07-31 18:19:58.701  4274  4274 I HwStatusBarCapsuleView: hide capsule
07-31 18:19:58.701  4274  4274 I HwStatusBarCapsuleHelper: onCapsuleDataUpdate isOverlay=false, mIsCapsuleLauncherAnimationStart=false
07-31 18:19:58.701  4274  4274 I HwStatusBarCapsuleView: hide capsule
07-31 18:19:58.703  1776  1776 E ndroid.launche: Invalid ID 0x9c000000.
07-31 18:19:58.703  1776  1776 E ndroid.launche: Invalid ID 0x9c000003.
07-31 18:19:58.703  1776  1776 E ndroid.launche: Invalid ID 0x9c000203.
07-31 18:19:58.704  1776  1776 E ndroid.launche: Invalid ID 0x9c000403.
07-31 18:19:58.704  1776  1776 E ndroid.launche: Invalid ID 0x9c000503.
07-31 18:19:58.704  1776  1776 E ndroid.launche: Invalid ID 0x9c000204.
07-31 18:19:58.704  1776  1776 E ndroid.launche: Invalid ID 0x9c000304.
07-31 18:19:58.704  1776  1776 E ndroid.launche: Invalid ID 0x9c000404.
07-31 18:19:58.704  1776  1776 E ndroid.launche: Invalid ID 0x9c000604.
07-31 18:19:58.704  1776  1776 W HwLauncher: TalkBackHelper needAnnounceAbilityForm input parameter is null
07-31 18:19:58.704  1776  1776 W HwLauncher: TalkBackHelper needAnnounceAbilityForm input parameter is null
07-31 18:19:58.706  1776  1776 E ndroid.launche: Invalid ID 0x9c000003.
07-31 18:19:58.709  1851  2124 E AwareLog: AwareMem_MemoryUtils: trim Memory illegal arg exception, proc:19985 userId:-2 level:40 fromAware:true
07-31 18:19:58.709  1851  7206 I HwConnectivityServiceEx: set 1110061, metered: false, value: false
07-31 18:19:58.710  1851  7206 I HwNetworkPolicy: onTransact, code = 203
07-31 18:19:58.710  1390 26802 I HwNetworkPolicyManager: getHwUidPolicy uid = 1110061 policy = 0
07-31 18:19:58.737  1776  1776 E ndroid.launche: Invalid ID 0x9c000000.
07-31 18:19:58.737  1776  1776 E ndroid.launche: Invalid ID 0x9c000003.
07-31 18:19:58.737  1776  1776 E ndroid.launche: Invalid ID 0x9c000203.
07-31 18:19:58.737  1776  1776 E ndroid.launche: Invalid ID 0x9c000403.
07-31 18:19:58.737  1776  1776 E ndroid.launche: Invalid ID 0x9c000503.
07-31 18:19:58.737  1776  1776 E ndroid.launche: Invalid ID 0x9c000204.
07-31 18:19:58.737  1776  1776 E ndroid.launche: Invalid ID 0x9c000304.
07-31 18:19:58.737  1776  1776 E ndroid.launche: Invalid ID 0x9c000404.
07-31 18:19:58.737  1776  1776 E ndroid.launche: Invalid ID 0x9c000604.
07-31 18:19:58.737  1776  1776 W HwLauncher: TalkBackHelper needAnnounceAbilityForm input parameter is null
07-31 18:19:58.737  1776  1776 W HwLauncher: TalkBackHelper needAnnounceAbilityForm input parameter is null
07-31 18:19:58.739  1776  1776 E ndroid.launche: Invalid ID 0x9c000000.
07-31 18:19:58.739  1776  1776 E ndroid.launche: Invalid ID 0x9c000003.
07-31 18:19:58.739  1776  1776 E ndroid.launche: Invalid ID 0x9c000203.
07-31 18:19:58.739  1776  1776 E ndroid.launche: Invalid ID 0x9c000403.
07-31 18:19:58.739  1776  1776 E ndroid.launche: Invalid ID 0x9c000503.
07-31 18:19:58.739  1776  1776 E ndroid.launche: Invalid ID 0x9c000204.
07-31 18:19:58.739  1776  1776 E ndroid.launche: Invalid ID 0x9c000304.
07-31 18:19:58.739  1776  1776 E ndroid.launche: Invalid ID 0x9c000404.
07-31 18:19:58.739  1776  1776 E ndroid.launche: Invalid ID 0x9c000604.
07-31 18:19:58.739  1776  1776 W HwLauncher: TalkBackHelper needAnnounceAbilityForm input parameter is null
07-31 18:19:58.739  1776  1776 W HwLauncher: TalkBackHelper needAnnounceAbilityForm input parameter is null
07-31 18:19:58.746  1776  1776 E ndroid.launche: No package ID 9c found for ID 0x9c010000.
07-31 18:19:58.746  1776  1776 E ndroid.launche: No package ID 9c found for ID 0x9c010100.
07-31 18:19:58.746  1776  1776 E ndroid.launche: No package ID 9c found for ID 0x9c010200.
07-31 18:19:58.746  1776  1776 E ndroid.launche: No package ID 9c found for ID 0x9c010300.
07-31 18:19:58.746  1776  1776 E ndroid.launche: No package ID 9c found for ID 0x9c010400.
07-31 18:19:58.746  1776  1776 E ndroid.launche: No package ID 9c found for ID 0x9c010001.
07-31 18:19:58.747  1776  1776 E ndroid.launche: No package ID 9c found for ID 0x9c010101.
07-31 18:19:58.747  1776  1776 E ndroid.launche: No package ID 9c found for ID 0x9c010201.
07-31 18:19:58.747  1776  1776 W HwLauncher: TalkBackHelper needAnnounceAbilityForm input parameter is null
07-31 18:19:58.748  1776  1776 E ndroid.launche: No package ID 9c found for ID 0x9c010301.
07-31 18:19:58.748  1776  1776 E ndroid.launche: No package ID 9c found for ID 0x9c010401.
07-31 18:19:58.748  1776  1776 W HwLauncher: TalkBackHelper needAnnounceAbilityForm input parameter is null
07-31 18:19:58.749  1776  1776 E ndroid.launche: No package ID 9c found for ID 0x9c010500.
07-31 18:19:58.749  1776  1776 W HwLauncher: TalkBackHelper needAnnounceAbilityForm input parameter is null
07-31 18:19:58.750  1776  1776 E ndroid.launche: No package ID 9c found for ID 0x9c010002.
07-31 18:19:58.750  1776  1776 E ndroid.launche: No package ID 9c found for ID 0x9c010003.
07-31 18:19:58.751  1776  1776 E ndroid.launche: No package ID 9c found for ID 0x9c010103.
07-31 18:19:58.752  1776  1776 E ndroid.launche: No package ID 9c found for ID 0x9c010203.
07-31 18:19:58.756  1776  1776 E ndroid.launche: No package ID 9c found for ID 0x9c010303.
07-31 18:19:58.756  1776  1776 E ndroid.launche: No package ID 9c found for ID 0x9c010403.
07-31 18:19:58.756  1776  1776 E ndroid.launche: No package ID 9c found for ID 0x9c010503.
07-31 18:19:58.757  1776  1776 E ndroid.launche: No package ID 9c found for ID 0x9c010004.
07-31 18:19:58.757  1776  1776 E ndroid.launche: No package ID 9c found for ID 0x9c010104.
07-31 18:19:58.757  1776  1776 E ndroid.launche: No package ID 9c found for ID 0x9c010104.
07-31 18:19:58.758  1776  1776 E ndroid.launche: No package ID 9c found for ID 0x9c010304.
07-31 18:19:58.758  1776  1776 E ndroid.launche: No package ID 9c found for ID 0x9c010404.
07-31 18:19:58.758  1776  1776 E ndroid.launche: No package ID 9c found for ID 0x9c010504.
07-31 18:19:58.759  1776  1776 E ndroid.launche: No package ID 9c found for ID 0x9c010604.
07-31 18:19:58.759  1776  1776 E ndroid.launche: No package ID 9c found for ID 0x9c010604.
07-31 18:19:58.759  1776  1776 E ndroid.launche: No package ID 9c found for ID 0x9c020000.
07-31 18:19:58.760  1776  1776 W HwLauncher: TalkBackHelper needAnnounceAbilityForm input parameter is null
07-31 18:19:58.760  1776  1776 W HwLauncher: TalkBackHelper needAnnounceAbilityForm input parameter is null
07-31 18:19:58.761  1776  1776 W HwLauncher: TalkBackHelper needAnnounceAbilityForm input parameter is null
07-31 18:19:58.767  1776  1776 E ndroid.launche: No package ID 9c found for ID 0x9c020000.
07-31 18:19:58.767  1776  1776 W HwLauncher: TalkBackHelper needAnnounceAbilityForm input parameter is null
07-31 18:19:58.767  1776  1776 W HwLauncher: TalkBackHelper needAnnounceAbilityForm input parameter is null
07-31 18:19:58.770  1776  1776 W HwLauncher: TalkBackHelper needAnnounceAbilityForm input parameter is null
07-31 18:19:58.773  1776  1776 E ndroid.launche: Invalid ID 0x9b000000.
07-31 18:19:58.773  1776  1776 E ndroid.launche: No package ID 9b found for ID 0x9b010100.
07-31 18:19:58.773  1776  1776 E ndroid.launche: No package ID 9b found for ID 0x9b020200.
07-31 18:19:58.773  1776  1776 E ndroid.launche: No package ID 9b found for ID 0x9b030300.
07-31 18:19:58.773  1776  1776 E ndroid.launche: No package ID 9b found for ID 0x9b040400.
07-31 18:19:58.773  1776  1776 E ndroid.launche: No package ID 9b found for ID 0x9b050500.
07-31 18:19:58.773  1776  1776 E ndroid.launche: No package ID 9b found for ID 0x9b060600.
07-31 18:19:58.778  1776  1776 E ndroid.launche: No package ID 9b found for ID 0x9b090900.
07-31 18:19:58.779  1776  1776 E ndroid.launche: No package ID 9b found for ID 0x9b090900.
07-31 18:19:58.779  1776  1776 E ndroid.launche: No package ID 9b found for ID 0x9b090900.
07-31 18:19:58.779  1776  1776 E ndroid.launche: No package ID 9b found for ID 0x9b090900.
07-31 18:19:58.779  1776  1776 E ndroid.launche: No package ID 9b found for ID 0x9b080800.
07-31 18:19:58.779  1776  1776 E ndroid.launche: No package ID 9b found for ID 0x9b080800.
07-31 18:19:58.779  1776  1776 E ndroid.launche: No package ID 9b found for ID 0x9b070700.
07-31 18:19:58.779  1776  1776 E ndroid.launche: No package ID 9b found for ID 0x9b060600.
07-31 18:19:58.779  1776  1776 E ndroid.launche: No package ID 9b found for ID 0x9b050500.
07-31 18:19:58.780  1776  1776 E ndroid.launche: No package ID 9b found for ID 0x9b040400.
07-31 18:19:58.840  1851  4076 I TrafficMonitor: update:rxPkts:637,txPkts:1999,rxBytes:46478,txBytes:2258875
07-31 18:19:58.840  1851  4076 I TrafficMonitor: gettimer:interval=2000
07-31 18:19:58.851  1776  1776 E ndroid.launche: Invalid ID 0x9c000000.
07-31 18:19:58.851  1776  1776 E ndroid.launche: Invalid ID 0x9c000003.
07-31 18:19:58.851  1776  1776 E ndroid.launche: Invalid ID 0x9c000203.
07-31 18:19:58.851  1776  1776 E ndroid.launche: Invalid ID 0x9c000403.
07-31 18:19:58.851  1776  1776 E ndroid.launche: Invalid ID 0x9c000503.
07-31 18:19:58.851  1776  1776 E ndroid.launche: Invalid ID 0x9c000204.
07-31 18:19:58.851  1776  1776 E ndroid.launche: Invalid ID 0x9c000304.
07-31 18:19:58.851  1776  1776 E ndroid.launche: Invalid ID 0x9c000404.
07-31 18:19:58.851  1776  1776 E ndroid.launche: Invalid ID 0x9c000604.
07-31 18:19:58.851  1776  1776 W HwLauncher: TalkBackHelper needAnnounceAbilityForm input parameter is null
07-31 18:19:58.851  1776  1776 W HwLauncher: TalkBackHelper needAnnounceAbilityForm input parameter is null
07-31 18:19:58.868  1776  1776 E ndroid.launche: No package ID 9c found for ID 0x9c010000.
07-31 18:19:58.868  1776  1776 E ndroid.launche: No package ID 9c found for ID 0x9c010100.
07-31 18:19:58.868  1776  1776 E ndroid.launche: No package ID 9c found for ID 0x9c010200.
07-31 18:19:58.868  1776  1776 E ndroid.launche: No package ID 9c found for ID 0x9c010300.
07-31 18:19:58.868  1776  1776 E ndroid.launche: No package ID 9c found for ID 0x9c010400.
07-31 18:19:58.868  1776  1776 E ndroid.launche: No package ID 9c found for ID 0x9c010001.
