--------- beginning of main
07-31 18:19:55.623  1851  4392 I SensorService: disable begin
07-31 18:19:55.624  1851  4392 I SensorService: disable activate begin
07-31 18:19:55.624  1851  4392 I SensorService: SensorDevice::activate: ident=0x6f954bfa40, handle=0x00000000, enabled=0, count=2
07-31 18:19:55.624  1851  4392 I SensorService: disable index=0
07-31 18:19:55.624  1851  4392 I SensorService: 	>>> actuating h/w batch 0x00000000 200000000 0
07-31 18:19:55.624  1354  1354 E Sensors@1.3-impl: Sensors::batch: sensorHandle: 0, samplingPeriodNs: 200000000, maxReportLatencyNs: 0
07-31 18:19:55.624  1354  1354 I Sensors@1.3-impl: IsConfigParamNeedUpdate: service: 1851, sensor: 0, first set config, create it
07-31 18:19:55.624  1354  1354 I Sensors@1.3-impl: SetReportConfig: period 200000000, report interval 0
07-31 18:19:55.624  1354  1354 I Sensors@1.3-impl: GetSensorConfig: sensor: 0, Can't get param
07-31 18:19:55.625  1354  1354 I Sensors@1.3-impl: GetSensorConfig: sensor: 0, Can't get param
07-31 18:19:55.625  1354  1354 I Sensors@1.3-impl: JudgeOptimizeConfig: sensor: 0, oldPeriod: 200000000, initPeroid: 200000000
07-31 18:19:55.625  1354  1354 I Sensors@1.3-impl: GetSensorConfig: sensor: 0, Can't get param
07-31 18:19:55.625  1354  1354 I Sensors@1.3-impl: GetSensorConfig: sensor: 0, Can't get param
07-31 18:19:55.625  1354  1354 I Sensors@1.3-impl: UpdateReportConfig: sensor: 0, report config period: 200000000, reportDelay: 0
07-31 18:19:55.625  1354  1354 I Sensors@1.3-impl: UpdateSdcConfig, get report config is 200000000
07-31 18:19:55.625  1851  4392 I SensorService: disableSensor handle:0, packageName:com.huawei.openalliance.ad.utils.w
07-31 18:19:55.625  1851  4392 I SensorService: disable activate end
07-31 18:19:55.625  4588  4837 I SensorState: sensor:0 name:accelerometer enable:false uid:1110168
07-31 18:19:55.625  1851  4392 I SensorService: disable end
07-31 18:19:55.625  4588  4837 I SensorState: sensor stop, total history time:69229
07-31 18:19:55.625  4588  4837 I SensorState: removeSensor,mHandles:{}
07-31 18:19:55.625  4588  4837 I PGServer: report state:4 event type:2 pid:0 uid:1110168 pkg:null to pid: 1851
07-31 18:19:55.626  1851  4822 I SensorService: ~SensorEventConnection begin
07-31 18:19:55.626  1851  4822 I SensorService: cleanupConnection begin
07-31 18:19:55.626  1851  4822 I SensorService: 5 active sensors
07-31 18:19:55.626  1851  4822 I SensorService: cleanupConnection end
07-31 18:19:55.626  1851  4822 I SensorService: ~SensorEventConnection end
--------- beginning of system
07-31 18:19:55.681  1851  7232 I InputMethodUtils: putEnabledInputMethodStr: com.huawei.ohos.inputmethod/com.android.inputmethod.latin.LatinIME:com.huawei.scanner/.previewtextscan.inputmethod.VisionInputMethodService:io.github.ylimit.droidbotapp/.DroidBotIME
07-31 18:19:55.681  1851  7232 I [SPMN]  : insert SECURE -- name = enabled_input_methods, package = android, user = 11, value = com.huawei.ohos.inputmethod/com.android.inputmethod.latin.LatinIME:com.huawei.scanner/.previewtextscan.inputmethod.VisionInputMethodService:io.github.ylimit.droidbotapp/.DroidBotIME
07-31 18:19:55.683  1851  1851 I InputMethodManagerService: enabledInputMethodsStr onchange:com.huawei.ohos.inputmethod/com.android.inputmethod.latin.LatinIME:com.huawei.scanner/.previewtextscan.inputmethod.VisionInputMethodService:io.github.ylimit.droidbotapp/.DroidBotIME
07-31 18:19:55.754  1851  7232 I [SPMN]  : insert SECURE -- name = selected_input_method_subtype, package = android, user = 11, value = -1
07-31 18:19:55.755  1851  7232 I [SPMN]  : insert SECURE -- name = default_input_method, package = android, user = 11, value = io.github.ylimit.droidbotapp/.DroidBotIME
07-31 18:19:55.755  1851  4228 I system_server: SWAP_CPU: get cpu number = 12
07-31 18:19:55.755  1851  4228 I system_server: SWAP_CPU: set affinity to 0-5 success
07-31 18:19:55.757  1851  1881 I WindowManager: Deferring rotation, rotation not changed, rotation=0
07-31 18:19:55.757  4588  4837 I AppTypeRecogManager: default method change !
07-31 18:19:55.757  1851  1895 I HwActivityTaskManagerServiceEx: onChange mDefaultInputMethod: io.github.ylimit.droidbotapp/.DroidBotIME
07-31 18:19:55.765  4274  4295 I KeyguardService: KGSvcCall setKeyguardEnabled. enabled:true
07-31 18:19:55.765   907  1418 I VSyncPredictor: setPeriod: 16666666
07-31 18:19:55.842  4632  5020 I CommonThreadPool: checkTaskOverRun begin: futureMap size = 0
07-31 18:19:55.843  4632  5020 I CommonThreadPool: checkTaskOverRun end: futureMap size = 0
07-31 18:19:55.879  4847  4920 W m.huawei.recsy: Reducing the number of considered missed Gc histogram windows from 244 to 100
07-31 18:19:55.885  1325  2088 I dubaid  : [AmbientTempCalculator.cpp] UpdateSampleCurrent# Current jump, reset ambient sample.
07-31 18:19:55.891  1325  2088 I dubaid  : [TemperatureData.cpp] ReportTemp# [system_h] tempNew: 35, tempOld:34.
07-31 18:19:55.897  4588  5497 W AwareLog: UniScheduleDMEPlugin: add load record in temp
07-31 18:19:55.897  4588  5497 W AwareLog: UniScheduleDMEPlugin: downgradeSwitch is not open.
07-31 18:19:55.950   594   594 I servicemanager: Notifying apexservice they have clients: 0
07-31 18:19:55.952   594   594 I BpBinder: onLastStrongRef automatically unlinking death recipients: <uncached descriptor>
07-31 18:19:55.982  1851  7210 I HwActivityManagerServiceEx: provider is prevented for not-prevent
07-31 18:19:55.983  1851  7210 I ContentProviderHelper: Successfully start provider ContentProviderRecord{d83b227 u0 com.huawei.android.launcher/.LauncherProvider} launchingApp=ProcessRecord{c06c856 23136:com.huawei.android.launcher/u0a106} caller pid= 25794
07-31 18:19:55.984  4588  4837 E NumberUtils: Number Format err! str: 
07-31 18:19:55.985 23136  2400 I HwLauncher: LauncherProvider launcher call - method:callGetFormStackInfo arg:null uid:10168 pid =25794
07-31 18:19:56.008 23136  2400 I HwLauncher: GetAllFormStackImp doBusiness result Is_Query_Succeed:0, form stack list content:1482
07-31 18:19:56.023  4696 25420 I HiAdKit.CaLocEngine.Cal:  start to query ca loc, type is 1
07-31 18:19:56.025 25753 25753 I [AGC_LOG]HaConnector: Auto onReport
07-31 18:19:56.028  4696 25420 I AbilityCoreSdk_CoreSdkManager: bind service
07-31 18:19:56.029  4696  8774 I AbilityCoreSdk_BaseServiceManager: bind service start
07-31 18:19:56.029  4696  8774 I AbilityCoreSdk_CAServiceManager: bind CAService
07-31 18:19:56.030  4696  8774 I AbilityCoreSdk_EnvironmentUtil: EnvironmentUtil sApplicationContext:com.huawei.hms.app.CoreApplication@a53ee4e
07-31 18:19:56.035  1851  1893 I UsageStatsService: Time changed in by -22 seconds
07-31 18:19:56.042  7773  7773 I CAWARENESS_32379_UnifiedAwarenessService: service onCreate
07-31 18:19:56.042  1851  7210 I ActivityManager: power push bindservice callingPkg:com.huawei.hwid, pkg:com.huawei.hiai, callerApp pid:4696, pid:7773
07-31 18:19:56.044  4588  5225 I PG_ash  : pkg com.huawei.hwid calling: com.huawei.hiai, pid: 7773 ,type: bindservice
07-31 18:19:56.045  4696  4696 I AbilityCoreSdk_BaseServiceManager: on service connected
07-31 18:19:56.045  4696  4696 I AbilityCoreSdk_BaseServiceManager: onServiceConnected stubName:com.huawei.ability.basesdk.IBaseSdkService$Stub
07-31 18:19:56.045  4696  4696 I AbilityCoreSdk_BaseServiceManager: onServiceConnected manager: x3.b@106cfbb, binder: com.huawei.ability.basesdk.IBaseSdkService$Stub$a@6f31b44
07-31 18:19:56.045  4696  8774 I AbilityCoreSdk_BaseServiceManager: bind FA manager not timeout: true
07-31 18:19:56.046  4696 25420 I HiAdKit.CaLocEngine.Cal:  ai core sdk connect [ContextAwareness] succeeded
07-31 18:19:56.047  4696 25420 I AbilityCoreSdk_CoreSdkManager: dispatchMessage start
07-31 18:19:56.047  4588  3792 I KStateManager: send binder call message, called pid:7773, calling pid:[1851]
07-31 18:19:56.047  4588  5225 I PG_ash  : 1851 binder call 7773
07-31 18:19:56.047  4588  5225 I PG_ash  : com.huawei.hiai BinderCallState: true, nextBinderCallTriggeringTime:288235789
07-31 18:19:56.049  7773  7853 I CAWARENESS_32379_PackageUtil: getPkgName getNameForUid: com.huawei.hwid
07-31 18:19:56.049  7773  7853 I CAWARENESS_32379_CommandSelector: command handler name QuerySnapshot
07-31 18:19:56.050  7773  7853 I CAWARENESS_32379_SnapshotCommandHandler: contentData : com.huawei.hiai.awareness.sdk.data.AwarenessContent@16abcee
07-31 18:19:56.050  7773  7853 I CAWARENESS_32379_SnapshotParser: contentDataList : [com.huawei.hiai.awareness.sdk.data.AwarenessContentData@e17258f]
07-31 18:19:56.051  7773  2881 I CAWARENESS_32379_PackageUtil: getPkgName getNameForUid: com.huawei.hwid
07-31 18:19:56.052  7773  2881 I CAWARENESS_32379_OpenInterfaceAccessManager: config type : snapshot
07-31 18:19:56.052  7773  2881 W CAWARENESS_32379_DataIdSnapshot: getSnapshot is not permitted
07-31 18:19:56.052  7773  2881 I CAWARENESS_32379_SnapshotManager: onResult, onResultListener=com.huawei.hiai.awareness.service.proxy.commandhandlers.SnapshotCommandHandler$1@8e6c01c
07-31 18:19:56.052  7773  2881 I CAWARENESS_32379_SnapshotCommandHandler: receive awarenessResult
07-31 18:19:56.053  7773  2881 I CAWARENESS_32379_FusedAwarenessBinder: receive result, retCode = -100
07-31 18:19:56.054  4696 18248 I AbilityCoreSdk_CAServiceManager: CA messageProcess result
07-31 18:19:56.054  4696 18248 E HiAdKit.CaLocEngine.Binder:4696_8:  ai core sdk dispatch ContextAwareness message code: -100, message: {"c******"}}
07-31 18:19:56.054  4696 25420 I HiAdKit.CaLocEngine.Cal:  call ca time: 26
07-31 18:19:56.054  4696 25420 W HiAdKit.CaLocEngine.Cal:  ca result is empty
07-31 18:19:56.055  4696 25420 I HiAdKit.AnalysisReport.Cal:  createAnalysisInfo enable: true
07-31 18:19:56.058  1851  4822 I HwConnectivityServiceEx: set 10096, metered: false, value: false
07-31 18:19:56.059  4696 25420 I HiAdKit.SystemUtil.Cal:  isDeviceProvisioned: true
07-31 18:19:56.060  4696 25420 I HiAdKit.HiAdTools.Cal:  Target provider service's package name is : com.huawei.hwid
07-31 18:19:56.060  1851  4822 I HwActivityManagerServiceEx: provider is prevented for not-prevent
07-31 18:19:56.061  1851  4822 I ContentProviderHelper: Successfully start provider ContentProviderRecord{b50f447 u0 com.huawei.hwid/com.huawei.hms.fwkit.kams.provideragent.StubContentProvider} launchingApp=null caller pid= 4696
07-31 18:19:56.062  1851  4822 I Binder  : dump {serviceName:BinderService, formatArgs:, callChain:/apex/com.android.adbd/bin/adbd->dumpsys}
07-31 18:19:56.062  7643 30012 I fwkit_AbP: [fwkit AbsContentProvider.java:13] cp:com.huawei.hwid;query;content://com.huawei.hms.runtimekit.kitcontainerservice.KitProcessAgentCoreProvider/com.huawei.hwid.pps.oaid/oaid/query
07-31 18:19:56.062  7643 30012 I HiAdKit.DC.OaidDataProvider:  query code: 1
07-31 18:19:56.063  7643 30012 I HiAdKit.DC.OaidDataProvider:  call query from: com.huawei.hwid
07-31 18:19:56.063  7643 30012 I HiAdKit.DC.CommonSystemUtil:  hasPermissions true
07-31 18:19:56.063  7643 30012 I HiAdKit.DC.OaidSettingsUtil:  Current Used UserId is different from Current Process UserId.
07-31 18:19:56.064  7643  8048 I L_PGINDOOR.LightMode: [LocKit LogLocation.java:1] lightMode start0000
07-31 18:19:56.065  4696 26587 I HiAdKit.EventProcessor.IO:  pkg: com.huawei.hwid, create event, type is : exception AnalysisInfo{analysisType='2100048', adtype=-1}, rt : 0
07-31 18:19:56.065  4696 26587 I HiAdKit.AnalysisEventReporter.IO:  addEventToCache, event:exception showId:null reqId:null, contentId:null
07-31 18:19:56.068  7643  8048 I L_SensorResourceManager: [LocKit LogLocation.java:1] registerSensorListener, className: com.huawei.locatorservice.crowdsourcing.a.c.d,sensorType:6
07-31 18:19:56.072  4471 13999 I HwLBSService.SensorManager: register Light, mLightListeners.size: 1
07-31 18:19:56.072  4471  4713 I SensorManager: reg, type:5, listener:com.huawei.lbs.hms.HwSensorManager
07-31 18:19:56.073  4471  4713 I SensorManager: nativeInitSensorEventQueue pkg:com.huawei.lbs.hms.HwSensorManager
07-31 18:19:56.073  1851  7210 I SensorService: createSensorEventConnection begin
07-31 18:19:56.073  1851  7210 I SensorService: SensorEventConnection begin
07-31 18:19:56.074  1851  7210 W ServiceManager: Permission failure: android.permission.HIGH_SAMPLING_RATE_SENSORS from uid=10103 pid=4471
07-31 18:19:56.074  1851  7210 I SensorService: Warning: app missing HIGH_SAMPLING_RATE_SENSORS permission, package is: com.huawei.lbs 
07-31 18:19:56.074  1851  7210 I SensorService: SensorEventConnection end
07-31 18:19:56.074  1851  7210 I SensorService: createSensorEventConnection end
07-31 18:19:56.075  4471  4713 I SensorManager: nativeEnableSensor handle:3
07-31 18:19:56.075  1851  7210 I SensorService: enable begin
07-31 18:19:56.076  1851  7210 I SensorService: batch begin
07-31 18:19:56.076  1851  7210 I SensorService: batch end
07-31 18:19:56.076  1851  7210 I SensorService: enableSensor handle:3, packageName:com.huawei.lbs.hms.HwSensorManager, rate=400000000
07-31 18:19:56.076  1851  7210 I SensorService: enable activate begin
07-31 18:19:56.076  1851  7210 I SensorService: SensorDevice::activate: ident=0x6f9896aac0, handle=0x00000003, enabled=1, count=3
07-31 18:19:56.076  1851  7210 I SensorService: enable index=0
07-31 18:19:56.076  1851  7210 I SensorService: enable activate end
07-31 18:19:56.076  1851  7210 I SensorService: enable end
07-31 18:19:56.077  4588  4837 I SensorState: sensor:3 name:light enable:true uid:10103
07-31 18:19:56.078  4588  4837 I PGServer: report state:4 event type:1 pid:3 uid:10103 pkg:null to pid: 1851
07-31 18:19:56.079  4588  4837 I SensorState: addSensor,mHandles:{3=1}
07-31 18:19:56.080  1851  7210 I HwWifiChrEnhanceService: reportChrEnhanceEvent 909001021
07-31 18:19:56.080  1851  7210 I HwWifiScanChr: updateChrCount, appName:com.huawei.hwid, key:serviceLimit
07-31 18:19:56.080  1851 25392 I [SECURITY]: [HPS][DEFAULT][PermissionUsingMonitor]: onFinishUse, appInfo = 10096com.huawei.hwid, permGroupName = android.permission-group.LOCATION
07-31 18:19:56.083  7643  8048 I L_StayLocationManager: [LocKit LogLocation.java:1] connected wifi map size: 12
07-31 18:19:56.088  7643  8048 I L_StayLocationManager: [LocKit LogLocation.java:1] save stay wifi info
07-31 18:19:56.089  7643  8048 I HwMSDPMovementManager: getCurrentMovement type 0
07-31 18:19:56.089  7643  8017 I MSDPMovementServiceManager: [LocKit LogLocation.java:1] requestActivityTransitionUpdatesForLocator begin
07-31 18:19:56.089  7643  8017 E MSDPMovementServiceManager: [LocKit LogLocation.java:1] requestActivityTransitionUpdatesForLocator ,null == transitions || transitions.size() < 1
07-31 18:19:56.090  7643  8048 I L_HmsMsdpClient: [LocKit LogLocation.java:1] arId = 63
07-31 18:19:56.122  2399 25470 I HiAdKit.CaLocEngine.Cal:  start to query ca loc, type is 1
07-31 18:19:56.130  2399 25470 I AbilityCoreSdk_CoreSdkManager: bind service
07-31 18:19:56.131  2399  6701 I AbilityCoreSdk_BaseServiceManager: bind service start
07-31 18:19:56.131  2399  6701 I AbilityCoreSdk_CAServiceManager: bind CAService
07-31 18:19:56.131  2399  6701 I AbilityCoreSdk_EnvironmentUtil: EnvironmentUtil sApplicationContext:com.huawei.hms.app.CoreApplication@88a77d6
07-31 18:19:56.134  1851  1893 I UsageStatsService: Time changed in by -22 seconds
07-31 18:19:56.139 14736 14736 I CAWARENESS_32379_UnifiedAwarenessService: service onCreate
07-31 18:19:56.139  1851  4822 I ActivityManager: power push bindservice callingPkg:com.huawei.hwid, pkg:com.huawei.hiai, callerApp pid:2399, pid:14736
07-31 18:19:56.142  2399  2399 I AbilityCoreSdk_BaseServiceManager: on service connected
07-31 18:19:56.142  2399  2399 I AbilityCoreSdk_BaseServiceManager: onServiceConnected stubName:com.huawei.ability.basesdk.IBaseSdkService$Stub
07-31 18:19:56.143  2399  2399 I AbilityCoreSdk_BaseServiceManager: onServiceConnected manager: x3.b@155109d, binder: com.huawei.ability.basesdk.IBaseSdkService$Stub$a@9be2b8f
07-31 18:19:56.143  2399  6701 I AbilityCoreSdk_BaseServiceManager: bind FA manager not timeout: true
07-31 18:19:56.144  2399 25470 I HiAdKit.CaLocEngine.Cal:  ai core sdk connect [ContextAwareness] succeeded
07-31 18:19:56.144  2399 25470 I AbilityCoreSdk_CoreSdkManager: dispatchMessage start
07-31 18:19:56.146  4588  3792 I KStateManager: send binder call message, called pid:14736, calling pid:[1851]
07-31 18:19:56.147  4588  5225 I PG_ash  : 1851 binder call 14736
07-31 18:19:56.147  4588  5225 I PG_ash  : com.huawei.hiai BinderCallState: true, nextBinderCallTriggeringTime:288235888
07-31 18:19:56.147 14736 23811 I CAWARENESS_32379_PackageUtil: getPkgName getNameForUid: com.huawei.hwid
07-31 18:19:56.148 14736 23811 I CAWARENESS_32379_CommandSelector: command handler name QuerySnapshot
07-31 18:19:56.148  1878  7092 I L_PGINDOOR.LightMode: [LocKit LogLocation.java:1] lightMode start0000
07-31 18:19:56.149 14736 23811 I CAWARENESS_32379_SnapshotCommandHandler: contentData : com.huawei.hiai.awareness.sdk.data.AwarenessContent@c8f825b
07-31 18:19:56.149  1878  7092 I L_SensorResourceManager: [LocKit LogLocation.java:1] registerSensorListener, className: com.huawei.locatorservice.crowdsourcing.a.c.d,sensorType:6
07-31 18:19:56.149 14736 23811 I CAWARENESS_32379_SnapshotParser: contentDataList : [com.huawei.hiai.awareness.sdk.data.AwarenessContentData@346af8]
07-31 18:19:56.153  1693 29015 I HwLBSService.SensorManager: register Light, mLightListeners.size: 1
07-31 18:19:56.153 14736 26196 I CAWARENESS_32379_PackageUtil: getPkgName getNameForUid: com.huawei.hwid
07-31 18:19:56.153  1693  2094 I SensorManager: reg, type:5, listener:com.huawei.lbs.hms.HwSensorManager
07-31 18:19:56.153 14736 26196 I CAWARENESS_32379_OpenInterfaceAccessManager: config type : snapshot
07-31 18:19:56.155  1878  7092 E ConfigManager: [LocKit LogLocation.java:1] json parse failed
07-31 18:19:56.155 14736 26196 W CAWARENESS_32379_DataIdSnapshot: getSnapshot is not permitted
07-31 18:19:56.155 14736 26196 I CAWARENESS_32379_SnapshotManager: onResult, onResultListener=com.huawei.hiai.awareness.service.proxy.commandhandlers.SnapshotCommandHandler$1@2b94bd1
07-31 18:19:56.155  1878  7092 E ConfigManager: [LocKit LogLocation.java:1] json parse failed
07-31 18:19:56.156 14736 26196 I CAWARENESS_32379_SnapshotCommandHandler: receive awarenessResult
07-31 18:19:56.156  1878  7092 E ConfigManager: [LocKit LogLocation.java:1] json parse failed
07-31 18:19:56.156  1693  2094 I SensorManager: nativeInitSensorEventQueue pkg:com.huawei.lbs.hms.HwSensorManager
07-31 18:19:56.159  1851  7232 I SensorService: createSensorEventConnection begin
07-31 18:19:56.159  1851  7232 I SensorService: SensorEventConnection begin
07-31 18:19:56.160  1878  7092 I L_StayLocationManager: [LocKit LogLocation.java:1] connected wifi map size: 2
07-31 18:19:56.161  1851 25392 I [SECURITY]: [HPS][DEFAULT][PermissionUsingMonitor]: onFinishUse, appInfo = 1110096com.huawei.hwid, permGroupName = android.permission-group.LOCATION
07-31 18:19:56.161  1851  7232 W ServiceManager: Permission failure: android.permission.HIGH_SAMPLING_RATE_SENSORS from uid=1110103 pid=1693
07-31 18:19:56.161 14736 26196 I CAWARENESS_32379_FusedAwarenessBinder: receive result, retCode = -100
07-31 18:19:56.161  1851  7232 I SensorService: Warning: app missing HIGH_SAMPLING_RATE_SENSORS permission, package is: com.huawei.lbs 
07-31 18:19:56.161  1851  7232 I SensorService: SensorEventConnection end
07-31 18:19:56.161  1851  7232 I SensorService: createSensorEventConnection end
07-31 18:19:56.162  2399  7401 I AbilityCoreSdk_CAServiceManager: CA messageProcess result
07-31 18:19:56.162  2399  7401 E HiAdKit.CaLocEngine.Binder:2399_8:  ai core sdk dispatch ContextAwareness message code: -100, message: {"c******"}}
07-31 18:19:56.162  1693  2094 I SensorManager: nativeEnableSensor handle:3
07-31 18:19:56.162  1851  7232 I SensorService: enable begin
07-31 18:19:56.164  2399 25470 I HiAdKit.CaLocEngine.Cal:  call ca time: 33
07-31 18:19:56.164  2399 25470 W HiAdKit.CaLocEngine.Cal:  ca result is empty
07-31 18:19:56.164  1851  7232 I SensorService: batch begin
07-31 18:19:56.164  1851  7232 I SensorService: batch end
07-31 18:19:56.164  1851  7232 I SensorService: enableSensor handle:3, packageName:com.huawei.lbs.hms.HwSensorManager, rate=400000000
07-31 18:19:56.164  1851  7232 I SensorService: enable activate begin
07-31 18:19:56.164  1851  7232 I SensorService: SensorDevice::activate: ident=0x6f988a9fc0, handle=0x00000003, enabled=1, count=4
07-31 18:19:56.164  1851  7232 I SensorService: enable index=0
07-31 18:19:56.164  1851  7232 I SensorService: enable activate end
07-31 18:19:56.164  1851  7232 I SensorService: enable end
07-31 18:19:56.165  4588  4837 I SensorState: sensor:3 name:light enable:true uid:1110103
07-31 18:19:56.165  4588  4837 I PGServer: report state:4 event type:1 pid:3 uid:1110103 pkg:null to pid: 1851
07-31 18:19:56.165  2399 25470 I HiAdKit.AnalysisReport.Cal:  createAnalysisInfo enable: true
07-31 18:19:56.165  4588  4837 I SensorState: addSensor,mHandles:{3=1}
07-31 18:19:56.165  1878  7092 I L_StayLocationManager: [LocKit LogLocation.java:1] save stay wifi info
07-31 18:19:56.166  1878  7092 E ConfigManager: [LocKit LogLocation.java:1] json parse failed
07-31 18:19:56.167  1878  7049 I MSDPMovementServiceManager: [LocKit LogLocation.java:1] requestActivityTransitionUpdatesForLocator begin
07-31 18:19:56.168  1878  7049 E MSDPMovementServiceManager: [LocKit LogLocation.java:1] wait msdpService failed, end the request
07-31 18:19:56.169  1851  4822 I HwConnectivityServiceEx: set 1110096, metered: false, value: false
07-31 18:19:56.169  1878  7092 I L_HmsMsdpClient: [LocKit LogLocation.java:1] movement service is not connect
07-31 18:19:56.169  1878  7092 I L_HmsMsdpClient: [LocKit LogLocation.java:1] arId = 63
07-31 18:19:56.171  2399 25470 I HiAdKit.SystemUtil.Cal:  isDeviceProvisioned: true
07-31 18:19:56.173  2399 25470 I HiAdKit.HiAdTools.Cal:  Target provider service's package name is : com.huawei.hwid
07-31 18:19:56.174  1851  4822 I HwActivityManagerServiceEx: provider is prevented for not-prevent
07-31 18:19:56.177  1851  4822 I ContentProviderHelper: Successfully start provider ContentProviderRecord{ed0e72e u11 com.huawei.hwid/com.huawei.hms.fwkit.kams.provideragent.StubContentProvider} launchingApp=null caller pid= 2399
07-31 18:19:56.179  1878 16334 I fwkit_AbP: [fwkit AbsContentProvider.java:13] cp:com.huawei.hwid;query;content://com.huawei.hms.runtimekit.kitcontainerservice.KitProcessAgentCoreProvider/com.huawei.hwid.pps.oaid/oaid/query
07-31 18:19:56.179  1878 16334 I HiAdKit.DC.OaidDataProvider:  query code: 1
07-31 18:19:56.180  1878 16334 I HiAdKit.DC.OaidDataProvider:  call query from: com.huawei.hwid
07-31 18:19:56.181  1878 16334 I HiAdKit.DC.SystemUtil:  hasPermissions true
07-31 18:19:56.183  1878 26412 I HiAdKit.DC.AtcPopupChecker:  cloud cfg hms ver:null
07-31 18:19:56.188  2399 26602 I HiAdKit.EventProcessor.IO:  pkg: com.huawei.hwid, create event, type is : exception AnalysisInfo{analysisType='2100048', adtype=-1}, rt : 0
07-31 18:19:56.188  2399 26602 I HiAdKit.AnalysisEventReporter.IO:  addEventToCache, event:exception showId:null reqId:null, contentId:null
07-31 18:19:56.193  7643  7643 I HMSFindNetworkCore_61502320_NetworkMonitor: [FindNetwork null:2] networkMode not change.
07-31 18:19:56.203  1851  4822 I Binder  : dump {serviceName:InputManagerServiceBridge, formatArgs:, callChain:/apex/com.android.adbd/bin/adbd->dumpsys}
07-31 18:19:56.302 25794 26075 I FormalHASDK: HAImpl==> onEvent. TAG:HiAnalyticsReport, TYPE:0, eventId:F008
07-31 18:19:56.333  1851  4822 I HwPhoneWindowManager: innerInterceptKeyBeforeQueueing keycode:82,action:0,isIntercept:false
07-31 18:19:56.333  1851  4822 I HwPhoneWindowManager: intercept Key : 82, isdown : true, flags : 0
07-31 18:19:56.333  1851  4822 I HwPhoneWindowManager: enter wakeupNoteEditor
07-31 18:19:56.333  1851  4822 E EasyWakeUpManager: enter wakeUpDoing !
07-31 18:19:56.333  1851  4822 I EasyWakeUpManager: keycode: 82 minKeyCode: 131 maxKeyCode: 131
07-31 18:19:56.333  1851  4822 I KeyCombinationManager: Key 82 is not an interested key.
07-31 18:19:56.333  1851  4822 I PhoneWindowManager: interceptKeyBeforeQueueing: key 82 , result : 1
07-31 18:19:56.333  1851  2134 I HwPhoneWindowManager: interceptKeyTi keyCode=82 isActionDown=true repeatCount=0 isInjected=true
07-31 18:19:56.334  1851  2134 I PhoneWindowManager: interceptKeyTi keyCode=82 down=true repeatCount=0 keyguardOn=true canceled=false
07-31 18:19:56.335  1315  1315 I AGPService: Bn-> set touch event - 1
07-31 18:19:56.335  1315  1315 I AGPService: AppDynamicFps: change lcd freq to 90 - touch id is 1
07-31 18:19:56.335  1315  1353 I AGPService: FrameRateManager:[CheckAnimationTimeOut] timeout animation check Before 0, After 0
07-31 18:19:56.335  1315  1353 I AGPService: FrameRateManager:[HandleFrameRateRefresh] currPkgName: com.simplemobiletools.voicerecorder, strategyCode 6090: dynamicCode 1, isFactor 0, min 60, max 90, down 90, idle 60
07-31 18:19:56.335  1315  1353 I AGPService: FrameRateManager:[JudgeFinalLcdFps] sceneinfo(0, -2, 0, 0);touchinfo(1, 0, 0, 90);isFHF 0 animFps -1 sfFps 0 damageFps -1 pkg  isSurface 1
07-31 18:19:56.335  1315  1353 I AGPService: FrameRateManager:[JudgeFinalLcdFps] Finish judging and final lcd fps: 90
07-31 18:19:56.336  1315  1353 I AGPService: display get fps - current_fps:60;default_fps:120;support_fps_list:120,45,48,60,72,90,144;product_panel_num:1;current_panel_id:0;panel_id:0;panel_type:LTPO2;support_fps:120,45,48,60,72,90,144
07-31 18:19:56.336  1315  1360 I AGPService: FrameRateManager:[SetActiveConfigByFps] reset Pkg isSurface, AnimFps -1, fps to sf 90
07-31 18:19:56.336   907  1282 I SurfaceFlinger: changeRefreshRate: new mode 5, fps 90, active display 0
07-31 18:19:56.336  1851  2134 I HwSwingMotionGestureHandler: dispatchUnhandledKey:KeyEvent { action=ACTION_DOWN, keyCode=KEYCODE_MENU, scanCode=0, metaState=0, flags=0x0, repeatCount=0, eventTime=288233074, downTime=288233074, deviceId=-1, source=0x0, displayId=-1 }
07-31 18:19:56.336  1315  1360 I AGPService: FrameRateManager: set active config - fps 90 pkgName  isSurface 1
07-31 18:19:56.336  1315  1360 I AGPService: FrameRefreshThread: [CheckRefreshRateSuccess]: fps 90
07-31 18:19:56.336   852   852 E HW_DISPLAY_TEST: ltpo_set_fps: open file /sys/class/graphics/fb0/lcd_fps_cmd fail
07-31 18:19:56.336   852   852 E vendor.huawei.hardware.hwdisplay@1.1-service: call display_set_brightness failed: -1
07-31 18:19:56.336  1315  1360 E AGPService: DisplayFreqClient: displaySetFps error, freqIndex: 4, ret: -2
07-31 18:19:56.336  1851  4822 I HwPhoneWindowManager: innerInterceptKeyBeforeQueueing keycode:82,action:1,isIntercept:false
07-31 18:19:56.336  1851  4822 I HwPhoneWindowManager: intercept Key : 82, isdown : false, flags : 0
07-31 18:19:56.336  1315  1360 I AGPService: display get fps - current_fps:60;default_fps:120;support_fps_list:120,45,48,60,72,90,144;product_panel_num:1;current_panel_id:0;panel_id:0;panel_type:LTPO2;support_fps:120,45,48,60,72,90,144
07-31 18:19:56.336  1851  4822 I HwPhoneWindowManager: enter wakeupNoteEditor
07-31 18:19:56.337  1851  4822 E EasyWakeUpManager: enter wakeUpDoing !
07-31 18:19:56.337  1851  4822 I EasyWakeUpManager: keycode: 82 minKeyCode: 131 maxKeyCode: 131
07-31 18:19:56.337  1851  4822 I PhoneWindowManager: interceptKeyBeforeQueueing: key 82 , result : 1
07-31 18:19:56.337  1851  2134 I HwPhoneWindowManager: interceptKeyTi keyCode=82 isActionDown=false repeatCount=0 isInjected=true
07-31 18:19:56.338  1851  2134 I PhoneWindowManager: interceptKeyTi keyCode=82 down=false repeatCount=0 keyguardOn=true canceled=false
07-31 18:19:56.338  1315  1315 I AGPService: Bn-> set touch event - 0
07-31 18:19:56.340  4274  4274 I PanelView1: canPanelBeCollapsed mTracking = false , mClosing = false, isWakingUp = false, ret = true
07-31 18:19:56.340  4274  4274 I PanelView1: canPanelBeCollapsed mTracking = false , mClosing = false, isWakingUp = false, ret = true
07-31 18:19:56.340  4274  4274 I ShadeControllerImpl: animateCollapsePanels canPanelBeCollapsed = true
07-31 18:19:56.340  4274  4274 I PanelView1: canPanelBeCollapsed mTracking = false , mClosing = false, isWakingUp = false, ret = true
07-31 18:19:56.340  4274  4274 I PanelView1: canPanelBeCollapsed mTracking = false , mClosing = false, isWakingUp = false, ret = true
07-31 18:19:56.341  4274  4274 I PanelView: ENTER onExpandingStarted
07-31 18:19:56.341  4274  4274 I HwStatusBarPullAnimImpl: prepareSbAnimState: panelType: 1 is not show current
07-31 18:19:56.342  4274  4287 I ndroid.systemu: [SuspendGCController] suspend footprint = 105MB
07-31 18:19:56.343  4274  4274 W HwPanelWakeUpControl: updateWakeUpProgress return when:false || false
07-31 18:19:56.343  4274  4274 I HwCtrlCtr: ControlCenterImpl: root view is gone, return
07-31 18:19:56.349   907  1418 I VSyncReactor: still confirming period
07-31 18:19:56.350   907   907 I DisplayDevice: initiateModeChange: change to mode 5(90fps) on display 0
07-31 18:19:56.350   850   850 W HDM[core]: SetActiveAttrId:1694: Attr Id:20, active Fps : 90, Dvfs Fps : 144
07-31 18:19:56.350  4741  4924 I OllieMsgCenter: publishEvt=2135097353
07-31 18:19:56.351  4274  4274 I HwPanelWakeUpControl: updateDisplayState displayState: 1, isShow: false, mIsTracking: false, mIsCrossWakeUp: false, mIsNotificationShow: false, mIsControlCenterShow: false
07-31 18:19:56.351  4274  4274 I HwScreenRecorderTimer: onExpandStateChange isTransientShown=false isStatusBarWindowShown=true hasScreenRecorderTimer=false isPanelExpand=false
07-31 18:19:56.351  4274  4274 I HwStatusBarPullAnimImpl: onNotificationEnd
07-31 18:19:56.351  4274  4274 I PanelView: runPostExpandingRunnables size:0
07-31 18:19:56.352  4274  4274 I PanelView1: notifyBarPanelExpansionChanged isPanelVisibleBecauseOfHeadsUp=false,mInstantExpanding=false,mTracking=false
07-31 18:19:56.352  4274  4274 I PanelView2: notifyBarPanelExpansionChanged mPeekAnimator is non null?false,mHeightAnimator is non null?false
07-31 18:19:56.352  4274  4274 I PanelBar: panelExpansionChanged 0.0, false
07-31 18:19:56.353  4274  4274 I PanelBar: go state: 2->0
07-31 18:19:56.353  4274  4274 I HwPanelWakeUpControl: updateNotificationPanelState same: false
07-31 18:19:56.353  4274  4274 I HwPanelWakeUpControl: updateNotificationPanelState live same: false
07-31 18:19:56.354  4274  4274 I PanelView: ENTER onExpandingFinished
07-31 18:19:56.354  1315  1360 I AGPService: display get fps - current_fps:90;default_fps:120;support_fps_list:120,45,48,60,72,90,144;product_panel_num:1;current_panel_id:0;panel_id:0;panel_type:LTPO2;support_fps:120,45,48,60,72,90,144
07-31 18:19:56.354  1315  1360 I AGPService: FrameRefreshThread: set refreshrate finished, tryRefreshCount = 1, lcdFps = 90
07-31 18:19:56.354  1315  1360 I AGPService: ScheduleProxy:[SendSlideRefreshRate] refreshrate - 90
07-31 18:19:56.354   858   858 I Sched hal: SlideResMng receive currentFps = 90
07-31 18:19:56.354  1851  7210 W ActivityManager: Sending non-protected broadcast com.android.systemui.statusbar.visible.change from system 4274:com.android.systemui/u0a73 pkg com.android.systemui
07-31 18:19:56.354   858   858 I vendor.huawei.hardware.hwsched@1.0-service: [SlidResMng]: lastFpsAGP is 60: current is 90
07-31 18:19:56.354   858   858 I vendor.huawei.hardware.hwsched@1.0-service: [SlidResMng]: Ioctl SetPara!
07-31 18:19:56.354  1851  7210 W ActivityManager: Sending non-protected broadcast com.android.systemui.statusbar.visible.change from system 4274:com.android.systemui/u0a73 pkg com.android.systemui
07-31 18:19:56.355  1315  1360 E ITouchService: itouch OneFrameDetect instance is nullptr or oneFrameSwitch is not change
07-31 18:19:56.355  4274  4274 I HwNotificationChildrenContainer: checkBgColorPrint: 0.6, 1.0
07-31 18:19:56.355  4274  4274 I HwStatusBarPullAnimImpl: onNotificationEnd
07-31 18:19:56.355  1851  1851 I StylusSlideManager: action = com.android.systemui.statusbar.visible.change
07-31 18:19:56.356  4588  4837 I DeviceStateService: statusBar state false
07-31 18:19:56.356  8385  8385 I PushLog110124300: [main-1]action is com.android.systemui.statusbar.visible.change
07-31 18:19:56.357  4588  5225 I PG_ash  : not care state bar change
07-31 18:19:56.357  1851  7210 W ActivityManager: Sending non-protected broadcast com.android.systemui.CLOSE_SUB_ACTIVITY from system 4274:com.android.systemui/u0a73 pkg com.android.systemui
07-31 18:19:56.359   637   637 I android.system.suspend@1.0-service: incSuspendCounter kname=native_PowerManagerService.WakeLocks ++mSuspendCounter= 3
07-31 18:19:56.359  4274  4274 I PanelView1: notifyBarPanelExpansionChanged isPanelVisibleBecauseOfHeadsUp=false,mInstantExpanding=false,mTracking=false
07-31 18:19:56.360  4274  4274 I PanelView2: notifyBarPanelExpansionChanged mPeekAnimator is non null?false,mHeightAnimator is non null?false
07-31 18:19:56.360  4274  4274 I PanelView1: notifyBarPanelExpansionChanged isPanelVisibleBecauseOfHeadsUp=false,mInstantExpanding=false,mTracking=false
07-31 18:19:56.360  4274  4274 I PanelView2: notifyBarPanelExpansionChanged mPeekAnimator is non null?false,mHeightAnimator is non null?false
07-31 18:19:56.360   637   637 I android.system.suspend@1.0-service: decSuspendCounter kname=native_PowerManagerService.WakeLocks --mSuspendCounter= 2
07-31 18:19:56.363  1851  4822 W HwActivityTaskManagerServiceEx: invalid param when resuming applock
07-31 18:19:56.364 19987 23966 I LifecycleTransaction: activityCallbacks TopResumedActivityChangeItem{onTop=true}
07-31 18:19:56.364  4588  5225 I PG_ash  : unfreeze foreground pkgs: true, reason: keyguard_going_away
07-31 18:19:56.364  4588  5225 I PG_ash  : com.simplemobiletools.voicerecorder request for scron_front, D to R!
07-31 18:19:56.364  1851  4822 E ActivityTaskManager: ensureVisibilityAndConfig begin next:ActivityRecord{869ad9c u11 com.simplemobiletools.voicerecorder/.activities.MainActivity t1100116}
07-31 18:19:56.364  4588  5225 I ash_trans: com.simplemobiletools.voicerecorder { doze duration=7041 Uptime=7040 } transition to: running reason:scron_front
07-31 18:19:56.364  4588  5225 I PG_ash  : clear_nap unP_GPS : com.simplemobiletools.voicerecorder
07-31 18:19:56.364  4588  5225 I PG_ash  : clear_nap unproxy job : com.simplemobiletools.voicerecorder
07-31 18:19:56.364 19987 19987 I TopResumedActivityChangeItem: execute start, ActivityClientRecord = ActivityRecord{a349d21 token=android.os.BinderProxy@372ed05 {com.simplemobiletools.voicerecorder/com.simplemobiletools.voicerecorder.activities.MainActivity}}
07-31 18:19:56.364  1851  4822 I WindowManager: screenOnEarly=true,awaketrue,currentAppOrientation=-1, keyguardDrawComplete=true, windowManagerDrawComplete=true
07-31 18:19:56.364  1851  1893 I UsageStatsService: Time changed in by -22 seconds
07-31 18:19:56.364  1851  4822 I WindowManager: Deferring rotation, rotation not changed, rotation=0
07-31 18:19:56.364 19987 19987 I RmeSchedManager: init Rme, version is: v1.0
07-31 18:19:56.365  1851  4822 I DisplayManagerService: fromwms displayId:0
07-31 18:19:56.365  1851  7232 I PGManagerService: unproxy gps com.simplemobiletools.voicerecorder 10227 success
07-31 18:19:56.365  1851  4822 E ActivityTaskManager: ensureVisibilityAndConfig starting:ActivityRecord{869ad9c u11 com.simplemobiletools.voicerecorder/.activities.MainActivity t1100116}, kept:true
07-31 18:19:56.365  1851  4822 E ActivityTaskManager: ensureVisibilityAndConfig end next:ActivityRecord{869ad9c u11 com.simplemobiletools.voicerecorder/.activities.MainActivity t1100116}
07-31 18:19:56.365   907  1418 I VSyncPredictor: setPeriod: 11111111
07-31 18:19:56.366  1851  7232 I PGManagerService: unproxy gps com.simplemobiletools.voicerecorder 1110227 success
07-31 18:19:56.366  1851  7232 I PGManagerService: proxyJob, sub type:1, list: [com.simplemobiletools.voicerecorder]
07-31 18:19:56.366  1851  4822 W HwActivityTaskManagerServiceEx: invalid param when resuming applock
07-31 18:19:56.366  4588  5225 I PG_ash  : unP_gps com.simplemobiletools.voicerecorder OK !
07-31 18:19:56.367  4588  5225 I PG_ash  : unP_job com.simplemobiletools.voicerecorder OK !
07-31 18:19:56.367  4588  5225 I PG_ash  : perform running actions!
07-31 18:19:56.367  1851  1884 W Choreographer: Frame time is 0.093056 ms in the future!  Check that graphics HAL is generating vsync timestamps using the correct timebase.
07-31 18:19:56.367 19987 23966 I LifecycleTransaction: lifecycleStateRequest ResumeActivityItem{procState=2,updateProcState=true,isForward=true}
07-31 18:19:56.367  1851  4822 I ActivityTaskManager: addStartingWindow mStayStack = false, needPrelaunchStartingWindow = false
07-31 18:19:56.367  1851  4822 I ActivityTaskManager: needCheck = false, misMatch = false, changed = false
07-31 18:19:56.367 19987 23941 I s.voicerecorde: [SuspendGCController] suspend footprint = 98MB
07-31 18:19:56.367  1851  7232 E HwGameAssistantController: Game Mode is disabled for non-primary user!
07-31 18:19:56.368  1878 16334 E ConfigManager: [LocKit LogLocation.java:1] json parse failed
07-31 18:19:56.368  1878 16334 E ConfigManager: [LocKit LogLocation.java:1] json parse failed
07-31 18:19:56.368  1851  1895 I HwAudioServiceEx: ComponentInfo : className = com.simplemobiletools.voicerecorder.activities.MainActivity, flag = showStartingWindow, isHomeActivity = , isTop = false
07-31 18:19:56.368  1851  1895 I HwAudioServiceEx: not onResume or onPause
07-31 18:19:56.368  1851  4822 I LogicalDisplay: displayInfo = (0,0,1840,2800)
07-31 18:19:56.368  1851  4822 I DisplayDevice: setProjectionLocked begin displayId 0 isDefaultDisplay true orientation(3->0) LayerStackRect(Rect(0, 0 - 1840, 2800)->Rect(0, 0 - 1840, 2800)) DisplayRect(Rect(0, 0 - 1840, 2800)->Rect(0, 0 - 1840, 2800))
07-31 18:19:56.368 19987 19987 W HwDamageRectFpsManager: submitFps mFpsDecisionHandler == null
07-31 18:19:56.368  1851  4822 I DisplayDevice: isNeedRefreshOrientaion orientation 3
07-31 18:19:56.369 19987 19987 I DecorView: updateColorViewInt type:0 size: 72 color:fffcfcff appColor:fffcfcff
07-31 18:19:56.369  4741 23011 I DollieActivityManagerAdapter: other state=showStartingWindow,uid=1110227,pid=19987
07-31 18:19:56.369  1851  4822 I WindowManager: Checking 1 opening apps (frozen=false timeout=false)...
07-31 18:19:56.369  1851  4822 I WindowManager: Check opening app=ActivityRecord{869ad9c u11 com.simplemobiletools.voicerecorder/.activities.MainActivity t1100116}: allDrawn=false startingDisplayed=false startingMoved=false isRelaunching()=false mStartingWindow=null isOneStepWindowChanging=falseisOpenCombinationSplitScreen=false shouldWaitCombine=false
07-31 18:19:56.369  1851  7232 E TaskChangeNotificationController: forAllLocalListeners pid must be equal, but the callingPid 19987 pid 1851
07-31 18:19:56.370 19987 19987 I DecorView: updateColorViewInt type:0 size: 72 color:fffcfcff appColor:fffcfcff
07-31 18:19:56.370  4274  4274 I KgMediator: adjustStatusBarLocked: mShowing=true mOccluded=false isKeyguardExiting = true --> flags=0x0
07-31 18:19:56.370  4274  4606 I KgMediator: disable finalFlags = 0
07-31 18:19:56.370  1851  7210 I StatusBarDisable: setFlags what=0 which=1 pkg=com.android.systemui
07-31 18:19:56.370  1851  7210 I StatusBarDisable: disableLocked mBar.disable net1=0 net2=0 pkg=com.android.systemui what=0
07-31 18:19:56.371  1851  4822 E TaskChangeNotificationController: forAllLocalListeners pid must be equal, but the callingPid 19987 pid 1851
07-31 18:19:56.372 19987 19987 I DecorView: updateColorViewInt type:0 size: 72 color:fffcfcff appColor:fffcfcff
07-31 18:19:56.372   907  2461 I Layer   : 8e28dac SnapshotStartingWindow for taskId=1100116#13816: created
07-31 18:19:56.373  1851  1884 I WindowManager: addWindow: Window{8e28dac u0 SnapshotStartingWindow for taskId=1100116} currentDisplayId:0 requestDisplayId:0 token:Token{e43590f ActivityRecord{869ad9c u11 com.simplemobiletools.voicerecorder/.activities.MainActivity t1100116}} appearance:24 fl_fullscreen=false vsysui_fullscreen=false
07-31 18:19:56.373  1851  7210 E TaskChangeNotificationController: forAllLocalListeners pid must be equal, but the callingPid 19987 pid 1851
07-31 18:19:56.373  4274  4274 I NavigationBar: disable: displayId = 0, mDisplayId = 0, state1 = 0, state2 = 0, animate = true
07-31 18:19:56.374   907  2461 I Layer   : SnapshotStartingWindow for taskId=1100116#13817: created
07-31 18:19:56.378  1851  1884 I WindowManager: Checking 1 opening apps (frozen=false timeout=false)...
07-31 18:19:56.378  1851  1884 I WindowManager: Check opening app=ActivityRecord{869ad9c u11 com.simplemobiletools.voicerecorder/.activities.MainActivity t1100116}: allDrawn=false startingDisplayed=false startingMoved=false isRelaunching()=false mStartingWindow=Window{8e28dac u0 SnapshotStartingWindow for taskId=1100116} isOneStepWindowChanging=falseisOpenCombinationSplitScreen=false shouldWaitCombine=false
07-31 18:19:56.380  1851  4392 I HWMW_HwMagicActivityLifeManager: ### Execute -> resumeActivityForHwMagicWin ActivityRecord resumeActivity = ActivityRecord{869ad9c u11 com.simplemobiletools.voicerecorder/.activities.MainActivity t1100116}
07-31 18:19:56.380  1851  1851 I HWMW_HwMagicWindowUIController: handleForceUpdateSplitBar, displayId = 0, visible = 0
07-31 18:19:56.380   907  2461 I Layer   : com.simplemobiletools.voicerecorder/com.simplemobiletools.voicerecorder.activities.MainActivity#13818: created
07-31 18:19:56.380  1851  7232 E HwGameAssistantController: Game Mode is disabled for non-primary user!
07-31 18:19:56.381  1878  3785 E ConfigManager: [LocKit LogLocation.java:1] json parse failed
07-31 18:19:56.381  1878  3785 E ConfigManager: [LocKit LogLocation.java:1] json parse failed
07-31 18:19:56.382  1851  1895 I HwAudioServiceEx: ComponentInfo : className = com.simplemobiletools.voicerecorder.activities.MainActivity, flag = onResume, isHomeActivity = , isTop = true
07-31 18:19:56.382  1851  4104 W HwAudioServiceEx: SoundEffectState bundle get reserved is invalid
07-31 18:19:56.383  1851  7210 I WindowManager: Checking 1 opening apps (frozen=false timeout=false)...
07-31 18:19:56.383  1851  7210 I WindowManager: Check opening app=ActivityRecord{869ad9c u11 com.simplemobiletools.voicerecorder/.activities.MainActivity t1100116}: allDrawn=false startingDisplayed=false startingMoved=false isRelaunching()=false mStartingWindow=Window{8e28dac u0 SnapshotStartingWindow for taskId=1100116} isOneStepWindowChanging=falseisOpenCombinationSplitScreen=false shouldWaitCombine=false
07-31 18:19:56.384   907   907 I BufferStateLayer: setBuffer: SnapshotStartingWindow for taskId=1100116#13817: first buffer comes.
07-31 18:19:56.381 26013 26013 W kworker/u24:2: type=1400 audit(0.0:123371): avc: granted { setsched } for scontext=u:r:kernel:s0 tcontext=u:r:untrusted_app:s0:c227,c256,c523,c768 tclass=process
07-31 18:19:56.384 19987 23968 E OpenGLRenderer: Unable to match the desired swap behavior.
07-31 18:19:56.385  1851  7232 I WindowManager: performShow transition not clear
07-31 18:19:56.386  1851  1883 I DisplayDeviceRepository: changed: ddi{Built-in Screen,2800x1840,6,1,0,[0, 7, 9],HC{[2, 3],500.0,102.0,1.0},false,false,1000000,16111111,1,0,1,2,0.0,1.0,0.4,1,2,4,8}
07-31 18:19:56.390  1851  1883 I DisplayInfo: diff:131072
07-31 18:19:56.390  1851  7232 I LogicalDisplay: displayInfo = (0,0,1840,2800)
07-31 18:19:56.390  1851  7232 I DisplayDevice: setProjectionLocked begin displayId 0 isDefaultDisplay true orientation(3->0) LayerStackRect(Rect(0, 0 - 1840, 2800)->Rect(0, 0 - 1840, 2800)) DisplayRect(Rect(0, 0 - 1840, 2800)->Rect(0, 0 - 1840, 2800))
07-31 18:19:56.390  1851  7232 I DisplayDevice: isNeedRefreshOrientaion orientation 3
07-31 18:19:56.391  1851  7232 I WindowManager: Checking 1 opening apps (frozen=false timeout=false)...
07-31 18:19:56.391  1851  7232 I WindowManager: Check opening app=ActivityRecord{869ad9c u11 com.simplemobiletools.voicerecorder/.activities.MainActivity t1100116}: allDrawn=false startingDisplayed=true startingMoved=false isRelaunching()=false mStartingWindow=Window{8e28dac u0 SnapshotStartingWindow for taskId=1100116} isOneStepWindowChanging=falseisOpenCombinationSplitScreen=false shouldWaitCombine=false
07-31 18:19:56.391  1851  7232 I WindowManager: Checking 0 opening apps (frozen=false timeout=false)...
07-31 18:19:56.391  1851  7232 I WindowManager: send SET_LAUNCHER_VISIBLE_IN_FINGER_BOOST visible: true,delay:0, handle:true, userId:11, callingPid: 1851
07-31 18:19:56.392  1851  7232 I WmAnimLoader: no builder fit isEnter:true transit:20 frame:Rect(0, 0 - 1840, 2800)
07-31 18:19:56.393  1851  1898 I HwMediaSessionServiceEx: MediaDisplayEventReceiver onDisplayChanged: 0
07-31 18:19:56.394  4274  5875 I KeyguardService: KGSvcCall startKeyguardExitAnimation. duration = 0
07-31 18:19:56.395   907   907 I BufferStateLayer: setBuffer: com.simplemobiletools.voicerecorder/com.simplemobiletools.voicerecorder.activities.MainActivity#13818: first buffer comes.
07-31 18:19:56.398  4274  5875 I KgMediator: startKeyguardExitAnimation
07-31 18:19:56.399  4274  4274 I NotifSectionsManager: updateFirstAndLastViewsForAllSections, changed:false
07-31 18:19:56.399  1851  1883 I WindowManager: handle SET_LAUNCHER_VISIBLE_IN_FINGER_BOOST visible:true handle:true userId:11, currentUserId:11
07-31 18:19:56.399  1660  1660 I WallpaperService: onDisplayChanged(0), state = 2
07-31 18:19:56.400  1660  1660 I HwDisplayInfo: get display Info: display Id: 0, RealSize: Point(1840, 2800), mRotation: 0, mFoldMode: 0, WidthPixels: 1840, HeightPixels: 2800
07-31 18:19:56.400  1851  1851 I HwMultiDisplayManager: onDisplayChanged: 0
07-31 18:19:56.401  1851  4446 I NetworkTimeUpdateService: Display displayState:2
07-31 18:19:56.404  4588  4837 I ScenarioService: app is visible from system: com.simplemobiletools.voicerecorder ,visible: true
07-31 18:19:56.405  1851  1898 W Looper  : Slow dispatch took 11ms TaskFwk:TaskSchedulerWORKER h=android.hardware.display.DisplayManagerGlobal$DisplayListenerDelegate c=null m=2
07-31 18:19:56.406  4274  4274 I KgMediator: msg:12
07-31 18:19:56.406   907   907 I Layer   : setFlags: SnapshotStartingWindow for taskId=1100116#13817 show
07-31 18:19:56.406  4274  4274 I KgMediator: handleStartKeyguardExitAnimation fadeoutDuration=20
07-31 18:19:56.406  4274  4274 I CapsuleManager: refresh capsule when keyguard dismiss
07-31 18:19:56.406  1851  7232 I HwConnectivityServiceEx: set 10073, metered: false, value: false
07-31 18:19:56.407  1851  4350 I AS.AudioService: streamType : 2, isMuted : true
07-31 18:19:56.407  1851  7232 I HwScreenOnProximityLock: quit mistouch view for lock go away
07-31 18:19:56.407  1851  7232 I HwPhoneWindowManager: onShowingChangedL: false
07-31 18:19:56.407  1851  7232 I GestureNavManager: KeyguardShowingChanged, Do not delay 300ms
07-31 18:19:56.407   907   907 I BufferLayer: preparePerFrameCompositionState: SnapshotStartingWindow for taskId=1100116#13817: first buffer updated to LayerFE. frame=1
07-31 18:19:56.407  4274  4465 I FormalHASDK: HiAnalyticsInstance==> onReport(type). TAG:_default_config_tag, TYPE:-1
07-31 18:19:56.407  1851  2132 I GestureNavManager: FocusWindowBottom Options = 0x8080000, isDisabled = true
07-31 18:19:56.408  1851  2130 W HwScreenOnProximityLock: releaseLock: return because sensor listener is not held
07-31 18:19:56.408   885   885 E TS_Service: hwTsSetAftConfig
07-31 18:19:56.408   885   885 I TS_HAL  : ts_set_aft_config:called
07-31 18:19:56.408   885   885 I aptouch_daemon: config = version:1+state:unlocked
07-31 18:19:56.408   885   885 E vendor.huawei.hardware.tp@1.0-service: Async
07-31 18:19:56.408   885   885 I aptouch_daemon: ret = OK
07-31 18:19:56.408  1040  1276 I aptouch_daemon: begin, cmd[0], flag[17]
07-31 18:19:56.408  1851  4350 I TrustManagerService: handle reportKeyguardShowingChanged.
07-31 18:19:56.408  4274  4274 I HwScreenRecorderTimer: updateCapsuleState isTransientShown=false isStatusBarWindowShown=true hasScreenRecorderTimer=false isPanelExpand=false
07-31 18:19:56.408  4274  4274 I HwCapsuleDataConsumer: onDataProduce isAnimatorRunning=false
07-31 18:19:56.408  1040  1276 I aptouch_daemon: Excute:86: cmd=aftouch.config.str, param=version:1+state:unlocked
07-31 18:19:56.408  1851  1851 I TrustManagerService: refreshDeviceLockedForUser : false false
07-31 18:19:56.408  1851  1851 I TrustManagerService: setDeviceLockedForUser finish
07-31 18:19:56.408  1040  1276 I tpd_client: aftouch.config.str, version:1+state:unlocked
07-31 18:19:56.409  4274  4274 I HwCtrlCtr: QsCtrlCentUtils: getSuperTerminalCardStatus#Device + status，displayStatus = 1, openStatus = 1
07-31 18:19:56.410  4274  4274 I NavigationBar: disable: displayId = 0, mDisplayId = 0, state1 = 0, state2 = 0, animate = true
07-31 18:19:56.411  4274  4274 I StatusBarDebug: updateIsKeyguard mStatusBarStateController.isKeyguardRequested=false,keyguardForDozing=false,mDeviceInteractive=true,isGoingToSleep=false,isScreenFullyOff=false,mIsKeyguard=true,wakeAndUnlocking=false,getScreenState=2
07-31 18:19:56.413  1040  1278 E aptouch_daemon: TsaFrame::UpdateCtrlFlag[1951]0x40000
07-31 18:19:56.414  1040  1278 I aptouch_daemon: freq:-1+rate:0
07-31 18:19:56.414  1040  1278 I aptouch_daemon: TsaFrame::SetScanmode[770]freq:-1+rate:0
07-31 18:19:56.415  4274 26627 I FormalHASDK: ReportProcessor==> report times: 1, TAG: _default_config_tag, TYPE: oper
07-31 18:19:56.416  4274 26627 I FormalHASDK: DeviceIdProcessor==> is emui device
07-31 18:19:56.416  4274 26627 I FormalHASDK: p==> getAndroidId(): to getConfigByType()
07-31 18:19:56.416  4274  4274 I HwNotificationBlurControllerImpl: refreshNotificationBackground: true
07-31 18:19:56.416  4274  4274 I HwNotificationBlurControllerImpl: refreshNotificationBackground refresh time: 0, false
07-31 18:19:56.417   907   907 I Layer   : setFlags: com.simplemobiletools.voicerecorder/com.simplemobiletools.voicerecorder.activities.MainActivity#13818 show
