07-31 18:19:58.868  1776  1776 E ndroid.launche: No package ID 9c found for ID 0x9c010101.
07-31 18:19:58.869  1776  1776 E ndroid.launche: No package ID 9c found for ID 0x9c010201.
07-31 18:19:58.869  1776  1776 E ndroid.launche: No package ID 9c found for ID 0x9c010301.
07-31 18:19:58.869  1776  1776 E ndroid.launche: No package ID 9c found for ID 0x9c010401.
07-31 18:19:58.869  1776  1776 E ndroid.launche: No package ID 9c found for ID 0x9c010500.
07-31 18:19:58.869  1776  1776 E ndroid.launche: No package ID 9c found for ID 0x9c010002.
07-31 18:19:58.869  1776  1776 E ndroid.launche: No package ID 9c found for ID 0x9c010003.
07-31 18:19:58.869  1776  1776 E ndroid.launche: No package ID 9c found for ID 0x9c010103.
07-31 18:19:58.869  1776  1776 E ndroid.launche: No package ID 9c found for ID 0x9c010203.
07-31 18:19:58.869  1776  1776 E ndroid.launche: No package ID 9c found for ID 0x9c010303.
07-31 18:19:58.869  1776  1776 E ndroid.launche: No package ID 9c found for ID 0x9c010403.
07-31 18:19:58.869  1776  1776 E ndroid.launche: No package ID 9c found for ID 0x9c010503.
07-31 18:19:58.869  1776  1776 E ndroid.launche: No package ID 9c found for ID 0x9c010004.
07-31 18:19:58.869  1776  1776 E ndroid.launche: No package ID 9c found for ID 0x9c010104.
07-31 18:19:58.869  1776  1776 E ndroid.launche: No package ID 9c found for ID 0x9c010104.
07-31 18:19:58.869  1776  1776 E ndroid.launche: No package ID 9c found for ID 0x9c010304.
07-31 18:19:58.869  1776  1776 E ndroid.launche: No package ID 9c found for ID 0x9c010404.
07-31 18:19:58.869  1776  1776 E ndroid.launche: No package ID 9c found for ID 0x9c010504.
07-31 18:19:58.870  1776  1776 E ndroid.launche: No package ID 9c found for ID 0x9c010604.
07-31 18:19:58.870  1776  1776 E ndroid.launche: No package ID 9c found for ID 0x9c010604.
07-31 18:19:58.870  1776  1776 W HwLauncher: TalkBackHelper needAnnounceAbilityForm input parameter is null
07-31 18:19:58.878  1776  1776 W HwLauncher: TalkBackHelper needAnnounceAbilityForm input parameter is null
07-31 18:19:58.879  1776  1776 W HwLauncher: TalkBackHelper needAnnounceAbilityForm input parameter is null
07-31 18:19:58.881  1776  1776 E ndroid.launche: No package ID 9c found for ID 0x9c020000.
07-31 18:19:58.881  1776  1776 W HwLauncher: TalkBackHelper needAnnounceAbilityForm input parameter is null
07-31 18:19:58.892  1776  1776 W HwLauncher: TalkBackHelper needAnnounceAbilityForm input parameter is null
07-31 18:19:58.902  1776  1776 W HwLauncher: TalkBackHelper needAnnounceAbilityForm input parameter is null
07-31 18:19:58.903  1776  1776 W HwLauncher: TalkBackHelper needAnnounceAbilityForm input parameter is null
07-31 18:19:58.923  1776  1776 E ndroid.launche: Invalid ID 0x9b000000.
07-31 18:19:58.923  1776  1776 E ndroid.launche: No package ID 9b found for ID 0x9b010100.
07-31 18:19:58.923  1776  1776 E ndroid.launche: No package ID 9b found for ID 0x9b020200.
07-31 18:19:58.923  1776  1776 E ndroid.launche: No package ID 9b found for ID 0x9b030300.
07-31 18:19:58.923  1776  1776 E ndroid.launche: No package ID 9b found for ID 0x9b040400.
07-31 18:19:58.923  1776  1776 E ndroid.launche: No package ID 9b found for ID 0x9b050500.
07-31 18:19:58.923  1776  1776 E ndroid.launche: No package ID 9b found for ID 0x9b060600.
07-31 18:19:58.923  1776  1776 E ndroid.launche: Invalid ID 0x9b000000.
07-31 18:19:58.923  1776  1776 E ndroid.launche: No package ID 9b found for ID 0x9b010100.
07-31 18:19:58.923  1776  1776 E ndroid.launche: No package ID 9b found for ID 0x9b020200.
07-31 18:19:58.924  1776  1776 E ndroid.launche: No package ID 9b found for ID 0x9b030300.
07-31 18:19:58.924  1776  1776 E ndroid.launche: No package ID 9b found for ID 0x9b040400.
07-31 18:19:58.924  1776  1776 E ndroid.launche: No package ID 9b found for ID 0x9b050500.
07-31 18:19:58.924  1776  1776 E ndroid.launche: No package ID 9b found for ID 0x9b060600.
07-31 18:19:58.927  1776  1776 E ndroid.launche: No package ID 9b found for ID 0x9b090900.
07-31 18:19:58.927  1776  1776 E ndroid.launche: No package ID 9b found for ID 0x9b090900.
07-31 18:19:58.927  1776  1776 E ndroid.launche: No package ID 9b found for ID 0x9b090900.
07-31 18:19:58.927  1776  1776 E ndroid.launche: No package ID 9b found for ID 0x9b090900.
07-31 18:19:58.927  1776  1776 E ndroid.launche: No package ID 9b found for ID 0x9b080800.
07-31 18:19:58.927  1776  1776 E ndroid.launche: No package ID 9b found for ID 0x9b080800.
07-31 18:19:58.927  1776  1776 E ndroid.launche: No package ID 9b found for ID 0x9b070700.
07-31 18:19:58.927  1776  1776 E ndroid.launche: No package ID 9b found for ID 0x9b060600.
07-31 18:19:58.927  1776  1776 E ndroid.launche: No package ID 9b found for ID 0x9b050500.
07-31 18:19:58.927  1776  1776 E ndroid.launche: No package ID 9b found for ID 0x9b040400.
07-31 18:19:58.928  1776  1776 E ndroid.launche: No package ID 9b found for ID 0x9b090900.
07-31 18:19:58.928  1776  1776 E ndroid.launche: No package ID 9b found for ID 0x9b090900.
07-31 18:19:58.928  1776  1776 E ndroid.launche: No package ID 9b found for ID 0x9b090900.
07-31 18:19:58.928  1776  1776 E ndroid.launche: No package ID 9b found for ID 0x9b090900.
07-31 18:19:58.928  1776  1776 E ndroid.launche: No package ID 9b found for ID 0x9b080800.
07-31 18:19:58.928  1776  1776 E ndroid.launche: No package ID 9b found for ID 0x9b080800.
07-31 18:19:58.928  1776  1776 E ndroid.launche: No package ID 9b found for ID 0x9b070700.
07-31 18:19:58.928  1776  1776 E ndroid.launche: No package ID 9b found for ID 0x9b060600.
07-31 18:19:58.928  1776  1776 E ndroid.launche: No package ID 9b found for ID 0x9b050500.
07-31 18:19:58.928  1776  1776 E ndroid.launche: No package ID 9b found for ID 0x9b040400.
07-31 18:19:58.939   907   907 I ExtremeAnimationCore: ExtremeAnimationSpec onAnimationEnd: [ExtremeAnimationSpec: Surface(name=Task=1100116)/@0x1da8c81 - animation-leash of app_transition#13843,0.000000,[Rect: 0,0,0,0],[Point: 0,0],0,288234984,{Animation: 0,838,0,0,1,0,0,0, null][type:AnimationSet:[childSize:9]{CHILDREN:{Animation: 288235673,1,0,0,1,0,0,0, null][type:SpringSurfaceAnimation 2,2,0]},[SpringModel: 0.228729,0.825000,-0.000315,0.008586,0.000500,0,0.083925,0.084239]{Animation: 288235673,1,0,0,1,0,0,0, null][type:SpringSurfaceAnimation 3,2,0]},[SpringModel: 0.228729,0.825000,-0.000315,0.008586,0.000500,0,0.083925,0.084239]{Animation: 288235662,1,0,0,1,0,0,0, null][type:SpringSurfaceAnimation 0,2,0]},[SpringModel: 0.228729,0.825000,0.709473,-18.179417,1.000000,0,1592.209473,1591.500000]{Animation: 288235684,1,0,0,1,0,0,0, null][type:SpringSurfaceAnimation 1,2,0]},[SpringModel: 0.228729,0.825000,0.472290,-13.977289,1.000000,0,1856.537476,1856.065186]{Animation: 288235362,1,0,0,1,0,0,0, null][type:SpringSurfaceAnimation 5,2,0]},[SpringModel: 0.228729,0.8
07-31 18:19:58.939   907   907 W ExtremeAnimationCore: ExtremeAnimationSpec::onEnd() failed, has no ExtremeAnimationSpecCallback
07-31 18:19:58.939  1776  1776 I ExtremeAnimationAnimator: onEnd, stage = 2
07-31 18:19:58.939  1776  2495 I ndroid.launche: oneway function results for code 2 on binder at 0x6f40208fa0 will be dropped but finished with status UNKNOWN_TRANSACTION
07-31 18:19:58.941   907  6386 I SurfaceFlingerEx: OnAnimationMonitorExit type: 57
07-31 18:19:58.942  4588  9291 I ApsSceneManager: APS: APK: setSceneInfoToAgp: scene:APP_BACK_ANIMATION, scnenCategory:APP_BACK_ANIMATION, state:0
07-31 18:19:58.942  1315 26201 I AGPService: Bn-> aps-info: set scene info - scene: APP_BACK_ANIMATION, sceneCategory: APP_BACK_ANIMATION, status: 0, priorityLevel: 0
07-31 18:19:58.942  1315 26201 I AGPService: FrameRateManager:[UpdateSceneStatus] scene APP_BACK_ANIMATION and sceneCategory APP_BACK_ANIMATION exit
07-31 18:19:58.942  4588  9291 I ApsBdata: cacheSceneInfo come scene: APP_BACK_ANIMATION, state: 0
07-31 18:19:58.942  1315  1353 I AGPService: FrameRateManager:[CheckAnimationTimeOut] timeout animation check Before 0, After 0
07-31 18:19:58.942  1315  1353 I AGPService: FrameRateManager:[HandleFrameRateRefresh] currPkgName: com.huawei.android.launcher, strategyCode 6090: dynamicCode 1, isFactor 0, min 60, max 90, down 90, idle 60
07-31 18:19:58.942  1315  1353 I AGPService: FrameRateManager:[JudgeFinalLcdFps] sceneinfo(0, -2, 0, 0);touchinfo(1, 0, 2, 90);isFHF 0 animFps -1 sfFps 0 damageFps -1 pkg  isSurface 1
07-31 18:19:58.942  1315  1353 I AGPService: FrameRateManager:[JudgeFinalLcdFps] Finish judging and final lcd fps: 90
07-31 18:19:58.943  1315  1353 I AGPService: display get fps - current_fps:90;default_fps:120;support_fps_list:120,45,48,60,72,90,144;product_panel_num:1;current_panel_id:0;panel_id:0;panel_type:LTPO2;support_fps:120,45,48,60,72,90,144
07-31 18:19:58.943  1315  1360 I AGPService: FrameRateManager:[SetActiveConfigByFps] reset Pkg isSurface, AnimFps -1, fps to sf 90
07-31 18:19:58.943   907  6386 I SurfaceFlinger: changeRefreshRate: new mode 5, fps 90, active display 0
07-31 18:19:58.943   907  6386 I DisplayDevice: setDesiredActiveMode: already at the desired mode 5
07-31 18:19:58.943  1315  1360 I AGPService: FrameRateManager: set active config - fps 90 pkgName  isSurface 1
07-31 18:19:58.943  1315  1360 I AGPService: FrameRefreshThread: [CheckRefreshRateSuccess]: fps 90
07-31 18:19:58.943   852   852 E HW_DISPLAY_TEST: ltpo_set_fps: open file /sys/class/graphics/fb0/lcd_fps_cmd fail
07-31 18:19:58.943   852   852 E vendor.huawei.hardware.hwdisplay@1.1-service: call display_set_brightness failed: -1
07-31 18:19:58.943  1315  1360 E AGPService: DisplayFreqClient: displaySetFps error, freqIndex: 4, ret: -2
07-31 18:19:58.943  1315  1360 I AGPService: display get fps - current_fps:90;default_fps:120;support_fps_list:120,45,48,60,72,90,144;product_panel_num:1;current_panel_id:0;panel_id:0;panel_type:LTPO2;support_fps:120,45,48,60,72,90,144
07-31 18:19:58.943  1315  1360 I AGPService: FrameRefreshThread: set refreshrate finished, tryRefreshCount = 0, lcdFps = 90
07-31 18:19:58.944  1315  1360 E ITouchService: itouch OneFrameDetect instance is nullptr or oneFrameSwitch is not change
07-31 18:19:58.960  1851  7207 I RemoteAnimationController: onAnimationFinished(): Notify animation finished:
07-31 18:19:58.961  1851  7207 I WindowManager: send SET_LAUNCHER_VISIBLE_IN_FINGER_BOOST visible: true,delay:0, handle:true, userId:11, callingPid: 1851
07-31 18:19:58.961  1851  1883 I WindowManager: handle SET_LAUNCHER_VISIBLE_IN_FINGER_BOOST visible:true handle:true userId:11, currentUserId:11
07-31 18:19:58.961  1851  7207 I WindowManager: onAnimationFinished task=1100116
07-31 18:19:58.961  1851  7207 I ActivityTaskManager: onAnimationFinished, mTransit: 0startSplitScreenFlag:false
07-31 18:19:58.962  1851  7207 I WindowManager: onAnimationFinished task=290
07-31 18:19:58.962  1851  7207 I ActivityTaskManager: onAnimationFinished, mTransit: 0startSplitScreenFlag:false
07-31 18:19:58.963  1851  4451 E AwareLog: AnimationPerformance: invalid strategy
07-31 18:19:58.972   907   907 I Layer   : [*#13846] reparent null
07-31 18:19:58.973  1851  7207 I HwWindowManagerServiceEx: AnimationTurbo wms IconSurface real removedSurface(name=IconSurface)/@0x50da944
07-31 18:19:58.975 19987 23968 W BufferQueueProducer: [com.simplemobiletools.voicerecorder/com.simplemobiletools.voicerecorder.activities.MainActivity#1(BLAST Consumer)1](id:4e1300000001,api:0,p:-1,c:19987) disconnect: not connected (req=1)
07-31 18:19:58.976 19987 23968 W libEGL  : EGLNativeWindowType 0x7055a2d810 disconnect failed
07-31 18:19:58.976  1851  1883 I WindowManager: setLauncherVisible setAlpha to 1.0
07-31 18:19:58.984  1851  7206 I WindowManager: tryStartExitingAnimation destroySurface win=Window{c883fa0 u11 com.simplemobiletools.voicerecorder/com.simplemobiletools.voicerecorder.activities.MainActivity}
07-31 18:19:58.984   907   907 I Layer   : [*#13843] reparent null
07-31 18:19:58.984   907   907 I SurfaceFlinger: setClientStateLocked: DelAnimationInfo layer Surface(name=Task=1100116)/@0x1da8c81 - animation-leash of app_transition#13843
07-31 18:19:58.984   907   907 I Layer   : [*#13842] reparent null
07-31 18:19:58.984   907   907 I SurfaceFlinger: setClientStateLocked: DelAnimationInfo layer Surface(name=Task=290)/@0xa8ef323 - animation-leash of app_transition#13842
07-31 18:19:58.984   907   907 I Layer   : [*#13844] reparent null
07-31 18:19:58.984   907   907 I Layer   : setFlags: com.simplemobiletools.voicerecorder/com.simplemobiletools.voicerecorder.activities.MainActivity#13818 hide
07-31 18:19:58.985   907   907 I Layer   : IconSurface#13846: destroyed
07-31 18:19:58.993 19987 23949 I LifecycleTransaction: lifecycleStateRequest StopActivityItem{showWindow=false,configChanges=0}
07-31 18:19:58.993 19987 23941 I s.voicerecorde: [SuspendGCController] suspend footprint = 98MB
07-31 18:19:58.994  1851  1883 W WindowManager: onAppTransitionFinishedLocked
07-31 18:19:58.996  4588  9291 W ApsSceneManager: APS: APK: removeSceneInfo: unknow scene!
07-31 18:19:58.999  4741  4924 E DollieAdapterService: notifyActivityState pkg:com.simplemobiletools.voicerecorder/com.simplemobiletools.voicerecorder.activities.MainActivity state:10 fg:false mUid:1110227
07-31 18:19:58.999  4741  4924 E HwPacketFilterBypass: sendRequestToKernel SOCKET_CLOSE_DETECT_UID_DEL [1110227]
07-31 18:19:58.999  4741  4924 I HwPacketFilterBypass: handleActivityUidStateChanged uid:1110227 -1 foreground:0
07-31 18:19:58.999  4741  4924 I HwPacketFilterBypass: isAllowSendSmartCureToChr false, no exceptions occur, dropCnt:0
07-31 18:19:58.999  4741  4924 I HwPacketFilterBypass: no exceptions occur, dropCnt:0
07-31 18:19:59.000  4741  4924 I HwPacketFilterBypass: isAllowSendDataDropChr false, no exceptions occur
07-31 18:19:59.000  4741  4924 I NetPredictEngine: ObserveState processMessage 11
07-31 18:19:59.000  4741  4924 I NetPredictEngine: Parent processMessage 11
07-31 18:19:59.000  4741  4924 I NetPredictEngine: Parent: active app change, old packageName: com.huawei.android.launcher, new packageName: com.simplemobiletools.voicerecorder
07-31 18:19:59.000  4741  4924 I OllieMsgCenter: publishEvt=2130771969
07-31 18:19:59.000 19987 19987 I WindowManager: trimMemory level: 20
07-31 18:19:59.000  4741  4924 E Booster_BroadcastProxy: [isDebugModemEnabled]get package info fail.
07-31 18:19:59.000  4741  4924 E Booster_NetworkQoe: [checkModemParaCollecEnable]sendModemParaCollecEnable invalid defaultDataSlotId=-1
07-31 18:19:59.001  1851  7206 I ActivityTaskManager: notifyAppStopped: ActivityRecord{869ad9c u11 com.simplemobiletools.voicerecorder/.activities.MainActivity t1100116} appVisible: false
07-31 18:19:59.003  4588  5225 I PG_ash  : handle activity stop pkg:com.simplemobiletools.voicerecorder pid:19987
07-31 18:19:59.003  4588  5225 I PG_ash  : com.simplemobiletools.voicerecorder not check download condition with no dl requisites
07-31 18:19:59.004  4741  4924 I BanNetworkChr: uid1110227,isFgfalse
07-31 18:19:59.005  4741  4924 I SmartDualCardConfig: getAppType,pkgName=com.simplemobiletools.voicerecorder,appType=-1
07-31 18:19:59.005  4741  4924 E SmartDualCardConfig: isAppInBlackList false,items==null
07-31 18:19:59.005  4741  4924 I OllieMsgCenter: publishEvt=2134966274
07-31 18:19:59.005  4741  4924 I HcPreDnsQueryCtrl: EVENT_APPINFO_ACTION_UID_STATE_CHANGED
07-31 18:19:59.005  4741  4924 I AppStallManager: OllieInternalEvtConsts.EVENT_APPINFO_ACTION_UID_STATE_CHANGED
07-31 18:19:59.006  1851  1881 E system_server: MPAM LoadFile error, error code:3, path:/odm/etc/xml/cas/mpam_config.xml
07-31 18:19:59.006  4588  5225 I ash_trans: com.simplemobiletools.voicerecorder { running duration=2639 Uptime=2639 } transition to: doze reason:
07-31 18:19:59.006   907   907 I Layer   : [*#13818] reparent null
07-31 18:19:59.006   907   907 I Layer   : com.simplemobiletools.voicerecorder/com.simplemobiletools.voicerecorder.activities.MainActivity#13818: destroyed
07-31 18:19:59.007  4588  5225 I APwPowerPolicy: ignore smart optimize and unkown gps pkg: com.simplemobiletools.voicerecorder duration:0
07-31 18:19:59.007  4588  5225 I PG_ash  : perform_nap P_GPS : com.simplemobiletools.voicerecorder
07-31 18:19:59.007  4588  5225 I PG_ash  : perform_nap set bgcheck : com.simplemobiletools.voicerecorder
07-31 18:19:59.007  4588  5225 I PG_ash  : perform_nap P_job : com.simplemobiletools.voicerecorder
07-31 18:19:59.008  1851  2072 I PGManagerService: proxy gps com.simplemobiletools.voicerecorder 10227 success
07-31 18:19:59.009  1851  2072 I PGManagerService: proxy gps com.simplemobiletools.voicerecorder 1110227 success
07-31 18:19:59.009  1851  2072 I PGManagerService: proxyJob, sub type:0, list: [com.simplemobiletools.voicerecorder]
07-31 18:19:59.010  4588  5225 I PG_ash  : P_GPS com.simplemobiletools.voicerecorder OK !
07-31 18:19:59.010  4588  5225 I PG_ash  : set bgcheck com.simplemobiletools.voicerecorder OK !
07-31 18:19:59.010  4588  5225 I PG_ash  : P_job com.simplemobiletools.voicerecorder OK !
07-31 18:19:59.010  4588  5225 I PG_ash  : nap package: com.simplemobiletools.voicerecorder, visible: false, bgTime: 746, scrOff: false
07-31 18:19:59.010  1776  1776 E ndroid.launche: Invalid ID 0x9c000000.
07-31 18:19:59.011  1776  1776 E ndroid.launche: Invalid ID 0x9c000003.
07-31 18:19:59.011  1776  1776 E ndroid.launche: Invalid ID 0x9c000203.
07-31 18:19:59.012  1776  1776 E ndroid.launche: Invalid ID 0x9c000403.
07-31 18:19:59.012  1776  1776 E ndroid.launche: Invalid ID 0x9c000503.
07-31 18:19:59.012  1776  1776 E ndroid.launche: Invalid ID 0x9c000204.
07-31 18:19:59.012  1851  2124 I HwConnectivityServiceEx: set 1000, metered: false, value: false
07-31 18:19:59.012  1776  1776 E ndroid.launche: Invalid ID 0x9c000304.
07-31 18:19:59.013  1776  1776 E ndroid.launche: Invalid ID 0x9c000404.
07-31 18:19:59.013  1776  1776 E ndroid.launche: Invalid ID 0x9c000604.
07-31 18:19:59.013  1776  1776 W HwLauncher: TalkBackHelper needAnnounceAbilityForm input parameter is null
07-31 18:19:59.013  1851  2124 E AwareLog: CpuProcessInherit: files null 
07-31 18:19:59.013  1851  2124 W AwareLog: SchedLevelBoost: onFgActivitiesChanged config not set!
07-31 18:19:59.014  1776  1776 W HwLauncher: TalkBackHelper needAnnounceAbilityForm input parameter is null
07-31 18:19:59.056  1851  4193 I Bitmap  : source bitmap colorspace: Display P3
07-31 18:19:59.069  1776  1776 E ndroid.launche: Invalid ID 0x9c000000.
07-31 18:19:59.082  1776  1776 E ndroid.launche: Invalid ID 0x9c000003.
07-31 18:19:59.082  1776  1776 W HwLauncher: TalkBackHelper needAnnounceAbilityForm input parameter is null
07-31 18:19:59.085  1776  1776 E ndroid.launche: Invalid ID 0x9c000203.
07-31 18:19:59.085  1776  1776 W HwLauncher: TalkBackHelper needAnnounceAbilityForm input parameter is null
07-31 18:19:59.091  1776  1776 E ndroid.launche: Invalid ID 0x9c000403.
07-31 18:19:59.092  1776  1776 E ndroid.launche: Invalid ID 0x9c000503.
07-31 18:19:59.092  1776  1776 E ndroid.launche: Invalid ID 0x9c000204.
07-31 18:19:59.093  1776  1776 E ndroid.launche: Invalid ID 0x9c000304.
07-31 18:19:59.094  1776  1776 E ndroid.launche: Invalid ID 0x9c000404.
07-31 18:19:59.094  1776  1776 E ndroid.launche: Invalid ID 0x9c000604.
07-31 18:19:59.095  1776  1776 E ndroid.launche: No package ID 9c found for ID 0x9c010000.
07-31 18:19:59.095  1776  1776 E ndroid.launche: No package ID 9c found for ID 0x9c010100.
07-31 18:19:59.095  1776  1776 E ndroid.launche: No package ID 9c found for ID 0x9c010200.
07-31 18:19:59.096  1776  1776 E ndroid.launche: No package ID 9c found for ID 0x9c010300.
07-31 18:19:59.096  1776  1776 E ndroid.launche: No package ID 9c found for ID 0x9c010400.
07-31 18:19:59.096  1776  1776 E ndroid.launche: No package ID 9c found for ID 0x9c010001.
07-31 18:19:59.096  1776  1776 E ndroid.launche: No package ID 9c found for ID 0x9c010101.
07-31 18:19:59.096  1776  1776 E ndroid.launche: No package ID 9c found for ID 0x9c010201.
07-31 18:19:59.096  1776  1776 E ndroid.launche: No package ID 9c found for ID 0x9c010301.
07-31 18:19:59.096  1776  1776 E ndroid.launche: No package ID 9c found for ID 0x9c010401.
07-31 18:19:59.096  1776  1776 E ndroid.launche: No package ID 9c found for ID 0x9c010500.
07-31 18:19:59.100  1776  1776 W HwLauncher: TalkBackHelper needAnnounceAbilityForm input parameter is null
07-31 18:19:59.101  1776  1776 W HwLauncher: TalkBackHelper needAnnounceAbilityForm input parameter is null
07-31 18:19:59.105  1776  1776 W HwLauncher: TalkBackHelper needAnnounceAbilityForm input parameter is null
07-31 18:19:59.107  1776  1776 E ndroid.launche: No package ID 9c found for ID 0x9c010002.
07-31 18:19:59.108  1776  1776 E ndroid.launche: No package ID 9c found for ID 0x9c010003.
07-31 18:19:59.109  1776  1776 E ndroid.launche: No package ID 9c found for ID 0x9c010103.
07-31 18:19:59.110  1776  1776 E ndroid.launche: No package ID 9c found for ID 0x9c010203.
07-31 18:19:59.111  1776  1776 E ndroid.launche: No package ID 9c found for ID 0x9c010303.
07-31 18:19:59.112  1776  1776 E ndroid.launche: No package ID 9c found for ID 0x9c010403.
07-31 18:19:59.112  1776  1776 E ndroid.launche: No package ID 9c found for ID 0x9c010503.
07-31 18:19:59.113  1776  1776 E ndroid.launche: No package ID 9c found for ID 0x9c010004.
07-31 18:19:59.114  1776  1776 E ndroid.launche: No package ID 9c found for ID 0x9c010104.
07-31 18:19:59.115  1776  1776 E ndroid.launche: No package ID 9c found for ID 0x9c010104.
07-31 18:19:59.116  1776  1776 E ndroid.launche: No package ID 9c found for ID 0x9c010304.
07-31 18:19:59.116  1776  1776 E ndroid.launche: No package ID 9c found for ID 0x9c010404.
07-31 18:19:59.117  1776  1776 E ndroid.launche: No package ID 9c found for ID 0x9c010504.
07-31 18:19:59.118  1776  1776 E ndroid.launche: No package ID 9c found for ID 0x9c010604.
07-31 18:19:59.119  1776  1776 E ndroid.launche: No package ID 9c found for ID 0x9c010604.
07-31 18:19:59.121  1776  1776 E ndroid.launche: No package ID 9c found for ID 0x9c020000.
07-31 18:19:59.121  1776  1776 W HwLauncher: TalkBackHelper needAnnounceAbilityForm input parameter is null
07-31 18:19:59.121  1776  1776 W HwLauncher: TalkBackHelper needAnnounceAbilityForm input parameter is null
07-31 18:19:59.135  1776  1776 W HwLauncher: TalkBackHelper needAnnounceAbilityForm input parameter is null
07-31 18:19:59.165  1776  1776 W HwLauncher: TalkBackHelper needAnnounceAbilityForm input parameter is null
07-31 18:19:59.168  1776  1776 E ndroid.launche: Invalid ID 0x9b000000.
07-31 18:19:59.168  1776  1776 E ndroid.launche: No package ID 9b found for ID 0x9b010100.
07-31 18:19:59.168  1776  1776 E ndroid.launche: No package ID 9b found for ID 0x9b020200.
07-31 18:19:59.168  1776  1776 E ndroid.launche: No package ID 9b found for ID 0x9b030300.
07-31 18:19:59.168  1776  1776 E ndroid.launche: No package ID 9b found for ID 0x9b040400.
07-31 18:19:59.168  1776  1776 E ndroid.launche: No package ID 9b found for ID 0x9b050500.
07-31 18:19:59.171  1776  1776 E ndroid.launche: No package ID 9b found for ID 0x9b060600.
07-31 18:19:59.174  1776  1776 E ndroid.launche: No package ID 9b found for ID 0x9b090900.
07-31 18:19:59.174  1776  1776 E ndroid.launche: No package ID 9b found for ID 0x9b090900.
07-31 18:19:59.174  1776  1776 E ndroid.launche: No package ID 9b found for ID 0x9b090900.
07-31 18:19:59.174  1776  1776 E ndroid.launche: No package ID 9b found for ID 0x9b090900.
07-31 18:19:59.174  1776  1776 E ndroid.launche: No package ID 9b found for ID 0x9b080800.
07-31 18:19:59.174  1776  1776 E ndroid.launche: No package ID 9b found for ID 0x9b080800.
07-31 18:19:59.175  1776  1776 E ndroid.launche: No package ID 9b found for ID 0x9b070700.
07-31 18:19:59.175  1776  1776 E ndroid.launche: No package ID 9b found for ID 0x9b060600.
07-31 18:19:59.175 14736  7393 I CAWARENESS_32379_AbilityContext: [1753957214216] deliver {dataId=1001000011, mode=0} to 1 receivers
07-31 18:19:59.178  1776  1776 E ndroid.launche: No package ID 9b found for ID 0x9b050500.
07-31 18:19:59.180  1776  1776 E ndroid.launche: No package ID 9b found for ID 0x9b040400.
07-31 18:19:59.202 19987 23941 I s.voicerecorde: [SuspendGCController] restore footprint = 26MB
07-31 18:19:59.203  1851  7217 I Binder  : dump {serviceName:HwActivityManagerService, formatArgs:activities, callChain:/apex/com.android.adbd/bin/adbd->dumpsys}
07-31 18:19:59.234  1851  7217 I ActivityManager: restoreGcTask callingPid = 1776 callingUid = 1110106
07-31 18:19:59.234  1851  1898 I HwSystemMemoryUtils: restore gc task msgId: 32
07-31 18:19:59.286  1776  1776 E ndroid.launche: Invalid ID 0x9c000000.
07-31 18:19:59.305  1851  7217 I Binder  : dump {serviceName:HwActivityManagerService, formatArgs:activities, callChain:/apex/com.android.adbd/bin/adbd->dumpsys}
07-31 18:19:59.317  1776  1776 E ndroid.launche: Invalid ID 0x9c000003.
07-31 18:19:59.331  1776  2737 W HwLauncher: FormStackBatchRefreshController isExistInFormStack formStackInfo == null
07-31 18:19:59.333  1776  1776 W HwLauncher: TalkBackHelper needAnnounceAbilityForm input parameter is null
07-31 18:19:59.334  1776  1776 E ndroid.launche: Invalid ID 0x9c000203.
07-31 18:19:59.337  1776  1776 I HwLauncher: AbilityFormGenericMotionFocusListener start release hover resource!
07-31 18:19:59.344  1776  1776 E HwLauncher: AbilityFormStackView no need to resetForm by childCount:1, currentPage:0
07-31 18:19:59.344  1776  2056 I AbilityFormProxy-031: begin to acquire form bundleName is com.huawei.ohos.suggestion, className is com.huawei.ohos.suggestion.xiaoyirecommender.XiaoyiRecAbility, formId is 0, parentFormId is 0, formIndex is 288236086352889, acquireSource is null
07-31 18:19:59.344  1776  2056 I AbilityFormProxy-031: getFormsInfo transact  proxyType = 2, code = 53
07-31 18:19:59.347  1776  2486 W HwLauncher: CompositeFormRefreshAnimation setOldLayout: null layout
07-31 18:19:59.347  1776  1776 I InputMethodManager: setNextServedViewLocked in view is null
07-31 18:19:59.347  1776  1776 I InputMethodManager: FINISH INPUT: mServedView = :com.huawei.android.launcher.BubbleTextViewWrapper{7f6fe75 VFED..CL. ......ID 0,0-185,151 aid=1073741847}, BubbleTextView: {RecommendAppInfo: component=ComponentInfo{com.simplemobiletools.musicplayer/com.simplemobiletools.musicplayer.activities.SplashActivity.Orange}, user=UserHandle{11}, type=0, position=(0,0), unread=0}; alpha=1.0,focus=false,windowFocus=false,autofillUiShowing=false,window=null,displayId=0,temporaryDetach=false,hasImeFocus=false
07-31 18:19:59.347  1776  1776 I InputMethodManager: getServedView is com.huawei.android.launcher.BubbleTextViewWrapper{7f6fe75 VFED..CL. ......ID 0,0-185,151 aid=1073741847}, BubbleTextView: {RecommendAppInfo: component=ComponentInfo{com.simplemobiletools.musicplayer/com.simplemobiletools.musicplayer.activities.SplashActivity.Orange}, user=UserHandle{11}, type=0, position=(0,0), unread=0}; alpha=1.0
07-31 18:19:59.347  1776  1776 I InputMethodManager: setServedViewLocked in view is null
07-31 18:19:59.347  1776  1776 I InputMethodManager: closeCurrentInput
07-31 18:19:59.347  1776  1776 W HwRemoteInputMethodManager: isCasting false because IHwDistributedWindowManager is invalid.
07-31 18:19:59.347  1851  7207 I HwInputMethodManagerService: hideSoftInput windowToken:android.os.BinderProxy@d94b0b8
07-31 18:19:59.347  1851  7207 I InputMethodManagerService: Client requesting input be hidden, requestedUid = 1110106
07-31 18:19:59.347  1851  7207 I HwInputMethodManagerService: hideCurrentInputLocked res:false
07-31 18:19:59.347  1851  7207 I HwInputMethodManagerService: hideSoftInput end! isHide:false, isNeedWaitShow:false
07-31 18:19:59.347  1776  2056 I AbilityFormProxy-031: getFormsInfo transact  proxyType = 1, code = 3029
07-31 18:19:59.348  1776  1776 W HwLauncher: AbilityFormStackGroup the same title no need update
07-31 18:19:59.349  1776  1776 W HwLauncher: AbilityFormStackGroup the same title no need update
07-31 18:19:59.349  1776  1776 W HwLauncher: AbilityFormStackGroup the same title no need update
07-31 18:19:59.349  1776  2056 E AbilityFormProxy-031: get forms error, code -1
07-31 18:19:59.349  1776  2056 W AbilityFormProxy-031: isValidArkTSInfo, arkTSInfo is null
07-31 18:19:59.349  1776  2056 W AbilityFormProxy-031: isValidArkTSInfo, arkTSInfo is null
07-31 18:19:59.351  1776  1776 W HwLauncher: ParentAbilityRefreshController refreshObserver == null
07-31 18:19:59.352  1776  1776 W HwLauncher: CompositeFormRefreshAnimation showContentLayout hostFormView.getVisibility() == View.VISIBLE
07-31 18:19:59.352  1776  1776 W HwLauncher: CompositeFormRefreshAnimation checkAndSwitchCardOnStack !isNeedToSwitch
07-31 18:19:59.349 26013 26013 W kworker/u24:2: type=1400 audit(0.0:123377): avc: granted { setsched } for scontext=u:r:kernel:s0 tcontext=u:r:platform_app:s0:c523,c768 tclass=process
07-31 18:19:59.364  1776  1776 W HwLauncher: TalkBackHelper needAnnounceAbilityForm input parameter is null
07-31 18:19:59.365  1776  1776 E ndroid.launche: Invalid ID 0x9c000403.
07-31 18:19:59.366  1776  1776 E ndroid.launche: Invalid ID 0x9c000503.
07-31 18:19:59.367  1776  1776 E ndroid.launche: Invalid ID 0x9c000204.
07-31 18:19:59.368  1776  1776 E ndroid.launche: Invalid ID 0x9c000304.
07-31 18:19:59.369  1776  1776 E ndroid.launche: Invalid ID 0x9c000404.
07-31 18:19:59.369  1776  1776 E ndroid.launche: Invalid ID 0x9c000604.
07-31 18:19:59.371  1776  1776 E ndroid.launche: No package ID 9c found for ID 0x9c010000.
07-31 18:19:59.372  1776  1776 E ndroid.launche: No package ID 9c found for ID 0x9c010100.
07-31 18:19:59.373  1776  1776 E ndroid.launche: No package ID 9c found for ID 0x9c010200.
07-31 18:19:59.374  1776  1776 E ndroid.launche: No package ID 9c found for ID 0x9c010300.
07-31 18:19:59.374  1776  1776 E ndroid.launche: No package ID 9c found for ID 0x9c010400.
07-31 18:19:59.375  1776  1776 E ndroid.launche: No package ID 9c found for ID 0x9c010001.
07-31 18:19:59.376  1776  1776 E ndroid.launche: No package ID 9c found for ID 0x9c010101.
07-31 18:19:59.376  4588  5225 I PG_ash  : pkg ohos.distributedschedule.foundation calling: com.huawei.ohos.suggestion, pid: 0 ,type: bindservice
07-31 18:19:59.377  1776  1776 E ndroid.launche: No package ID 9c found for ID 0x9c010201.
07-31 18:19:59.377  4588  5225 I ash_trans: com.huawei.ohos.suggestion { hibernation duration=2559 Uptime=2559 } transition to: doze reason:be_called_bindservice
07-31 18:19:59.377  4588  5225 I PG_ash  : clear H actions!
07-31 18:19:59.378  1776  1776 W HwLauncher: TalkBackHelper needAnnounceAbilityForm input parameter is null
07-31 18:19:59.379  1776  1776 E ndroid.launche: No package ID 9c found for ID 0x9c010301.
07-31 18:19:59.380  1776  1776 E ndroid.launche: No package ID 9c found for ID 0x9c010401.
07-31 18:19:59.380  1851  1893 I UsageStatsService: [b5f11f434f59973, 3bd05b0, 27d4e31] Time changed in by -22 seconds
07-31 18:19:59.380  1851  2072 I ActivityManager: [b5f11f434f59973, 27d4e31, 0] power push bindservice callingPkg:com.huawei.harmonyos.foundation, pkg:com.huawei.ohos.suggestion, callerApp pid:4656, pid:23736
07-31 18:19:59.381  1851  2072 I PGManagerService: pid:23736 uid:1110168 proxy:false
07-31 18:19:59.381  1851  2072 I PGManagerService: pid:25794 uid:10168 proxy:false
07-31 18:19:59.381  4588  5225 I PG_ash  : unP_wl uids = [1110168, 10168] pids = [23736, 25794]
07-31 18:19:59.381  4588  5225 I PgLog   : ZAppActionService: do suspend : pkg : com.huawei.ohos.suggestion, pid : 23736, 25794,  uid : 1110168, 10168,  isSuspend : false
07-31 18:19:59.381  1851  7217 I HwNetworkPolicy: onTransact, code = 1002
07-31 18:19:59.381  4588  5225 I ActNet  : allow network for uid : 10168 succ:true flag:ASH_DENY_FLAG
07-31 18:19:59.381  1851  7206 I HwNetworkPolicy: onTransact, code = 1002
07-31 18:19:59.381  4588  5225 I ActNet  : allow network for uid : 1110168 succ:true flag:ASH_DENY_FLAG
07-31 18:19:59.381  4588  5225 I PG_ash  : CancelNetworkRestrict >> com.huawei.ohos.suggestion, uids : [10168, 1110168]
07-31 18:19:59.382  1776  1776 W HwLauncher: TalkBackHelper needAnnounceAbilityForm input parameter is null
07-31 18:19:59.382   637   637 I android.system.suspend@1.0-service: incSuspendCounter kname=native_PowerManagerService.WakeLocks ++mSuspendCounter= 3
07-31 18:19:59.382  1350 13177 I Pged-IPgedBinderService: ****action is 2, pid num is 3***
07-31 18:19:59.382  1350 13177 I Pged-Freezer: thawPids
07-31 18:19:59.383  4588  5225 I PGServer: report state:6 event type:2 pid:0 uid:1110168 pkg:com.huawei.ohos.suggestion to pid: 1851
07-31 18:19:59.383  4588  5225 I PGServer: report state:100 event type:2 pid:0 uid:1110168 pkg:23736:25794 to pid: 1851
07-31 18:19:59.384  1851  2072 I SWAP_Scene: Entering notifySceneData notifySceneData. EventType:UNFREEZE pkg:com.huawei.ohos.suggestion uid:1110168 pid:0 proc: activity:null
07-31 18:19:59.384  4588  5225 I PG_ash  : unF_Z com.huawei.ohos.suggestion OK !
07-31 18:19:59.384  1851  4822 I PGManagerService: proxyBroadcast:[com.huawei.ohos.suggestion] proxy:false
07-31 18:19:59.384  4588  5225 I PG_ash  : unP_BC com.huawei.ohos.suggestion OK !
07-31 18:19:59.384  4588  5225 I PG_ash  : nap takeover action: 1
07-31 18:19:59.384  4588  5225 I APwPowerPolicy:  one day not front to ignore gps: com.huawei.ohos.suggestion
07-31 18:19:59.385  4588  5225 I PG_ash  : nap takeover action: 2
07-31 18:19:59.385  4588  5225 I PG_ash  : perform_nap set bgcheck : com.huawei.ohos.suggestion
07-31 18:19:59.385   637   637 I android.system.suspend@1.0-service: decSuspendCounter kname=native_PowerManagerService.WakeLocks --mSuspendCounter= 2
07-31 18:19:59.385  4588  5225 I PG_ash  : set bgcheck com.huawei.ohos.suggestion OK !
07-31 18:19:59.385  4588  5225 I PG_ash  : nap package: com.huawei.ohos.suggestion, visible: false, bgTime: 106900, scrOff: false
07-31 18:19:59.385  1776  2056 W ArrayMap: New hash 1658385783 is before end of array hash 1691581766 at index 5
07-31 18:19:59.385  1776  2056 W ArrayMap: java.lang.RuntimeException: here
07-31 18:19:59.385  1776  2056 W ArrayMap: 	at android.util.ArrayMap.append(ArrayMap.java:660)
07-31 18:19:59.385  1776  2056 W ArrayMap: 	at android.os.Parcel.readArrayMapInternal(Parcel.java:3727)
07-31 18:19:59.385  1776  2056 W ArrayMap: 	at android.os.BaseBundle.initializeFromParcelLocked(BaseBundle.java:356)
07-31 18:19:59.385  1776  2056 W ArrayMap: 	at android.os.BaseBundle.unparcel(BaseBundle.java:239)
07-31 18:19:59.385  1776  2056 W ArrayMap: 	at android.os.BaseBundle.getString(BaseBundle.java:1295)
07-31 18:19:59.385  1776  2056 W ArrayMap: 	at com.huawei.ohos.localability.Form.<init>(Unknown Source:96)
07-31 18:19:59.385  1776  2056 W ArrayMap: 	at com.huawei.ohos.localability.Form$a.createFromParcel(:1)
07-31 18:19:59.385  1776  2056 W ArrayMap: 	at com.huawei.ohos.localability.AbilityFormProxy.a(:71)
07-31 18:19:59.385  1776  2056 W ArrayMap: 	at com.huawei.ohos.localability.AbilityFormProxy.a(:9)
07-31 18:19:59.385  1776  2056 W ArrayMap: 	at com.huawei.ohos.localability.AbilityFormProxy.a(Unknown Source:26)
07-31 18:19:59.385  1776  2056 W ArrayMap: 	at com.huawei.ohos.localability.AbilityFormUtils.acquireForm(Unknown Source:13)
07-31 18:19:59.385  1776  2056 W ArrayMap: 	at com.huawei.android.launcher.abilityform.AbilityFormUtil.acquireForm(AbilityFormUtil.java:591)
07-31 18:19:59.385  1776  2056 W ArrayMap: 	at com.huawei.android.launcher.abilityform.AbilityFormHost.lambda$acquiredFormInfoSync$2(AbilityFormHost.java:315)
07-31 18:19:59.385  1776  2056 W ArrayMap: 	at com.huawei.android.launcher.abilityform.AbilityFormHost.lambda$acquiredFormInfoSync$2$AbilityFormHost(Unknown Source:0)
07-31 18:19:59.385  1776  2056 W ArrayMap: 	at com.huawei.android.launcher.abilityform.-$$Lambda$AbilityFormHost$-pGC3DHmZ63dCSgUipegxVta3RM.run(Unknown Source:8)
07-31 18:19:59.385  1776  2056 W ArrayMap: 	at android.os.Handler.handleCallback(Handler.java:966)
07-31 18:19:59.385  1776  2056 W ArrayMap: 	at android.os.Handler.dispatchMessage(Handler.java:110)
07-31 18:19:59.385  1776  2056 W ArrayMap: 	at com.huawei.android.launcher.utils.thread.SubThreadHandler.dispatchMessage(SubThreadHandler.java:37)
07-31 18:19:59.385  1776  2056 W ArrayMap: 	at android.os.Looper.loopOnce(Looper.java:205)
07-31 18:19:59.385  1776  2056 W ArrayMap: 	at android.os.Looper.loop(Looper.java:293)
07-31 18:19:59.385  1776  2056 W ArrayMap: 	at android.os.HandlerThread.run(HandlerThread.java:110)
07-31 18:19:59.385  1776  2056 I InstantProvider: InstantProvider create come, jsFormBindingData size is 2
07-31 18:19:59.385  1776  2056 W AbilityFormProxy-031: isValidArkTSInfo, arkTSInfo is null
07-31 18:19:59.386  1776  2056 W AbilityFormProxy-031: arkTSInfo is invalid
07-31 18:19:59.386  1776  2056 I InstantProvider: 71441043833829386 saveFormCache, pic num is 0
07-31 18:19:59.386  1776  2056 I JsFormCache: saveFormData start, formId = 71441043833829386
07-31 18:19:59.386  1776  2056 I JsFormCache: jsFormBindingData doesn't has applock_status
07-31 18:19:59.387  1776  2056 W JsFormCache: loadData catch exception: JS_FORM_CACHE_IO_ERROR: create CacheReader failed
07-31 18:19:59.387  1776  2056 I JsFormCache: mergeJsFormBindingData, oldData is null
07-31 18:19:59.387  1776  2056 I JsFormCache: saveFormData end, formId = 71441043833829386
07-31 18:19:59.387  1776  2056 I InstantProvider: start get instantView, density: -1.0
07-31 18:19:59.387  1776  2056 I InstantView: fa card created(4.0.0), hashcode is 73191440 cardHapPath is /hw_product/region_comm/china/app/HiSuggestionHm/xiaoyi_recommender-entry-release-rich-signed.hap jsModuleName is default instanceId is 23
07-31 18:19:59.387  1776  2056 I InstantView: registerActivityLifecycleCallbacks. hashcode =73191440, instanceId = 23
07-31 18:19:59.388  1776  2056 I InstantProvider: ace support calling its methods in sub-thread
07-31 18:19:59.388  1776  2056 I InstantView: Render Ace Js Card 23,hashcode is 73191440
07-31 18:19:59.388  1776  2056 I InstantView: runInProperHandler,hashcode = 73191440,instanceId = 23
07-31 18:19:59.388  1776  2056 I InstantView: Run in executor ,hashcode = 73191440,instanceId = 23
07-31 18:19:59.389 25794 25860 I HiSuggestionApp_13.12.4.315_ProviderCallUtil: callMethod get_switch_state
07-31 18:19:59.391  4588  5225 I PG_ash  : pkg com.huawei.harmonyos.foundation calling: com.huawei.ohos.suggestion, pid: 23736 ,type: bindservice
07-31 18:19:59.391  4588  5225 I PG_ash  : com.huawei.ohos.suggestion is called by foundation, D to R
07-31 18:19:59.391  4588  5225 I ash_trans: com.huawei.ohos.suggestion { doze duration=6 Uptime=6 } transition to: running reason:be_called_bindservice
07-31 18:19:59.391 23736 23767 I HiSuggestionApp_13.12.4.315_ProviderCallUtil: callMethod get_switch_state
07-31 18:19:59.392 23736 26051 I FormalHASDK: HAImpl==> onEvent. TAG:HiAnalyticsReport, TYPE:0, eventId:F008
07-31 18:19:59.392  1851  2072 I HwActivityManagerServiceEx: provider is prevented for not-prevent
07-31 18:19:59.393  1776  1776 E ndroid.launche: No package ID 9c found for ID 0x9c010500.
07-31 18:19:59.394  1851  2072 I ContentProviderHelper: Successfully start provider ContentProviderRecord{8e9b47e u11 com.huawei.hwid/com.huawei.hms.runtimekit.stubexplicit.HwIDProvider} launchingApp=ProcessRecord{477b0d0 1878:com.huawei.hwid.core/u11a96} caller pid= 23736
07-31 18:19:59.391  4588  5225 I PG_ash  : clear_nap unpending H_B : com.huawei.ohos.suggestion
07-31 18:19:59.394  4588  5225 I PG_ash  : Unpending H_B com.huawei.ohos.suggestion pkgs: [com.huawei.ohos.suggestion]
07-31 18:19:59.394  4588  5225 I PG_ash  : Unpending com.huawei.ohos.suggestion H_B OK !
07-31 18:19:59.394  4588  5225 I PG_ash  : clear_nap unP_GPS : com.huawei.ohos.suggestion
07-31 18:19:59.394  4588  4837 E NumberUtils: Number Format err! str: 
07-31 18:19:59.395  4588  4837 I ZAppActionService: com.huawei.ohos.suggestion FA card is added, cardId:71441043833829386interval:1
07-31 18:19:59.395  4588  4837 I ZAppActionService: apptype:21
07-31 18:19:59.395  1878 16638 I fwkit_AbP: [fwkit AbsContentProvider.java:13] cp:com.huawei.ohos.suggestion;query;content://com.huawei.hwid.api.provider/has_login
07-31 18:19:59.395  1851  7206 I Binder  : dump {serviceName:HwActivityManagerService, formatArgs:activities, callChain:/apex/com.android.adbd/bin/adbd->dumpsys}
07-31 18:19:59.395  1878 16638 I ProviderUtil: [HwID_APK_log[6.15.0.312|6.15.0.300]core ProviderUtil.java:49] Calling package:com.huawei.ohos.suggestion
07-31 18:19:59.395  1878 16638 I HwIDProvider: [HwID_APK_log[6.15.0.312|6.15.0.300]core HwIDProvider.java:243] match:5
07-31 18:19:59.396  1851  7217 I PGManagerService: unproxy gps com.huawei.ohos.suggestion 10168 success
07-31 18:19:59.396  1851  7217 I PGManagerService: unproxy gps com.huawei.ohos.suggestion 1110168 success
07-31 18:19:59.396  4588  5225 I PG_ash  : unP_gps com.huawei.ohos.suggestion OK !
07-31 18:19:59.396  4588  5225 I PG_ash  : perform running actions!
07-31 18:19:59.396  4588  5225 I PG_ash  : running package: com.huawei.ohos.suggestion, visible: false
07-31 18:19:59.396  1878 16638 I HwIDProvider: [HwID_APK_log[6.15.0.312|6.15.0.300]core HwIDProvider.java:970] hasLogin:true
07-31 18:19:59.400  4689 15277 I DistributedDB: [b5f110434f5f6ed, 16742f1, 0] [Syncer] LocalDataChanged no online devices, Label=E54B95
07-31 18:19:59.400  4689 15277 I KvStoreUtils: [b5f110434f5f6ed, 16742f1, 0] GetAppIdByBundleName: system service bundleName:form_storage or container app tokenId:1000
07-31 18:19:59.400  1851  2072 I HwActivityManagerServiceEx: provider is prevented for not-prevent
07-31 18:19:59.402  1851  2072 I ContentProviderHelper: Successfully start provider ContentProviderRecord{414bdd5 u0 com.huawei.hwid/com.huawei.hms.runtimekit.stubexplicit.HwIDProvider} launchingApp=null caller pid= 25794
07-31 18:19:59.403 23736 26051 I FormalHASDK: HAImpl==> onEvent. TAG:HiAnalyticsReport, TYPE:0, eventId:G006
07-31 18:19:59.404  7643 30012 I fwkit_AbP: [fwkit AbsContentProvider.java:13] cp:com.huawei.ohos.suggestion;query;content://com.huawei.hwid.api.provider/has_login
07-31 18:19:59.404  7643 30012 I ProviderUtil: [HwID_APK_log[6.15.0.312|6.16.0.300]core ProviderUtil.java:49] Calling package:com.huawei.ohos.suggestion
07-31 18:19:59.404  7643 30012 I HwIDProvider: [HwID_APK_log[6.15.0.312|6.16.0.300]core HwIDProvider.java:243] match:5
07-31 18:19:59.404  7643 30012 I HwIDProvider: [HwID_APK_log[6.15.0.312|6.16.0.300]core HwIDProvider.java:247] sampleIsReported start
07-31 18:19:59.405  7643 26187 I ThreadPool: [HwID_APK_log[6.15.0.312|6.16.0.300]core CustomThreadPoolExecutor.java:140] thread dump:poolName:Hwid-Tracker-Pool activeCount:1 completedTaskCount:591 taskCount:592 corePoolSize:1 largestPoolSize:1 maxPoolSize:1 queueSize:0 
07-31 18:19:59.405  7643 30012 I HwIDProvider: [HwID_APK_log[6.15.0.312|6.16.0.300]core HwIDProvider.java:969] hasLogin:true
07-31 18:19:59.405  7643 26187 I HiAnalyticsUtil: [HwID_APK_log[6.15.0.312|6.16.0.300]core HiAnalyticsUtil.java:682] eventId is:907114820
07-31 18:19:59.405  1776 11539 I InstantView: create new aceView. hashcode = 73191440, instanceId = 23
07-31 18:19:59.405  1776 11539 I InstantView: runInProperHandler,hashcode = 73191440,instanceId = 23
07-31 18:19:59.405  1776 11539 I InstantView: Run in mainHandler ,hashcode = 73191440,instanceId = 23
07-31 18:19:59.405  1776  1776 I AceNativeViewAosp: fa view created. hashcode is 256485129, instanceId is23
07-31 18:19:59.405  1851  7207 I HwConnectivityServiceEx: set 10096, metered: false, value: false
07-31 18:19:59.406  1776 26829 I flutter : [INFO:ui_dart_state.cc(43)] SetCurStateItem id:23
07-31 18:19:59.406  7643 26187 I FormalHASDK: HAImpl==> onEvent. tag:HmsProfiler, type:1, eventId:907114820
07-31 18:19:59.401 26013 26013 W kworker/u24:2: type=1400 audit(0.0:123378): avc: granted { setsched } for scontext=u:r:kernel:s0 tcontext=u:r:platform_app:s0:c523,c768 tclass=process
07-31 18:19:59.408  1776  1776 I InstantView: InstantView createAceView in main looper finish. (instanceId = 23)
07-31 18:19:59.408  1776  1776 I InstantView: task finish, instanceId = 23
07-31 18:19:59.408  1776 11539 I InstantView: task finish, instanceId = 23
07-31 18:19:59.408  1776  2056 I InstantView: Render Ace Js Card finish. (instanceId=23, hashcode=73191440)
07-31 18:19:59.408  1776  2056 I AbilityFormProxy-031: addJsPreviewView, generate view of form 71441043833829386
07-31 18:19:59.408  1776  2056 I InstantProvider: updateWithImageData != null
07-31 18:19:59.408  1776  2056 I InstantProvider: ace support calling its methods in sub-thread
07-31 18:19:59.408  1776  1776 I AbilityFormProxy-031: layout hashcode: 221711630, formId: 71441043833829386
07-31 18:19:59.408  1776  2056 I InstantView: updateInstantData (instanceId=23,hashcode=73191440), parameter length is 0-0-0, no resource
07-31 18:19:59.408  1776  2056 I AceContainer: AceContainer updateInstantData 23.
07-31 18:19:59.408  1776  2056 I AbilityFormProxy-031: handleMessage, call user implement of form {formId:71441043833829386,bundleName:com.huawei.ohos.suggestion,moduleName:xiaoyi_recommender,abilityName:com.huawei.ohos.suggestion.xiaoyirecommender.XiaoyiRecAbility,formName:Xiaoyi Recommender,formIndex:288236086352889,dimension:2,formType:JS}
07-31 18:19:59.408  1776  2056 I InstantProvider: setEventHandler handler: true formId: 71441043833829386
07-31 18:19:59.408  1776  2056 I AbilityFormProxy-031: notifyWhetherVisibleForm come from aar, eventType is 2
07-31 18:19:59.408  1776  1776 I InstantView: fa card onAttachedToWindow begin, hashcode is 73191440
07-31 18:19:59.409  1776  1776 I InstantView: call setViewAccessibilityParams begin, hashcode = 73191440, instanceId = 23
07-31 18:19:59.409  1776  1776 I InstantView: call setViewAccessibilityParams end, hashcode = 73191440, instanceId = 23
07-31 18:19:59.409  1776  1776 I AceNativeViewAosp: fa view onAttachedToWindow, width is 0, height is 0, hashcode is 256485129
07-31 18:19:59.410  1776  2056 I AbilityFormProxy-031: notifyWhetherVisibleForm come from aar, eventType is 2
07-31 18:19:59.411  1776  2056 I AbilityFormProxy-031: notifyWhetherVisibleForm come from aar, eventType is 2
07-31 18:19:59.412  1776  2056 I AbilityFormProxy-031: notifyFormsVisible come from aar
07-31 18:19:59.413  1776  2737 W HwLauncher: CompositeFormRefreshAnimation setOldLayout: null layout
07-31 18:19:59.415  1776  2472 W HwLauncher: FormUpdateNotifier requestUpdateXiaoyiAbilityForm isAddCardToStack
07-31 18:19:59.415  1776  2056 I AbilityFormProxy-031: begin to acquire form bundleName is com.huawei.android.totemweather, className is com.huawei.ohos.facard.MainAbility, formId is 0, parentFormId is 0, formIndex is 288236157311222, acquireSource is null
07-31 18:19:59.415  1776  2056 I AbilityFormProxy-031: getFormsInfo transact  proxyType = 2, code = 53
07-31 18:19:59.415  1776  1776 W HwLauncher: ParentAbilityRefreshController refreshObserver != null
07-31 18:19:59.415  1776  1776 E HwLauncher: ParentAbilityRefreshController releaseChildAbilitiesResource input invalid
07-31 18:19:59.416  1776  2056 I AbilityFormProxy-031: getFormsInfo transact  proxyType = 1, code = 3029
07-31 18:19:59.417  1776  2056 E AbilityFormProxy-031: get forms error, code -1
07-31 18:19:59.417  1776  2056 W AbilityFormProxy-031: isValidArkTSInfo, arkTSInfo is null
07-31 18:19:59.418  1776  2056 W AbilityFormProxy-031: isValidArkTSInfo, arkTSInfo is null
07-31 18:19:59.421  4689 15276 I DistributedDB: [b5f111434f61e58, 24eac67, 0] [Syncer] LocalDataChanged no online devices, Label=8C3C33
07-31 18:19:59.422  4689 15276 I KvStoreUtils: [b5f111434f61e58, 24eac67, 0] GetAppIdByBundleName: system service bundleName:form_storage or container app tokenId:1000
07-31 18:19:59.424  1776  1873 W ArrayMap: New hash 1658385783 is before end of array hash 1691581766 at index 5
07-31 18:19:59.424  1776  1873 W ArrayMap: java.lang.RuntimeException: here
07-31 18:19:59.424  1776  1873 W ArrayMap: 	at android.util.ArrayMap.append(ArrayMap.java:660)
07-31 18:19:59.424  1776  1873 W ArrayMap: 	at android.os.Parcel.readArrayMapInternal(Parcel.java:3727)
07-31 18:19:59.424  1776  1873 W ArrayMap: 	at android.os.BaseBundle.initializeFromParcelLocked(BaseBundle.java:356)
07-31 18:19:59.424  1776  1873 W ArrayMap: 	at android.os.BaseBundle.unparcel(BaseBundle.java:239)
07-31 18:19:59.424  1776  1873 W ArrayMap: 	at android.os.BaseBundle.getString(BaseBundle.java:1295)
07-31 18:19:59.424  1776  1873 W ArrayMap: 	at com.huawei.ohos.localability.Form.<init>(Unknown Source:96)
07-31 18:19:59.424  1776  1873 W ArrayMap: 	at com.huawei.ohos.localability.Form$a.createFromParcel(:1)
07-31 18:19:59.424  1776  1873 W ArrayMap: 	at com.huawei.ohos.localability.IFormClient$a.onTransact(:10)
07-31 18:19:59.424  1776  1873 W ArrayMap: 	at android.os.Binder.execTransactInternal(Binder.java:1216)
07-31 18:19:59.424  1776  1873 W ArrayMap: 	at android.os.Binder.execTransact(Binder.java:1175)
07-31 18:19:59.424  1776  1873 I InstantProvider: InstantProvider create come, jsFormBindingData size is 155
07-31 18:19:59.424  1776  1873 I AbilityFormProxy-031: on acquired form: {formId:71441043833829386,bundleName:com.huawei.ohos.suggestion,moduleName:xiaoyi_recommender,abilityName:com.huawei.ohos.suggestion.xiaoyirecommender.XiaoyiRecAbility,formName:Xiaoyi Recommender,formIndex:288236086352889,dimension:2,formType:JAVA}
07-31 18:19:59.424  1776  1873 I AbilityFormProxy-031: reapplyJsView, view existed, formId is 71441043833829386
07-31 18:19:59.424  1776  1873 I InstantProvider: 71441043833829386 saveFormCache, pic num is 0
07-31 18:19:59.424  1776  1873 I JsFormCache: saveFormData start, formId = 71441043833829386
07-31 18:19:59.424  1776  1873 I JsFormCache: jsFormBindingData doesn't has applock_status
07-31 18:19:59.425  1851  1893 I UsageStatsService: [b5f112434f66688, d1c50f, 952f21] Time changed in by -22 seconds
07-31 18:19:59.425  1776  1873 I JsFormCache: saveFormData end, formId = 71441043833829386
07-31 18:19:59.425  1776  1873 I InstantProvider: updateWithImageData != null
07-31 18:19:59.425  1776  1873 I InstantProvider: ace support calling its methods in sub-thread
