07-31 18:19:57.165  1851  7208 I AlarmManager: set(PendingIntent{9499da7: PendingIntentRecord{88b3254 com.tencent.mm broadcastIntent}}) : type=2 triggerAtTime=1700262307 win=0 tElapsed=1700262307 maxElapsed=1700262307 interval=0 flags=0x9 at=7999ms uid=10202 count=3
07-31 18:19:57.166  1851  7208 I AlarmManagerServiceExt: setPolicyElapsedEx policyIndex:0, policyElapsed:1959462307, Alarm:9499da7, AlarmPkgName:com.tencent.mm, result:true, pid:16936
07-31 18:19:57.175  1851  4393 I AlarmManager: set(PendingIntent{26242f2: PendingIntentRecord{d686d43 com.tencent.mm broadcastIntent}}) : type=2 triggerAtTime=1700464315 win=0 tElapsed=1700464315 maxElapsed=1700464315 interval=0 flags=0x9 at=209997ms uid=10202 count=4
07-31 18:19:57.175   907  2461 I SurfaceFlinger: hasCaptureBlackoutContentPermission: pid 26740, uid 2000, checkPermissionResult is false
07-31 18:19:57.175   907  2461 I SurfaceFlinger: captureDisplay: end, status 0
07-31 18:19:57.175  1851  4393 I AlarmManagerServiceExt: setPolicyElapsedEx policyIndex:0, policyElapsed:1959664315, Alarm:26242f2, AlarmPkgName:com.tencent.mm, result:true, pid:16936
07-31 18:19:57.176 16936 26736 I mars::stn: [longlink_connect_monitor.cc:530, OnHeartbeatAlarmSet]:longlink_progress on_heartbeat_set, time: 1700254319, time interval:210000
07-31 18:19:57.178  1851  7208 I AlarmManager: remove Alarm{fd134f9 type 2 origWhen 1700464315 whenElapsed 1959664315 PendingIntent{26242f2: PendingIntentRecord{d686d43 com.tencent.mm broadcastIntent}} com.tencent.mm procName com.tencent.mm:push PGChanged  adjust 0} according to PendingIntent: b931fc0 by reason: 1
07-31 18:19:57.180  1851  4393 I AlarmManager: set(PendingIntent{bcd9c3e: PendingIntentRecord{21a9a9f com.tencent.mm broadcastIntent}}) : type=2 triggerAtTime=1700464322 win=0 tElapsed=1700464322 maxElapsed=1700464322 interval=0 flags=0x9 at=209999ms uid=10202 count=4
07-31 18:19:57.180  1851  4393 I AlarmManagerServiceExt: setPolicyElapsedEx policyIndex:0, policyElapsed:1959664322, Alarm:bcd9c3e, AlarmPkgName:com.tencent.mm, result:true, pid:16936
07-31 18:19:57.181   595   595 I hwservicemanager: getTransport: Cannot find entry android.hardware.graphics.mapper@4.0::IMapper/default in either framework or device VINTF manifest.
07-31 18:19:57.181 26740 26742 I Gralloc4: mapper 4.x is not supported
07-31 18:19:57.181 16936 26736 I mars::stn: [longlink_connect_monitor.cc:530, OnHeartbeatAlarmSet]:longlink_progress on_heartbeat_set, time: 1700254324, time interval:210000
07-31 18:19:57.181   595   595 I hwservicemanager: getTransport: Cannot find entry android.hardware.graphics.mapper@3.0::IMapper/default in either framework or device VINTF manifest.
07-31 18:19:57.181 26740 26742 W Gralloc3: mapper 3.x is not supported
07-31 18:19:57.198  1851  4076 I WifiNl80211Manager: Noise: -93, Snr: 33, Chload: 163, rssi: -61, txBitrate: 229, rxBitrate: 172, frequency: 5745, UlDelay: 0, currentTxBytes: -1623802917, currentTxPackets: 6459126, currentTxFailed: 12, currentRxBytes: 225346850, currentRxPackets: 1626453
07-31 18:19:57.208  1851  4393 I AlarmManager: remove Alarm{86727b5 type 2 origWhen 1700262307 whenElapsed 1959462307 PendingIntent{9499da7: PendingIntentRecord{88b3254 com.tencent.mm broadcastIntent}} com.tencent.mm procName com.tencent.mm:push PGChanged  adjust 0} according to PendingIntent: 66a77ec by reason: 1
07-31 18:19:57.212  1851  4393 W ProcBatteryStats: timer is not running , not stop, name: com.tencent.mm, uid: 10202, tag: PlatformComm
07-31 18:19:57.330  4588  5225 I PG_ash  : com.huawei.android.totemweather timeout trigger time sources: BinderCall, triggerTime: 288229068
07-31 18:19:57.331  4588  5225 I PG_ash  : com.huawei.android.totemweather update time, cur: 288234072, trigger: 288229068
07-31 18:19:57.332  4588  5225 I PG_ash  : has widget app: com.huawei.android.totemweather
07-31 18:19:57.332  4588  5225 I PG_ash  : long time no update, active widget app com.huawei.android.totemweather can enter Hibernation state!
07-31 18:19:57.329  4588  4588 W com.huawei.iaware: type=1400 audit(0.0:123376): avc: granted { getattr } for comm=616374696F6E732068616E646C6572 path="/data/system/users/0/appwidgets.xml" dev="sdd88" ino=172212 scontext=u:r:system_app:s0 tcontext=u:object_r:system_data_file:s0 tclass=file
07-31 18:19:57.333  4588  5225 I AppManager: check dependency pid: 1390 is depended by pid: 1776
07-31 18:19:57.352  1851  4072 I NetworkStats: performPollLocked, pid = 1851
07-31 18:19:57.373  1851  4072 I NetworkStatsCollection: getSummary, uid = 1000stats size = 2
07-31 18:19:57.373  1851  4072 I NetworkStatsCollection: getSummary, uid = 1000stats size = 2
07-31 18:19:57.373  1851  4072 I NetworkStatsCollection: getSummary, uid = 1000stats size = 215
07-31 18:19:57.373  1851  4072 I NetworkStatsCollection: getSummary, uid = 1000stats size = 2
07-31 18:19:57.373  1851  4072 I NetworkStatsCollection: getSummary, uid = 1000stats size = 2
07-31 18:19:57.374  1851  4072 I NetworkStatsCollection: getSummary, uid = 1000stats size = 215
07-31 18:19:57.377  1851  4072 I NetworkStats: callingPid is system 1851
07-31 18:19:57.379   808  8909 I netd    : bandwidthSetGlobalAlert(2097152) <0.58ms>
07-31 18:19:57.443  1350  1365 W AwareLog: iawared: ChangePropertyContent open /proc/19987/task/26625/static_vip fail errno(2)!
07-31 18:19:57.466  1710 26636 I LooperFactory: releaseLooper:MBcDeliver, other:[]
07-31 18:19:57.474  1851  7208 E UserInfoExt: setUserInfo: userInfo is null!
07-31 18:19:57.474  1851  7208 E UserInfoExt: isClonedProfile: mUserInfo is null!
07-31 18:19:57.474  1851  7208 E UserInfoExt: setUserInfo: userInfo is null!
07-31 18:19:57.481  2935  2935 I MediaReceiver: onReceive android.intent.action.MEDIA_SCANNER_SCAN_FILE
07-31 18:19:57.490  4741  4924 I HwPacketFilterBypass: isBypassAllowed not allowed reason: DATA_OFF SCREEN_LOCKED
07-31 18:19:57.490  1851  4393 I ActivityManager: power push bindservice callingPkg:android, pkg:com.android.providers.media.module, callerApp pid:1851, pid:2935
07-31 18:19:57.490  4741  4924 I HwPacketFilterBypass: kernelAddTrackUid uid:1110227 allowed:false
07-31 18:19:57.491 14736 17789 I CAWARENESS_32379_AbilityContext: [1753957212487] deliver {dataId=1001000011, mode=0} to 1 receivers
07-31 18:19:57.492  2935  2935 I MediaService: onCreate {MediaVolume name: [external_primary] id: [emulated;11] user: [UserHandle{11}] path: [/storage/emulated/11]}
07-31 18:19:57.493  2935  2935 I MediaService: onBind
07-31 18:19:57.494  1851  7207 I BroadcastQueue: Finished with ordered [background] broadcast BroadcastRecord{e8df8f0 u11 android.intent.action.MEDIA_SCANNER_SCAN_FILE} cost time 19,receiversNum 1,max receiver ResolveInfo{2726825 com.android.providers.media.module/com.android.providers.media.MediaReceiver m=0x208000} cost time 19
07-31 18:19:57.501  4741  6312 I Booster_Qoe: Ada,index:8,NisPsSlow:0,NProba:309,rsrp(rssi):-40,rsrq(noise):-60,rtt(chload):200,BFH(uldelay):0,BFC(rtt):0 Real:0,0,0,0,0, bler:0
07-31 18:19:57.501  4741  6312 I Booster_Qoe: Ada,index:2,NisPsSlow:0,NProba:337,rsrp(rssi):-40,rsrq(noise):-60,rtt(chload):200,BFH(uldelay):0,BFC(rtt):141 Real:0,0,141,0,0, bler:0
07-31 18:19:57.501  4741  6312 I fast_decay: HandleBeaconRssiInfo, the number of zero in beacon rssi is : 0
07-31 18:19:57.501  4741  6312 I fast_decay: HandleBeaconRssiInfo, the value in beacon rssi is valid
07-31 18:19:57.501  4741  6312 I fast_decay: DetectFastDecay, normalUsedValidCnt is : 30, allValidCnt is : 50
07-31 18:19:57.501  4741  6312 I fast_decay: DetectFastDecay, normalUsedValidCnt is : 30, allValidCnt is : 50
07-31 18:19:57.501  4741  6312 I fast_decay: DetectFastDecay, normalUsedValidCnt is : 30, allValidCnt is : 50
07-31 18:19:57.501  4741  6312 I fast_decay: DetectFastDecay, normalUsedValidCnt is : 30, allValidCnt is : 50
07-31 18:19:57.501  4741  6312 I fast_decay: DetectFastDecay, normalUsedValidCnt is : 30, allValidCnt is : 50
07-31 18:19:57.501  4741  6312 I fast_decay: DetectFastDecay, normalUsedValidCnt is : 30, allValidCnt is : 50
07-31 18:19:57.501  4741  6312 I fast_decay: DetectFastDecay, normalUsedValidCnt is : 30, allValidCnt is : 50
07-31 18:19:57.502  4741  6312 I fast_decay: DetectFastDecay, normalUsedValidCnt is : 30, allValidCnt is : 50
07-31 18:19:57.502  4741  6312 I fast_decay: DetectFastDecay, normalUsedValidCnt is : 30, allValidCnt is : 50
07-31 18:19:57.502  4741  6312 I fast_decay: DetectFastDecay, normalUsedValidCnt is : 30, allValidCnt is : 50
07-31 18:19:57.503  4741  6312 I asymmetric_link: getPer, getPer: 0.125923, filterTxRate: 2294.000000, filterRxRate: 1721.000000
07-31 18:19:57.504  4741  4924 E Booster_BroadcastProxy: [isDebugModemEnabled]get package info fail.
07-31 18:19:57.504  4588 21011 I KStateManager: send binder call message, called pid:2935, calling pid:[1851]
07-31 18:19:57.504  4741  4924 I WifiObserver: txThroughput = 0, rxThroughput = 0
07-31 18:19:57.505  4588  5225 I PG_ash  : 1851 binder call 2935
07-31 18:19:57.505  1851  4164 I WiFi_PRO_WifiProStateMachine: APP_SERVICE_QOE_NOTIFY Qoe info 1110227,4,0,309,1,2,4,0,337,0,0,10,10,0,0,0,0 CID 2 mMasterWifiRssi 0 mMasterCardAmbr 1048576 mSlaveCardAmbr 1048576
07-31 18:19:57.506  1851  4164 I HwWifiProServiceProxy: ctrlHwWifiNetwork pkgName: WIFIPRO_SERVICE interfaceId: 9
07-31 18:19:57.506  1851  4164 I WiFi_PRO_WifiProStateMachine: isWifi2WifiProcess = false, mIsNeedIgnoreQoeUpdate = false, mIsAppInBlacklist = false, mIsAppInBlacklistFullScreen = false, mIsWiFiNoInternet false, screen on = true, full screen = false, isLandscapeMode = false, mNotifyWifiLinkPoorReason = -1
07-31 18:19:57.507  2935  3699 I MediaService: Begin Intent { act=android.intent.action.MEDIA_SCANNER_SCAN_FILE dat=file:///sdcard/screen_2025-07-31_181956.png flg=0x1400010 cmp=com.android.providers.media.module/com.android.providers.media.MediaService }file:///sdcard/screen_2025-07-31_181956.png
07-31 18:19:57.507  1851  4164 I WiFi_PRO_WifiProStateMachine: mChannelQoeBadCnt = 0, mAppQoeBadCnt = 0, mNetworkSlowReason = 0, mNetworkSlowChannelBadCnt = 0
07-31 18:19:57.507  1851  4164 E WiFi_PROHumanFactorRecommend: isEconomicTrafficUser, invalid slotId=-1
07-31 18:19:57.508  1851  4164 I WiFi_PRO_WifiProStateMachine: Wifi qoe is good, don't switch wifi to cell
07-31 18:19:57.513  2935  3699 I MediaProvider: handleScanSingleFile but scan path is not single file!
07-31 18:19:57.522  2935  3699 I ModernMediaScanner: max id 38
07-31 18:19:57.523  2935  3699 W ModernMediaScanner: Failed to visit one file, meet exception
07-31 18:19:57.523  2935  3699 I ModernMediaScanner: sqlSelection ifnull(format,12288) != 47621 AND (_data LIKE ? ESCAPE '\' OR _data LIKE ? ESCAPE '\') AND generation_added <= 75
07-31 18:19:57.523  2935  3699 W Bundle  : Key android:query-arg-match-trashed expected String but value was a java.lang.Integer.  The default value <null> was returned.
07-31 18:19:57.523  2935  3699 W Bundle  : Attempt to cast generated internal exception:
07-31 18:19:57.523  2935  3699 W Bundle  : java.lang.ClassCastException: java.lang.Integer cannot be cast to java.lang.String
07-31 18:19:57.523  2935  3699 W Bundle  : 	at android.os.BaseBundle.getString(BaseBundle.java:1298)
07-31 18:19:57.523  2935  3699 W Bundle  : 	at com.android.providers.media.scan.ModernMediaScanner$Scan.reconcileAndClean(ModernMediaScanner.java:674)
07-31 18:19:57.523  2935  3699 W Bundle  : 	at com.android.providers.media.scan.ModernMediaScanner$Scan.runInternal(ModernMediaScanner.java:527)
07-31 18:19:57.523  2935  3699 W Bundle  : 	at com.android.providers.media.scan.ModernMediaScanner$Scan.run(ModernMediaScanner.java:503)
07-31 18:19:57.523  2935  3699 W Bundle  : 	at com.android.providers.media.scan.ModernMediaScanner.scanFile(ModernMediaScanner.java:337)
07-31 18:19:57.523  2935  3699 W Bundle  : 	at com.huawei.media.scan.MediaScannerEx.scanFile(MediaScannerEx.java:252)
07-31 18:19:57.523  2935  3699 W Bundle  : 	at com.huawei.media.scan.MediaScannerEx.handleScanSingleFile(MediaScannerEx.java:236)
07-31 18:19:57.523  2935  3699 W Bundle  : 	at com.huawei.media.scan.MediaScannerEx.handledAction(MediaScannerEx.java:157)
07-31 18:19:57.523  2935  3699 W Bundle  : 	at com.huawei.media.scan.MediaScannerEx.onHandleWorkEx(MediaScannerEx.java:115)
07-31 18:19:57.523  2935  3699 W Bundle  : 	at com.android.providers.media.MediaProvider.onHandleWorkEx(MediaProvider.java:1778)
07-31 18:19:57.523  2935  3699 W Bundle  : 	at com.android.providers.media.MediaService.onHandleWorkEx(MediaService.java:406)
07-31 18:19:57.523  2935  3699 W Bundle  : 	at com.android.providers.media.MediaService.onHandleWork(MediaService.java:152)
07-31 18:19:57.523  2935  3699 W Bundle  : 	at androidx.core.app.JobIntentService$CommandProcessor.doInBackground(JobIntentService.java:396)
07-31 18:19:57.523  2935  3699 W Bundle  : 	at androidx.core.app.JobIntentService$CommandProcessor.doInBackground(JobIntentService.java:387)
07-31 18:19:57.523  2935  3699 W Bundle  : 	at android.os.AsyncTask$3.call(AsyncTask.java:394)
07-31 18:19:57.523  2935  3699 W Bundle  : 	at java.util.concurrent.FutureTask.run(FutureTask.java:266)
07-31 18:19:57.523  2935  3699 W Bundle  : 	at java.util.concurrent.ThreadPoolExecutor.runWorker(ThreadPoolExecutor.java:1167)
07-31 18:19:57.523  2935  3699 W Bundle  : 	at java.util.concurrent.ThreadPoolExecutor$Worker.run(ThreadPoolExecutor.java:641)
07-31 18:19:57.523  2935  3699 W Bundle  : 	at java.lang.Thread.run(Thread.java:933)
07-31 18:19:57.523  2935  3699 I ModernMediaScanner: queryArgs key:= android:query-arg-match-trashed cotent:= null
07-31 18:19:57.524  2935  3699 W Bundle  : Key android:query-arg-match-pending expected String but value was a java.lang.Integer.  The default value <null> was returned.
07-31 18:19:57.524  2935  3699 W Bundle  : Attempt to cast generated internal exception:
07-31 18:19:57.524  2935  3699 W Bundle  : java.lang.ClassCastException: java.lang.Integer cannot be cast to java.lang.String
07-31 18:19:57.524  2935  3699 W Bundle  : 	at android.os.BaseBundle.getString(BaseBundle.java:1298)
07-31 18:19:57.524  2935  3699 W Bundle  : 	at com.android.providers.media.scan.ModernMediaScanner$Scan.reconcileAndClean(ModernMediaScanner.java:674)
07-31 18:19:57.524  2935  3699 W Bundle  : 	at com.android.providers.media.scan.ModernMediaScanner$Scan.runInternal(ModernMediaScanner.java:527)
07-31 18:19:57.524  2935  3699 W Bundle  : 	at com.android.providers.media.scan.ModernMediaScanner$Scan.run(ModernMediaScanner.java:503)
07-31 18:19:57.524  2935  3699 W Bundle  : 	at com.android.providers.media.scan.ModernMediaScanner.scanFile(ModernMediaScanner.java:337)
07-31 18:19:57.524  2935  3699 W Bundle  : 	at com.huawei.media.scan.MediaScannerEx.scanFile(MediaScannerEx.java:252)
07-31 18:19:57.524  2935  3699 W Bundle  : 	at com.huawei.media.scan.MediaScannerEx.handleScanSingleFile(MediaScannerEx.java:236)
07-31 18:19:57.524  2935  3699 W Bundle  : 	at com.huawei.media.scan.MediaScannerEx.handledAction(MediaScannerEx.java:157)
07-31 18:19:57.524  2935  3699 W Bundle  : 	at com.huawei.media.scan.MediaScannerEx.onHandleWorkEx(MediaScannerEx.java:115)
07-31 18:19:57.524  2935  3699 W Bundle  : 	at com.android.providers.media.MediaProvider.onHandleWorkEx(MediaProvider.java:1778)
07-31 18:19:57.524  2935  3699 W Bundle  : 	at com.android.providers.media.MediaService.onHandleWorkEx(MediaService.java:406)
07-31 18:19:57.524  2935  3699 W Bundle  : 	at com.android.providers.media.MediaService.onHandleWork(MediaService.java:152)
07-31 18:19:57.524  2935  3699 W Bundle  : 	at androidx.core.app.JobIntentService$CommandProcessor.doInBackground(JobIntentService.java:396)
07-31 18:19:57.524  2935  3699 W Bundle  : 	at androidx.core.app.JobIntentService$CommandProcessor.doInBackground(JobIntentService.java:387)
07-31 18:19:57.524  2935  3699 W Bundle  : 	at android.os.AsyncTask$3.call(AsyncTask.java:394)
07-31 18:19:57.524  2935  3699 W Bundle  : 	at java.util.concurrent.FutureTask.run(FutureTask.java:266)
07-31 18:19:57.524  2935  3699 W Bundle  : 	at java.util.concurrent.ThreadPoolExecutor.runWorker(ThreadPoolExecutor.java:1167)
07-31 18:19:57.524  2935  3699 W Bundle  : 	at java.util.concurrent.ThreadPoolExecutor$Worker.run(ThreadPoolExecutor.java:641)
07-31 18:19:57.524  2935  3699 W Bundle  : 	at java.lang.Thread.run(Thread.java:933)
07-31 18:19:57.524  2935  3699 I ModernMediaScanner: queryArgs key:= android:query-arg-match-pending cotent:= null
07-31 18:19:57.524  2935  3699 I ModernMediaScanner: queryArgs key:= android:query-arg-sql-selection cotent:= ifnull(format,12288) != 47621 AND (_data LIKE ? ESCAPE '\' OR _data LIKE ? ESCAPE '\') AND generation_added <= 75
07-31 18:19:57.524  2935  3699 W Bundle  : Key android:query-arg-sql-selection-args expected String but value was a [Ljava.lang.String;.  The default value <null> was returned.
07-31 18:19:57.524  2935  3699 W Bundle  : Attempt to cast generated internal exception:
07-31 18:19:57.524  2935  3699 W Bundle  : java.lang.ClassCastException: java.lang.String[] cannot be cast to java.lang.String
07-31 18:19:57.524  2935  3699 W Bundle  : 	at android.os.BaseBundle.getString(BaseBundle.java:1298)
07-31 18:19:57.524  2935  3699 W Bundle  : 	at com.android.providers.media.scan.ModernMediaScanner$Scan.reconcileAndClean(ModernMediaScanner.java:674)
07-31 18:19:57.524  2935  3699 W Bundle  : 	at com.android.providers.media.scan.ModernMediaScanner$Scan.runInternal(ModernMediaScanner.java:527)
07-31 18:19:57.524  2935  3699 W Bundle  : 	at com.android.providers.media.scan.ModernMediaScanner$Scan.run(ModernMediaScanner.java:503)
07-31 18:19:57.524  2935  3699 W Bundle  : 	at com.android.providers.media.scan.ModernMediaScanner.scanFile(ModernMediaScanner.java:337)
07-31 18:19:57.524  2935  3699 W Bundle  : 	at com.huawei.media.scan.MediaScannerEx.scanFile(MediaScannerEx.java:252)
07-31 18:19:57.524  2935  3699 W Bundle  : 	at com.huawei.media.scan.MediaScannerEx.handleScanSingleFile(MediaScannerEx.java:236)
07-31 18:19:57.524  2935  3699 W Bundle  : 	at com.huawei.media.scan.MediaScannerEx.handledAction(MediaScannerEx.java:157)
07-31 18:19:57.524  2935  3699 W Bundle  : 	at com.huawei.media.scan.MediaScannerEx.onHandleWorkEx(MediaScannerEx.java:115)
07-31 18:19:57.524  2935  3699 W Bundle  : 	at com.android.providers.media.MediaProvider.onHandleWorkEx(MediaProvider.java:1778)
07-31 18:19:57.524  2935  3699 W Bundle  : 	at com.android.providers.media.MediaService.onHandleWorkEx(MediaService.java:406)
07-31 18:19:57.524  2935  3699 W Bundle  : 	at com.android.providers.media.MediaService.onHandleWork(MediaService.java:152)
07-31 18:19:57.524  2935  3699 W Bundle  : 	at androidx.core.app.JobIntentService$CommandProcessor.doInBackground(JobIntentService.java:396)
07-31 18:19:57.524  2935  3699 W Bundle  : 	at androidx.core.app.JobIntentService$CommandProcessor.doInBackground(JobIntentService.java:387)
07-31 18:19:57.524  2935  3699 W Bundle  : 	at android.os.AsyncTask$3.call(AsyncTask.java:394)
07-31 18:19:57.524  2935  3699 W Bundle  : 	at java.util.concurrent.FutureTask.run(FutureTask.java:266)
07-31 18:19:57.524  2935  3699 W Bundle  : 	at java.util.concurrent.ThreadPoolExecutor.runWorker(ThreadPoolExecutor.java:1167)
07-31 18:19:57.524  2935  3699 W Bundle  : 	at java.util.concurrent.ThreadPoolExecutor$Worker.run(ThreadPoolExecutor.java:641)
07-31 18:19:57.524  2935  3699 W Bundle  : 	at java.lang.Thread.run(Thread.java:933)
07-31 18:19:57.524  2935  3699 I ModernMediaScanner: queryArgs key:= android:query-arg-sql-selection-args cotent:= null
07-31 18:19:57.524  2935  3699 I ModernMediaScanner: queryArgs key:= android:query-arg-sql-sort-order cotent:= _id DESC
07-31 18:19:57.524  2935  3699 W Bundle  : Key android:query-arg-match-favorite expected String but value was a java.lang.Integer.  The default value <null> was returned.
07-31 18:19:57.524  2935  3699 W Bundle  : Attempt to cast generated internal exception:
07-31 18:19:57.524  2935  3699 W Bundle  : java.lang.ClassCastException: java.lang.Integer cannot be cast to java.lang.String
07-31 18:19:57.524  2935  3699 W Bundle  : 	at android.os.BaseBundle.getString(BaseBundle.java:1298)
07-31 18:19:57.524  2935  3699 W Bundle  : 	at com.android.providers.media.scan.ModernMediaScanner$Scan.reconcileAndClean(ModernMediaScanner.java:674)
07-31 18:19:57.524  2935  3699 W Bundle  : 	at com.android.providers.media.scan.ModernMediaScanner$Scan.runInternal(ModernMediaScanner.java:527)
07-31 18:19:57.524  2935  3699 W Bundle  : 	at com.android.providers.media.scan.ModernMediaScanner$Scan.run(ModernMediaScanner.java:503)
07-31 18:19:57.524  2935  3699 W Bundle  : 	at com.android.providers.media.scan.ModernMediaScanner.scanFile(ModernMediaScanner.java:337)
07-31 18:19:57.524  2935  3699 W Bundle  : 	at com.huawei.media.scan.MediaScannerEx.scanFile(MediaScannerEx.java:252)
07-31 18:19:57.524  2935  3699 W Bundle  : 	at com.huawei.media.scan.MediaScannerEx.handleScanSingleFile(MediaScannerEx.java:236)
07-31 18:19:57.524  2935  3699 W Bundle  : 	at com.huawei.media.scan.MediaScannerEx.handledAction(MediaScannerEx.java:157)
07-31 18:19:57.524  2935  3699 W Bundle  : 	at com.huawei.media.scan.MediaScannerEx.onHandleWorkEx(MediaScannerEx.java:115)
07-31 18:19:57.524  2935  3699 W Bundle  : 	at com.android.providers.media.MediaProvider.onHandleWorkEx(MediaProvider.java:1778)
07-31 18:19:57.524  2935  3699 W Bundle  : 	at com.android.providers.media.MediaService.onHandleWorkEx(MediaService.java:406)
07-31 18:19:57.524  2935  3699 W Bundle  : 	at com.android.providers.media.MediaService.onHandleWork(MediaService.java:152)
07-31 18:19:57.524  2935  3699 W Bundle  : 	at androidx.core.app.JobIntentService$CommandProcessor.doInBackground(JobIntentService.java:396)
07-31 18:19:57.524  2935  3699 W Bundle  : 	at androidx.core.app.JobIntentService$CommandProcessor.doInBackground(JobIntentService.java:387)
07-31 18:19:57.524  2935  3699 W Bundle  : 	at android.os.AsyncTask$3.call(AsyncTask.java:394)
07-31 18:19:57.524  2935  3699 W Bundle  : 	at java.util.concurrent.FutureTask.run(FutureTask.java:266)
07-31 18:19:57.524  2935  3699 W Bundle  : 	at java.util.concurrent.ThreadPoolExecutor.runWorker(ThreadPoolExecutor.java:1167)
07-31 18:19:57.524  2935  3699 W Bundle  : 	at java.util.concurrent.ThreadPoolExecutor$Worker.run(ThreadPoolExecutor.java:641)
07-31 18:19:57.524  2935  3699 W Bundle  : 	at java.lang.Thread.run(Thread.java:933)
07-31 18:19:57.524  2935  3699 I ModernMediaScanner: queryArgs key:= android:query-arg-match-favorite cotent:= null
07-31 18:19:57.525  2935  3699 I ModernMediaScanner: reconcileAndClean mUnknownIds size 0
07-31 18:19:57.525  2935  3699 I ModernMediaScanner: runInternal: 3, filename: **/emulated/11/screen_2025-07-31_181956.png**
07-31 18:19:57.525  2935  3699 I MediaProvider: Scanned external_primary due to REASON_DEMAND, found 0 items in 3ms, 0 inserts 0 updates 0 deletes
07-31 18:19:57.526  2935  3699 I MediaProvider: try scan file with encoded path
07-31 18:19:57.526  2935  3699 I MediaProvider: handleScanSingleFile but scan path is not single file!
07-31 18:19:57.528  2935  3699 I ModernMediaScanner: max id 38
07-31 18:19:57.529  2935  3699 W ModernMediaScanner: Failed to visit one file, meet exception
07-31 18:19:57.529  2935  3699 I ModernMediaScanner: sqlSelection ifnull(format,12288) != 47621 AND (_data LIKE ? ESCAPE '\' OR _data LIKE ? ESCAPE '\') AND generation_added <= 75
07-31 18:19:57.529  2935  3699 W Bundle  : Key android:query-arg-match-trashed expected String but value was a java.lang.Integer.  The default value <null> was returned.
07-31 18:19:57.529  2935  3699 W Bundle  : Attempt to cast generated internal exception:
07-31 18:19:57.529  2935  3699 W Bundle  : java.lang.ClassCastException: java.lang.Integer cannot be cast to java.lang.String
07-31 18:19:57.529  2935  3699 W Bundle  : 	at android.os.BaseBundle.getString(BaseBundle.java:1298)
07-31 18:19:57.529  2935  3699 W Bundle  : 	at com.android.providers.media.scan.ModernMediaScanner$Scan.reconcileAndClean(ModernMediaScanner.java:674)
07-31 18:19:57.529  2935  3699 W Bundle  : 	at com.android.providers.media.scan.ModernMediaScanner$Scan.runInternal(ModernMediaScanner.java:527)
07-31 18:19:57.529  2935  3699 W Bundle  : 	at com.android.providers.media.scan.ModernMediaScanner$Scan.run(ModernMediaScanner.java:503)
07-31 18:19:57.529  2935  3699 W Bundle  : 	at com.android.providers.media.scan.ModernMediaScanner.scanFile(ModernMediaScanner.java:337)
07-31 18:19:57.529  2935  3699 W Bundle  : 	at com.huawei.media.scan.MediaScannerEx.scanFile(MediaScannerEx.java:252)
07-31 18:19:57.529  2935  3699 W Bundle  : 	at com.huawei.media.scan.MediaScannerEx.handleScanSingleFile(MediaScannerEx.java:240)
07-31 18:19:57.529  2935  3699 W Bundle  : 	at com.huawei.media.scan.MediaScannerEx.handledAction(MediaScannerEx.java:157)
07-31 18:19:57.529  2935  3699 W Bundle  : 	at com.huawei.media.scan.MediaScannerEx.onHandleWorkEx(MediaScannerEx.java:115)
07-31 18:19:57.529  2935  3699 W Bundle  : 	at com.android.providers.media.MediaProvider.onHandleWorkEx(MediaProvider.java:1778)
07-31 18:19:57.529  2935  3699 W Bundle  : 	at com.android.providers.media.MediaService.onHandleWorkEx(MediaService.java:406)
07-31 18:19:57.529  2935  3699 W Bundle  : 	at com.android.providers.media.MediaService.onHandleWork(MediaService.java:152)
07-31 18:19:57.529  2935  3699 W Bundle  : 	at androidx.core.app.JobIntentService$CommandProcessor.doInBackground(JobIntentService.java:396)
07-31 18:19:57.529  2935  3699 W Bundle  : 	at androidx.core.app.JobIntentService$CommandProcessor.doInBackground(JobIntentService.java:387)
07-31 18:19:57.529  2935  3699 W Bundle  : 	at android.os.AsyncTask$3.call(AsyncTask.java:394)
07-31 18:19:57.529  2935  3699 W Bundle  : 	at java.util.concurrent.FutureTask.run(FutureTask.java:266)
07-31 18:19:57.529  2935  3699 W Bundle  : 	at java.util.concurrent.ThreadPoolExecutor.runWorker(ThreadPoolExecutor.java:1167)
07-31 18:19:57.529  2935  3699 W Bundle  : 	at java.util.concurrent.ThreadPoolExecutor$Worker.run(ThreadPoolExecutor.java:641)
07-31 18:19:57.529  2935  3699 W Bundle  : 	at java.lang.Thread.run(Thread.java:933)
07-31 18:19:57.529  2935  3699 I ModernMediaScanner: queryArgs key:= android:query-arg-match-trashed cotent:= null
07-31 18:19:57.529  2935  3699 W Bundle  : Key android:query-arg-match-pending expected String but value was a java.lang.Integer.  The default value <null> was returned.
07-31 18:19:57.529  2935  3699 W Bundle  : Attempt to cast generated internal exception:
07-31 18:19:57.529  2935  3699 W Bundle  : java.lang.ClassCastException: java.lang.Integer cannot be cast to java.lang.String
07-31 18:19:57.529  2935  3699 W Bundle  : 	at android.os.BaseBundle.getString(BaseBundle.java:1298)
07-31 18:19:57.529  2935  3699 W Bundle  : 	at com.android.providers.media.scan.ModernMediaScanner$Scan.reconcileAndClean(ModernMediaScanner.java:674)
07-31 18:19:57.529  2935  3699 W Bundle  : 	at com.android.providers.media.scan.ModernMediaScanner$Scan.runInternal(ModernMediaScanner.java:527)
07-31 18:19:57.529  2935  3699 W Bundle  : 	at com.android.providers.media.scan.ModernMediaScanner$Scan.run(ModernMediaScanner.java:503)
07-31 18:19:57.529  2935  3699 W Bundle  : 	at com.android.providers.media.scan.ModernMediaScanner.scanFile(ModernMediaScanner.java:337)
07-31 18:19:57.529  2935  3699 W Bundle  : 	at com.huawei.media.scan.MediaScannerEx.scanFile(MediaScannerEx.java:252)
07-31 18:19:57.529  2935  3699 W Bundle  : 	at com.huawei.media.scan.MediaScannerEx.handleScanSingleFile(MediaScannerEx.java:240)
07-31 18:19:57.529  2935  3699 W Bundle  : 	at com.huawei.media.scan.MediaScannerEx.handledAction(MediaScannerEx.java:157)
07-31 18:19:57.529  2935  3699 W Bundle  : 	at com.huawei.media.scan.MediaScannerEx.onHandleWorkEx(MediaScannerEx.java:115)
07-31 18:19:57.529  2935  3699 W Bundle  : 	at com.android.providers.media.MediaProvider.onHandleWorkEx(MediaProvider.java:1778)
07-31 18:19:57.529  2935  3699 W Bundle  : 	at com.android.providers.media.MediaService.onHandleWorkEx(MediaService.java:406)
07-31 18:19:57.529  2935  3699 W Bundle  : 	at com.android.providers.media.MediaService.onHandleWork(MediaService.java:152)
07-31 18:19:57.529  2935  3699 W Bundle  : 	at androidx.core.app.JobIntentService$CommandProcessor.doInBackground(JobIntentService.java:396)
07-31 18:19:57.529  2935  3699 W Bundle  : 	at androidx.core.app.JobIntentService$CommandProcessor.doInBackground(JobIntentService.java:387)
07-31 18:19:57.529  2935  3699 W Bundle  : 	at android.os.AsyncTask$3.call(AsyncTask.java:394)
07-31 18:19:57.529  2935  3699 W Bundle  : 	at java.util.concurrent.FutureTask.run(FutureTask.java:266)
07-31 18:19:57.529  2935  3699 W Bundle  : 	at java.util.concurrent.ThreadPoolExecutor.runWorker(ThreadPoolExecutor.java:1167)
07-31 18:19:57.529  2935  3699 W Bundle  : 	at java.util.concurrent.ThreadPoolExecutor$Worker.run(ThreadPoolExecutor.java:641)
07-31 18:19:57.529  2935  3699 W Bundle  : 	at java.lang.Thread.run(Thread.java:933)
07-31 18:19:57.529  2935  3699 I ModernMediaScanner: queryArgs key:= android:query-arg-match-pending cotent:= null
07-31 18:19:57.529  2935  3699 I ModernMediaScanner: queryArgs key:= android:query-arg-sql-selection cotent:= ifnull(format,12288) != 47621 AND (_data LIKE ? ESCAPE '\' OR _data LIKE ? ESCAPE '\') AND generation_added <= 75
07-31 18:19:57.529  2935  3699 W Bundle  : Key android:query-arg-sql-selection-args expected String but value was a [Ljava.lang.String;.  The default value <null> was returned.
07-31 18:19:57.530  2935  3699 W Bundle  : Attempt to cast generated internal exception:
07-31 18:19:57.530  2935  3699 W Bundle  : java.lang.ClassCastException: java.lang.String[] cannot be cast to java.lang.String
07-31 18:19:57.530  2935  3699 W Bundle  : 	at android.os.BaseBundle.getString(BaseBundle.java:1298)
07-31 18:19:57.530  2935  3699 W Bundle  : 	at com.android.providers.media.scan.ModernMediaScanner$Scan.reconcileAndClean(ModernMediaScanner.java:674)
07-31 18:19:57.530  2935  3699 W Bundle  : 	at com.android.providers.media.scan.ModernMediaScanner$Scan.runInternal(ModernMediaScanner.java:527)
07-31 18:19:57.530  2935  3699 W Bundle  : 	at com.android.providers.media.scan.ModernMediaScanner$Scan.run(ModernMediaScanner.java:503)
07-31 18:19:57.530  2935  3699 W Bundle  : 	at com.android.providers.media.scan.ModernMediaScanner.scanFile(ModernMediaScanner.java:337)
07-31 18:19:57.530  2935  3699 W Bundle  : 	at com.huawei.media.scan.MediaScannerEx.scanFile(MediaScannerEx.java:252)
07-31 18:19:57.530  2935  3699 W Bundle  : 	at com.huawei.media.scan.MediaScannerEx.handleScanSingleFile(MediaScannerEx.java:240)
07-31 18:19:57.530  2935  3699 W Bundle  : 	at com.huawei.media.scan.MediaScannerEx.handledAction(MediaScannerEx.java:157)
07-31 18:19:57.530  2935  3699 W Bundle  : 	at com.huawei.media.scan.MediaScannerEx.onHandleWorkEx(MediaScannerEx.java:115)
07-31 18:19:57.530  2935  3699 W Bundle  : 	at com.android.providers.media.MediaProvider.onHandleWorkEx(MediaProvider.java:1778)
07-31 18:19:57.530  2935  3699 W Bundle  : 	at com.android.providers.media.MediaService.onHandleWorkEx(MediaService.java:406)
07-31 18:19:57.530  2935  3699 W Bundle  : 	at com.android.providers.media.MediaService.onHandleWork(MediaService.java:152)
07-31 18:19:57.530  2935  3699 W Bundle  : 	at androidx.core.app.JobIntentService$CommandProcessor.doInBackground(JobIntentService.java:396)
07-31 18:19:57.530  2935  3699 W Bundle  : 	at androidx.core.app.JobIntentService$CommandProcessor.doInBackground(JobIntentService.java:387)
07-31 18:19:57.530  2935  3699 W Bundle  : 	at android.os.AsyncTask$3.call(AsyncTask.java:394)
07-31 18:19:57.530  2935  3699 W Bundle  : 	at java.util.concurrent.FutureTask.run(FutureTask.java:266)
07-31 18:19:57.530  2935  3699 W Bundle  : 	at java.util.concurrent.ThreadPoolExecutor.runWorker(ThreadPoolExecutor.java:1167)
07-31 18:19:57.530  2935  3699 W Bundle  : 	at java.util.concurrent.ThreadPoolExecutor$Worker.run(ThreadPoolExecutor.java:641)
07-31 18:19:57.530  2935  3699 W Bundle  : 	at java.lang.Thread.run(Thread.java:933)
07-31 18:19:57.530  2935  3699 I ModernMediaScanner: queryArgs key:= android:query-arg-sql-selection-args cotent:= null
07-31 18:19:57.530  2935  3699 I ModernMediaScanner: queryArgs key:= android:query-arg-sql-sort-order cotent:= _id DESC
07-31 18:19:57.530  2935  3699 W Bundle  : Key android:query-arg-match-favorite expected String but value was a java.lang.Integer.  The default value <null> was returned.
07-31 18:19:57.530  2935  3699 W Bundle  : Attempt to cast generated internal exception:
07-31 18:19:57.530  2935  3699 W Bundle  : java.lang.ClassCastException: java.lang.Integer cannot be cast to java.lang.String
07-31 18:19:57.530  2935  3699 W Bundle  : 	at android.os.BaseBundle.getString(BaseBundle.java:1298)
07-31 18:19:57.530  2935  3699 W Bundle  : 	at com.android.providers.media.scan.ModernMediaScanner$Scan.reconcileAndClean(ModernMediaScanner.java:674)
07-31 18:19:57.530  2935  3699 W Bundle  : 	at com.android.providers.media.scan.ModernMediaScanner$Scan.runInternal(ModernMediaScanner.java:527)
07-31 18:19:57.530  2935  3699 W Bundle  : 	at com.android.providers.media.scan.ModernMediaScanner$Scan.run(ModernMediaScanner.java:503)
07-31 18:19:57.530  2935  3699 W Bundle  : 	at com.android.providers.media.scan.ModernMediaScanner.scanFile(ModernMediaScanner.java:337)
07-31 18:19:57.530  2935  3699 W Bundle  : 	at com.huawei.media.scan.MediaScannerEx.scanFile(MediaScannerEx.java:252)
07-31 18:19:57.530  2935  3699 W Bundle  : 	at com.huawei.media.scan.MediaScannerEx.handleScanSingleFile(MediaScannerEx.java:240)
07-31 18:19:57.530  2935  3699 W Bundle  : 	at com.huawei.media.scan.MediaScannerEx.handledAction(MediaScannerEx.java:157)
07-31 18:19:57.530  2935  3699 W Bundle  : 	at com.huawei.media.scan.MediaScannerEx.onHandleWorkEx(MediaScannerEx.java:115)
07-31 18:19:57.530  2935  3699 W Bundle  : 	at com.android.providers.media.MediaProvider.onHandleWorkEx(MediaProvider.java:1778)
07-31 18:19:57.530  2935  3699 W Bundle  : 	at com.android.providers.media.MediaService.onHandleWorkEx(MediaService.java:406)
07-31 18:19:57.530  2935  3699 W Bundle  : 	at com.android.providers.media.MediaService.onHandleWork(MediaService.java:152)
07-31 18:19:57.530  2935  3699 W Bundle  : 	at androidx.core.app.JobIntentService$CommandProcessor.doInBackground(JobIntentService.java:396)
07-31 18:19:57.530  2935  3699 W Bundle  : 	at androidx.core.app.JobIntentService$CommandProcessor.doInBackground(JobIntentService.java:387)
07-31 18:19:57.530  2935  3699 W Bundle  : 	at android.os.AsyncTask$3.call(AsyncTask.java:394)
07-31 18:19:57.530  2935  3699 W Bundle  : 	at java.util.concurrent.FutureTask.run(FutureTask.java:266)
07-31 18:19:57.530  2935  3699 W Bundle  : 	at java.util.concurrent.ThreadPoolExecutor.runWorker(ThreadPoolExecutor.java:1167)
07-31 18:19:57.530  2935  3699 W Bundle  : 	at java.util.concurrent.ThreadPoolExecutor$Worker.run(ThreadPoolExecutor.java:641)
07-31 18:19:57.530  2935  3699 W Bundle  : 	at java.lang.Thread.run(Thread.java:933)
07-31 18:19:57.530  2935  3699 I ModernMediaScanner: queryArgs key:= android:query-arg-match-favorite cotent:= null
07-31 18:19:57.530  2935  3699 I ModernMediaScanner: reconcileAndClean mUnknownIds size 0
07-31 18:19:57.530  2935  3699 I ModernMediaScanner: runInternal: 2, filename: **/emulated/11/screen_2025-07-31_181956.png**
07-31 18:19:57.531  2935  3699 I MediaProvider: Scanned external_primary due to REASON_DEMAND, found 0 items in 2ms, 0 inserts 0 updates 0 deletes
07-31 18:19:57.531  2935  3699 I MediaService: End Intent { act=android.intent.action.MEDIA_SCANNER_SCAN_FILE dat=file:///sdcard/screen_2025-07-31_181956.png flg=0x1400010 cmp=com.android.providers.media.module/com.android.providers.media.MediaService }
07-31 18:19:57.532  2935  2935 I MediaService: onUnbind
07-31 18:19:57.532  2935  2935 I MediaService: onDestroy {MediaVolume name: [external_primary] id: [emulated;11] user: [UserHandle{11}] path: [/storage/emulated/11]}
07-31 18:19:57.602  1040  1278 I aptouch_daemon: status=0x201
07-31 18:19:57.602  1040  1278 E aptouch_daemon: TsaFrame::UpdateStatusIdle[1910]idle in. 800
07-31 18:19:57.629  1851  7207 W ProcBatteryStats: timer is not running , not stop, name: com.tencent.mm, uid: 10202, tag: PlatformComm
07-31 18:19:57.631  6713 18771 I MediaProvider: controlDeleteMedia content://media/external_primary/file
07-31 18:19:57.631  6713 18771 I MediaProvider: controlDeleteMedia id: 2673
07-31 18:19:57.641  6713 18771 I MediaProvider: controlDeleteMedia end deleteType: -1 deleteCount: 1
07-31 18:19:57.642  6713 18771 I MediaProvider: Deleted 0 0 0 0 0 0 0 0 items on external_primary due to com.android.shell
07-31 18:19:57.686   637   637 I android.system.suspend@1.0-service: decSuspendCounter kname=native_PowerManagerService.WakeLocks --mSuspendCounter= 2
07-31 18:19:57.764  1851  4393 I Binder  : dump {serviceName:BinderService, formatArgs:, callChain:/apex/com.android.adbd/bin/adbd->dumpsys}
07-31 18:19:57.926  1851  4393 I Binder  : dump {serviceName:InputManagerServiceBridge, formatArgs:, callChain:/apex/com.android.adbd/bin/adbd->dumpsys}
07-31 18:19:58.077  1851  4393 I ActivityManager: Force stopping com.simplemobiletools.clock appid=10232 user=0: from pid 26777by app
07-31 18:19:58.078  1851  4393 I ActivityManager: Start to clean task when force stop the app com.simplemobiletools.clock , reason:from pid 26777by app
07-31 18:19:58.079  1851  4393 W HwActivityTaskManagerServiceEx: invalid param when resuming applock
07-31 18:19:58.080  1851  4393 I ActivityManager: Force stopping com.simplemobiletools.clock appid=10232 user=11: from pid 26777by app
07-31 18:19:58.081  1851  4393 I ActivityManager: Start to clean task when force stop the app com.simplemobiletools.clock , reason:from pid 26777by app
07-31 18:19:58.081  1851  4393 W HwActivityTaskManagerServiceEx: invalid param when resuming applock
07-31 18:19:58.088  1851  1851 I AlarmManager: UninstallReceiver onReceive action:android.intent.action.PACKAGE_RESTARTED
07-31 18:19:58.092  1851  4148 E HwBastetService: Failed to get bastet service!
07-31 18:19:58.094  4741  4741 I HwCoreAppHelperService: LocalReceiver receives:android.intent.action.PACKAGE_RESTARTED,pkg:com.simplemobiletools.clock,uid:10232
07-31 18:19:58.100  4741  4741 I HwCoreAppHelperService: LocalReceiver receives:android.intent.action.PACKAGE_RESTARTED,pkg:com.simplemobiletools.clock,uid:1110232
07-31 18:19:58.137  1851  4393 I HwPhoneWindowManager: innerInterceptKeyBeforeQueueing keycode:3,action:0,isIntercept:false
07-31 18:19:58.137  1851  4393 I HwPhoneWindowManager: intercept Key : 3, isdown : true, flags : 0
07-31 18:19:58.138  1851  4393 I HwPhoneWindowManager: enter wakeupNoteEditor
07-31 18:19:58.138  1851  4393 E EasyWakeUpManager: enter wakeUpDoing !
07-31 18:19:58.138  1851  4393 I EasyWakeUpManager: keycode: 3 minKeyCode: 131 maxKeyCode: 131
07-31 18:19:58.138  1851  4393 I HwPhoneWindowManager: interceptKeyBeforeQueueing deviceID:-1 isFrontFpNavi:false isSupportTrikey:false isMmiTest:false
07-31 18:19:58.138  1851  4393 I KeyCombinationManager: Key 3 is not an interested key.
07-31 18:19:58.138  1851  4393 I PhoneWindowManager: interceptKeyBeforeQueueing: key 3 , result : 1
07-31 18:19:58.139  1851  2134 I HwPhoneWindowManager: interceptKeyTi keyCode=3 isActionDown=true repeatCount=0 isInjected=true
07-31 18:19:58.140  1851  2134 I HwPhoneWindowManager: deviceID:-1 isFrontFpNavi:false isSupportTrikey:false isMmiTest:false
07-31 18:19:58.140  1851  2134 I PhoneWindowManager: interceptKeyTi keyCode=3 down=true repeatCount=0 keyguardOn=false canceled=false
07-31 18:19:58.140  1851  2134 I PhoneWindowManager: handleHomeButton in display#-1 mHomePressed = false
07-31 18:19:58.141  1851  4393 I HwPhoneWindowManager: innerInterceptKeyBeforeQueueing keycode:3,action:1,isIntercept:false
07-31 18:19:58.141  1851  4393 I HwPhoneWindowManager: intercept Key : 3, isdown : false, flags : 0
07-31 18:19:58.141  1851  4393 I HwPhoneWindowManager: enter wakeupNoteEditor
07-31 18:19:58.141  1851  4393 E EasyWakeUpManager: enter wakeUpDoing !
07-31 18:19:58.141  1851  4393 I EasyWakeUpManager: keycode: 3 minKeyCode: 131 maxKeyCode: 131
07-31 18:19:58.141  1851  4393 I HwPhoneWindowManager: interceptKeyBeforeQueueing deviceID:-1 isFrontFpNavi:false isSupportTrikey:false isMmiTest:false
07-31 18:19:58.142  1851  4393 I PhoneWindowManager: interceptKeyBeforeQueueing: key 3 , result : 1
07-31 18:19:58.142  1851  2134 I HwPhoneWindowManager: interceptKeyTi keyCode=3 isActionDown=false repeatCount=0 isInjected=true
07-31 18:19:58.142  1851  2134 I HwPhoneWindowManager: deviceID:-1 isFrontFpNavi:false isSupportTrikey:false isMmiTest:false
07-31 18:19:58.142  1851  2134 I PhoneWindowManager: interceptKeyTi keyCode=3 down=false repeatCount=0 keyguardOn=false canceled=false
07-31 18:19:58.143  1851  2134 I PhoneWindowManager: handleHomeButton in display#-1 mHomePressed = true
07-31 18:19:58.143  1851  1881 I PhoneWindowManager: SendCloseSystemWindows not by userId.
07-31 18:19:58.146  1851  1881 I PhoneWindowManager: startDockOrHome: startReason= startDockOrHome
07-31 18:19:58.148  4274  4274 I HwCtrlCtr: ControlCenterImpl: root view is gone, return
07-31 18:19:58.148  4274  4274 I PanelView1: canPanelBeCollapsed mTracking = false , mClosing = false, isWakingUp = false, ret = false
07-31 18:19:58.148  4274  4274 I PanelView1: canPanelBeCollapsed mTracking = false , mClosing = false, isWakingUp = false, ret = false
07-31 18:19:58.148  4274  4274 I ShadeControllerImpl: animateCollapsePanels canPanelBeCollapsed = false
07-31 18:19:58.148  4274  4274 I ShadeControllerImpl: animateCollapsePanels collapseStack
07-31 18:19:58.148  4274  4274 I HwCtrlCtr: ControlCenterImpl: root view is gone, return
07-31 18:19:58.148  4274  4274 I vol.VolumeDialogImpl: dismissH, not on showing, return
07-31 18:19:58.149  1851  1881 W HwActivityTaskManagerServiceEx: invalid param when resuming applock
07-31 18:19:58.151  1851  1881 I HwPackageManagerServiceUtils: skip preferred set check of preferred activity for Intent { act=android.intent.action.MAIN cat=[android.intent.category.HOME] flg=0x300 }, do not dropping preferred activity
07-31 18:19:58.151  1851  1881 I PackageManager: Returning preferred activity: com.huawei.android.launcher/com.huawei.android.launcher.unihome.UniHomeLauncher
07-31 18:19:58.151  1851  1881 I PackageManager: choose best activity: com.huawei.android.launcher, com.huawei.android.launcher.unihome.UniHomeLauncher
07-31 18:19:58.151  1851  1881 I ActivityTaskManager: notifyActivityLaunching intent=Intent { act=android.intent.action.MAIN cat=[android.intent.category.HOME] flg=0x10000300 hwFlg=0x400000 cmp=com.huawei.android.launcher/.unihome.UniHomeLauncher (has extras) } existingInfo=null
07-31 18:19:58.152  1851  1881 I SWAP_Scene: Entering notifySceneData notifySceneData. EventType:SWITCH_TO_FOREGROUND pkg:com.huawei.android.launcher uid:1110106 pid:0 proc: activity:com.huawei.android.launcher.unihome.UniHomeLauncher
07-31 18:19:58.152  1851  1881 I ActivityTaskManager: START u11 {act=android.intent.action.MAIN cat=[android.intent.category.HOME] flg=0x10000300 hwFlg=0x400010 cmp=com.huawei.android.launcher/.unihome.UniHomeLauncher (has extras)} from uid 0 controller startHomeActivity: startDockOrHome:11:11:0
07-31 18:19:58.154  1851  1881 I HwPackageManagerServiceUtils: skip preferred set check of preferred activity for Intent { act=android.intent.action.MAIN cat=[android.intent.category.HOME] flg=0x300 }, do not dropping preferred activity
07-31 18:19:58.154  1851  1881 I PackageManager: Returning preferred activity: com.huawei.android.launcher/com.huawei.android.launcher.unihome.UniHomeLauncher
07-31 18:19:58.154  1851  1881 I PackageManager: choose best activity: com.huawei.android.launcher, com.huawei.android.launcher.unihome.UniHomeLauncher
07-31 18:19:58.154  1851  1881 I HwActivityStarterEx: packageName is empty
07-31 18:19:58.155  1851  1881 I HwASInterceptor: null not found.
07-31 18:19:58.155  1851  1881 I PermissionPolicyService: ActivityInterceptorCallback ActivityInterceptResult intercept
07-31 18:19:58.156  4588  4837 I ScenarioService: app start speedup : com.huawei.android.launcher
07-31 18:19:58.156  1851  1881 I ActivityTaskManager: ActivityRecord info: ActivityInfo{1985c4c com.huawei.android.launcher.unihome.UniHomeLauncher}
07-31 18:19:58.156  1851  1881 I ActivityOptions: getDualCodeFlag: false
07-31 18:19:58.157  1851  1881 I HWMW_HwMagicStackManager: ### Execute overrideIntentFlagForHwMagicWin
07-31 18:19:58.157  1851  1881 I ActivityTaskManager: ActivityStarter setInitialState mDoResume = true
07-31 18:19:58.158  1851  1881 I ActivityOptions: getDualCodeFlag: false
07-31 18:19:58.158  1851  1881 W HwMultiWindowManager: launch multi window activity: invalid params. r=ActivityRecord{ca1399b u11 com.huawei.android.launcher/.unihome.UniHomeLauncher t-1} options=ActivityOptions(147235989), mPackageName=null, mAnimationType=-1, mStartX=0, mStartY=0, mWidth=0, mHeight=0 source=null
07-31 18:19:58.158  1851  1881 I PowerManagerService-JNI: fingersense switch state:1
07-31 18:19:58.159  1851  1881 I PowerManagerService-JNI: ignore fingersense switch state:0
07-31 18:19:58.159  1851  1881 I ActivityTaskManager: updateTopApp to ProcessRecord{ecbf16c 1776:com.huawei.android.launcher/u11a106}
07-31 18:19:58.160  1851  1881 I HwActivityTaskManagerServiceEx: call returnToHome, from: ActivityRecord{869ad9c u11 com.simplemobiletools.voicerecorder/.activities.MainActivity t1100116}, to: ActivityRecord{d60c74c u11 com.huawei.android.launcher/.unihome.UniHomeLauncher t1100002}
07-31 18:19:58.160  1851  1881 W HwActivityTaskManagerServiceEx: appSwitch from: com.simplemobiletools.voicerecorder to: com.huawei.android.launcher
07-31 18:19:58.160 19987 23966 I LifecycleTransaction: activityCallbacks TopResumedActivityChangeItem{onTop=false}
07-31 18:19:58.160 19987 19987 I TopResumedActivityChangeItem: execute start, ActivityClientRecord = ActivityRecord{a349d21 token=android.os.BinderProxy@372ed05 {com.simplemobiletools.voicerecorder/com.simplemobiletools.voicerecorder.activities.MainActivity}}
07-31 18:19:58.160  1851  1895 E WiFi_PRO_RecommendPortalController: mTopAppName: com.huawei.android.launcher
07-31 18:19:58.160  1851  1895 I ForegroundAppManager: mAppSwitchNotifierEx. uid: 1110106, foreground app: com.huawei.android.launcher, foreground activity: com.huawei.android.launcher.unihome.UniHomeLauncher
07-31 18:19:58.160  1851  1881 E WMGatewayProxy: reportFocusedAppChanged: window manager gateway is not available.
07-31 18:19:58.160  1851  1895 I [DistributedNetwork DistributedNetworkService]: notifyActivityChanged packageName=com.huawei.android.launcher
07-31 18:19:58.161  1851  1881 I WindowManager: Changing focus from Window{c883fa0 u11 com.simplemobiletools.voicerecorder/com.simplemobiletools.voicerecorder.activities.MainActivity} to null displayId=0
07-31 18:19:58.161  1776  1776 I RmeSchedManager: init Rme, version is: v1.0
07-31 18:19:58.161  1851  1881 I NavigationCallOut: focusChanged, focus=null, mIsFocusWinInBlackList=false
07-31 18:19:58.161  1851  1895 I DE J DES: [effect] AppSwitchCallBack toUid:1110106,topkg:com.huawei.android.launcher
07-31 18:19:58.161  1851  1881 I HwDisplayContentEx: currentFocus windowstate null
07-31 18:19:58.161  1851  1881 I ActivityTaskManager: Get card startingwindow flag: -1
07-31 18:19:58.161  1851  1881 I ActivityTaskManager: App is in SplitMode not add starting window
07-31 18:19:58.162  1851  1881 W HwActivityTaskManagerServiceEx: invalid param when resuming applock
07-31 18:19:58.162  1851  1895 I HwQoEJNI: SetTcpRecoverRule 0 OK of 1110106
07-31 18:19:58.162  4741 23520 I AssController: getAssistantList func:Func_buoy
07-31 18:19:58.162  4741 31543 I {AssistantService-13.9.1.300}_AssistantApkNotifier: registerHwActivityNotifier call fromPackage:com.simplemobiletools.voicerecorder, toPackage:com.huawei.android.launcher
07-31 18:19:58.162 19987 23966 I LifecycleTransaction: lifecycleStateRequest PauseActivityItem{finished=false,userLeaving=true,configChanges=0,dontReport=true}
07-31 18:19:58.162  4741 23520 I AssController: getAssistantList func:WS_Music
07-31 18:19:58.162   637   637 I android.system.suspend@1.0-service: incSuspendCounter kname=native_PowerManagerService.WakeLocks ++mSuspendCounter= 3
07-31 18:19:58.162  4741 23520 I AssController: getAssistantList func:WS_Video
07-31 18:19:58.162  1851  1896 E HwGameAssistantController: Game Mode is disabled for non-primary user!
07-31 18:19:58.162  1851  1896 I HwAppAssistantUtils: com.huawei.android.launcher, isInGameSpace: false, isBuoyApp: false
07-31 18:19:58.162  1851  1896 I HwGameAssistantController: notifyBuoyAppSwitch other switch: com.huawei.android.launcher
07-31 18:19:58.162  1851  4164 I WiFi_PRO_WifiProStateMachine: current app com.huawei.android.launcher, has changed
07-31 18:19:58.162  1851  1881 W ActivityTaskManager: stopFreezingScreen return caused by mFreezingScreen=false this=ActivityRecord{869ad9c u11 com.simplemobiletools.voicerecorder/.activities.MainActivity t1100116}
07-31 18:19:58.162  1851  1881 W ActivityTaskManager: stopFreezingScreen return caused by mFreezingScreen false.
07-31 18:19:58.162  1317 31544 I DeferredProcess: DeferredProcessingService.cpp:141 NotifyAppSwitch() multi stage capture not support
07-31 18:19:58.162  1851  4164 I WiFi_PRO_WifiProStateMachine: not in RecommendWifi2CellState.
07-31 18:19:58.162  4741  5403 I AssController: getAssistantList func:Func_buoy
07-31 18:19:58.163  4588  4837 I ScenarioService: app focus change from: com.simplemobiletools.voicerecorder to:com.huawei.android.launcher
07-31 18:19:58.163  1851  1895 W ActivityManager: Sending non-protected broadcast com.huawei.android.wifi.GAME_ACTION from system 1851:system/1000 pkg android
