07-30 15:07:57.793  1851 29642 I [SECURITY]: [HPS][SeAppV3][SeAppPolicySynchronizer]: assemblePackageStrategies: seAppPolicyName=contact-provider-immortal-exempt, userId=0, packageName=com.android.bluetooth should be exempted, but strategy is deny(1), fix it to allow(0)
07-30 15:07:57.793  1851 29642 I [SECURITY]: [HPS][SeAppV3][SeAppPolicySynchronizer]: assemblePackageStrategies: seAppPolicyName=contact-provider-immortal-exempt, userId=0, packageName=com.android.localtransport should be exempted, but strategy is deny(1), fix it to allow(0)
07-30 15:07:57.793  1851 29642 I [SECURITY]: [HPS][SeAppV3][SeAppPolicySynchronizer]: assemblePackageStrategies: seAppPolicyName=contact-provider-immortal-exempt, userId=0, packageName=com.huawei.trustagent should be exempted, but strategy is deny(1), fix it to allow(0)
07-30 15:07:57.793  1851 29642 I [SECURITY]: [HPS][SeAppV3][SeAppPolicySynchronizer]: assemblePackageStrategies: seAppPolicyName=contact-provider-immortal-exempt, userId=0, packageName=com.huawei.hwstartupguide should be exempted, but strategy is deny(1), fix it to allow(0)
07-30 15:07:57.793  1851 29642 I [SECURITY]: [HPS][SeAppV3][SeAppPolicySynchronizer]: assemblePackageStrategies: seAppPolicyName=contact-provider-immortal-exempt, userId=0, packageName=com.android.providers.blockednumber should be exempted, but strategy is deny(1), fix it to allow(0)
07-30 15:07:57.793  1851 29642 I [SECURITY]: [HPS][SeAppV3][SeAppPolicySynchronizer]: assemblePackageStrategies: seAppPolicyName=contact-provider-immortal-exempt, userId=0, packageName=com.huawei.webview should be exempted, but strategy is deny(1), fix it to allow(0)
07-30 15:07:57.793  1851 29642 I [SECURITY]: [HPS][SeAppV3][SeAppPolicySynchronizer]: assemblePackageStrategies: seAppPolicyName=contact-provider-immortal-exempt, userId=0, packageName=com.huawei.featurelayer.sharedfeature.stylus should be exempted, but strategy is deny(1), fix it to allow(0)
07-30 15:07:57.793  1851 29642 I [SECURITY]: [HPS][SeAppV3][SeAppPolicySynchronizer]: assemblePackageStrategies: seAppPolicyName=contact-provider-immortal-exempt, userId=0, packageName=com.android.mms should be exempted, but strategy is deny(1), fix it to allow(0)
07-30 15:07:57.793  1851 29642 I [SECURITY]: [HPS][SeAppV3][SeAppPolicySynchronizer]: assemblePackageStrategies: seAppPolicyName=contact-provider-immortal-exempt, userId=0, packageName=com.android.documentsui should be exempted, but strategy is deny(1), fix it to allow(0)
07-30 15:07:57.793  1851 29642 I [SECURITY]: [HPS][SeAppV3][SeAppPolicySynchronizer]: assemblePackageStrategies: seAppPolicyName=contact-provider-immortal-exempt, userId=0, packageName=com.android.ons should be exempted, but strategy is deny(1), fix it to allow(0)
07-30 15:07:57.793  1851 29642 I [SECURITY]: [HPS][SeAppV3][SeAppPolicySynchronizer]: assemblePackageStrategies: seAppPolicyName=contact-provider-immortal-exempt, userId=0, packageName=com.huawei.trustedthingsauth should be exempted, but strategy is deny(1), fix it to allow(0)
07-30 15:07:57.793  1851 29642 I [SECURITY]: [HPS][SeAppV3][SeAppPolicySynchronizer]: assemblePackageStrategies: seAppPolicyName=contact-provider-immortal-exempt, userId=0, packageName=com.android.se should be exempted, but strategy is deny(1), fix it to allow(0)
07-30 15:07:57.793  1851 29642 I [SECURITY]: [HPS][SeAppV3][SeAppPolicySynchronizer]: assemblePackageStrategies: seAppPolicyName=contact-provider-immortal-exempt, userId=0, packageName=com.huawei.hwddmp should be exempted, but strategy is deny(1), fix it to allow(0)
07-30 15:07:57.793  1851 29642 I [SECURITY]: [HPS][SeAppV3][SeAppPolicySynchronizer]: assemblePackageStrategies: seAppPolicyName=contact-provider-immortal-exempt, userId=0, packageName=androidhwext should be exempted, but strategy is deny(1), fix it to allow(0)
07-30 15:07:57.793  1851 29642 I [SECURITY]: [HPS][SeAppV3][SeAppPolicySynchronizer]: assemblePackageStrategies: seAppPolicyName=contact-provider-immortal-exempt, userId=0, packageName=com.android.carrierconfig should be exempted, but strategy is deny(1), fix it to allow(0)
07-30 15:07:57.794  1851 29642 I [SECURITY]: [HPS][SeAppV3][SeAppPolicySynchronizer]: assemblePackageStrategies: seAppPolicyName=contact-provider-immortal-exempt, userId=0, packageName=com.android.location.fused should be exempted, but strategy is deny(1), fix it to allow(0)
07-30 15:07:57.794  1851 29642 I [SECURITY]: [HPS][SeAppV3][SeAppPolicySynchronizer]: assemblePackageStrategies: seAppPolicyName=contact-provider-immortal-exempt, userId=0, packageName=com.huawei.hwbluetoothpencilmanager should be exempted, but strategy is deny(1), fix it to allow(0)
07-30 15:07:57.794  1851 29642 I [SECURITY]: [HPS][SeAppV3][SeAppPolicySynchronizer]: assemblePackageStrategies: seAppPolicyName=contact-provider-immortal-exempt, userId=0, packageName=com.huawei.magazine should be exempted, but strategy is deny(1), fix it to allow(0)
07-30 15:07:57.794  1851 29642 I [SECURITY]: [HPS][SeAppV3][SeAppPolicySynchronizer]: assemblePackageStrategies: seAppPolicyName=contact-provider-immortal-exempt, userId=0, packageName=com.android.modulemetadata should be exempted, but strategy is deny(1), fix it to allow(0)
07-30 15:07:57.794  1851 29642 I [SECURITY]: [HPS][SeAppV3][SeAppPolicySynchronizer]: assemblePackageStrategies: seAppPolicyName=contact-provider-immortal-exempt, userId=0, packageName=com.huawei.parentcontrol should be exempted, but strategy is deny(1), fix it to allow(0)
07-30 15:07:57.794  1851 29642 I [SECURITY]: [HPS][SeAppV3][SeAppPolicySynchronizer]: assemblePackageStrategies: seAppPolicyName=contact-provider-immortal-exempt, userId=0, packageName=com.huawei.ohos.inputmethod should be exempted, but strategy is deny(1), fix it to allow(0)
07-30 15:07:57.794  1851 29642 I [SECURITY]: [HPS][SeAppV3][SeAppPolicySynchronizer]: assemblePackageStrategies: seAppPolicyName=contact-provider-immortal-exempt, userId=0, packageName=com.android.frameworkres.overlay should be exempted, but strategy is deny(1), fix it to allow(0)
07-30 15:07:57.794  1851 29642 I [SECURITY]: [HPS][SeAppV3][SeAppPolicySynchronizer]: assemblePackageStrategies: seAppPolicyName=contact-provider-immortal-exempt, userId=0, packageName=com.huawei.android.instantshare should be exempted, but strategy is deny(1), fix it to allow(0)
07-30 15:07:57.794  1851 29642 I [SECURITY]: [HPS][SeAppV3][SeAppPolicySynchronizer]: assemblePackageStrategies: seAppPolicyName=contact-provider-immortal-exempt, userId=0, packageName=com.huawei.hiwrite should be exempted, but strategy is deny(1), fix it to allow(0)
07-30 15:07:57.794  1851 29642 I [SECURITY]: [HPS][SeAppV3][SeAppPolicySynchronizer]: assemblePackageStrategies: seAppPolicyName=contact-provider-immortal-exempt, userId=0, packageName=com.huawei.android.airsharing should be exempted, but strategy is deny(1), fix it to allow(0)
07-30 15:07:57.794  1851 29642 I [SECURITY]: [HPS][SeAppV3][SeAppPolicySynchronizer]: assemblePackageStrategies: seAppPolicyName=contact-provider-immortal-exempt, userId=0, packageName=com.huawei.distributed.kms should be exempted, but strategy is deny(1), fix it to allow(0)
07-30 15:07:57.794  1851 29642 I [SECURITY]: [HPS][SeAppV3][SeAppPolicySynchronizer]: assemblePackageStrategies: seAppPolicyName=contact-provider-immortal-exempt, userId=0, packageName=android.ext.services should be exempted, but strategy is deny(1), fix it to allow(0)
07-30 15:07:57.794  1851 29642 I [SECURITY]: [HPS][SeAppV3][SeAppPolicySynchronizer]: assemblePackageStrategies: seAppPolicyName=contact-provider-immortal-exempt, userId=0, packageName=com.huawei.android.hwouc should be exempted, but strategy is deny(1), fix it to allow(0)
07-30 15:07:57.794  1851 29642 I [SECURITY]: [HPS][SeAppV3][SeAppPolicySynchronizer]: assemblePackageStrategies: seAppPolicyName=contact-provider-immortal-exempt, userId=0, packageName=com.huawei.securitypluginbase should be exempted, but strategy is deny(1), fix it to allow(0)
07-30 15:07:57.794  1851 29642 I [SECURITY]: [HPS][SeAppV3][SeAppPolicySynchronizer]: assemblePackageStrategies: seAppPolicyName=contact-provider-immortal-exempt, userId=0, packageName=com.huawei.gateway should be exempted, but strategy is deny(1), fix it to allow(0)
07-30 15:07:57.794  1851 29642 I [SECURITY]: [HPS][SeAppV3][SeAppPolicySynchronizer]: assemblePackageStrategies: seAppPolicyName=contact-provider-immortal-exempt, userId=0, packageName=com.huawei.easygo should be exempted, but strategy is deny(1), fix it to allow(0)
07-30 15:07:57.794  1851 29642 I [SECURITY]: [HPS][SeAppV3][SeAppPolicySynchronizer]: assemblePackageStrategies: seAppPolicyName=contact-provider-immortal-exempt, userId=0, packageName=com.huawei.hms.dupdateengine should be exempted, but strategy is deny(1), fix it to allow(0)
07-30 15:07:57.794  1851 29642 I [SECURITY]: [HPS][SeAppV3][SeAppPolicySynchronizer]: assemblePackageStrategies: seAppPolicyName=contact-provider-immortal-exempt, userId=0, packageName=com.android.internal.systemui.navbar.gestural should be exempted, but strategy is deny(1), fix it to allow(0)
07-30 15:07:57.794  1851 29642 I [SECURITY]: [HPS][SeAppV3][SeAppPolicySynchronizer]: assemblePackageStrategies: seAppPolicyName=contact-provider-immortal-exempt, userId=0, packageName=com.huawei.android.FloatTasks should be exempted, but strategy is deny(1), fix it to allow(0)
07-30 15:07:57.794  1851 29642 I [SECURITY]: [HPS][SeAppV3][SeAppPolicySynchronizer]: assemblePackageStrategies: seAppPolicyName=contact-provider-immortal-exempt, userId=0, packageName=com.huawei.bluetooth should be exempted, but strategy is deny(1), fix it to allow(0)
07-30 15:07:57.795  1851 29642 I [SECURITY]: [HPS][SeAppV3][SeAppPolicySynchronizer]: assemblePackageStrategies: seAppPolicyName=contact-provider-immortal-exempt, userId=0, packageName=com.huawei.pengine should be exempted, but strategy is deny(1), fix it to allow(0)
07-30 15:07:57.795  1851 29642 I [SECURITY]: [HPS][SeAppV3][SeAppPolicySynchronizer]: assemblePackageStrategies: seAppPolicyName=contact-provider-immortal-exempt, userId=0, packageName=com.android.keychain should be exempted, but strategy is deny(1), fix it to allow(0)
07-30 15:07:57.795  1851 29642 I [SECURITY]: [HPS][SeAppV3][SeAppPolicySynchronizer]: assemblePackageStrategies: seAppPolicyName=contact-provider-immortal-exempt, userId=0, packageName=com.huawei.dmsdp should be exempted, but strategy is deny(1), fix it to allow(0)
07-30 15:07:57.795  1851 29642 I [SECURITY]: [HPS][SeAppV3][SeAppPolicySynchronizer]: assemblePackageStrategies: seAppPolicyName=contact-provider-immortal-exempt, userId=0, packageName=com.android.backupconfirm should be exempted, but strategy is deny(1), fix it to allow(0)
07-30 15:07:57.795  1851 29642 I [SECURITY]: [HPS][SeAppV3][SeAppPolicySynchronizer]: assemblePackageStrategies: seAppPolicyName=contact-provider-immortal-exempt, userId=0, packageName=com.huawei.hilink.framework should be exempted, but strategy is deny(1), fix it to allow(0)
07-30 15:07:57.795  1851 29642 I [SECURITY]: [HPS][SeAppV3][SeAppPolicySynchronizer]: assemblePackageStrategies: seAppPolicyName=contact-provider-immortal-exempt, userId=0, packageName=com.huawei.controlcenter should be exempted, but strategy is deny(1), fix it to allow(0)
07-30 15:07:57.795  1851 29642 I [SECURITY]: [HPS][SeAppV3][SeAppPolicySynchronizer]: assemblePackageStrategies: seAppPolicyName=contact-provider-immortal-exempt, userId=0, packageName=com.android.wallpaperbackup should be exempted, but strategy is deny(1), fix it to allow(0)
07-30 15:07:57.795  1851 29642 I [SECURITY]: [HPS][SeAppV3][SeAppPolicySynchronizer]: assemblePackageStrategies: seAppPolicyName=contact-provider-immortal-exempt, userId=0, packageName=com.huawei.phoneservice should be exempted, but strategy is deny(1), fix it to allow(0)
07-30 15:07:57.795  1851 29642 I [SECURITY]: [HPS][SeAppV3][SeAppPolicySynchronizer]: assemblePackageStrategies: seAppPolicyName=contact-provider-immortal-exempt, userId=0, packageName=com.android.pacprocessor should be exempted, but strategy is deny(1), fix it to allow(0)
07-30 15:07:57.795  1851 29642 I [SECURITY]: [HPS][SeAppV3][SeAppPolicySynchronizer]: assemblePackageStrategies: seAppPolicyName=contact-provider-immortal-exempt, userId=0, packageName=com.huawei.motionservice should be exempted, but strategy is deny(1), fix it to allow(0)
07-30 15:07:57.795  1851 29642 I [SECURITY]: [HPS][SeAppV3][SeAppPolicySynchronizer]: assemblePackageStrategies: seAppPolicyName=contact-provider-immortal-exempt, userId=0, packageName=com.huawei.mmitest should be exempted, but strategy is deny(1), fix it to allow(0)
07-30 15:07:57.795  1851 29642 I [SECURITY]: [HPS][SeAppV3][SeAppPolicySynchronizer]: assemblePackageStrategies: seAppPolicyName=contact-provider-immortal-exempt, userId=0, packageName=com.huawei.android.internal.app should be exempted, but strategy is deny(1), fix it to allow(0)
07-30 15:07:57.795  1851 29642 I [SECURITY]: [HPS][SeAppV3][SeAppPolicySynchronizer]: assemblePackageStrategies: seAppPolicyName=contact-provider-immortal-exempt, userId=0, packageName=com.huawei.android.projectmenu should be exempted, but strategy is deny(1), fix it to allow(0)
07-30 15:07:57.795  1851 29642 I [SECURITY]: [HPS][SeAppV3][SeAppPolicySynchronizer]: assemblePackageStrategies: seAppPolicyName=contact-provider-immortal-exempt, userId=0, packageName=com.huawei.behaviorauth should be exempted, but strategy is deny(1), fix it to allow(0)
07-30 15:07:57.795  1851 29642 I [SECURITY]: [HPS][SeAppV3][SeAppPolicySynchronizer]: assemblePackageStrategies: seAppPolicyName=contact-provider-immortal-exempt, userId=0, packageName=com.huawei.hwid should be exempted, but strategy is deny(1), fix it to allow(0)
07-30 15:07:57.795  1851 29642 I [SECURITY]: [HPS][SeAppV3][SeAppPolicySynchronizer]: assemblePackageStrategies: seAppPolicyName=contact-provider-immortal-exempt, userId=0, packageName=com.huawei.msdp should be exempted, but strategy is deny(1), fix it to allow(0)
07-30 15:07:57.795  1851 29642 E [SECURITY]: [HPS][SeAppV3][SeAppExemptFilter]: shouldExemptAsUser: userId=0, packageName=com.simplemobiletools.camera has no application info, please check.
07-30 15:07:57.795  1851 29642 I [SECURITY]: [HPS][SeAppV3][SeAppPolicySynchronizer]: assemblePackageStrategies: seAppPolicyName=contact-provider-immortal-exempt, userId=0, packageName=com.huawei.ohos.photos should be exempted, but strategy is deny(1), fix it to allow(0)
07-30 15:07:57.795  1851 29642 I [SECURITY]: [HPS][SeAppV3][SeAppPolicySynchronizer]: assemblePackageStrategies: seAppPolicyName=contact-provider-immortal-exempt, userId=0, packageName=com.huawei.android.chr should be exempted, but strategy is deny(1), fix it to allow(0)
07-30 15:07:57.795  1851 29642 I [SECURITY]: [HPS][SeAppV3][SeAppPolicySynchronizer]: assemblePackageStrategies: seAppPolicyName=contact-provider-immortal-exempt, userId=0, packageName=com.huawei.himovie.local should be exempted, but strategy is deny(1), fix it to allow(0)
07-30 15:07:57.795  1851 29642 I [SECURITY]: [HPS][SeAppV3][SeAppPolicySynchronizer]: assemblePackageStrategies: seAppPolicyName=contact-provider-immortal-exempt, userId=0, packageName=com.android.uwb should be exempted, but strategy is deny(1), fix it to allow(0)
07-30 15:07:57.795  1851 29642 I [SECURITY]: [HPS][SeAppV3][SeAppPolicySynchronizer]: assemblePackageStrategies: seAppPolicyName=contact-provider-immortal-exempt, userId=0, packageName=com.huawei.vassistant should be exempted, but strategy is deny(1), fix it to allow(0)
07-30 15:07:57.795  1851 29642 I [SECURITY]: [HPS][SeAppV3][SeAppPolicySynchronizer]: assemblePackageStrategies: seAppPolicyName=contact-provider-immortal-exempt, userId=0, packageName=com.android.bluetoothmidiservice should be exempted, but strategy is deny(1), fix it to allow(0)
07-30 15:07:57.795  1851 29642 I [SECURITY]: [HPS][SeAppV3][SeAppPolicySynchronizer]: assemblePackageStrategies: seAppPolicyName=contact-provider-immortal-exempt, userId=0, packageName=com.huawei.hidisk should be exempted, but strategy is deny(1), fix it to allow(0)
07-30 15:07:57.795  1851 29642 I [SECURITY]: [HPS][SeAppV3][SeAppPolicySynchronizer]: assemblePackageStrategies: seAppPolicyName=contact-provider-immortal-exempt, userId=0, packageName=com.huawei.securitymgr should be exempted, but strategy is deny(1), fix it to allow(0)
07-30 15:07:57.795  1851 29642 I [SECURITY]: [HPS][SeAppV3][SeAppPolicySynchronizer]: assemblePackageStrategies: seAppPolicyName=contact-provider-immortal-exempt, userId=0, packageName=com.huawei.aod should be exempted, but strategy is deny(1), fix it to allow(0)
07-30 15:07:57.795  1851 29642 I [SECURITY]: [HPS][SeAppV3][SeAppPolicySynchronizer]: assemblePackageStrategies: seAppPolicyName=contact-provider-immortal-exempt, userId=0, packageName=com.android.inputdevices should be exempted, but strategy is deny(1), fix it to allow(0)
07-30 15:07:57.795  1851 29642 I [SECURITY]: [HPS][SeAppV3][SeAppPolicySynchronizer]: assemblePackageStrategies: seAppPolicyName=contact-provider-immortal-exempt, userId=0, packageName=com.huawei.ohos.hiwindow should be exempted, but strategy is deny(1), fix it to allow(0)
07-30 15:07:57.795  1851 29642 I [SECURITY]: [HPS][SeAppV3][SeAppPolicySynchronizer]: assemblePackageStrategies: seAppPolicyName=contact-provider-immortal-exempt, userId=0, packageName=com.huawei.harmonyos.foundation should be exempted, but strategy is deny(1), fix it to allow(0)
07-30 15:07:57.795  1851 29642 I [SECURITY]: [HPS][SeAppV3][SeAppPolicySynchronizer]: assemblePackageStrategies: seAppPolicyName=contact-provider-immortal-exempt, userId=0, packageName=com.huawei.android.hwaps should be exempted, but strategy is deny(1), fix it to allow(0)
07-30 15:07:57.795  1851 29642 I [SECURITY]: [HPS][SeAppV3][SeAppPolicySynchronizer]: assemblePackageStrategies: seAppPolicyName=contact-provider-immortal-exempt, userId=0, packageName=com.huawei.smartshot should be exempted, but strategy is deny(1), fix it to allow(0)
07-30 15:07:57.795  1851 29642 I [SECURITY]: [HPS][SeAppV3][SeAppPolicySynchronizer]: assemblePackageStrategies: seAppPolicyName=contact-provider-immortal-exempt, userId=0, packageName=com.huawei.music.local should be exempted, but strategy is deny(1), fix it to allow(0)
07-30 15:07:57.795  1851 29642 I [SECURITY]: [HPS][SeAppV3][SeAppPolicySynchronizer]: assemblePackageStrategies: seAppPolicyName=contact-provider-immortal-exempt, userId=0, packageName=com.huawei.photos should be exempted, but strategy is deny(1), fix it to allow(0)
07-30 15:07:57.795  1851 29642 I [SECURITY]: [HPS][SeAppV3][SeAppPolicySynchronizer]: assemblePackageStrategies: seAppPolicyName=contact-provider-immortal-exempt, userId=0, packageName=com.android.providers.downloads.ui should be exempted, but strategy is deny(1), fix it to allow(0)
07-30 15:07:57.795  1851 29642 I [SECURITY]: [HPS][SeAppV3][SeAppPolicySynchronizer]: assemblePackageStrategies: seAppPolicyName=contact-provider-immortal-exempt, userId=0, packageName=com.huawei.pcassistant should be exempted, but strategy is deny(1), fix it to allow(0)
07-30 15:07:57.795  1851 29642 I [SECURITY]: [HPS][SeAppV3][SeAppPolicySynchronizer]: assemblePackageStrategies: seAppPolicyName=contact-provider-immortal-exempt, userId=0, packageName=com.huawei.security.hsdr should be exempted, but strategy is deny(1), fix it to allow(0)
07-30 15:07:57.795  1851 29642 I [SECURITY]: [HPS][SeAppV3][SeAppPolicySynchronizer]: assemblePackageStrategies: seAppPolicyName=contact-provider-immortal-exempt, userId=0, packageName=com.huawei.intelligent should be exempted, but strategy is deny(1), fix it to allow(0)
07-30 15:07:57.795  1851 29642 I [SECURITY]: [HPS][SeAppV3][SeAppPolicySynchronizer]: assemblePackageStrategies: seAppPolicyName=contact-provider-immortal-exempt, userId=0, packageName=com.huawei.secime should be exempted, but strategy is deny(1), fix it to allow(0)
07-30 15:07:57.795  1851 29642 I [SECURITY]: [HPS][SeAppV3][SeAppPolicySynchronizer]: assemblePackageStrategies: seAppPolicyName=contact-provider-immortal-exempt, userId=0, packageName=com.huawei.hitouch should be exempted, but strategy is deny(1), fix it to allow(0)
07-30 15:07:57.795  1851 29642 I [SECURITY]: [HPS][SeAppV3][SeAppPolicySynchronizer]: assemblePackageStrategies: seAppPolicyName=contact-provider-immortal-exempt, userId=0, packageName=com.huawei.hiviewtunnel should be exempted, but strategy is deny(1), fix it to allow(0)
07-30 15:07:57.795  1851 29642 I [SECURITY]: [HPS][SeAppV3][SeAppPolicySynchronizer]: assemblePackageStrategies: seAppPolicyName=contact-provider-immortal-exempt, userId=0, packageName=com.android.mms.service should be exempted, but strategy is deny(1), fix it to allow(0)
07-30 15:07:57.795  1851 29642 I [SECURITY]: [HPS][SeAppV3][SeAppPolicySynchronizer]: assemblePackageStrategies: seAppPolicyName=contact-provider-immortal-exempt, userId=0, packageName=com.android.providers.settings should be exempted, but strategy is deny(1), fix it to allow(0)
07-30 15:07:57.795  1851 29642 I [SECURITY]: [HPS][SeAppV3][SeAppPolicySynchronizer]: assemblePackageStrategies: seAppPolicyName=contact-provider-immortal-exempt, userId=0, packageName=com.huawei.himovie should be exempted, but strategy is deny(1), fix it to allow(0)
07-30 15:07:57.795  1851 29642 I [SECURITY]: [HPS][SeAppV3][SeAppPolicySynchronizer]: assemblePackageStrategies: seAppPolicyName=contact-provider-immortal-exempt, userId=0, packageName=com.huawei.hwdetectrepair should be exempted, but strategy is deny(1), fix it to allow(0)
07-30 15:07:57.795  1851 29642 I [SECURITY]: [HPS][SeAppV3][SeAppPolicySynchronizer]: assemblePackageStrategies: seAppPolicyName=contact-provider-immortal-exempt, userId=0, packageName=com.huawei.securityserver should be exempted, but strategy is deny(1), fix it to allow(0)
07-30 15:07:57.795  1851 29642 I [SECURITY]: [HPS][SeAppV3][SeAppPolicySynchronizer]: assemblePackageStrategies: seAppPolicyName=contact-provider-immortal-exempt, userId=0, packageName=com.huawei.android.launcher should be exempted, but strategy is deny(1), fix it to allow(0)
07-30 15:07:57.795  1851 29642 I [SECURITY]: [HPS][SeAppV3][SeAppPolicySynchronizer]: assemblePackageStrategies: seAppPolicyName=contact-provider-immortal-exempt, userId=0, packageName=com.huawei.HwMultiScreenShot should be exempted, but strategy is deny(1), fix it to allow(0)
07-30 15:07:57.795  1851 29642 I [SECURITY]: [HPS][SeAppV3][SeAppPolicySynchronizer]: assemblePackageStrategies: seAppPolicyName=contact-provider-immortal-exempt, userId=0, packageName=com.huawei.mycenter should be exempted, but strategy is deny(1), fix it to allow(0)
07-30 15:07:57.795  1851 29642 I [SECURITY]: [HPS][SeAppV3][SeAppPolicySynchronizer]: assemblePackageStrategies: seAppPolicyName=contact-provider-immortal-exempt, userId=0, packageName=com.huawei.fido.uafclient should be exempted, but strategy is deny(1), fix it to allow(0)
07-30 15:07:57.795  1851 29642 I [SECURITY]: [HPS][SeAppV3][SeAppPolicySynchronizer]: assemblePackageStrategies: seAppPolicyName=contact-provider-immortal-exempt, userId=0, packageName=com.huawei.ca should be exempted, but strategy is deny(1), fix it to allow(0)
07-30 15:07:57.795  1851 29642 I [SECURITY]: [HPS][SeAppV3][SeAppPolicySynchronizer]: assemblePackageStrategies: seAppPolicyName=contact-provider-immortal-exempt, userId=0, packageName=com.huawei.android.hsf should be exempted, but strategy is deny(1), fix it to allow(0)
07-30 15:07:57.795  1851 29642 I [SECURITY]: [HPS][SeAppV3][SeAppPolicySynchronizer]: assemblePackageStrategies: seAppPolicyName=contact-provider-immortal-exempt, userId=0, packageName=com.huawei.recsys should be exempted, but strategy is deny(1), fix it to allow(0)
07-30 15:07:57.795  1851 29642 I [SECURITY]: [HPS][SeAppV3][SeAppPolicySynchronizer]: assemblePackageStrategies: seAppPolicyName=contact-provider-immortal-exempt, userId=0, packageName=com.android.managedprovisioning should be exempted, but strategy is deny(1), fix it to allow(0)
07-30 15:07:57.795  1851 29642 I [SECURITY]: [HPS][SeAppV3][SeAppPolicySynchronizer]: assemblePackageStrategies: seAppPolicyName=contact-provider-immortal-exempt, userId=0, packageName=com.huawei.deviceauth should be exempted, but strategy is deny(1), fix it to allow(0)
07-30 15:07:57.795  1851 29642 I [SECURITY]: [HPS][SeAppV3][SeAppPolicySynchronizer]: assemblePackageStrategies: seAppPolicyName=contact-provider-immortal-exempt, userId=0, packageName=com.android.systemui.overlay should be exempted, but strategy is deny(1), fix it to allow(0)
07-30 15:07:57.795  1851 29642 I [SECURITY]: [HPS][SeAppV3][SeAppPolicySynchronizer]: assemblePackageStrategies: seAppPolicyName=contact-provider-immortal-exempt, userId=0, packageName=com.huawei.ohos.systemmanager should be exempted, but strategy is deny(1), fix it to allow(0)
07-30 15:07:57.795  1851 29642 I [SECURITY]: [HPS][SeAppV3][SeAppPolicySynchronizer]: assemblePackageStrategies: seAppPolicyName=contact-provider-immortal-exempt, userId=0, packageName=com.android.mtp should be exempted, but strategy is deny(1), fix it to allow(0)
07-30 15:07:57.795  1851 29642 I [SECURITY]: [HPS][SeAppV3][SeAppPolicySynchronizer]: assemblePackageStrategies: seAppPolicyName=contact-provider-immortal-exempt, userId=0, packageName=com.huawei.iconnect.ui should be exempted, but strategy is deny(1), fix it to allow(0)
07-30 15:07:57.795  1851 29642 I [SECURITY]: [HPS][SeAppV3][SeAppPolicySynchronizer]: assemblePackageStrategies: seAppPolicyName=contact-provider-immortal-exempt, userId=0, packageName=com.huawei.nemo should be exempted, but strategy is deny(1), fix it to allow(0)
07-30 15:07:57.796  1851 29642 I [SECURITY]: [HPS][SeAppV3][SeAppPolicySynchronizer]: assemblePackageStrategies: seAppPolicyName=contact-provider-immortal-exempt, userId=0, packageName=com.android.printspooler should be exempted, but strategy is deny(1), fix it to allow(0)
07-30 15:07:57.796  1851 29642 I [SECURITY]: [HPS][SeAppV3][SeAppPolicySynchronizer]: assemblePackageStrategies: seAppPolicyName=contact-provider-immortal-exempt, userId=0, packageName=com.android.phone should be exempted, but strategy is deny(1), fix it to allow(0)
07-30 15:07:57.796  1851 29642 I [SECURITY]: [HPS][SeAppV3][SeAppPolicySynchronizer]: assemblePackageStrategies: seAppPolicyName=contact-provider-immortal-exempt, userId=0, packageName=com.huawei.stylus.floatmenu should be exempted, but strategy is deny(1), fix it to allow(0)
07-30 15:07:57.796  1851 29642 I [SECURITY]: [HPS][SeAppV3][SeAppPolicySynchronizer]: assemblePackageStrategies: seAppPolicyName=contact-provider-immortal-exempt, userId=0, packageName=com.huawei.languagedownloader should be exempted, but strategy is deny(1), fix it to allow(0)
07-30 15:07:57.796  1851 29642 I [SECURITY]: [HPS][SeAppV3][SeAppPolicySynchronizer]: assemblePackageStrategies: seAppPolicyName=contact-provider-immortal-exempt, userId=0, packageName=ohos.media.medialibrary should be exempted, but strategy is deny(1), fix it to allow(0)
07-30 15:07:57.796  1851 29642 I [SECURITY]: [HPS][SeAppV3][SeAppPolicySynchronizer]: assemblePackageStrategies: seAppPolicyName=contact-provider-immortal-exempt, userId=0, packageName=com.huawei.mediacontroller should be exempted, but strategy is deny(1), fix it to allow(0)
07-30 15:07:57.796  1851 29642 I [SECURITY]: [HPS][SeAppV3][SeAppPolicySynchronizer]: assemblePackageStrategies: seAppPolicyName=contact-provider-immortal-exempt, userId=0, packageName=com.android.packageinstaller should be exempted, but strategy is deny(1), fix it to allow(0)
07-30 15:07:57.796  1851 29642 I [SECURITY]: [HPS][SeAppV3][SeAppPolicySynchronizer]: assemblePackageStrategies: seAppPolicyName=contact-provider-immortal-exempt, userId=0, packageName=com.huawei.hff should be exempted, but strategy is deny(1), fix it to allow(0)
07-30 15:07:57.796  1851 29642 I [SECURITY]: [HPS][SeAppV3][SeAppPolicySynchronizer]: assemblePackageStrategies: seAppPolicyName=contact-provider-immortal-exempt, userId=0, packageName=com.huawei.assetsyncservice should be exempted, but strategy is deny(1), fix it to allow(0)
07-30 15:07:57.796  1851 29642 I [SECURITY]: [HPS][SeAppV3][SeAppPolicySynchronizer]: assemblePackageStrategies: seAppPolicyName=contact-provider-immortal-exempt, userId=0, packageName=com.android.networkstack.inprocess should be exempted, but strategy is deny(1), fix it to allow(0)
07-30 15:07:57.796  1851 29642 I [SECURITY]: [HPS][SeAppV3][SeAppPolicySynchronizer]: assemblePackageStrategies: seAppPolicyName=contact-provider-immortal-exempt, userId=0, packageName=com.huawei.remotepassword should be exempted, but strategy is deny(1), fix it to allow(0)
07-30 15:07:57.796  1851 29642 I [SECURITY]: [HPS][SeAppV3][SeAppPolicySynchronizer]: assemblePackageStrategies: seAppPolicyName=contact-provider-immortal-exempt, userId=0, packageName=com.tencent.qqlivehuawei should be exempted, but strategy is deny(1), fix it to allow(0)
07-30 15:07:57.796  1851 29642 I [SECURITY]: [HPS][SeAppV3][SeAppPolicySynchronizer]: assemblePackageStrategies: seAppPolicyName=contact-provider-immortal-exempt, userId=0, packageName=com.huawei.contentsensor should be exempted, but strategy is deny(1), fix it to allow(0)
07-30 15:07:57.796  1851 29642 I [SECURITY]: [HPS][SeAppV3][SeAppPolicySynchronizer]: assemblePackageStrategies: seAppPolicyName=contact-provider-immortal-exempt, userId=0, packageName=com.android.providers.contacts should be exempted, but strategy is deny(1), fix it to allow(0)
07-30 15:07:57.796  1851 29642 I [SECURITY]: [HPS][SeAppV3][SeAppPolicySynchronizer]: assemblePackageStrategies: seAppPolicyName=contact-provider-immortal-exempt, userId=0, packageName=com.huawei.featurelayer.sharedfeature.map should be exempted, but strategy is deny(1), fix it to allow(0)
07-30 15:07:57.796  1851 29642 I [SECURITY]: [HPS][SeAppV3][SeAppPolicySynchronizer]: assemblePackageStrategies: seAppPolicyName=contact-provider-immortal-exempt, userId=0, packageName=com.android.providers.userdictionary should be exempted, but strategy is deny(1), fix it to allow(0)
07-30 15:07:57.796  1851 29642 I [SECURITY]: [HPS][SeAppV3][SeAppPolicySynchronizer]: assemblePackageStrategies: seAppPolicyName=contact-provider-immortal-exempt, userId=0, packageName=com.hicloud.android.clone should be exempted, but strategy is deny(1), fix it to allow(0)
07-30 15:07:57.796  1851 29642 I [SECURITY]: [HPS][SeAppV3][SeAppPolicySynchronizer]: assemblePackageStrategies: seAppPolicyName=contact-provider-immortal-exempt, userId=0, packageName=com.android.htmlviewer should be exempted, but strategy is deny(1), fix it to allow(0)
07-30 15:07:57.796  1851 29642 I [SECURITY]: [HPS][SeAppV3][SeAppPolicySynchronizer]: assemblePackageStrategies: seAppPolicyName=contact-provider-immortal-exempt, userId=0, packageName=com.android.emergency should be exempted, but strategy is deny(1), fix it to allow(0)
07-30 15:07:57.796  1851 29642 I [SECURITY]: [HPS][SeAppV3][SeAppPolicySynchronizer]: assemblePackageStrategies: seAppPolicyName=contact-provider-immortal-exempt, userId=0, packageName=com.huawei.lbs should be exempted, but strategy is deny(1), fix it to allow(0)
07-30 15:07:57.796  1851 29642 I [SECURITY]: [HPS][SeAppV3][SeAppPolicySynchronizer]: assemblePackageStrategies: seAppPolicyName=contact-provider-immortal-exempt, userId=0, packageName=com.huawei.hiai should be exempted, but strategy is deny(1), fix it to allow(0)
07-30 15:07:57.796  1851 29642 I [SECURITY]: [HPS][SeAppV3][SeAppPolicySynchronizer]: assemblePackageStrategies: seAppPolicyName=contact-provider-immortal-exempt, userId=0, packageName=com.huawei.android.instantonline should be exempted, but strategy is deny(1), fix it to allow(0)
07-30 15:07:57.796  1851 29642 I [SECURITY]: [HPS][SeAppV3][SeAppPolicySynchronizer]: assemblePackageStrategies: seAppPolicyName=contact-provider-immortal-exempt, userId=0, packageName=com.android.cts.priv.ctsshim should be exempted, but strategy is deny(1), fix it to allow(0)
07-30 15:07:57.796  1851 29642 I [SECURITY]: [HPS][SeAppV3][SeAppPolicySynchronizer]: assemblePackageStrategies: seAppPolicyName=contact-provider-immortal-exempt, userId=0, packageName=com.huawei.profile should be exempted, but strategy is deny(1), fix it to allow(0)
07-30 15:07:57.796  1851 29642 I [SECURITY]: [HPS][SeAppV3][SeAppPolicySynchronizer]: assemblePackageStrategies: seAppPolicyName=contact-provider-immortal-exempt, userId=0, packageName=com.huawei.ohos.search should be exempted, but strategy is deny(1), fix it to allow(0)
07-30 15:07:57.796  1851 29642 I [SECURITY]: [HPS][SeAppV3][SeAppPolicySynchronizer]: assemblePackageStrategies: seAppPolicyName=contact-provider-immortal-exempt, userId=0, packageName=com.huawei.ohos.suggestion should be exempted, but strategy is deny(1), fix it to allow(0)
07-30 15:07:57.796  1851 29642 I [SECURITY]: [HPS][SeAppV3][SeAppPolicySynchronizer]: assemblePackageStrategies: seAppPolicyName=contact-provider-immortal-exempt, userId=0, packageName=com.huawei.search should be exempted, but strategy is deny(1), fix it to allow(0)
07-30 15:07:57.796  1851 29642 I [SECURITY]: [HPS][SeAppV3][SeAppPolicySynchronizer]: assemblePackageStrategies: seAppPolicyName=contact-provider-immortal-exempt, userId=0, packageName=com.huawei.ohos.security.privacycenter should be exempted, but strategy is deny(1), fix it to allow(0)
07-30 15:07:57.796  1851 29642 I [SECURITY]: [HPS][SeAppV3][SeAppPolicySynchronizer]: assemblePackageStrategies: seAppPolicyName=contact-provider-immortal-exempt, userId=0, packageName=com.huawei.featurelayer.featureframework should be exempted, but strategy is deny(1), fix it to allow(0)
07-30 15:07:57.796  1851 29642 I [SECURITY]: [HPS][SeAppV3][SeAppPolicySynchronizer]: assemblePackageStrategies: seAppPolicyName=contact-provider-immortal-exempt, userId=0, packageName=com.huawei.hwread.dz should be exempted, but strategy is deny(1), fix it to allow(0)
07-30 15:07:57.796  1851 29642 I [SECURITY]: [HPS][SeAppV3][SeAppPolicySynchronizer]: assemblePackageStrategies: seAppPolicyName=contact-provider-immortal-exempt, userId=0, packageName=com.android.sharedstoragebackup should be exempted, but strategy is deny(1), fix it to allow(0)
07-30 15:07:57.796  1851 29642 I [SECURITY]: [HPS][SeAppV3][SeAppPolicySynchronizer]: assemblePackageStrategies: seAppPolicyName=contact-provider-immortal-exempt, userId=0, packageName=com.android.cts.ctsshim should be exempted, but strategy is deny(1), fix it to allow(0)
07-30 15:07:57.796  1851 29642 I [SECURITY]: [HPS][SeAppV3][SeAppPolicySynchronizer]: assemblePackageStrategies: seAppPolicyName=contact-provider-immortal-exempt, userId=0, packageName=com.huawei.hwperipheralscrossing should be exempted, but strategy is deny(1), fix it to allow(0)
07-30 15:07:57.796  1851 29642 I [SECURITY]: [HPS][SeAppV3][SeAppPolicySynchronizer]: assemblePackageStrategies: seAppPolicyName=contact-provider-immortal-exempt, userId=0, packageName=com.android.settings should be exempted, but strategy is deny(1), fix it to allow(0)
07-30 15:07:57.796  1851 29642 I [SECURITY]: [HPS][SeAppV3][SeAppPolicySynchronizer]: assemblePackageStrategies: seAppPolicyName=contact-provider-immortal-exempt, userId=0, packageName=com.android.connectivity.resources should be exempted, but strategy is deny(1), fix it to allow(0)
07-30 15:07:57.796  1851 29642 I [SECURITY]: [HPS][SeAppV3][SeAppPolicySynchronizer]: assemblePackageStrategies: seAppPolicyName=contact-provider-immortal-exempt, userId=0, packageName=com.huawei.iconnect should be exempted, but strategy is deny(1), fix it to allow(0)
07-30 15:07:57.796  1851 29642 I [SECURITY]: [HPS][SeAppV3][SeAppPolicySynchronizer]: assemblePackageStrategies: seAppPolicyName=contact-provider-immortal-exempt, userId=0, packageName=com.huawei.printservice should be exempted, but strategy is deny(1), fix it to allow(0)
07-30 15:07:57.796  1851 29642 I [SECURITY]: [HPS][SeAppV3][SeAppPolicySynchronizer]: assemblePackageStrategies: seAppPolicyName=contact-provider-immortal-exempt, userId=0, packageName=com.huawei.hsl should be exempted, but strategy is deny(1), fix it to allow(0)
07-30 15:07:57.796  1851 29642 I [SECURITY]: [HPS][SeAppV3][SeAppPolicySynchronizer]: assemblePackageStrategies: seAppPolicyName=contact-provider-immortal-exempt, userId=0, packageName=com.huawei.hisight should be exempted, but strategy is deny(1), fix it to allow(0)
07-30 15:07:57.796  1851 29642 I [SECURITY]: [HPS][SeAppV3][SeAppPolicySynchronizer]: assemblePackageStrategies: seAppPolicyName=contact-provider-immortal-exempt, userId=0, packageName=com.huawei.privatespace should be exempted, but strategy is deny(1), fix it to allow(0)
07-30 15:07:57.796  1851 29642 I [SECURITY]: [HPS][SeAppV3][SeAppPolicySynchronizer]: assemblePackageStrategies: seAppPolicyName=contact-provider-immortal-exempt, userId=0, packageName=com.huawei.synergy should be exempted, but strategy is deny(1), fix it to allow(0)
07-30 15:07:57.796  1851 29642 I [SECURITY]: [HPS][SeAppV3][SeAppPolicySynchronizer]: assemblePackageStrategies: seAppPolicyName=contact-provider-immortal-exempt, userId=0, packageName=android.ext.shared should be exempted, but strategy is deny(1), fix it to allow(0)
07-30 15:07:57.796  1851 29642 I [SECURITY]: [HPS][SeAppV3][SeAppPolicySynchronizer]: assemblePackageStrategies: seAppPolicyName=contact-provider-immortal-exempt, userId=0, packageName=com.huawei.ohos.camera should be exempted, but strategy is deny(1), fix it to allow(0)
07-30 15:07:57.796  1851 29642 I [SECURITY]: [HPS][SeAppV3][SeAppPolicySynchronizer]: assemblePackageStrategies: seAppPolicyName=contact-provider-immortal-exempt, userId=0, packageName=com.huawei.powergenie should be exempted, but strategy is deny(1), fix it to allow(0)
07-30 15:07:57.796  1851 29642 I [SECURITY]: [HPS][SeAppV3][SeAppPolicySynchronizer]: assemblePackageStrategies: seAppPolicyName=contact-provider-immortal-exempt, userId=0, packageName=com.huawei.airlink should be exempted, but strategy is deny(1), fix it to allow(0)
07-30 15:07:57.796  1851 29642 I [SECURITY]: [HPS][SeAppV3][SeAppPolicySynchronizer]: assemblePackageStrategies: seAppPolicyName=contact-provider-immortal-exempt, userId=0, packageName=com.huawei.arengine.service should be exempted, but strategy is deny(1), fix it to allow(0)
07-30 15:07:57.796  1851 29642 I [SECURITY]: [HPS][SeAppV3][SeAppPolicySynchronizer]: assemblePackageStrategies: seAppPolicyName=contact-provider-immortal-exempt, userId=0, packageName=com.huawei.wallet should be exempted, but strategy is deny(1), fix it to allow(0)
07-30 15:07:57.796  1851 29642 I [SECURITY]: [HPS][SeAppV3][SeAppPolicySynchronizer]: assemblePackageStrategies: seAppPolicyName=contact-provider-immortal-exempt, userId=0, packageName=com.huawei.music should be exempted, but strategy is deny(1), fix it to allow(0)
07-30 15:07:57.796  1851 29642 I [SECURITY]: [HPS][SeAppV3][SeAppPolicySynchronizer]: assemblePackageStrategies: seAppPolicyName=contact-provider-immortal-exempt, userId=0, packageName=com.huawei.appmarket should be exempted, but strategy is deny(1), fix it to allow(0)
07-30 15:07:57.796  1851 29642 I [SECURITY]: [HPS][SeAppV3][SeAppPolicySynchronizer]: assemblePackageStrategies: seAppPolicyName=contact-provider-immortal-exempt, userId=0, packageName=com.huawei.sle should be exempted, but strategy is deny(1), fix it to allow(0)
07-30 15:07:57.796  1851 29642 I [SECURITY]: [HPS][SeAppV3][SeAppPolicySynchronizer]: assemblePackageStrategies: seAppPolicyName=contact-provider-immortal-exempt, userId=0, packageName=com.huawei.def should be exempted, but strategy is deny(1), fix it to allow(0)
07-30 15:07:57.796  1851 29642 I [SECURITY]: [HPS][SeAppV3][SeAppPolicySynchronizer]: assemblePackageStrategies: seAppPolicyName=contact-provider-immortal-exempt, userId=0, packageName=com.android.server.telecom should be exempted, but strategy is deny(1), fix it to allow(0)
07-30 15:07:57.796  1851 29642 I [SECURITY]: [HPS][SeAppV3][SeAppPolicySynchronizer]: assemblePackageStrategies: seAppPolicyName=contact-provider-immortal-exempt, userId=0, packageName=com.huawei.onehopsvcclient should be exempted, but strategy is deny(1), fix it to allow(0)
07-30 15:07:57.796  1851 29642 I [SECURITY]: [HPS][SeAppV3][SeAppPolicySynchronizer]: assemblePackageStrategies: seAppPolicyName=contact-provider-immortal-exempt, userId=0, packageName=com.android.wallpapercropper should be exempted, but strategy is deny(1), fix it to allow(0)
07-30 15:07:57.796  1851 29642 I [SECURITY]: [HPS][SeAppV3][SeAppPolicySynchronizer]: assemblePackageStrategies: seAppPolicyName=contact-provider-immortal-exempt, userId=0, packageName=com.huawei.hiview should be exempted, but strategy is deny(1), fix it to allow(0)
07-30 15:07:57.796  1851 29642 I [SECURITY]: [HPS][SeAppV3][SeAppPolicySynchronizer]: assemblePackageStrategies: seAppPolicyName=contact-provider-immortal-exempt, userId=0, packageName=com.android.providers.media.module should be exempted, but strategy is deny(1), fix it to allow(0)
07-30 15:07:57.796  1851 29642 I [SECURITY]: [HPS][SeAppV3][SeAppPolicySynchronizer]: assemblePackageStrategies: seAppPolicyName=contact-provider-immortal-exempt, userId=0, packageName=com.huawei.screenrecorder should be exempted, but strategy is deny(1), fix it to allow(0)
07-30 15:07:57.796  1851 29642 I [SECURITY]: [HPS][SeAppV3][SeAppPolicySynchronizer]: assemblePackageStrategies: seAppPolicyName=contact-provider-immortal-exempt, userId=0, packageName=com.huawei.himovie.partner2 should be exempted, but strategy is deny(1), fix it to allow(0)
07-30 15:07:57.796  1851 29642 I [SECURITY]: [HPS][SeAppV3][SeAppPolicySynchronizer]: assemblePackageStrategies: seAppPolicyName=contact-provider-immortal-exempt, userId=0, packageName=com.huawei.hicloud should be exempted, but strategy is deny(1), fix it to allow(0)
07-30 15:07:57.796  1851 29642 I [SECURITY]: [HPS][SeAppV3][SeAppPolicySynchronizer]: assemblePackageStrategies: seAppPolicyName=contact-provider-immortal-exempt, userId=0, packageName=com.android.certinstaller should be exempted, but strategy is deny(1), fix it to allow(0)
07-30 15:07:57.796  1851 29642 I [SECURITY]: [HPS][SeAppV3][SeAppPolicySynchronizer]: assemblePackageStrategies: seAppPolicyName=contact-provider-immortal-exempt, userId=0, packageName=com.huawei.videoeditor should be exempted, but strategy is deny(1), fix it to allow(0)
07-30 15:07:57.796  1851 29642 I [SECURITY]: [HPS][SeAppV3][SeAppPolicySynchronizer]: assemblePackageStrategies: seAppPolicyName=contact-provider-immortal-exempt, userId=0, packageName=com.huawei.fastapp should be exempted, but strategy is deny(1), fix it to allow(0)
07-30 15:07:57.796  1851 29642 I [SECURITY]: [HPS][SeAppV3][SeAppPolicySynchronizer]: assemblePackageStrategies: seAppPolicyName=contact-provider-immortal-exempt, userId=0, packageName=com.android.wallpaper.livepicker should be exempted, but strategy is deny(1), fix it to allow(0)
07-30 15:07:57.796  1851 29642 I [SECURITY]: [HPS][SeAppV3][SeAppPolicySynchronizer]: assemblePackageStrategies: seAppPolicyName=contact-provider-immortal-exempt, userId=0, packageName=com.sohu.sohuvideo.emplayer should be exempted, but strategy is deny(1), fix it to allow(0)
07-30 15:07:57.796  1851 29642 I [SECURITY]: [HPS][SeAppV3][SeAppPolicySynchronizer]: assemblePackageStrategies: seAppPolicyName=contact-provider-immortal-exempt, userId=0, packageName=com.android.shell should be exempted, but strategy is deny(1), fix it to allow(0)
07-30 15:07:57.796  1851 29642 I [SECURITY]: [HPS][SeAppV3][SeAppPolicySynchronizer]: assemblePackageStrategies: seAppPolicyName=contact-provider-immortal-exempt, userId=0, packageName=com.huawei.hiaction should be exempted, but strategy is deny(1), fix it to allow(0)
07-30 15:07:57.796  1851 29642 I [SECURITY]: [HPS][SeAppV3][SeAppPolicySynchronizer]: assemblePackageStrategies: seAppPolicyName=contact-provider-immortal-exempt, userId=0, packageName=com.huawei.gameassistant should be exempted, but strategy is deny(1), fix it to allow(0)
07-30 15:07:57.796  1851 29642 I [SECURITY]: [HPS][SeAppV3][SeAppPolicySynchronizer]: assemblePackageStrategies: seAppPolicyName=contact-provider-immortal-exempt, userId=0, packageName=com.bjbyhd.screenreader_huawei should be exempted, but strategy is deny(1), fix it to allow(0)
07-30 15:07:57.796  1851 29642 I [SECURITY]: [HPS][SeAppV3][SeAppPolicySynchronizer]: assemblePackageStrategies: seAppPolicyName=contact-provider-immortal-exempt, userId=0, packageName=com.huawei.camera should be exempted, but strategy is deny(1), fix it to allow(0)
07-30 15:07:57.796  1851 29642 I [SECURITY]: [HPS][SeAppV3][SeAppPolicySynchronizer]: assemblePackageStrategies: seAppPolicyName=contact-provider-immortal-exempt, userId=0, packageName=com.huawei.contacts should be exempted, but strategy is deny(1), fix it to allow(0)
07-30 15:07:57.796  1851 29642 I [SECURITY]: [HPS][SeAppV3][SeAppPolicySynchronizer]: assemblePackageStrategies: seAppPolicyName=contact-provider-immortal-exempt, userId=0, packageName=com.huawei.wifiprobqeservice should be exempted, but strategy is deny(1), fix it to allow(0)
07-30 15:07:57.798  1878  1878 I HiAdKit.DC.AppReceiver:  receive broadcast
07-30 15:07:57.798  1878 28994 I HiAdKit.DC.AppReceiver:  call doOnReceive
07-30 15:07:57.799  1878 28994 I HiAdKit.DC.SystemUtil:  isDeviceProvisioned: true
07-30 15:07:57.799  1878 28994 I HiAdKit.DC.ACREntry:  oobe: false
07-30 15:07:57.800  1878 28362 I HiAdKit.DC.AppDataCollectionProvider:  execute cmd: 3
07-30 15:07:57.800  1878 28362 I HiAdKit.DC.AppDataCollectionManager:  report other
07-30 15:07:57.802  2399 29660 I HiAdKit.PpsCoreService.Cmd:  isCmdAllowAccess rom: true permitRegion: 1
07-30 15:07:57.802  2399 29660 I HiAdKit.PpsCoreService.Cmd:  call method: reportConsent
07-30 15:07:57.802  2399 29660 I HiAdKit.PpsCoreService.Cmd:  callerPkg: com.huawei.hwid
07-30 15:07:57.802  1851  4823 I SEAPP_S_PolicyCore: onPolicyChanged: call back count= 5
07-30 15:07:57.803  1851  4823 I SEAPP_S_PolicyCore: onRulesChanged: call back count= 5
07-30 15:07:57.803  1851 29271 I [SECURITY]: [HPS][DEFAULT][PolicyManagerAdapter]: onPolicyReplaced: dynamic-wallpaper-immortal
07-30 15:07:57.804  1851 29273 W [SECURITY]: [HPS][DEFAULT][PopupBackgroundWindowPermission]: drop this update for invalid policy: dynamic-wallpaper-immortal
07-30 15:07:57.808  1878 28362 I NetworkSdk_CountryCodeBean: [HMSCore NetworkLog.java:1] PPS-DC-Cal-pool-thread-101|network.grs.local.model.CountryCodeBean|16|get issue_country code from VENDOR_COUNTRY
07-30 15:07:57.809  1851  7176 I HwConnectivityServiceEx: set 1110096, metered: false, value: false
07-30 15:07:57.810  1776  1776 W HwLauncher: TalkBackHelper needAnnounceAbilityForm input parameter is null
07-30 15:07:57.812  1851  4823 I SEAPP_S_PolicyCore: set runtime policy: enabled-accessibility-services
07-30 15:07:57.813  1776  1776 E ndroid.launche: Invalid ID 0x9b000000.
07-30 15:07:57.813  1776  1776 E ndroid.launche: No package ID 9b found for ID 0x9b010100.
07-30 15:07:57.813  1878 28362 I HiAdKit.DC.SystemUtil:  hasPermissions true
07-30 15:07:57.813  1776  1776 E ndroid.launche: No package ID 9b found for ID 0x9b020200.
07-30 15:07:57.813  1776  1776 E ndroid.launche: No package ID 9b found for ID 0x9b030300.
07-30 15:07:57.813  1776  1776 E ndroid.launche: No package ID 9b found for ID 0x9b040400.
07-30 15:07:57.813  1776  1776 E ndroid.launche: No package ID 9b found for ID 0x9b050500.
07-30 15:07:57.813  1776  1776 E ndroid.launche: No package ID 9b found for ID 0x9b060600.
07-30 15:07:57.813  1878 29225 I HiAdKit.DC.AtcPopupChecker:  cloud cfg hms ver:null
07-30 15:07:57.814  1878 28362 I HiAdKit.DC.SystemUtil:  hasPermissions true
07-30 15:07:57.814  1878 29225 I HiAdKit.DC.AtcPopupChecker:  cloud cfg hms ver:null
07-30 15:07:57.814  1878 28362 I HiAdKit.DC.SystemUtil:  isDeviceProvisioned: true
07-30 15:07:57.815  1851  7232 I DeviceIdentifiers: udid has been read success, return!
07-30 15:07:57.815  1878 28984 I HiAdKit.DC.AIDCP:  addAppDataCollectionToCache - cache valide time: 7200 expireTime: 1753427277815
07-30 15:07:57.817   638 16193 I keystore2: keystore2::security_level: keystore security_level create_operation caller_uid:1110096
07-30 15:07:57.818   638 16193 I keystore2: beginkeystore KeyMintDevice begin
07-30 15:07:57.818   640   640 I TEEKeyMaster: BeginKm start
07-30 15:07:57.818   640   640 I TEEKeyMaster: Disable the enhanced crypto!
07-30 15:07:57.819   640   640 I TEEKeyMaster: keymaster priority prop is configured
07-30 15:07:57.823  1851  4823 I SEAPP_S_PolicyCore: onPolicyChanged: call back count= 5
07-30 15:07:57.824  1851  4823 I SEAPP_S_PolicyCore: onRulesChanged: call back count= 5
07-30 15:07:57.824  1851 29271 I [SECURITY]: [HPS][DEFAULT][PolicyManagerAdapter]: onPolicyReplaced: enabled-accessibility-services
07-30 15:07:57.824  1851 29273 W [SECURITY]: [HPS][DEFAULT][PopupBackgroundWindowPermission]: drop this update for invalid policy: enabled-accessibility-services
07-30 15:07:57.828   640   640 I TEEKeyMaster: out_params_buffer_len = 32
07-30 15:07:57.828   640   640 I TEEKeyMaster: BeginKm success
07-30 15:07:57.828   638 16193 I keystore2: beginkeystore KeyMintDevice begin end
07-30 15:07:57.829   638 16193 I keystore2: updatekeystore KeyMintDevice update
07-30 15:07:57.829   640   640 I TEEKeyMaster: UpdateKm start
07-30 15:07:57.829   640   640 I TEEKeyMaster: Disable the enhanced crypto!
07-30 15:07:57.830   640   640 I TEEKeyMaster: keymaster priority prop is configured
07-30 15:07:57.830  1851  4823 I SEAPP_S_PolicyCore: set runtime policy: forbidden-hide-launcher-icon
07-30 15:07:57.835  1776  1776 E ndroid.launche: Invalid ID 0x9c000000.
07-30 15:07:57.835  1776  1776 E ndroid.launche: Invalid ID 0x9c000003.
07-30 15:07:57.835  1776  1776 E ndroid.launche: Invalid ID 0x9c000203.
07-30 15:07:57.835  1776  1776 E ndroid.launche: Invalid ID 0x9c000403.
07-30 15:07:57.835   640   640 I TEEKeyMaster: UpdateKm success
07-30 15:07:57.835   638 16193 I keystore2: updatekeystore KeyMintDevice update end
