07-30 15:07:57.950  1851  7176 I SensorService: SensorDevice::activate: ident=0x6f954c15c0, handle=0x00000003, enabled=1, count=5
07-30 15:07:57.950  1851 29642 I [SECURITY]: [HPS][SeAppV3][SeAppPolicySynchronizer]: assemblePackageStrategies: seAppPolicyName=launch-others-interception-target-exempt, userId=0, packageName=com.android.wallpaper.livepicker should be exempted, but strategy is deny(1), fix it to allow(0)
07-30 15:07:57.950  1851  7176 I SensorService: enable index=0
07-30 15:07:57.950  1851  7176 I SensorService: enable activate end
07-30 15:07:57.950  1851 29642 I [SECURITY]: [HPS][SeAppV3][SeAppPolicySynchronizer]: assemblePackageStrategies: seAppPolicyName=launch-others-interception-target-exempt, userId=0, packageName=com.sohu.sohuvideo.emplayer should be exempted, but strategy is deny(1), fix it to allow(0)
07-30 15:07:57.950  1851  7176 I SensorService: enable end
07-30 15:07:57.950  1851 29642 I [SECURITY]: [HPS][SeAppV3][SeAppPolicySynchronizer]: assemblePackageStrategies: seAppPolicyName=launch-others-interception-target-exempt, userId=0, packageName=com.android.shell should be exempted, but strategy is deny(1), fix it to allow(0)
07-30 15:07:57.950  1851 29642 I [SECURITY]: [HPS][SeAppV3][SeAppPolicySynchronizer]: assemblePackageStrategies: seAppPolicyName=launch-others-interception-target-exempt, userId=0, packageName=com.huawei.hiaction should be exempted, but strategy is deny(1), fix it to allow(0)
07-30 15:07:57.950  1851 29642 I [SECURITY]: [HPS][SeAppV3][SeAppPolicySynchronizer]: assemblePackageStrategies: seAppPolicyName=launch-others-interception-target-exempt, userId=0, packageName=com.huawei.gameassistant should be exempted, but strategy is deny(1), fix it to allow(0)
07-30 15:07:57.950  1851 29642 I [SECURITY]: [HPS][SeAppV3][SeAppPolicySynchronizer]: assemblePackageStrategies: seAppPolicyName=launch-others-interception-target-exempt, userId=0, packageName=com.bjbyhd.screenreader_huawei should be exempted, but strategy is deny(1), fix it to allow(0)
07-30 15:07:57.950  1851 29642 I [SECURITY]: [HPS][SeAppV3][SeAppPolicySynchronizer]: assemblePackageStrategies: seAppPolicyName=launch-others-interception-target-exempt, userId=0, packageName=com.huawei.camera should be exempted, but strategy is deny(1), fix it to allow(0)
07-30 15:07:57.950  1851 29642 I [SECURITY]: [HPS][SeAppV3][SeAppPolicySynchronizer]: assemblePackageStrategies: seAppPolicyName=launch-others-interception-target-exempt, userId=0, packageName=com.huawei.contacts should be exempted, but strategy is deny(1), fix it to allow(0)
07-30 15:07:57.950  1851 29642 I [SECURITY]: [HPS][SeAppV3][SeAppPolicySynchronizer]: assemblePackageStrategies: seAppPolicyName=launch-others-interception-target-exempt, userId=0, packageName=com.huawei.wifiprobqeservice should be exempted, but strategy is deny(1), fix it to allow(0)
07-30 15:07:57.951  1851 29273 W [SECURITY]: [HPS][DEFAULT][PopupBackgroundWindowPermission]: drop this update for invalid policy: malicious-app
07-30 15:07:57.952  1851  7176 I SensorService: disable begin
07-30 15:07:57.953  1851  7176 I SensorService: disable activate begin
07-30 15:07:57.953  1851  7176 I SensorService: SensorDevice::activate: ident=0x6f954c15c0, handle=0x00000003, enabled=0, count=5
07-30 15:07:57.953  1851  7176 I SensorService: disable index=0
07-30 15:07:57.953  1851  7176 I SensorService: 	>>> actuating h/w batch 0x00000003 300000000 0
07-30 15:07:57.953  1354  1388 E Sensors@1.3-impl: Sensors::batch: sensorHandle: 3, samplingPeriodNs: 300000000, maxReportLatencyNs: 0
07-30 15:07:57.953  1354  1388 I Sensors@1.3-impl: IsConfigParamNeedUpdate: service: 1851, sensor: 3, first set config, create it
07-30 15:07:57.953  1354  1388 I Sensors@1.3-impl: SetReportConfig: period 300000000, report interval 0
07-30 15:07:57.953  1354  1388 I Sensors@1.3-impl: GetSensorConfig: sensor: 3, Can't get param
07-30 15:07:57.953  1354  1388 I Sensors@1.3-impl: GetSensorConfig: sensor: 3, Can't get param
07-30 15:07:57.953  1354  1388 I Sensors@1.3-impl: JudgeOptimizeConfig: sensor: 3, oldPeriod: 300000000, initPeroid: 300000000
07-30 15:07:57.953  1354  1388 I Sensors@1.3-impl: GetSensorConfig: sensor: 3, Can't get param
07-30 15:07:57.953  1354  1388 I Sensors@1.3-impl: GetSensorConfig: sensor: 3, Can't get param
07-30 15:07:57.953  1354  1388 I Sensors@1.3-impl: UpdateReportConfig: sensor: 3, report config period: 300000000, reportDelay: 0
07-30 15:07:57.953  1354  1388 I Sensors@1.3-impl: UpdateSdcConfig, get report config is 300000000
07-30 15:07:57.953  1851  7176 I SensorService: disableSensor handle:3, packageName:com.huawei.lcagent.service.process.main.uecollector.UeCollectAction
07-30 15:07:57.953  1851  7176 I SensorService: disable activate end
07-30 15:07:57.953  1851  7176 I SensorService: disable end
07-30 15:07:57.955  1851  7176 I SensorService: ~SensorEventConnection begin
07-30 15:07:57.956  1851  7176 I SensorService: cleanupConnection begin
07-30 15:07:57.956  1851  7176 I SensorService: 5 active sensors
07-30 15:07:57.956  1851  7176 I SensorService: cleanupConnection end
07-30 15:07:57.956  1851  7176 I SensorService: ~SensorEventConnection end
07-30 15:07:57.958  1851  4823 I SEAPP_S_PolicyCore: set runtime policy: malicious-app-v2
07-30 15:07:57.966  1776  1776 E ndroid.launche: Invalid ID 0x9c000000.
07-30 15:07:57.966  1776  1776 E ndroid.launche: Invalid ID 0x9c000003.
07-30 15:07:57.966  1776  1776 E ndroid.launche: Invalid ID 0x9c000203.
07-30 15:07:57.966  1776  1776 E ndroid.launche: Invalid ID 0x9c000403.
07-30 15:07:57.967  1776  1776 E ndroid.launche: Invalid ID 0x9c000503.
07-30 15:07:57.967  1776  1776 E ndroid.launche: Invalid ID 0x9c000204.
07-30 15:07:57.967  1776  1776 E ndroid.launche: Invalid ID 0x9c000304.
07-30 15:07:57.967  1776  1776 E ndroid.launche: Invalid ID 0x9c000404.
07-30 15:07:57.967  1776  1776 E ndroid.launche: Invalid ID 0x9c000604.
07-30 15:07:57.967  1776  1776 W HwLauncher: TalkBackHelper needAnnounceAbilityForm input parameter is null
07-30 15:07:57.970  1776  1776 E ndroid.launche: Invalid ID 0x9c000000.
07-30 15:07:57.970  1776  1776 E ndroid.launche: Invalid ID 0x9c000003.
07-30 15:07:57.970  1776  1776 E ndroid.launche: Invalid ID 0x9c000203.
07-30 15:07:57.970  1776  1776 E ndroid.launche: Invalid ID 0x9c000403.
07-30 15:07:57.972  1851  4823 I SEAPP_S_PolicyCore: onPolicyChanged: call back count= 5
07-30 15:07:57.973  1851  4823 I SEAPP_S_PolicyCore: onRulesChanged: call back count= 5
07-30 15:07:57.973  1851 29271 I [SECURITY]: [HPS][DEFAULT][PolicyManagerAdapter]: onPolicyReplaced: malicious-app-v2
07-30 15:07:57.974  1851 29273 W [SECURITY]: [HPS][DEFAULT][PopupBackgroundWindowPermission]: drop this update for invalid policy: malicious-app-v2
07-30 15:07:57.979  1851  4823 I SEAPP_S_PolicyCore: set runtime policy: misleading-shortcut-menu
07-30 15:07:57.990  1851  4823 I SEAPP_S_PolicyCore: onPolicyChanged: call back count= 5
07-30 15:07:57.990  1851  4823 I SEAPP_S_PolicyCore: onRulesChanged: call back count= 5
07-30 15:07:57.990  1851 29271 I [SECURITY]: [HPS][DEFAULT][PolicyManagerAdapter]: onPolicyReplaced: misleading-shortcut-menu
07-30 15:07:57.990  1851  7232 I LauncherAppsService: getShortcuts callingPackage: com.huawei.android.launcher, packageName: null
07-30 15:07:57.991  1851  7232 I ShortcutService: getShortcuts ret size: 58
07-30 15:07:57.991  1851  4823 I LauncherAppsService: getShortcuts callingPackage: com.huawei.android.launcher, packageName: null
07-30 15:07:57.991  1851 29273 W [SECURITY]: [HPS][DEFAULT][PopupBackgroundWindowPermission]: drop this update for invalid policy: misleading-shortcut-menu
07-30 15:07:57.991  1851  4823 I ShortcutService: getShortcuts ret size: 86
07-30 15:07:57.996  1851  4823 I SEAPP_S_PolicyCore: set runtime policy: shielding-gesture-area
07-30 15:07:58.001  7526  7561 W HiApp.PM/DealTheTaskWhenInstalled: pool-6-thread-1{13883}  gtask is null, pkg: io.github.ylimit.droidbotapp
07-30 15:07:58.005  1851  4823 I SEAPP_S_PolicyCore: onPolicyChanged: call back count= 5
07-30 15:07:58.005  1851  4823 I SEAPP_S_PolicyCore: onRulesChanged: call back count= 5
07-30 15:07:58.006  1851 29271 I [SECURITY]: [HPS][DEFAULT][PolicyManagerAdapter]: onPolicyReplaced: shielding-gesture-area
07-30 15:07:58.006  1851 29273 W [SECURITY]: [HPS][DEFAULT][PopupBackgroundWindowPermission]: drop this update for invalid policy: shielding-gesture-area
07-30 15:07:58.010  1776  1776 W HwLauncher: TalkBackHelper needAnnounceAbilityForm input parameter is null
07-30 15:07:58.012  4741  4924 I OllieMsgCenter: publishEvt=2135097353
07-30 15:07:58.012  1776  1776 E ndroid.launche: No package ID 9c found for ID 0x9c010000.
07-30 15:07:58.012  1776  1776 E ndroid.launche: No package ID 9c found for ID 0x9c010100.
07-30 15:07:58.012  1776  1776 E ndroid.launche: No package ID 9c found for ID 0x9c010200.
07-30 15:07:58.012  1776  1776 E ndroid.launche: No package ID 9c found for ID 0x9c010300.
07-30 15:07:58.012  1776  1776 E ndroid.launche: No package ID 9c found for ID 0x9c010400.
07-30 15:07:58.012  1776  1776 E ndroid.launche: No package ID 9c found for ID 0x9c010001.
07-30 15:07:58.012  1776  1776 E ndroid.launche: No package ID 9c found for ID 0x9c010101.
07-30 15:07:58.012  1776  1776 E ndroid.launche: No package ID 9c found for ID 0x9c010201.
07-30 15:07:58.012  1776  1776 E ndroid.launche: No package ID 9c found for ID 0x9c010301.
07-30 15:07:58.012  1776  1776 E ndroid.launche: No package ID 9c found for ID 0x9c010401.
07-30 15:07:58.012  1776  1776 E ndroid.launche: No package ID 9c found for ID 0x9c010500.
07-30 15:07:58.014  1776  1776 W HwLauncher: TalkBackHelper needAnnounceAbilityForm input parameter is null
07-30 15:07:58.014  1776  1776 W HwLauncher: TalkBackHelper needAnnounceAbilityForm input parameter is null
07-30 15:07:58.015  1851  7176 I SEAPP_S_PolicyCore: set runtime policy: silent-audio-immortal
07-30 15:07:58.018  4274  4274 I HwScreenRecorderTimer: updateCapsuleState isTransientShown=false isStatusBarWindowShown=true hasScreenRecorderTimer=false isPanelExpand=false
07-30 15:07:58.018  4274  4274 I HwCapsuleDataConsumer: onDataProduce isAnimatorRunning=false
07-30 15:07:58.021  4274  4274 I NotifSectionsManager: updateFirstAndLastViewsForAllSections, changed:false
07-30 15:07:58.022  4274  4274 I HwStatusBarCapsuleHelper: onCapsuleDataUpdate isOverlay=true, mIsCapsuleLauncherAnimationStart=false
07-30 15:07:58.022  4274  4274 I HwStatusBarCapsuleView: hide capsule
07-30 15:07:58.023  4274  4274 I HwStatusBarCapsuleHelper: onCapsuleDataUpdate isOverlay=false, mIsCapsuleLauncherAnimationStart=false
07-30 15:07:58.023  4274  4274 I HwStatusBarCapsuleView: hide capsule
07-30 15:07:58.023  1776  1776 W HwLauncher: TalkBackHelper needAnnounceAbilityForm input parameter is null
07-30 15:07:58.023  1776  1776 E ndroid.launche: No package ID 9c found for ID 0x9c010002.
07-30 15:07:58.024  1776  1776 E ndroid.launche: No package ID 9c found for ID 0x9c010003.
07-30 15:07:58.024  1776  1776 E ndroid.launche: No package ID 9c found for ID 0x9c010103.
07-30 15:07:58.024  1776  1776 E ndroid.launche: No package ID 9c found for ID 0x9c010203.
07-30 15:07:58.024  1851  7176 I SEAPP_S_PolicyCore: onPolicyChanged: call back count= 5
07-30 15:07:58.025  1776  1776 E ndroid.launche: No package ID 9c found for ID 0x9c010303.
07-30 15:07:58.025  1851  7176 I SEAPP_S_PolicyCore: onRulesChanged: call back count= 5
07-30 15:07:58.025  1851 29271 I [SECURITY]: [HPS][DEFAULT][PolicyManagerAdapter]: onPolicyReplaced: silent-audio-immortal
07-30 15:07:58.025  1776  1776 E ndroid.launche: No package ID 9c found for ID 0x9c010403.
07-30 15:07:58.026  1776  1776 E ndroid.launche: No package ID 9c found for ID 0x9c010503.
07-30 15:07:58.026  1851 29273 W [SECURITY]: [HPS][DEFAULT][PopupBackgroundWindowPermission]: drop this update for invalid policy: silent-audio-immortal
07-30 15:07:58.026  1776  1776 E ndroid.launche: No package ID 9c found for ID 0x9c010004.
07-30 15:07:58.026  1776  1776 E ndroid.launche: No package ID 9c found for ID 0x9c010104.
07-30 15:07:58.027  1776  1776 E ndroid.launche: No package ID 9c found for ID 0x9c010204.
07-30 15:07:58.027  1776  1776 E ndroid.launche: No package ID 9c found for ID 0x9c010304.
07-30 15:07:58.027  1776  1776 E ndroid.launche: No package ID 9c found for ID 0x9c010404.
07-30 15:07:58.029  1776  1776 E ndroid.launche: No package ID 9c found for ID 0x9c010504.
07-30 15:07:58.031  1851  7210 I SEAPP_S_PolicyCore: set runtime policy: system-app-illusion
07-30 15:07:58.032  1776  1776 E ndroid.launche: No package ID 9c found for ID 0x9c010604.
07-30 15:07:58.033  1776  1776 E ndroid.launche: No package ID 9c found for ID 0x9c010604.
07-30 15:07:58.034  1776  1776 E ndroid.launche: No package ID 9c found for ID 0x9c020000.
07-30 15:07:58.034  1776  1776 W HwLauncher: TalkBackHelper needAnnounceAbilityForm input parameter is null
07-30 15:07:58.034  1776  1776 W HwLauncher: TalkBackHelper needAnnounceAbilityForm input parameter is null
07-30 15:07:58.039  7526  7526 I PackageReceiver: receive PackageReceiver
07-30 15:07:58.039   907   907 E CompositionEngine: [com.android.packageinstaller/com.android.packageinstaller.InstallSuccess#9982] Invalid device requested composition type change: CLIENT (1) --> DEVICE (2)
07-30 15:07:58.039  7526  7526 I PackageReceiver: not daemon app or action is null : io.github.ylimit.droidbotapp, action : android.intent.action.PACKAGE_ADDED
07-30 15:07:58.041  1851  7210 I SEAPP_S_PolicyCore: onPolicyChanged: call back count= 5
07-30 15:07:58.041  1851  7210 I SEAPP_S_PolicyCore: onRulesChanged: call back count= 5
07-30 15:07:58.041  1851 29271 I [SECURITY]: [HPS][DEFAULT][PolicyManagerAdapter]: onPolicyReplaced: system-app-illusion
07-30 15:07:58.041  1851 29273 W [SECURITY]: [HPS][DEFAULT][PopupBackgroundWindowPermission]: drop this update for invalid policy: system-app-illusion
07-30 15:07:58.047  1851  7210 I SEAPP_S_PolicyCore: set runtime policy: tile-service-immortal
07-30 15:07:58.047  1776  1776 W HwLauncher: TalkBackHelper needAnnounceAbilityForm input parameter is null
07-30 15:07:58.056  1851  7210 I SEAPP_S_PolicyCore: onPolicyChanged: call back count= 5
07-30 15:07:58.056  1851  7210 I SEAPP_S_PolicyCore: onRulesChanged: call back count= 5
07-30 15:07:58.056  1851 29271 I [SECURITY]: [HPS][DEFAULT][PolicyManagerAdapter]: onPolicyReplaced: tile-service-immortal
07-30 15:07:58.057  1851 29273 W [SECURITY]: [HPS][DEFAULT][PopupBackgroundWindowPermission]: drop this update for invalid policy: tile-service-immortal
07-30 15:07:58.063  1851  7210 I SEAPP_S_PolicyCore: set runtime policy: weird-custom-notification
07-30 15:07:58.071  1776  1776 W HwLauncher: TalkBackHelper needAnnounceAbilityForm input parameter is null
07-30 15:07:58.071  1851  7210 I SEAPP_S_PolicyCore: onPolicyChanged: call back count= 5
07-30 15:07:58.072  1851  7210 I SEAPP_S_PolicyCore: onRulesChanged: call back count= 5
07-30 15:07:58.072  1851 29271 I [SECURITY]: [HPS][DEFAULT][PolicyManagerAdapter]: onPolicyReplaced: weird-custom-notification
07-30 15:07:58.073  1851 29273 W [SECURITY]: [HPS][DEFAULT][PopupBackgroundWindowPermission]: drop this update for invalid policy: weird-custom-notification
07-30 15:07:58.073 13836 15904 I FormalHASDK: HAImpl==> onEvent. tag:_default_config_tag, type:0, eventId:2030300101
07-30 15:07:58.075 13836 13879 E HiApp.PCS/PolicyItemUtils: PermissionConfigInfoManager-0{7700} get app permission is error, because appPermissionControls is empty
07-30 15:07:58.079 14736 14736 I CAWARENESS_32379_AndroidBroadcastAbility: onReceive intent
07-30 15:07:58.079 14736 14772 I CAWARENESS_32379_AbilityContext: [1753859293044] deliver {dataId=100000262, mode=0} to 1 receivers
07-30 15:07:58.080 14736 24137 I CAWARENESS_32379_PackageStateAbility: dealWithPackageAddedEvent PackageAddedEvent{packageName=io.github.ylimit.droidbotapp', isReplace=false}
07-30 15:07:58.080 14736 24137 I CAWARENESS_32379_AbilityContext: [1753859293044] deliver {dataId=100000261, mode=0} to 2 receivers
07-30 15:07:58.080 14736 17791 I CAWARENESS_32379_SharedIntentHandleAbility: onDataReceive: 1
07-30 15:07:58.080 14736 17791 I CAWARENESS_32379_SharedIntentHandleAbility: handlePackageAddedEvent
07-30 15:07:58.080 14736 17791 I CAWARENESS_32379_SharedIntentHandleAbility: handlePackageAddedEvent: io.github.ylimit.droidbotapp
07-30 15:07:58.088  7688  7688 I WindowManager: trimMemory level: 40
07-30 15:07:58.088  1776  1776 E ndroid.launche: Invalid ID 0x9b000000.
07-30 15:07:58.088  1776  1776 E ndroid.launche: No package ID 9b found for ID 0x9b010100.
07-30 15:07:58.088  1776  1776 E ndroid.launche: No package ID 9b found for ID 0x9b020200.
07-30 15:07:58.088  1776  1776 E ndroid.launche: No package ID 9b found for ID 0x9b030300.
07-30 15:07:58.088  1776  1776 E ndroid.launche: No package ID 9b found for ID 0x9b040400.
07-30 15:07:58.088  1776  1776 E ndroid.launche: No package ID 9b found for ID 0x9b050500.
07-30 15:07:58.089  1776  1776 E ndroid.launche: No package ID 9b found for ID 0x9b060600.
07-30 15:07:58.089  1776  1776 E ndroid.launche: Invalid ID 0x9b000000.
07-30 15:07:58.089  1776  1776 E ndroid.launche: No package ID 9b found for ID 0x9b010100.
07-30 15:07:58.089  1776  1776 E ndroid.launche: No package ID 9b found for ID 0x9b020200.
07-30 15:07:58.089  1776  1776 E ndroid.launche: No package ID 9b found for ID 0x9b030300.
07-30 15:07:58.089  1776  1776 E ndroid.launche: No package ID 9b found for ID 0x9b040400.
07-30 15:07:58.089  1776  1776 E ndroid.launche: No package ID 9b found for ID 0x9b050500.
07-30 15:07:58.089  1776  1776 E ndroid.launche: No package ID 9b found for ID 0x9b060600.
07-30 15:07:58.112  1776  1776 E ndroid.launche: Invalid ID 0x9c000000.
07-30 15:07:58.112  1776  1776 E ndroid.launche: Invalid ID 0x9c000003.
07-30 15:07:58.112  1776  1776 E ndroid.launche: Invalid ID 0x9c000203.
07-30 15:07:58.112  1776  1776 E ndroid.launche: Invalid ID 0x9c000403.
07-30 15:07:58.112  1776  1776 E ndroid.launche: Invalid ID 0x9c000503.
07-30 15:07:58.112  1776  1776 E ndroid.launche: Invalid ID 0x9c000204.
07-30 15:07:58.113  1776  1776 E ndroid.launche: Invalid ID 0x9c000304.
07-30 15:07:58.113  1776  1776 E ndroid.launche: Invalid ID 0x9c000404.
07-30 15:07:58.113  1776  1776 E ndroid.launche: Invalid ID 0x9c000604.
07-30 15:07:58.113  1776  1776 W HwLauncher: TalkBackHelper needAnnounceAbilityForm input parameter is null
07-30 15:07:58.116  1776  1776 E ndroid.launche: Invalid ID 0x9c000000.
07-30 15:07:58.116  1776  1776 E ndroid.launche: Invalid ID 0x9c000003.
07-30 15:07:58.116  1776  1776 E ndroid.launche: Invalid ID 0x9c000203.
07-30 15:07:58.116  1776  1776 E ndroid.launche: Invalid ID 0x9c000403.
07-30 15:07:58.116  1776  1776 E ndroid.launche: Invalid ID 0x9c000503.
07-30 15:07:58.116  1776  1776 E ndroid.launche: Invalid ID 0x9c000204.
07-30 15:07:58.116  1776  1776 E ndroid.launche: Invalid ID 0x9c000304.
07-30 15:07:58.116  1776  1776 E ndroid.launche: Invalid ID 0x9c000404.
07-30 15:07:58.116  1776  1776 E ndroid.launche: Invalid ID 0x9c000604.
07-30 15:07:58.158  1776  1776 W HwLauncher: TalkBackHelper needAnnounceAbilityForm input parameter is null
07-30 15:07:58.166  1776  1776 E ndroid.launche: No package ID 9c found for ID 0x9c010000.
07-30 15:07:58.166  1776  1776 E ndroid.launche: No package ID 9c found for ID 0x9c010100.
07-30 15:07:58.166  1776  1776 E ndroid.launche: No package ID 9c found for ID 0x9c010200.
07-30 15:07:58.166  1776  1776 E ndroid.launche: No package ID 9c found for ID 0x9c010300.
07-30 15:07:58.166  1776  1776 E ndroid.launche: No package ID 9c found for ID 0x9c010400.
07-30 15:07:58.167  1776  1776 E ndroid.launche: No package ID 9c found for ID 0x9c010001.
07-30 15:07:58.167  1776  1776 E ndroid.launche: No package ID 9c found for ID 0x9c010101.
07-30 15:07:58.167  1776  1776 E ndroid.launche: No package ID 9c found for ID 0x9c010201.
07-30 15:07:58.167  1776  1776 E ndroid.launche: No package ID 9c found for ID 0x9c010301.
07-30 15:07:58.167  1776  1776 E ndroid.launche: No package ID 9c found for ID 0x9c010401.
07-30 15:07:58.167  1776  1776 E ndroid.launche: No package ID 9c found for ID 0x9c010500.
07-30 15:07:58.169  1776  1776 W HwLauncher: TalkBackHelper needAnnounceAbilityForm input parameter is null
07-30 15:07:58.170  1776  1776 W HwLauncher: TalkBackHelper needAnnounceAbilityForm input parameter is null
07-30 15:07:58.178  1776  1776 W HwLauncher: TalkBackHelper needAnnounceAbilityForm input parameter is null
07-30 15:07:58.178  1776  1776 E ndroid.launche: No package ID 9c found for ID 0x9c010002.
07-30 15:07:58.188  1776  1776 E ndroid.launche: No package ID 9c found for ID 0x9c010003.
07-30 15:07:58.190  1776  1776 E ndroid.launche: No package ID 9c found for ID 0x9c010103.
07-30 15:07:58.191  1776  1776 E ndroid.launche: No package ID 9c found for ID 0x9c010203.
07-30 15:07:58.192  1776  1776 E ndroid.launche: No package ID 9c found for ID 0x9c010303.
07-30 15:07:58.192  1776  1776 E ndroid.launche: No package ID 9c found for ID 0x9c010403.
07-30 15:07:58.193  1776  1776 E ndroid.launche: No package ID 9c found for ID 0x9c010503.
07-30 15:07:58.193  1776  1776 E ndroid.launche: No package ID 9c found for ID 0x9c010004.
07-30 15:07:58.194  1776  1776 E ndroid.launche: No package ID 9c found for ID 0x9c010104.
07-30 15:07:58.194  1776  1776 E ndroid.launche: No package ID 9c found for ID 0x9c010204.
07-30 15:07:58.195  1776  1776 E ndroid.launche: No package ID 9c found for ID 0x9c010304.
07-30 15:07:58.199  1776  1776 E ndroid.launche: No package ID 9c found for ID 0x9c010404.
07-30 15:07:58.210  1776  1776 E ndroid.launche: No package ID 9c found for ID 0x9c010504.
07-30 15:07:58.213  1776  1776 E ndroid.launche: No package ID 9c found for ID 0x9c010604.
07-30 15:07:58.214  1776  1776 E ndroid.launche: No package ID 9c found for ID 0x9c010604.
07-30 15:07:58.217  1776  1776 E ndroid.launche: No package ID 9c found for ID 0x9c020000.
07-30 15:07:58.217  1776  1776 W HwLauncher: TalkBackHelper needAnnounceAbilityForm input parameter is null
07-30 15:07:58.217  1776  1776 W HwLauncher: TalkBackHelper needAnnounceAbilityForm input parameter is null
07-30 15:07:58.229  1776  1776 W HwLauncher: RtFloatViewUtils Failed to showOrHide icon 
07-30 15:07:58.229   907  1927 I SurfaceFlingerEx: OnAnimationMonitorExit type: 57
07-30 15:07:58.229  1851  4823 I RemoteAnimationController: onAnimationFinished(): Notify animation finished:
07-30 15:07:58.229  1851  4823 I WindowManager: send SET_LAUNCHER_VISIBLE_IN_FINGER_BOOST visible: true,delay:0, handle:true, userId:11, callingPid: 1851
07-30 15:07:58.229  1851  1883 I WindowManager: handle SET_LAUNCHER_VISIBLE_IN_FINGER_BOOST visible:true handle:true userId:11, currentUserId:11
07-30 15:07:58.230  1851  4823 I WindowManager: onAnimationFinished task=1100042
07-30 15:07:58.230  1851  4823 I ActivityTaskManager: onAnimationFinished, mTransit: 0startSplitScreenFlag:false
07-30 15:07:58.231  1851  4823 I WindowManager: onAnimationFinished task=290
07-30 15:07:58.231  1851  4823 I ActivityTaskManager: onAnimationFinished, mTransit: 0startSplitScreenFlag:false
07-30 15:07:58.231  1851  4823 E HwWindowManagerServiceEx: AnimationTurbo wms null buffer to draw icon or is invalid
07-30 15:07:58.231  1851  4451 E AwareLog: AnimationPerformance: invalid strategy
07-30 15:07:58.231  4588  9291 I ApsSceneManager: APS: APK: setSceneInfoToAgp: scene:APP_BACK_ANIMATION, scnenCategory:APP_BACK_ANIMATION, state:0
07-30 15:07:58.231  4588  9291 I ApsBdata: cacheSceneInfo come scene: APP_BACK_ANIMATION, state: 0
07-30 15:07:58.231  1315 26201 I AGPService: Bn-> aps-info: set scene info - scene: APP_BACK_ANIMATION, sceneCategory: APP_BACK_ANIMATION, status: 0, priorityLevel: 0
07-30 15:07:58.231  1315 26201 I AGPService: FrameRateManager:[UpdateSceneStatus] scene APP_BACK_ANIMATION and sceneCategory APP_BACK_ANIMATION exit
07-30 15:07:58.231  1315  1353 I AGPService: FrameRateManager:[CheckAnimationTimeOut] timeout animation check Before 0, After 0
07-30 15:07:58.231  1315  1353 I AGPService: FrameRateManager:[HandleFrameRateRefresh] currPkgName: com.huawei.android.launcher, strategyCode 6090: dynamicCode 1, isFactor 0, min 60, max 90, down 90, idle 60
07-30 15:07:58.231  1315  1353 I AGPService: FrameRateManager:[JudgeFinalLcdFps] sceneinfo(0, -2, 0, 0);touchinfo(1, 0, 2, 90);isFHF 0 animFps -1 sfFps 0 damageFps -1 pkg  isSurface 1
07-30 15:07:58.231  1315  1353 I AGPService: FrameRateManager:[JudgeFinalLcdFps] Finish judging and final lcd fps: 90
07-30 15:07:58.232  1315  1353 I AGPService: display get fps - current_fps:90;default_fps:120;support_fps_list:120,45,48,60,72,90,144;product_panel_num:1;current_panel_id:0;panel_id:0;panel_type:LTPO2;support_fps:120,45,48,60,72,90,144
07-30 15:07:58.232  1315  1360 I AGPService: FrameRateManager:[SetActiveConfigByFps] reset Pkg isSurface, AnimFps -1, fps to sf 90
07-30 15:07:58.232   907  1927 I SurfaceFlinger: changeRefreshRate: new mode 5, fps 90, active display 0
07-30 15:07:58.232   907  1927 I DisplayDevice: setDesiredActiveMode: already at the desired mode 5
07-30 15:07:58.233  1315  1360 I AGPService: FrameRateManager: set active config - fps 90 pkgName  isSurface 1
07-30 15:07:58.233  1315  1360 I AGPService: FrameRefreshThread: [CheckRefreshRateSuccess]: fps 90
07-30 15:07:58.233   852   852 E HW_DISPLAY_TEST: ltpo_set_fps: open file /sys/class/graphics/fb0/lcd_fps_cmd fail
07-30 15:07:58.233   852   852 E vendor.huawei.hardware.hwdisplay@1.1-service: call display_set_brightness failed: -1
07-30 15:07:58.233  1315  1360 E AGPService: DisplayFreqClient: displaySetFps error, freqIndex: 4, ret: -2
07-30 15:07:58.233  1315  1360 I AGPService: display get fps - current_fps:90;default_fps:120;support_fps_list:120,45,48,60,72,90,144;product_panel_num:1;current_panel_id:0;panel_id:0;panel_type:LTPO2;support_fps:120,45,48,60,72,90,144
07-30 15:07:58.233  1315  1360 I AGPService: FrameRefreshThread: set refreshrate finished, tryRefreshCount = 0, lcdFps = 90
07-30 15:07:58.235  1315  1360 E ITouchService: itouch OneFrameDetect instance is nullptr or oneFrameSwitch is not change
07-30 15:07:58.236  7688 24108 W BufferQueueProducer: [com.android.packageinstaller/com.android.packageinstaller.InstallSuccess#17(BLAST Consumer)17](id:1e0800000011,api:0,p:-1,c:7688) disconnect: not connected (req=1)
07-30 15:07:58.236  7688 24108 W libEGL  : EGLNativeWindowType 0x7055a4e010 disconnect failed
07-30 15:07:58.237  1851  1883 I WindowManager: setLauncherVisible setAlpha to 1.0
07-30 15:07:58.238   907   907 I Layer   : [*#9993] reparent null
07-30 15:07:58.238   907   907 I SurfaceFlinger: setClientStateLocked: DelAnimationInfo layer Surface(name=Task=290)/@0xa8ef323 - animation-leash of app_transition#9993
07-30 15:07:58.238   907   907 I Layer   : [*#9995] reparent null
07-30 15:07:58.238   907   907 I Layer   : [*#9994] reparent null
07-30 15:07:58.238   907   907 I SurfaceFlinger: setClientStateLocked: DelAnimationInfo layer Surface(name=Task=1100042)/@0xbb5e0db - animation-leash of app_transition#9994
07-30 15:07:58.238   907   907 I Layer   : setFlags: com.android.packageinstaller/com.android.packageinstaller.InstallSuccess#9982 hide
07-30 15:07:58.238  1851  7210 I WindowManager: tryStartExitingAnimation destroySurface win=Window{cf19ac5 u11 com.android.packageinstaller/com.android.packageinstaller.InstallSuccess}
07-30 15:07:58.243  1851  1883 W WindowManager: onAppTransitionFinishedLocked
07-30 15:07:58.246  4588  9291 W ApsSceneManager: APS: APK: removeSceneInfo: unknow scene!
07-30 15:07:58.246  1851  1881 E system_server: MPAM LoadFile error, error code:3, path:/odm/etc/xml/cas/mpam_config.xml
07-30 15:07:58.247  7688 24808 I LifecycleTransaction: lifecycleStateRequest DestroyActivityItem{finished=true,mConfigChanges=0}
07-30 15:07:58.251  1776  1776 W HwLauncher: TalkBackHelper needAnnounceAbilityForm input parameter is null
07-30 15:07:58.251  1851  2124 E AwareLog: CpuProcessInherit: files null 
07-30 15:07:58.252  1851  2124 W AwareLog: SchedLevelBoost: onFgActivitiesChanged config not set!
07-30 15:07:58.255  1851  7232 W Restriction_RestrictionManager: setPermissionRestrictionInfo:only support main user
07-30 15:07:58.255  7688  7688 I ActivityThread: Remove activity client record, r= ActivityRecord{1f5c3f6 token=android.os.BinderProxy@548a37a {com.android.packageinstaller/com.android.packageinstaller.InstallSuccess}} token= android.os.BinderProxy@548a37a
07-30 15:07:58.255  7688  7688 I InputMethodManager: setNextServedViewLocked in view is null
07-30 15:07:58.256  7688  7688 I InputMethodManager: FINISH INPUT: mServedView = :DecorView@aaf7730[InstallSuccess],focus=false,windowFocus=false,autofillUiShowing=false,window=android.view.ViewRootImpl$W@2268fa9,displayId=0,temporaryDetach=false,hasImeFocus=true
07-30 15:07:58.256  7688  7688 I InputMethodManager: getServedView is DecorView@aaf7730[InstallSuccess]
07-30 15:07:58.256  7688  7688 I InputMethodManager: setServedViewLocked in view is null
07-30 15:07:58.256  7688  7688 I InputMethodManager: set currentRootView to : null, getDisplayId=0
07-30 15:07:58.256   847  9129 I audio_hw_usbaudio_ext: [get_extension_typec_parameters:189]: check show hires (false)
07-30 15:07:58.258  1851  7176 I WindowManager: removeIfPossible: Window{cf19ac5 u11 com.android.packageinstaller/com.android.packageinstaller.InstallSuccess} callers=com.android.server.wm.WindowState.removeIfPossible:3430 com.android.server.wm.WindowManagerService.removeWindow:2942 com.android.server.wm.Session.remove:228 android.view.IWindowSession$Stub.onTransact:897 com.android.server.wm.Session.onTransact:179 
07-30 15:07:58.258  1851  7176 W InputManager-JNI: Input channel object 'cf19ac5 com.android.packageinstaller/com.android.packageinstaller.InstallSuccess (client)' was disposed without first being removed with the input manager!
07-30 15:07:58.259   907  1281 I Layer   : Surface(name=9cd6568 InputMethod)/@0x5bd16b2 - animation-leash of insets_animation#9996: created
07-30 15:07:58.259  1851  7176 I WindowManager: Removing Window{cf19ac5 u11 com.android.packageinstaller/com.android.packageinstaller.InstallSuccess} from ActivityRecord{d45369c u11 com.android.packageinstaller/.InstallSuccess t1100042 f}}
07-30 15:07:58.261   907   907 I Layer   : [*#9982] reparent null
07-30 15:07:58.261  1851  7176 I WindowManager: skip notifyInsetsControlChanged, mAppDied:falsemRemoved:true
07-30 15:07:58.261   907   907 I Layer   : com.android.packageinstaller/com.android.packageinstaller.InstallSuccess#9982: destroyed
07-30 15:07:58.262  1851  7176 I HwInputMethodManagerService: removeImeSurface
07-30 15:07:58.267 13836 13879 W HiApp.PM/DealTheTaskWhenInstalled: pool-9-thread-1{7681}  gtask is null, pkg: io.github.ylimit.droidbotapp
07-30 15:07:58.268  1851  7232 I WindowManager: removeWindowToken: displayid:0 binder:Token{8ae61b3 ActivityRecord{d45369c u11 com.android.packageinstaller/.InstallSuccess t1100042 f}}} token:ActivityRecord{d45369c u11 com.android.packageinstaller/.InstallSuccess t1100042 f}}
07-30 15:07:58.268  1851  7232 I TaskSnapshotCache: remove snapshot size=18 taskId=1100042
07-30 15:07:58.268  1851  7232 I TaskSnapshot: taskId:1100042 Callers=com.android.server.wm.TaskSnapshotCache.removeRunningEntry:427 com.android.server.wm.TaskSnapshotCache.removeRunningEntry:379 com.android.server.wm.TaskSnapshotCache.onAppRemoved:284 com.android.server.wm.TaskSnapshotController.onAppRemoved:1137 com.android.server.wm.ActivityRecord.onRemovedFromDisplay:5172 com.android.server.wm.DisplayContent.removeAppToken:1736 com.android.server.wm.ActivityRecord.removeAppTokenFromDisplay:3568 com.android.server.wm.ActivityRecord.removeFromHistory:4867 
07-30 15:07:58.269  1851  7232 I WindowManager: removeWindowToken: displayid:0 binder:Token{8ae61b3 ActivityRecord{d45369c u11 com.android.packageinstaller/.InstallSuccess t1100042 f}}} token:null
07-30 15:07:58.269  1851  7232 I WindowManager: removeChild: child=ActivityRecord{d45369c u11 com.android.packageinstaller/.InstallSuccess t1100042 f}} reason=removeChild
07-30 15:07:58.269   907  1927 I Layer   : Task=1100042#9997: created
07-30 15:07:58.270  1851  7232 W ActivityTaskManager: stopFreezingScreen return caused by mFreezingScreen=false this=ActivityRecord{d45369c u11 com.android.packageinstaller/.InstallSuccess t-1 f}}
07-30 15:07:58.270  1851  7232 W ActivityTaskManager: stopFreezingScreen return caused by mFreezingScreen false.
07-30 15:07:58.270  1851  7232 W HwActivityTaskManagerServiceEx: invalid param when resuming applock
07-30 15:07:58.271  1851  1884 I TaskOrganizerController: onTaskVanished task: 1100042
07-30 15:07:58.271  1851  1884 W ActivityTaskManager: Can't find TaskDisplayArea to determine support for multi window. Task id=1100042 attached=false
07-30 15:07:58.271  1851  1884 W ActivityTaskManager: Can't find TaskDisplayArea to determine support for multi window. Task id=1100042 attached=false
07-30 15:07:58.272  4274  4274 I ShellTaskOrganizer: onTaskVanished taskId: 1100042
07-30 15:07:58.272   907   907 I Layer   : [*#9981] reparent null
07-30 15:07:58.272   907   907 I Layer   : [*#9988] reparent null
07-30 15:07:58.272   907   907 I Layer   : [*#9980] reparent null
07-30 15:07:58.272   907   907 I Layer   : [*#9934] reparent null
07-30 15:07:58.272   907   907 I Layer   : [*#9997] reparent null
07-30 15:07:58.272   907   907 I Layer   : Task=1100042#9997: destroyed
07-30 15:07:58.272   907   907 I Layer   : Surface(name=f003704 InputMethod)/@0x4930f22 - animation-leash of insets_animation#9919: destroyed
07-30 15:07:58.272   907   907 I Layer   : Surface(name=9cd6568 InputMethod)/@0x5bd16b2 - animation-leash of insets_animation#9988: destroyed
07-30 15:07:58.272   907   907 I Layer   : cf19ac5 com.android.packageinstaller/com.android.packageinstaller.InstallSuccess#9981: destroyed
07-30 15:07:58.272   907   907 I Layer   : ActivityRecord{d45369c u11 com.android.packageinstaller/.InstallSuccess t1100042}#9980: destroyed
07-30 15:07:58.273 23136 23136 W HwLauncher: LauncherDeviceManagerService getCachedLocalDevice: device Manager did not complete initialization
07-30 15:07:58.273 23136 23136 W HwLauncher: LauncherDeviceManagerService getCachedLocalDevice: device Manager did not complete initialization
07-30 15:07:58.274  1776  1776 W HwLauncher: LauncherDeviceManagerService getCachedLocalDevice: device Manager did not complete initialization
07-30 15:07:58.274  1776  1776 W HwLauncher: LauncherDeviceManagerService getCachedLocalDevice: device Manager did not complete initialization
07-30 15:07:58.275  1776  1776 W HwLauncher: TalkBackHelper needAnnounceAbilityForm input parameter is null
07-30 15:07:58.276  1776  1776 E ndroid.launche: Invalid ID 0x9b000000.
07-30 15:07:58.277  1776  1776 E ndroid.launche: No package ID 9b found for ID 0x9b010100.
07-30 15:07:58.277  1776  1776 E ndroid.launche: No package ID 9b found for ID 0x9b020200.
07-30 15:07:58.277  1776  1776 E ndroid.launche: No package ID 9b found for ID 0x9b030300.
07-30 15:07:58.277  1776  1776 E ndroid.launche: No package ID 9b found for ID 0x9b040400.
07-30 15:07:58.277  1776  1776 E ndroid.launche: No package ID 9b found for ID 0x9b050500.
07-30 15:07:58.278  1776  1776 E ndroid.launche: No package ID 9b found for ID 0x9b060600.
07-30 15:07:58.321 13836 13836 I PackageReceiver: receive PackageReceiver
07-30 15:07:58.321 13836 13836 I PackageReceiver: not daemon app or action is null : io.github.ylimit.droidbotapp, action : android.intent.action.PACKAGE_ADDED
07-30 15:07:58.328  1776  1776 E ndroid.launche: Invalid ID 0x9c000000.
07-30 15:07:58.328  1776  1776 E ndroid.launche: Invalid ID 0x9c000003.
07-30 15:07:58.328  1776  1776 E ndroid.launche: Invalid ID 0x9c000203.
07-30 15:07:58.328  1776  1776 E ndroid.launche: Invalid ID 0x9c000403.
07-30 15:07:58.328  1776  1776 E ndroid.launche: Invalid ID 0x9c000503.
07-30 15:07:58.328  1776  1776 E ndroid.launche: Invalid ID 0x9c000204.
07-30 15:07:58.328  1776  1776 E ndroid.launche: Invalid ID 0x9c000304.
07-30 15:07:58.328  1776  1776 E ndroid.launche: Invalid ID 0x9c000404.
07-30 15:07:58.328  1776  1776 E ndroid.launche: Invalid ID 0x9c000604.
07-30 15:07:58.356  1350  8694 I CPU_STATS: iawared: query next cpu load with 2!
07-30 15:07:58.356  1350  8694 I CPU_STATS: total cost time 2003093229 ns
07-30 15:07:58.356  1350  8694 I CPU_STATS: iawared: current total load is 0.508355, capacity : 5166, pre load:  9741649213279, current load : 9746786365177
07-30 15:07:58.358  1350  8694 I AwareLog: iawared send to iaware: 13836->0.021079
07-30 15:07:58.358  1350  8694 I CPU_STATS: read once cost time 2482 us
07-30 15:07:58.364  1776  1776 W HwLauncher: TalkBackHelper needAnnounceAbilityForm input parameter is null
07-30 15:07:58.369  1776  1776 W HwLauncher: TalkBackHelper needAnnounceAbilityForm input parameter is null
07-30 15:07:58.370  1776  1776 E ndroid.launche: No package ID 9c found for ID 0x9c010000.
07-30 15:07:58.370  1776  1776 E ndroid.launche: No package ID 9c found for ID 0x9c010100.
07-30 15:07:58.370  1776  1776 E ndroid.launche: No package ID 9c found for ID 0x9c010200.
07-30 15:07:58.370  1776  1776 E ndroid.launche: No package ID 9c found for ID 0x9c010300.
07-30 15:07:58.370  1776  1776 E ndroid.launche: No package ID 9c found for ID 0x9c010400.
07-30 15:07:58.371  1776  1776 E ndroid.launche: No package ID 9c found for ID 0x9c010001.
07-30 15:07:58.372  1776  1776 E ndroid.launche: No package ID 9c found for ID 0x9c010101.
07-30 15:07:58.373  1776  1776 E ndroid.launche: No package ID 9c found for ID 0x9c010201.
07-30 15:07:58.373  1776  1776 W HwLauncher: TalkBackHelper needAnnounceAbilityForm input parameter is null
07-30 15:07:58.375  1776  1776 E ndroid.launche: No package ID 9c found for ID 0x9c010301.
07-30 15:07:58.375  1776  1776 E ndroid.launche: No package ID 9c found for ID 0x9c010401.
07-30 15:07:58.376  1776  1776 W HwLauncher: TalkBackHelper needAnnounceAbilityForm input parameter is null
07-30 15:07:58.377  1776  1776 E ndroid.launche: No package ID 9c found for ID 0x9c010500.
07-30 15:07:58.377  1776  1776 W HwLauncher: TalkBackHelper needAnnounceAbilityForm input parameter is null
07-30 15:07:58.381  1776  1776 E ndroid.launche: No package ID 9c found for ID 0x9c010002.
07-30 15:07:58.382  1776  1776 E ndroid.launche: No package ID 9c found for ID 0x9c010003.
07-30 15:07:58.383  1776  1776 E ndroid.launche: No package ID 9c found for ID 0x9c010103.
07-30 15:07:58.383  1776  1776 E ndroid.launche: No package ID 9c found for ID 0x9c010203.
07-30 15:07:58.384  1776  1776 E ndroid.launche: No package ID 9c found for ID 0x9c010303.
07-30 15:07:58.385  1776  1776 E ndroid.launche: No package ID 9c found for ID 0x9c010403.
07-30 15:07:58.386  1776  1776 E ndroid.launche: No package ID 9c found for ID 0x9c010503.
07-30 15:07:58.386  1776  1776 E ndroid.launche: No package ID 9c found for ID 0x9c010004.
07-30 15:07:58.387  1776  1776 E ndroid.launche: No package ID 9c found for ID 0x9c010104.
07-30 15:07:58.388  1776  1776 E ndroid.launche: No package ID 9c found for ID 0x9c010204.
07-30 15:07:58.389  1776  1776 E ndroid.launche: No package ID 9c found for ID 0x9c010304.
07-30 15:07:58.390  1776  1776 E ndroid.launche: No package ID 9c found for ID 0x9c010404.
07-30 15:07:58.390  1776  1776 E ndroid.launche: No package ID 9c found for ID 0x9c010504.
07-30 15:07:58.391  1776  1776 E ndroid.launche: No package ID 9c found for ID 0x9c010604.
07-30 15:07:58.391  1776  1776 E ndroid.launche: No package ID 9c found for ID 0x9c010604.
07-30 15:07:58.392  1776  1776 E ndroid.launche: No package ID 9c found for ID 0x9c020000.
07-30 15:07:58.393  1776  1776 W HwLauncher: TalkBackHelper needAnnounceAbilityForm input parameter is null
07-30 15:07:58.401  1776  1776 W HwLauncher: TalkBackHelper needAnnounceAbilityForm input parameter is null
07-30 15:07:58.402  1776  1776 W HwLauncher: TalkBackHelper needAnnounceAbilityForm input parameter is null
07-30 15:07:58.412  1776  1776 W HwLauncher: TalkBackHelper needAnnounceAbilityForm input parameter is null
07-30 15:07:58.427  1776  1776 E ndroid.launche: Invalid ID 0x9b000000.
07-30 15:07:58.427  1776  1776 E ndroid.launche: No package ID 9b found for ID 0x9b010100.
07-30 15:07:58.427  1776  1776 E ndroid.launche: No package ID 9b found for ID 0x9b020200.
07-30 15:07:58.427  1776  1776 E ndroid.launche: No package ID 9b found for ID 0x9b030300.
07-30 15:07:58.427  1776  1776 E ndroid.launche: No package ID 9b found for ID 0x9b040400.
07-30 15:07:58.428  1776  1776 E ndroid.launche: No package ID 9b found for ID 0x9b050500.
07-30 15:07:58.428  1776  1776 E ndroid.launche: No package ID 9b found for ID 0x9b060600.
07-30 15:07:58.429  1776  1776 E ndroid.launche: Invalid ID 0x9b000000.
07-30 15:07:58.429  1776  1776 E ndroid.launche: No package ID 9b found for ID 0x9b010100.
07-30 15:07:58.429  1776  1776 E ndroid.launche: No package ID 9b found for ID 0x9b020200.
07-30 15:07:58.429  1776  1776 E ndroid.launche: No package ID 9b found for ID 0x9b030300.
07-30 15:07:58.429  1776  1776 E ndroid.launche: No package ID 9b found for ID 0x9b040400.
07-30 15:07:58.429  1776  1776 E ndroid.launche: No package ID 9b found for ID 0x9b050500.
07-30 15:07:58.429  1776  1776 E ndroid.launche: No package ID 9b found for ID 0x9b060600.
07-30 15:07:58.440  4696  5028 I AbilityCoreSdk_CoreSdkManager: release service
07-30 15:07:58.441  4696  7430 I AbilityCoreSdk_BaseServiceManager: unbind service start:com.huawei.hiai.awareness.service.UnifiedAwarenessService
07-30 15:07:58.441  4696  7430 I AbilityCoreSdk_CAServiceManager: unbind CAService
07-30 15:07:58.441  4696  7430 I AbilityCoreSdk_EnvironmentUtil: EnvironmentUtil sApplicationContext:com.huawei.hms.app.CoreApplication@a53ee4e
07-30 15:07:58.445  1851  4076 I WifiNl80211Manager: Noise: -84, Snr: 34, Chload: 517, rssi: -61, txBitrate: 229, rxBitrate: 229, frequency: 5745, UlDelay: 0, currentTxBytes: 302683668, currentTxPackets: 492061, currentTxFailed: 0, currentRxBytes: 2137340299, currentRxPackets: 1059527
07-30 15:07:58.446  4696  7430 I AbilityCoreSdk_BaseServiceManager: unbind service countDownLatch await: true
07-30 15:07:58.456  4696 29572 I HiAdKit.Response.Net:  setNetDuration1 1003
07-30 15:07:58.456  4696 29572 I HiAdKit.Response.Net:  setNetDuration2 1003
07-30 15:07:58.456  4696 29572 I HiAdKit.Response.Net:  setDataConverterCost 0
07-30 15:07:58.456  4696 29210 W HiAdKit.bx.Cal:  Root obj class (class java.lang.String) is invalid in conversion
07-30 15:07:58.456  4696 29210 W HiAdKit.bx.Cal:  toAnonymousJson JSONException
07-30 15:07:58.456  4696 29210 I HiAdKit.HiAdResponseDataLogger.Cal:  upper thread name: PPS-Net-pool-thread-128 response data:  
07-30 15:07:58.457  4696 29572 I HiAdKit.OkHttpCaller.Net:  end request
07-30 15:07:58.457  4696 29572 I HiAdKit.HttpCall.Net:  response http code: 200
07-30 15:07:58.461  7643 29571 I HiAdKit.DC.AIDCP:  query cache app data count after report:0
07-30 15:07:58.463  7643 29710 I HiAdKit.DC.AnalysisReport:  createAnalysisInfo enable: true
07-30 15:07:58.464  7643 29710 I HiAdKit.DC.CommonSystemUtil:  hasPermissions true
07-30 15:07:58.464  7643 29710 I HiAdKit.DC.OaidSettingsUtil:  Current Used UserId is different from Current Process UserId.
07-30 15:07:58.464  7643 29710 I HiAdKit.DC.CommonSystemUtil:  hasPermissions true
07-30 15:07:58.464  7643 29710 I HiAdKit.DC.OaidSettingsUtil:  Current Used UserId is different from Current Process UserId.
07-30 15:07:58.465  7643 29710 I HiAdKit.DC.EventProcessor:  create event, type is : exception AnalysisInfo{analysisType='173', adType=-1}
07-30 15:07:58.465  7643 29710 I HiAdKit.DC.AnalysisEventReporter:  addEventToCache, event:exception showId:null reqId:null, contentId:null
07-30 15:07:58.473  7643 29711 I HiAdKit.DC.CommonSystemUtil:  query ua once a week
07-30 15:07:58.474  7643 29711 I HiAdKit.DC.CommonSystemUtil:  hasPermissions true
07-30 15:07:58.474  7643 29711 I HiAdKit.DC.OaidSettingsUtil:  Current Used UserId is different from Current Process UserId.
07-30 15:07:58.474  7643 29711 I HiAdKit.DC.CommonSystemUtil:  hasPermissions true
07-30 15:07:58.474  7643 29711 I HiAdKit.DC.OaidSettingsUtil:  Current Used UserId is different from Current Process UserId.
07-30 15:07:58.475  4696 29032 I HiAdKit.PpsCoreService.Net:  isCmdAllowAccess rom: true permitRegion: 1
07-30 15:07:58.475  4696 29032 I HiAdKit.PpsCoreService.Net:  call method: netRequest
07-30 15:07:58.475  4696 29032 I HiAdKit.PpsCoreService.Net:  callerPkg: com.huawei.hwid
07-30 15:07:58.476  4696 29032 I HiAdKit.SystemUtil.Net:  isDeviceProvisioned: true
07-30 15:07:58.476  4696 29032 I HiAdKit.HttpCall.Net:  oobe: false
07-30 15:07:58.476  4696 29032 I HiAdKit.CountryCodeBean.Net:  getCountryCode get country code from chinaROM
07-30 15:07:58.476  4696 29032 I HiAdKit.AccessMethod.Builder.Net:  countryCode:CN
07-30 15:07:58.477  4696 29210 W HiAdKit.bx.Cal:  Root obj class (class java.lang.String) is invalid in conversion
07-30 15:07:58.477  4696 29210 W HiAdKit.bx.Cal:  toAnonymousJson JSONException
07-30 15:07:58.477  4696 29210 I HiAdKit.HiAdRequestDataLogger.Cal:  upper thread name: PPS-Net-pool-thread-126 request data:  
07-30 15:07:58.479  4696 29020 I NetworkSdk_e: [HMSCore NetworkLog.java:1] PPS-Cal-pool-thread-162|network.grs.h.e|1|isSpExpire false.
07-30 15:07:58.479  4696 29020 I NetworkSdk_a: [HMSCore NetworkLog.java:1] PPS-Cal-pool-thread-162|network.grs.a|7|GrsClientManager.getUrlsLocal: Get URL from GRS Server Cache
07-30 15:07:58.480  4696 29020 I NetworkSdk_a: [HMSCore NetworkLog.java:1] PPS-Cal-pool-thread-162|network.grs.a|6|Return [com.huawei.cloud.pps.kit] Urls: {*t*s*v*4*3*:*h*t*s*\*\*c*n*u*e*.*u*w*i*c*m*/*i*i*i*e*/*l*u*s*r*i*e*/*d*\*a*v*r*i*e*e*t*i*f*r*a*i*n*h*m*"*"*p*D*t*S*r*e*"*"*t*p*:*/*/*v*n*s*d*c*.*p*d*a*k*l*u*.*n*/*o*t*e*v*r*/*e*o*t*p*D*t*"*"*r*i*S*r*e*"*"*t*p*:*/*/*i*e*l*p*-*e*l*a*n*p*o*-*r*n*p*a*f*r*.*b*n*c*o*d*c*m*,*s*a*i*t*c*S*r*0*"*"*t*p*:*/*/*o*s*m*r*h*a*e*.*o*\*m*n*s*t*\*c*o*d*e*v*c*\*a*s*/*a*d*p*i*a*y*s*a*e*e*t*h*m*"*"*n*l*t*c*S*r*e*"*"*t*p*:*/*/*v*n*s*d*c*.*p*d*a*k*l*u*.*n*/*o*t*e*v*r*/*e*o*t*x*e*t*o*\*a*t*o*"*"*m*B*s*U*l*:*h*t*s*\*\*c*p*d*a*k*d*.*o*"*"*m*S*r*e*"*"*t*p*:*/*/*e*a*.*l*u*.*u*w*i*c*m*,*t*s*e*v*r*:*h*t*s*\*\*c*n*u*e*.*u*w*i*c*m*/*i*i*i*e*/*l*u*s*r*i*e*/*d*n*o*/*e*m*.*t*?*,*c*m*l*i*H*S*r*e*B*s*U*l*:*h*t*s*\*\*c*s*c*m*l*i*-*r*n*p*a*f*r*.*b*n*c*o*d*c*"*"*x*p*a*h*o*f*g*:*h*t*s*\*\*s*k*e*v*r*d*c*.*p*d*a*k*l*u*.*n*/*d*s*r*e*\*e*S*l*s*C*n*i*"*"*a*d*v*4*3*:*h*t*s*\*\*c*n*u*e*.*u*w*i*c*m*/*i*i*i*e*/*l*u*s*r*i*e*/*d*\*o*i*-*e*c*i*t*o*.*t*?*,*p*i*a*y*e*v*r*l*b*l*:*h*t*s*\*\*c*n*u*e*.*u*w*i*c*m*/*i*i*i*e*/*l*u*s*r*i*e*/*d*/*r*v*c*-*t*t*m*n*.*t*?*o*n*r*=*N*,*c*n*e*t*o*f*g*e*v*r*:*h*t*s*\*\*s*k*e*v*r*d*c*.*p*d*a*k*l*u*.*n*/*d*s*r*e*\*c*n*e*t*o*k*p*,*e*B*s*U*l*:*h*t*s*\*\*e*e*t*-*r*n*o*.*b*n*c*o*d*c*"*"*5*e*v*r*v*:*h*t*s*\*\*h*h*s*i*g*d*c*.*b*n*c*n*c*"*"*d*S*r*e*B*s*U*l*:*h*t*s*\*\*s*k*e*v*r*d*c*.*p*d*a*k*l*u*.*n*,*i*s*a*l*u*h*e*v*r*:*h*t*s*\*\*a*x*d*c*.*p*d*a*k*l*u*.*n*/*n*t*l*A*t*"*"*a*d*e*v*r*:*h*t*s*\*\*c*n*u*e*.*u*w*i*c*m*/*i*i*i*e*/*l*u*s*r*i*e*/*d*a*d*/*e*m*.*t*?*,*p*i*a*y*l*b*l*0*"*"*t*p*:*/*/*o*s*m*r*h*a*e*.*o*\*m*n*s*t*\*c*o*d*e*v*c*\*a*s*/*r*v*c*-*t*t*m*n*.*t*?*o*n*r*=*N*,*a*x*a*e*r*"*"*t*p*:*/*/*d*-*r*n*o*.*b*n*c*o*d*c*"*"*s*a*e*r*T*"*"*t*p*:*/*/*v*n*s*o*.*p*8*o*t*c*b*t*.*e*"*"*d*S*r*e*B*s*U*l*v*:*h*t*s*\*\*s*k*e*v*r*o*.*p*8*o*t*c*b*t*.*e*"*"*r*v*c*C*n*e*S*r*e*"*"*t*p*:*/*/*r*v*c*.*o*s*m*r*h*a*e*.*o*"*"*d*S*r*e*"*"*t*p*:*/*/*d*-*r*n*o*.*b*n*c*o*d*c*\*r*s*l*.*d*,*k*t*o*f*g*e*v*r*:*h*t*s*\*\*s*k*e*v*r*d*c*.*p*d*a*k*l*u*.*n*/*d*s*r*e*\*p*s*i*C*n*i*"*"*v*n*S*r*e*"*"*t*p*:*/*/*v*n*s*d*c*.*p*d*a*k*l*u*.*n*/*o*t*e*v*r*/*e*c*n*e*t*/*c*i*n*,*s*a*i*t*c*S*r*e*"*"*t*p*:*/*/*o*s*m*r*h*a*e*.*o*\*m*n*s*t*\*c*o*d*e*v*c*\*a*s*a*s*/*r*v*c*-*t*t*m*n*.*t*?*,*a*s*e*v*r*v*:*h*t*s*\*\*l*g*l*c*o*d*h*a*e*.*o*"*"*o*f*g*e*v*r*:*h*t*s*\*\*s*k*e*v*r*d*c*.*p*d*a*k*l*u*.*n*/*d*s*r*e*\*q*e*y*,*a*x*a*e*r*T*"*"*t*p*:*/*/*d*.*p*c*1*.*t*.*i*n*v*n*t*,*p*i*a*y*e*v*r*:*h*t*s*\*\*c*n*u*e*.*u*w*i*c*m*/*i*i*i*e*/*l*u*s*r*i*e*/*d*/*r*v*c*-*t*t*m*n*.*t*?*,*h*S*r*e*"*"*t*p*:*/*/*5*o*t*n*-*r*n*d*a*k*d*.*n*}
07-30 15:07:58.484  2399  2705 I AbilityCoreSdk_CoreSdkManager: release service
07-30 15:07:58.484  2399 25836 I AbilityCoreSdk_BaseServiceManager: unbind service start:com.huawei.hiai.awareness.service.UnifiedAwarenessService
07-30 15:07:58.484  2399 25836 I AbilityCoreSdk_CAServiceManager: unbind CAService
07-30 15:07:58.484  2399 25836 I AbilityCoreSdk_EnvironmentUtil: EnvironmentUtil sApplicationContext:com.huawei.hms.app.CoreApplication@88a77d6
07-30 15:07:58.487  1776  1776 E ndroid.launche: Invalid ID 0x9c000000.
07-30 15:07:58.487  2399 25836 I AbilityCoreSdk_BaseServiceManager: unbind service countDownLatch await: true
07-30 15:07:58.487  1776  1776 E ndroid.launche: Invalid ID 0x9c000003.
07-30 15:07:58.487  1776  1776 E ndroid.launche: Invalid ID 0x9c000203.
07-30 15:07:58.487  1776  1776 E ndroid.launche: Invalid ID 0x9c000403.
07-30 15:07:58.487  1776  1776 E ndroid.launche: Invalid ID 0x9c000503.
07-30 15:07:58.487  1776  1776 E ndroid.launche: Invalid ID 0x9c000204.
07-30 15:07:58.488  1776  1776 E ndroid.launche: Invalid ID 0x9c000304.
07-30 15:07:58.488  1776  1776 E ndroid.launche: Invalid ID 0x9c000404.
07-30 15:07:58.488  1776  1776 E ndroid.launche: Invalid ID 0x9c000604.
07-30 15:07:58.488  1776  1776 W HwLauncher: TalkBackHelper needAnnounceAbilityForm input parameter is null
07-30 15:07:58.488  1776  1776 W InputMethodManager: Ignoring onBind: cur seq=-1, given seq=976
07-30 15:07:58.505 29739 29739 I Search-16.0.6.300-HiSearch: [SystemBehaviorReceiver]:onReceive intent: Intent { act=android.intent.action.PACKAGE_ADDED dat=package:io.github.ylimit.droidbotapp flg=0x4000010 (has extras) }
07-30 15:07:58.505 29739 29739 I HiSearch: [ThreadPoolManager]:IoPool submit(Runnable task)  activeCount: 0  taskCount: 247 completeTaskCount: 247  poolSize: 0  queueSize: 0
