07-30 15:07:56.928  1851  4391 I HwOcrImeController: setOcrImeSupportProp mIsOcrImeValid = true mIsHardKeyboardAvailable = false mIsInMultiScreen = false mIsOwnerUser = false
07-30 15:07:56.928  1851  4391 I HwOcrImeController: setOcrImeSupportProp mIsOcrImeValid = true mIsHardKeyboardAvailable = false mIsInMultiScreen = false mIsOwnerUser = false
07-30 15:07:56.928  1851  4391 I InputMethodShowDelayTask: clearTask
07-30 15:07:56.929 29500 29500 I acc     : DEVSL: DATA_OnStop is valid!
07-30 15:07:56.929 29500 29500 I acc     : DEVSL: DEVSL_ToFinish done!
07-30 15:07:56.929 29500 29500 W KvStoreThreadPoolImpl: Stop: stop
07-30 15:07:56.929  1851  4391 I SecInputMethodManagerService: ime focus result=0
07-30 15:07:56.929  1851  4391 I SecInputMethodManagerService: Client requesting input be hidden, uid=1000
07-30 15:07:56.929  1851  4391 I SecInputMethodManagerService: hideCurrentInputLocked inputShown:false, imeWindowVis:0
07-30 15:07:56.929 29500 29504 W KvStoreThreadPoolImpl: ScheduleTask: taskList is empty. schedule empty task(pool stopping?)
07-30 15:07:56.929  1851  4391 I HwInputMethodManagerService: windowfocus: hide secureIME isNeedWaitShow:false
07-30 15:07:56.929 29500 29504 W KvStoreThread: Run: stop
07-30 15:07:56.929  1851  4391 E SecInputMethodManagerService: InputBindResult is @NonNull. startInputReason=Unknown=10000 windowFlags=#81810100 editorInfo=android.view.inputmethod.EditorInfo@f59e4c6
07-30 15:07:56.929 29500 29505 W KvStoreThreadPoolImpl: ScheduleTask: taskList is empty. schedule empty task(pool stopping?)
07-30 15:07:56.929 29500 29505 W KvStoreThread: Run: stop
07-30 15:07:56.929 29500 29503 W KvStoreThreadPoolImpl: ScheduleTask: taskList is empty. schedule empty task(pool stopping?)
07-30 15:07:56.929 29500 29503 W KvStoreThread: Run: stop
07-30 15:07:56.929  3015  3015 I HwFreeFormUtils#WindowManager: Add freeform window, but getWindowAttachedActivity is null!
07-30 15:07:56.929  1851  4391 I InputMethodManagerService: isSecMethodUsing set false
07-30 15:07:56.929  1851  4391 I InputMethodManagerService: startInputOrWindowGainedFocus didStart: isTextEditor=false sameWindowFocused=true doAutoShow=true softInputMode=STATE_UNSPECIFIED|ADJUST_RESIZE
07-30 15:07:56.929  1851  4391 I InputMethodManagerService: waiting ime binding
07-30 15:07:56.929  7688  7688 I InputMethodManager: Starting input: Bind resultString=SUCCESS_WAITING_IME_BINDING
07-30 15:07:56.929  4588  5225 I PG_ash  : pkg android calling: io.github.ylimit.droidbotapp, pid: 29297 ,type: bindservice
07-30 15:07:56.931 29297 29297 I InputMethodManager: forContextInternal diaplayId:0,instance=android.view.inputmethod.InputMethodManager@e0f4608
07-30 15:07:56.932  3015  3015 I ImeFocusController: ViewUI imeDisplayId:0 contextDisplayId:0
07-30 15:07:56.933  1851  7232 I HwActivityManagerServiceEx: provider is prevented for not-prevent
07-30 15:07:56.933  4274 17637 I KeyguardService: KGSvcCall setKeyguardEnabled. enabled:true
07-30 15:07:56.934  1851  7232 I ContentProviderHelper: Successfully start provider ContentProviderRecord{1c525e1 u0 com.android.providers.settings/.hwext.HwSettingsProvider} launchingApp=null caller pid= 29297
07-30 15:07:56.935  4588  4837 E NumberUtils: Number Format err! str: 
07-30 15:07:56.935  1851  4391 I WindowManager: removeIfPossible: Window{f003704 u11 InputMethod} callers=com.android.server.wm.WindowState.removeIfPossible:3430 com.android.server.wm.WindowManagerService.removeWindow:2942 com.android.server.wm.Session.remove:228 android.view.IWindowSession$Stub.onTransact:897 com.android.server.wm.Session.onTransact:179 
07-30 15:07:56.935  1851  4391 W InputManager-JNI: Input channel object 'f003704 InputMethod (client)' was disposed without first being removed with the input manager!
07-30 15:07:56.936  4689 15287 I KvStoreUtils: GetAppIdByBundleName: system service bundleName:account_manager_service or container app tokenId:1000
07-30 15:07:56.937 13516 13742 I FormalHASDK: HAImpl==> onEvent. TAG:HiAnalyticsReport, TYPE:0, eventId:F006
07-30 15:07:56.937  1851  7176 I PackageManager: writePackageInfoIntoMemoryFileInner flags: 134234125, userId: 0, packagerName: io.github.ylimit.droidbotapp data size: 6068
07-30 15:07:56.937  1851  4391 I WindowManager: Removing Window{f003704 u11 InputMethod} from WindowToken{83a42f8 android.os.Binder@c25ba5b}
07-30 15:07:56.937  1851  4391 I WindowManager: removeWindowToken: displayid:0 binder:android.os.Binder@c25ba5b token:null
07-30 15:07:56.937  1851  4823 I HwActivityManagerServiceEx: provider is prevented for not-prevent
07-30 15:07:56.938  1851  7176 I PackageManager: writePackageInfoIntoMemoryFileInner flags: 134234125, userId: 10, packagerName: io.github.ylimit.droidbotapp data size: 3692
07-30 15:07:56.938  1851  4823 I ContentProviderHelper: Successfully start provider ContentProviderRecord{1c525e1 u0 com.android.providers.settings/.hwext.HwSettingsProvider} launchingApp=null caller pid= 29297
07-30 15:07:56.939  1851  7232 I PackageManager: writePackageInfoIntoMemoryFileInner flags: 134234125, userId: 11, packagerName: io.github.ylimit.droidbotapp data size: 6068
07-30 15:07:56.940  4689 15287 I KvStoreUtils: GetAppIdByBundleName: system service bundleName:bundle_manager_service or container app tokenId:1000
07-30 15:07:56.940  4689 15287 I ClientPermissionValidator: UnregisterPermissionChanged: unregistered permissions changed callback success.
07-30 15:07:56.940  4689 15287 I KvStoreUtils: GetAppIdByBundleName: system service bundleName:account_manager_service or container app tokenId:1000
07-30 15:07:56.940 29297 29297 I LayoutInflater: HwAsyncLayoutInflater constructor
07-30 15:07:56.944  4274  4274 I NotifSectionsManager: updateFirstAndLastViewsForAllSections, changed:false
07-30 15:07:56.945  3015  3015 I CeliaKeyboard_LatinIME: onDestroy
07-30 15:07:56.949  4528 29522 W HSB_EH_MultiUserUtils: isUidUnderCurrentUser: onPackageAdded, uid 10237's userId is 0, is not under currentUser 11, abort mission
07-30 15:07:56.949   907   907 I Layer   : [*#9917] reparent null
07-30 15:07:56.949   907   907 I Layer   : [*#9984] reparent null
07-30 15:07:56.949   907   907 I Layer   : [*#9916] reparent null
07-30 15:07:56.950   907   907 I Layer   : WindowToken{83a42f8 android.os.Binder@c25ba5b}#9916: destroyed
07-30 15:07:56.950   907   907 I Layer   : f003704 InputMethod#9917: destroyed
07-30 15:07:56.958 29297 29297 I DecorView[InputMethod]: pkgName:io.github.ylimit.droidbotapp old windowMode:0 new windoMode:1, isFixedSize:false, isStackNeedCaptionView:true
07-30 15:07:56.961  1851  4076 I TrafficMonitor: update:rxPkts:270,txPkts:1083,rxBytes:31399,txBytes:1314686
07-30 15:07:56.961  1851  4076 I TrafficMonitor: no expired. level:2
07-30 15:07:56.961  1851  4076 I TrafficMonitor: gettimer:interval=2000
07-30 15:07:56.961  1851  4076 I TrafficMonitor: during_ms:2015,period_ms:2000
07-30 15:07:56.961  1851  4076 I TrafficMonitor: count:12,rx_sum:270,tx_sum:1083,rxBytes:31399,during_ms:2015,rx_speed:15582.630272952852,tx_speed:652449.6277915633,rto:0.24930747922437674
07-30 15:07:56.961  1851  4076 I HuaweiWifiWatchdogStateMachine: Get speed information rx_speed = 15582 ,tx_speed = 652449 ,isSpeedOk = true ,mBestSpeedInPeriod = 15582
07-30 15:07:56.962 29297 29297 I AbstractInputMethodService: inputMethodService onBind!
07-30 15:07:56.963  1851  1851 I InputMethodManagerService: onServiceConnected! name=ComponentInfo{io.github.ylimit.droidbotapp/io.github.ylimit.droidbotapp.DroidBotIME}service=android.os.BinderProxy@aa0ed7c
07-30 15:07:56.963  1851  1851 I InputMethodManagerService: Initiating attach with token: android.os.Binder@9d592fa
07-30 15:07:56.966 29297 29297 W Settings: Setting device_provisioned has moved from android.provider.Settings.Secure to android.provider.Settings.Global.
07-30 15:07:56.967 29297 29297 I Dialog  : show dialog,width:-1,height:-2
07-30 15:07:56.971 13836 15853 I NK_InterceptorExecutor: CORE_THREAD_POOL-1|embedded.p2|409|response code:200
07-30 15:07:56.974  1851  4391 I HwWifiChrEnhanceService: reportChrEnhanceEvent 909001021
07-30 15:07:56.974  1851  4391 I HwWifiScanChr: updateChrCount, appName:com.huawei.appmarket, key:serviceLimit
07-30 15:07:56.977 13836 29525 I NK_Netdiag: CORE_THREAD_POOL-1 ->NK_netdiag_32|netdiag.tools.NetDetectAndPolicy|1|the time count will reset!
07-30 15:07:56.978 13836 29525 I NK_Netdiag: CORE_THREAD_POOL-0 ->NK_netdiag_32|netdiag.tools.NetDetectAndPolicy|1|the time count will reset!
07-30 15:07:56.979 13836 15771 I NK_InterceptorExecutor: CORE_THREAD_POOL-0|embedded.p2|409|response code:200
07-30 15:07:56.980 13836 15853 I FormalHASDK: HAImpl==> onEvent. tag:_default_config_tag, type:1, eventId:907112013
07-30 15:07:56.981 29297 29297 E HwVideoDetectManager: metaData is null, return false.
07-30 15:07:56.983  1851  4391 I HwWifiChrEnhanceService: reportChrEnhanceEvent 909001021
07-30 15:07:56.983  1851  4391 I HwWifiScanChr: updateChrCount, appName:com.huawei.appmarket, key:serviceLimit
07-30 15:07:56.984  1315 26201 I AGPService: Bn-> get corner curve params progressName - io.github.ylimit.droidbotapp
07-30 15:07:56.984  1315 26201 I AGPService: Bn<- get corner curve params cornerCurveType - 0, cornerCurveParam1 - 0.000000, cornerCurveParam2 - 0.000000
07-30 15:07:56.984 29297 29528 I OpenGLRenderer: RenderThread: progress name = [io.github.ylimit.droidbotapp], viewCornerType = 0, g2param1 = 0.000000, g2param2 = 0.000000
07-30 15:07:56.986 13836 15771 I FormalHASDK: HAImpl==> onEvent. tag:_default_config_tag, type:1, eventId:907112013
07-30 15:07:56.987 29297 29297 I DecorView[InputMethod]: pkgName:io.github.ylimit.droidbotapp old windowMode:1 new windoMode:1, isFixedSize:false, isStackNeedCaptionView:true
07-30 15:07:56.988  4528  4731 E hwPS_RestrictionAdapter: getMaliciousAppInfo: package is not in the restriction list. packageName:io.github.ylimit.droidbotapp with flags: 1
07-30 15:07:56.988  1851  7232 I HwNetworkPolicy: onTransact, code = 202
07-30 15:07:56.988  4528  4731 I HwNetworkPolicyManager: removeHwUidPolicy uid = 10237 policy = -1 opPackageName = com.huawei.systemmanager
07-30 15:07:56.988 13836 15853 I HslPackageManager: Get Hsl Package Manager.
07-30 15:07:56.988 13836 15853 I HslPackageManager: is Support Hsl true
07-30 15:07:56.989   907  1281 I Layer   : 9cd6568 InputMethod#9987: created
07-30 15:07:56.990   907  1281 I Layer   : Surface(name=9cd6568 InputMethod)/@0x5bd16b2 - animation-leash of insets_animation#9988: created
07-30 15:07:56.991 13836 15771 I HslPackageManager: Get Hsl Package Manager.
07-30 15:07:56.992 13836 15771 I HslPackageManager: is Support Hsl true
07-30 15:07:56.992  1851  4391 I WindowManager: addWindow: Window{9cd6568 u11 InputMethod} currentDisplayId:0 requestDisplayId:0 token:android.os.Binder@9d592fa appearance:8 fl_fullscreen=false vsysui_fullscreen=false
07-30 15:07:56.993 29297 29297 I InsetsController: ViewUI_insets updateState new source: InsetsSource: {mType=ITYPE_STATUS_BAR, mFrame=[0,0][1840,72], mVisible=true}
07-30 15:07:56.993 29297 29297 I InsetsController: ViewUI_insets updateState new source: InsetsSource: {mType=ITYPE_NAVIGATION_BAR, mFrame=[0,2800][1840,2882], mVisible=false}
07-30 15:07:56.995 13836 15853 I NK_RealHttpClient: CORE_THREAD_POOL-1|embedded.a1|23|request: ConnectTimeout:, ConcurrentConnectDelay:，request firstIpv6ClientConcurrentConnectDelay：httpclient: ConnectTimeout:6000, ConcurrentConnectDelay:500，httpclient firstIpv6ClientConcurrentConnectDelay：250
07-30 15:07:56.995 13836 15771 I HMSSDK_HMSPackageManager: Enter getHMSPackageName
07-30 15:07:56.996  1851  7232 I HwOcrImeController: updateMultiWindow focus window = com.android.packageinstaller/com.android.packageinstaller.InstallSuccess mIsInMultiScreen = false
07-30 15:07:56.996  1851  7232 I HwOcrImeController: updateUser userId = 11 mIsOwnerUser = false
07-30 15:07:56.996  1851  7232 I HwOcrImeController: setOcrImeSupportProp mIsOcrImeValid = true mIsHardKeyboardAvailable = false mIsInMultiScreen = false mIsOwnerUser = false
07-30 15:07:56.996  1851  7232 I HwOcrImeController: setOcrImeSupportProp mIsOcrImeValid = true mIsHardKeyboardAvailable = false mIsInMultiScreen = false mIsOwnerUser = false
07-30 15:07:56.999 29297 29297 I HwSoraManager: SORA is disabled for InputMethod
07-30 15:07:56.999  1315 26201 I AGPService: Bn-> get whiteBlock params appName - io.github.ylimit.droidbotapp, appVersion - 1.0
07-30 15:07:56.999  1315 26201 I AGPService: SoraManager: valid slide state: [0]
07-30 15:07:56.999  1315 26201 I AGPService: Bn<- get whiteBlock params viewNameWhiteList - , adjustStateSwitch - 0
07-30 15:07:56.999  1315 26201 I AGPService: Bn<- SORA: activity white list - , view white list - , version - , valid slide - 0
07-30 15:07:57.001 13836 15853 I NK_CountryCodeBean: CORE_THREAD_POOL-1|network.grs.local.model.CountryCodeBean|15|get issue_country code from VENDOR_COUNTRY
07-30 15:07:57.002 13836 15853 I NK_OkReqTsk: CORE_THREAD_POOL-1|embedded.j3|285|the request has used the okhttp! 
07-30 15:07:57.003  7688  7688 I InputMethodManager: Starting input: reason=BOUND_TO_IMMS
07-30 15:07:57.004  7688  7688 I InputMethodManager: Starting input: finished by someone else. servedView=DecorView@aaf7730[InstallSuccess],focus=false,windowFocus=true,autofillUiShowing=false,window=android.view.ViewRootImpl$W@2268fa9,displayId=0,temporaryDetach=false,hasImeFocus=true mServedConnecting=false
07-30 15:07:57.005 29297 29297 I HwPartMagicWindowFactory: add HwPartMagicWindowFactory to memory.
07-30 15:07:57.005   907   907 I Layer   : Surface(name=f003704 InputMethod)/@0x4930f22 - animation-leash of insets_animation#9984: destroyed
07-30 15:07:57.006 13836 15771 I NK_RealHttpClient: CORE_THREAD_POOL-0|embedded.a1|23|request: ConnectTimeout:, ConcurrentConnectDelay:，request firstIpv6ClientConcurrentConnectDelay：httpclient: ConnectTimeout:6000, ConcurrentConnectDelay:500，httpclient firstIpv6ClientConcurrentConnectDelay：250
07-30 15:07:57.006 29297 29533 I HiTouch_HiTouchSensor: HiTouch restricted: Sub windows restricted.
07-30 15:07:57.012 13836 15771 I NK_CountryCodeBean: CORE_THREAD_POOL-0|network.grs.local.model.CountryCodeBean|15|get issue_country code from VENDOR_COUNTRY
07-30 15:07:57.012 29297 29297 I InsetsController: ViewUI_insets updateState new source: InsetsSource: {mType=ITYPE_STATUS_BAR, mFrame=[0,0][1840,72], mVisible=true}
07-30 15:07:57.012 29297 29297 I InsetsController: ViewUI_insets updateState new source: InsetsSource: {mType=ITYPE_NAVIGATION_BAR, mFrame=[0,2800][1840,2882], mVisible=true}
07-30 15:07:57.016 13836 15771 I NK_OkReqTsk: CORE_THREAD_POOL-0|embedded.j3|285|the request has used the okhttp! 
07-30 15:07:57.040   808 14025 I HwFilterController: 
07-30 15:07:57.040   808 14025 I HwFilterController: hwad:set_apkdl_strategy_rule to kernel len=88 operation=0
07-30 15:07:57.040   808 14025 I libnetd_resolv: hwad:SendMessageToKernel
07-30 15:07:57.040   808 14025 I OemNetd : hwFilterCommand()
07-30 15:07:57.060 13836 13866 W System  : A resource failed to call close. 
07-30 15:07:57.072 13836 29525 I NK_Netdiag: CORE_THREAD_POOL-1 ->NK_netdiag_32|netdiag.tools.NetDetectAndPolicy|1|the time count will reset!
07-30 15:07:57.075  4528  5508 W SQLiteLog: (28) double-quoted string literal: "io.github.ylimit.droidbotapp"
07-30 15:07:57.075 13836 15853 I NK_InterceptorExecutor: CORE_THREAD_POOL-1|embedded.p2|409|response code:200
07-30 15:07:57.078  4528  5508 W SQLiteLog: (28) double-quoted string literal: "io.github.ylimit.droidbotapp"
07-30 15:07:57.084  4528  4731 E HSM_BG-14.2.0.560: AutoStartupXmlUtils:XmlParserException
07-30 15:07:57.087  1851  7232 I HwWifiChrEnhanceService: reportChrEnhanceEvent 909001021
07-30 15:07:57.087  1851  7232 I HwWifiScanChr: updateChrCount, appName:com.huawei.appmarket, key:serviceLimit
07-30 15:07:57.089  1851  4144 I HwBackgroundDexOptServiceEx: configPidProcess pid: -1
07-30 15:07:57.091 13836 15853 I FormalHASDK: HAImpl==> onEvent. tag:_default_config_tag, type:1, eventId:907112013
07-30 15:07:57.096 13836 13879 E HiApp.PCS/PolicyItemUtils: PermissionConfigInfoManager-0{7700} get app permission is error, because appPermissionControls is empty
07-30 15:07:57.098  1851  4451 I HwActivityManagerServiceEx: provider is prevented for not-prevent
07-30 15:07:57.099  1851  4451 I ContentProviderHelper: Successfully start provider ContentProviderRecord{5bc6a42 u11 com.huawei.systemmanager/.power.provider.SmartProvider} launchingApp=null caller pid= 1851
07-30 15:07:57.104  1350  1365 W AwareLog: iawared: ChangePropertyContent open /proc/7688/task/29256/static_vip fail errno(2)!
07-30 15:07:57.110  7773  7773 I CAWARENESS_32379_AndroidBroadcastAbility: onReceive intent
07-30 15:07:57.112  7773  8619 I CAWARENESS_32379_AbilityContext: [1753859277438] deliver {dataId=100000262, mode=0} to 1 receivers
07-30 15:07:57.112  7773 25475 I CAWARENESS_32379_PackageStateAbility: dealWithPackageAddedEvent PackageAddedEvent{packageName=io.github.ylimit.droidbotapp', isReplace=false}
07-30 15:07:57.113  7773 25475 I CAWARENESS_32379_AbilityContext: [1753859277438] deliver {dataId=100000261, mode=0} to 2 receivers
07-30 15:07:57.113  7773 25475 I CAWARENESS_32379_SharedIntentHandleAbility: onDataReceive: 1
07-30 15:07:57.113  7773 25475 I CAWARENESS_32379_SharedIntentHandleAbility: handlePackageAddedEvent
07-30 15:07:57.113  7773 25475 I CAWARENESS_32379_SharedIntentHandleAbility: handlePackageAddedEvent: io.github.ylimit.droidbotapp
07-30 15:07:57.143  1851  4391 I Binder  : dump {serviceName:BinderService, formatArgs:, callChain:/apex/com.android.adbd/bin/adbd->dumpsys}
07-30 15:07:57.151  4696  4696 I HiAdKit.AppDownloadDelegate.main:  installReceiver.onReceive, action:android.intent.action.PACKAGE_ADDED, pkg: io.github.ylimit.droidbotapp
07-30 15:07:57.154  1340 29133 I CodecTracker: start
07-30 15:07:57.154  1340 29133 I CodecTracker:  tId: 29120, pId: 27240, type: OMX.hisi.video.decoder.hevc, pkgName: tv.danmaku.bili, mimeType: video/raw, width: 1920, height: 1080, frameRate: 0, macroblocks: 0, lifeCycle: UNINITIALIZED->INITIALIZING->INITIALIZED->CONFIGURING->CONFIGURED->STARTING->STARTED->FLUSHING->STARTED->FLUSHING->STARTED, scene: 3
07-30 15:07:57.188 13836 29525 I NK_Netdiag: CORE_THREAD_POOL-0 ->NK_netdiag_32|netdiag.tools.NetDetectAndPolicy|1|the time count will reset!
07-30 15:07:57.191 13836 15771 I NK_InterceptorExecutor: CORE_THREAD_POOL-0|embedded.p2|409|response code:200
07-30 15:07:57.192  4696  4696 I HiAdKit.AppLocalDownloadDelegate.main:  itRe action: android.intent.action.PACKAGE_ADDED
07-30 15:07:57.192  4696 29211 I HiAdKit.ApDnMgr.Cal:  getTask by pkgName
07-30 15:07:57.194  4696 29211 I HiAdKit.HiAdTools.Cal:  Target provider service's package name is : com.huawei.hwid
07-30 15:07:57.195  4696 29211 I HiAdKit.InnerApiProvider.Cal:  call api: getDownloadStatus
07-30 15:07:57.197  1851  4391 I HwWifiChrEnhanceService: reportChrEnhanceEvent 909001021
07-30 15:07:57.197  1851  4391 I HwWifiScanChr: updateChrCount, appName:com.huawei.appmarket, key:serviceLimit
07-30 15:07:57.198  4696 29211 I HiAdKit.ApiCallManager.Cal:  call getDownloadStatus code: 200 msg: null
07-30 15:07:57.199  4696 29211 I HiAdKit.HiAdTools.Cal:  Target provider service's package name is : com.huawei.hwid
07-30 15:07:57.200  4696 29211 I HiAdKit.InnerApiProvider.Cal:  call api: getDownloadStatus
07-30 15:07:57.202 13836 15771 I FormalHASDK: HAImpl==> onEvent. tag:_default_config_tag, type:1, eventId:907112013
07-30 15:07:57.202  4696 29211 I HiAdKit.ApiCallManager.Cal:  call getDownloadStatus code: 200 msg: null
07-30 15:07:57.205 13836 13879 W HiApp.ChnM/ReferrerImpl: main{1} saveAttribution: attribution and adsAttribution is empty. or packageName is empty.
07-30 15:07:57.228 14736 24140 I CAWARENESS_32379_AbilityContext: [1753859292236] deliver {dataId=1001000011, mode=0} to 1 receivers
07-30 15:07:57.233  7643  7643 I PackageChangeReceiver: [HMSCore PackageChangeReceiver.java:34] oripackageName = package:io.github.ylimit.droidbotapp
07-30 15:07:57.233  7643  7643 I PackageChangeReceiver: [HMSCore PackageChangeReceiver.java:62] packageName = io.github.ylimit.droidbotapp
07-30 15:07:57.234  7643 29547 I ScopeUtil: [HMSCore ScopeUtil.java:11] hms is system app
07-30 15:07:57.234  7643 29547 I ScopeUtil: [HMSCore ScopeUtil.java:34] load AppPermission for app packageName = io.github.ylimit.droidbotapp
07-30 15:07:57.235  7643 15447 I fwkit_kbct_dsp: [fwkit KitBroadcastDispatcher.java:125] dispInBro:all kit,action:INNER_PACKAGE_CHANGED
07-30 15:07:57.235  7643 15447 W fwkit_kit_breaker: [fwkit KitBreaker.java:89] infos invalid
07-30 15:07:57.236  7643 15447 I FwKamsCompat: dispatchInnerBroadcast success
07-30 15:07:57.236  7643  7768 I fwkit_kams_stubmanager: [fwkit StubManagerService.java:35] getSPNByComponent:com.huawei.hms.kitstore, com.huawei.hms.kitstore, true
07-30 15:07:57.236  7643  7768 I fwkit_kams_scheduler: [fwkit ProcessScheduler.java:32] RC:com.huawei.hwid.container3
07-30 15:07:57.236  7643  7768 I fwkit_kbct_dsp: [fwkit KitBroadcastDispatcher.java:88] action:com.huawei.hms.action.INNER_PACKAGE_CHANGED,receiver:com.huawei.hms.kitstore.broadcast.PackageChangedInnerReceiver|com.huawei.hwid.container3
07-30 15:07:57.236  7643  7768 I fwkit_kbct_dsp: [fwkit KitBroadcastDispatcher.java:95] proc not run
07-30 15:07:57.247 27369 27585 I fwkit_ShareLibManager: [fwkit ClassLoaderManager.java:109] kitUid: kitstore_61500301, mClassLoaderPath:/data/user_de/0/com.huawei.hwid/files/kits/com.huawei.hms.kitstore/61500301/com.huawei.hms.kitstore.apk, sharePath: []
07-30 15:07:57.248 27369 27585 I fwkit_ShareLib: [fwkit ProxyClassLoader.java:87] kitstore_61500301 add library: commonKit_restclient
07-30 15:07:57.255 27369 27585 I fwkit_CLUtils: [fwkit ClsLoaderUtils.java:79] New dloader com.huawei.hms.kitstore.apk,cost:5
07-30 15:07:57.256 27369 27585 I fwkit_ShareLib: [fwkit ClassLoaderManager.java:295] classLoader: dalvik.system.DexClassLoader[DexPathList[[zip file "/data/user_de/0/com.huawei.hwid/files/kits/com.huawei.hms.kitstore/61500301/com.huawei.hms.kitstore.apk"],nativeLibraryDirectories=[/data/user_de/0/com.huawei.hwid/files/kits/com.huawei.hms.kitstore/61500301/lib/arm64, /system/lib64, /hw_product/lib64, /system/lib64/module/multimedia, /system/product/lib64]]]
07-30 15:07:57.262 27369 27585 I fwkit_kac_kitloader: [fwkit KitLoaderManager.java:355] kit loaded:kitstore_61500301, cost :24 ms
07-30 15:07:57.263 27369 27369 I fwkit_kac_dynamic_loader: [fwkit SplitCompat.java:56] getSplitPath application.packageName = com.huawei.hms.kitstore
07-30 15:07:57.263 27369 27369 I fwkit_kac_dynamic_loader: [fwkit SplitCompat.java:76] getSplitPath dirs == null || dirs.length == 0
07-30 15:07:57.263 27369 27369 I fwkit_kac_dynamic_loader: [fwkit SplitCompat.java:77] dynamicInstall no splitPaths
07-30 15:07:57.269 27369 27369 I fwkit_kitstore_application: KitStoreApplication onCreate start
07-30 15:07:57.272 27369 27369 I fwkit_HmsProfiler: hms profiler init enter
07-30 15:07:57.273  4741  6312 I Booster_Qoe: Ada,index:8,NisPsSlow:0,NProba:303,rsrp(rssi):-59,rsrq(noise):-90,rtt(chload):91,BFH(uldelay):0,BFC(rtt):47 Real:0,0,47,0,0, bler:0
07-30 15:07:57.274  4741  6312 I Booster_Qoe: Ada,index:2,NisPsSlow:0,NProba:331,rsrp(rssi):-59,rsrq(noise):-90,rtt(chload):91,BFH(uldelay):0,BFC(rtt):140 Real:0,0,140,0,0, bler:0
07-30 15:07:57.274  4741  6312 I fast_decay: HandleBeaconRssiInfo, the number of zero in beacon rssi is : 0
07-30 15:07:57.274  4741  6312 I fast_decay: HandleBeaconRssiInfo, the value in beacon rssi is valid
07-30 15:07:57.274  4741  6312 I fast_decay: DetectFastDecay, normalUsedValidCnt is : 30, allValidCnt is : 48
07-30 15:07:57.274  4741  6312 I fast_decay: DetectFastDecay, normalUsedValidCnt is : 30, allValidCnt is : 48
07-30 15:07:57.274  4741  6312 I fast_decay: DetectFastDecay, normalUsedValidCnt is : 30, allValidCnt is : 48
07-30 15:07:57.274  4741  6312 I fast_decay: DetectFastDecay, normalUsedValidCnt is : 30, allValidCnt is : 48
07-30 15:07:57.274  4741  6312 I fast_decay: DetectFastDecay, normalUsedValidCnt is : 30, allValidCnt is : 48
07-30 15:07:57.274  4741  6312 I fast_decay: DetectFastDecay, normalUsedValidCnt is : 30, allValidCnt is : 48
07-30 15:07:57.274  4741  6312 I fast_decay: DetectFastDecay, normalUsedValidCnt is : 30, allValidCnt is : 48
07-30 15:07:57.274  4741  6312 I fast_decay: DetectFastDecay, normalUsedValidCnt is : 30, allValidCnt is : 48
07-30 15:07:57.274  4741  6312 I fast_decay: DetectFastDecay, normalUsedValidCnt is : 30, allValidCnt is : 48
07-30 15:07:57.274  4741  6312 I fast_decay: DetectFastDecay, normalUsedValidCnt is : 30, allValidCnt is : 48
07-30 15:07:57.274  4741  6312 I asymmetric_link: getPer, getPer: 0.000000, filterTxRate: 1822.375000, filterRxRate: 2170.914551
07-30 15:07:57.274  4741  6312 I asymmetric_link: HandleAsymmetricLinkInfo, the txRssi: -80.101669, the activeNodeCnt: 0
07-30 15:07:57.276  4741  4924 E Booster_BroadcastProxy: [isDebugModemEnabled]get package info fail.
07-30 15:07:57.277  4741  4924 I WifiObserver: txThroughput = 0, rxThroughput = 0
07-30 15:07:57.277 27369 27369 I fwkit_HmsProfiler: hms profiler init start
07-30 15:07:57.278  7643 29551 I fwkit_kmds_preinstall: [fwkit AppInstallReceiver.java:46] Package:io.github.ylimit.droidbotapp added or updated
07-30 15:07:57.279  7643 29551 W fwkit_kpms_parser: [fwkit KitSdkInfoParser.java:21] Parse KitSdk info failed, meta-data is null.
07-30 15:07:57.279  1851  4164 I WiFi_PRO_WifiProStateMachine: APP_SERVICE_QOE_NOTIFY Qoe info 1110066,4,0,303,1,2,4,0,331,175500,216700,10,10,0,13,8,0 CID 2 mMasterWifiRssi -59 mMasterCardAmbr 1048576 mSlaveCardAmbr 1048576
07-30 15:07:57.280  7643 29551 W fwkit_kpms_parser: [fwkit ApkParser.java:37] Parse kitSdkInfo failed, kitSdkInfoMap is null.
07-30 15:07:57.280  1851  4164 I HwWifiProServiceProxy: ctrlHwWifiNetwork pkgName: WIFIPRO_SERVICE interfaceId: 9
07-30 15:07:57.280  1851  4164 I WiFi_PRO_WifiProStateMachine: isWifi2WifiProcess = false, mIsNeedIgnoreQoeUpdate = false, mIsAppInBlacklist = false, mIsAppInBlacklistFullScreen = false, mIsWiFiNoInternet false, screen on = true, full screen = false, isLandscapeMode = false, mNotifyWifiLinkPoorReason = -1
07-30 15:07:57.280  1851  4164 I WiFi_PRO_WifiProStateMachine: mChannelQoeBadCnt = 0, mAppQoeBadCnt = 0, mNetworkSlowReason = 0, mNetworkSlowChannelBadCnt = 0
07-30 15:07:57.281  1350  1365 W AwareLog: iawared: ChangePropertyContent open /proc/7688/task/29277/static_vip fail errno(2)!
07-30 15:07:57.281  1851  4164 E WiFi_PROHumanFactorRecommend: isEconomicTrafficUser, invalid slotId=-1
07-30 15:07:57.281  1851  4164 I WiFi_PRO_WifiProStateMachine: Wifi qoe is good, don't switch wifi to cell
07-30 15:07:57.281   847  9129 I audio_hw_usbaudio_ext: [get_extension_typec_parameters:189]: check show hires (false)
07-30 15:07:57.289 27369 27369 I fwkit_HmsProfiler: hms profiler init end
07-30 15:07:57.298 27369 27369 I fwkit_kitstore_application: start kit feature service
07-30 15:07:57.307  1851  2132 I GestureNavManager: w=1840, h=2800, leftH=2728, rightH=2728, backW=36, bottomH=90, usingNotch=true, holeH=0, displayid = 0, context displayid = 0
07-30 15:07:57.305 27369 29553 W fwkit_CrashHandler: processName is: com.huawei.hwid.container3
07-30 15:07:57.308 27369 27369 I fwkit_kitstore_feature: kit feature service start...
07-30 15:07:57.308 27369 27369 I fwkit_kitstore_application: register network change receiver
07-30 15:07:57.309  1851  2132 I GestureNavManager: FocusWindowBottom Options = 0x0, isDisabled = false
07-30 15:07:57.313  7643  7643 W fwkit_kit_breaker: [fwkit KitBreaker.java:89] infos invalid
07-30 15:07:57.313  7643  7768 I fwkit_kams_stubmanager: [fwkit StubManagerService.java:35] getSPNByComponent:com.huawei.hms.agclink, com.huawei.hms.agclink, true
07-30 15:07:57.314  7643  7768 I fwkit_kams_scheduler: [fwkit ProcessScheduler.java:105] ProPre:com.huawei.hwid.container3
07-30 15:07:57.314  1851  7232 I Binder  : dump {serviceName:InputManagerServiceBridge, formatArgs:, callChain:/apex/com.android.adbd/bin/adbd->dumpsys}
07-30 15:07:57.314  7643  7768 I fwkit_kbct_dsp: [fwkit KitBroadcastDispatcher.java:88] action:android.intent.action.PACKAGE_ADDED,receiver:com.huawei.hms.agclink.PackageManagerReceiver|com.huawei.hwid.container3
07-30 15:07:57.314  7643  7768 I fwkit_kbct_dsp: [fwkit KitBroadcastDispatcher.java:95] proc not run
07-30 15:07:57.319 27369 27585 I fwkit_kac_kitloader: [fwkit KitLoaderManager.java:133] kit loaded AGCLink_60100200 already exits, cost :0 ms
07-30 15:07:57.329  1851  2132 W SurfaceView: ViewUI notifySurfaceDestroyed
07-30 15:07:57.330  1851  2132 W SurfaceView: ViewUI notifySurfaceDestroyed
07-30 15:07:57.331 27369 27369 W ContentResolver: provider == null. Start to getProviderMimeTypeAsync:content://com.huawei.hms.contentprovider/com.huawei.hms.agclink.CacheContentProvider/NotArrived-io.github.ylimit.droidbotapp
07-30 15:07:57.338  1851  7232 I ContentProviderHelper: Successfully start provider ContentProviderRecord{b50f447 u0 com.huawei.hwid/com.huawei.hms.fwkit.kams.provideragent.StubContentProvider} launchingApp=null caller pid= 1851
07-30 15:07:57.339 27369 29555 I fwkit_kitstore_PackageAdde: Package:io.github.ylimit.droidbotapp added or updated
07-30 15:07:57.340 27369 29555 I fwkit_kpms_apppkg: [fwkit KitPackageManagerImpl.java:5]  queryDependAndCheckUpgradeByKit
07-30 15:07:57.340  4588  5225 I PG_ash  : io.github.ylimit.droidbotapp not check download condition with no dl requisites
07-30 15:07:57.340  7643  7663 W ContentResolver: provider == null. Start to getProviderMimeTypeAsync:content://com.huawei.hms.runtimekit.kitcontainerservice.KitProcessAgent3Provider/com.huawei.hms.agclink.CacheContentProvider/NotArrived-io.github.ylimit.droidbotapp
07-30 15:07:57.340  7643  2266 W fwkit_kpms_parser: [fwkit DependencyParser.java:20] Parse dependency failed, meta-data is null.
07-30 15:07:57.340  7643  2266 W fwkit_kpms_parser: [fwkit ApkParser.java:24] Parse callerPkg dependency failed, dependencies is null.
07-30 15:07:57.341  4588  5225 I AppManager: long time no use, ignore audio bg app : io.github.ylimit.droidbotapp, type : -1
07-30 15:07:57.341  4588  5225 I PG_ash  : cannot care audio: io.github.ylimit.droidbotapp
07-30 15:07:57.344  4588  5225 I ash_trans: io.github.ylimit.droidbotapp { running duration=1008 Uptime=1008 } transition to: doze reason:
07-30 15:07:57.346  1851  4823 I HwInputMethodManagerService: isFlagExists  value = true, userId = 11
07-30 15:07:57.348  1851  4823 I HwInputMethodManagerService: isFlagExists  value = true, userId = 11
07-30 15:07:57.349  1851  4823 W InputMethodManagerService: buildInputMethodListLocked: Skipping IME com.huawei.secime
07-30 15:07:57.349  1851  4823 I HwInputMethodManagerService: isFlagExists  value = true, userId = 11
07-30 15:07:57.351  1851  4823 I HwInputMethodManagerService: isFlagExists  value = true, userId = 11
07-30 15:07:57.352  1851  4391 I ContentProviderHelper: Successfully start provider ContentProviderRecord{4b74fd u0 com.huawei.hwid/com.huawei.hms.runtimekit.kitcontainerservice.KitProcessAgent3Provider} launchingApp=ProcessRecord{c74c966 27369:com.huawei.hwid.container3/u0a96} caller pid= 1851
07-30 15:07:57.352 27369 28106 I fwkit_AbP: [fwkit AbsContentProvider.java:13] cp:null;getType;content://com.huawei.hms.runtimekit.kitcontainerservice.KitProcessAgent3Provider/com.huawei.hms.agclink.CacheContentProvider/NotArrived-io.github.ylimit.droidbotapp
07-30 15:07:57.353  7643  7643 W fwkit_kit_breaker: [fwkit KitBreaker.java:89] infos invalid
07-30 15:07:57.353  7643  7768 I fwkit_kams_stubmanager: [fwkit StubManagerService.java:35] getSPNByComponent:com.huawei.hms.mlkit.service, com.huawei.hms.mlkit.service, true
07-30 15:07:57.354  7643  7768 I fwkit_kams_scheduler: [fwkit ProcessScheduler.java:105] ProPre:com.huawei.hwid.container2
07-30 15:07:57.354  7643  7768 I fwkit_kbct_dsp: [fwkit KitBroadcastDispatcher.java:88] action:android.intent.action.PACKAGE_ADDED,receiver:com.huawei.hms.mlkit.service.receiver.MLKitBroadcastReceiver|com.huawei.hwid.container2
07-30 15:07:57.355  7643  7768 I fwkit_kbct_dsp: [fwkit KitBroadcastDispatcher.java:95] proc not run
07-30 15:07:57.355  4588  5225 I APwPowerPolicy:  one day not front to ignore gps: io.github.ylimit.droidbotapp
07-30 15:07:57.355  4588  5225 I PG_ash  : perform_nap P_GPS : io.github.ylimit.droidbotapp
07-30 15:07:57.355  4588  5225 I PG_ash  : perform_nap set bgcheck : io.github.ylimit.droidbotapp
07-30 15:07:57.355  4588  5225 I PG_ash  : perform_nap P_job : io.github.ylimit.droidbotapp
07-30 15:07:57.356  1851  7232 I PGManagerService: proxy gps io.github.ylimit.droidbotapp 10237 success
07-30 15:07:57.356  1851  7232 I PGManagerService: proxy gps io.github.ylimit.droidbotapp 1110237 success
07-30 15:07:57.356  1851  7232 I PGManagerService: proxyJob, sub type:0, list: [io.github.ylimit.droidbotapp]
07-30 15:07:57.356 25370 25488 I fwkit_kac_kitloader: [fwkit KitLoaderManager.java:133] kit loaded mlkit_30700301 already exits, cost :0 ms
07-30 15:07:57.356  4588  5225 I PG_ash  : P_GPS io.github.ylimit.droidbotapp OK !
07-30 15:07:57.357  4588  5225 I PG_ash  : set bgcheck io.github.ylimit.droidbotapp OK !
07-30 15:07:57.357  4588  5225 I PG_ash  : P_job io.github.ylimit.droidbotapp OK !
07-30 15:07:57.357  4588  5225 I PG_ash  : nap package: io.github.ylimit.droidbotapp, visible: false, bgTime: 1018, scrOff: false
07-30 15:07:57.357  4588  5225 I PG_ash  : Default InputMethod : io.github.ylimit.droidbotapp
07-30 15:07:57.357  4588  5225 I PG_ash  : current input method: io.github.ylimit.droidbotapp can enter Hibernation state when screen off!
07-30 15:07:57.360  7643  7663 W fwkit_kims: [fwkit KIMSServiceController.java:61] Can't find the specific package.
07-30 15:07:57.360  7643  7663 W fwkit_kims: [fwkit KIMSServiceController.java:62] getApplicationInfo: io.github.ylimit.droidbotapp null.
07-30 15:07:57.360 27369 27369 I fwkit_KitDAReporter: sim state changed, state = 0, simCountry = 
07-30 15:07:57.361  7643  7663 W fwkit_kims: [fwkit KIMSServiceController.java:71] no KitInfoEntity by package name: io.github.ylimit.droidbotapp
07-30 15:07:57.361  7643  7663 E fwkit_kpmsCoreBinder: [fwkit KPmsCoreBinder.java:22] getInstalledPlugin kitInfo is invalid
07-30 15:07:57.362 25370 25370 I MLKitBroadcastReceiver: appInfo is null or appInfo.metaData is null ...
07-30 15:07:57.362 25370 25370 I MLKitBroadcastReceiver: packageName = io.github.ylimit.droidbotapp, dependency = 
07-30 15:07:57.362  7643  2266 W fwkit_kpms_depChecker: [fwkit DependencySearcher.java:16] search dependency kitList is empty.
07-30 15:07:57.362  7643  2266 I fwkit_kpms_depChecker: [fwkit DependencyChecker.java:99] Missing dependent pkg is []
07-30 15:07:57.362  7643  2266 I fwkit_kpms_depChecker: [fwkit DependencyChecker.java:119] Collect dependent pkg is []
07-30 15:07:57.362  7643  2266 I fwkit_kmds_sc: [fwkit KMDSServiceController.java:189] getDependencyByKit,,depMap:{}
07-30 15:07:57.362  7643  2266 E fwkit_kmds_sc: [fwkit KMDSServiceController.java:16] convertMapToList pkgsMap error.
07-30 15:07:57.364 27369 29555 E fwkit_kitstore_PackageAdde: queryDependAndCheckUpgradeByApk is null or empty
07-30 15:07:57.423  1851  7232 I HwPhoneWindowManager: innerInterceptKeyBeforeQueueing keycode:82,action:0,isIntercept:false
07-30 15:07:57.423  1851  7232 I HwPhoneWindowManager: intercept Key : 82, isdown : true, flags : 0
07-30 15:07:57.424  1851  7232 I HwPhoneWindowManager: enter wakeupNoteEditor
07-30 15:07:57.424  1851  7232 E EasyWakeUpManager: enter wakeUpDoing !
07-30 15:07:57.424  1851  7232 I EasyWakeUpManager: keycode: 82 minKeyCode: 131 maxKeyCode: 131
07-30 15:07:57.424  1851  7232 I KeyCombinationManager: Key 82 is not an interested key.
07-30 15:07:57.424  1851  7232 I PhoneWindowManager: interceptKeyBeforeQueueing: key 82 , result : 1
07-30 15:07:57.425  1851  2134 I HwPhoneWindowManager: interceptKeyTi keyCode=82 isActionDown=true repeatCount=0 isInjected=true
07-30 15:07:57.426  1851  2134 I PhoneWindowManager: interceptKeyTi keyCode=82 down=true repeatCount=0 keyguardOn=false canceled=false
07-30 15:07:57.427  1315 26201 I AGPService: Bn-> set touch event - 1
07-30 15:07:57.430  1851  7232 I HwPhoneWindowManager: innerInterceptKeyBeforeQueueing keycode:82,action:1,isIntercept:false
07-30 15:07:57.431  1851  7232 I HwPhoneWindowManager: intercept Key : 82, isdown : false, flags : 0
07-30 15:07:57.431  1851  7232 I HwPhoneWindowManager: enter wakeupNoteEditor
07-30 15:07:57.431  1851  7232 E EasyWakeUpManager: enter wakeUpDoing !
07-30 15:07:57.431  1851  7232 I EasyWakeUpManager: keycode: 82 minKeyCode: 131 maxKeyCode: 131
07-30 15:07:57.432  1851  7232 I PhoneWindowManager: interceptKeyBeforeQueueing: key 82 , result : 1
07-30 15:07:57.432  1851  2134 I HwPhoneWindowManager: interceptKeyTi keyCode=82 isActionDown=false repeatCount=0 isInjected=true
07-30 15:07:57.433  1851  2134 I PhoneWindowManager: interceptKeyTi keyCode=82 down=false repeatCount=0 keyguardOn=false canceled=false
07-30 15:07:57.433  1315 26201 I AGPService: Bn-> set touch event - 0
07-30 15:07:57.434  7643  7643 I HiAdKit.DC.AppReceiver:  receive broadcast
07-30 15:07:57.434  7643 29026 I HiAdKit.DC.AppReceiver:  call doOnReceive
07-30 15:07:57.434  7643 29026 I HiAdKit.DC.CommonSystemUtil:  isDeviceProvisioned: true
07-30 15:07:57.434  7688  7688 I AudioManager: querySoundEffectsEnabled fail id: 11
07-30 15:07:57.434  7643 29026 I HiAdKit.DC.ACREntry:  oobe: false
07-30 15:07:57.435  7643 29232 I HiAdKit.DC.AppDataCollectionProvider:  execute cmd: 3
07-30 15:07:57.435  7643 29232 I HiAdKit.DC.AppDataCollectionManager:  report other
07-30 15:07:57.436  4696 29564 I HiAdKit.PpsCoreService.Cmd:  isCmdAllowAccess rom: true permitRegion: 1
07-30 15:07:57.436  4696 29564 I HiAdKit.PpsCoreService.Cmd:  call method: reportConsent
07-30 15:07:57.436  4696 29564 I HiAdKit.PpsCoreService.Cmd:  callerPkg: com.huawei.hwid
07-30 15:07:57.437  7643 29232 W fwkit_kims: [fwkit KIMSServiceController.java:61] Can't find the specific package.
07-30 15:07:57.438  7643 29232 I NetworkSdk_CountryCodeBean: [HMSCore NetworkLog.java:1] PPS-DC-Cal-pool-thread-176|network.grs.local.model.CountryCodeBean|16|get issue_country code from VENDOR_COUNTRY
07-30 15:07:57.439  7643 29027 W fwkit_kims: [fwkit KIMSServiceController.java:61] Can't find the specific package.
07-30 15:07:57.439  7643 29232 I HiAdKit.DC.CommonSystemUtil:  hasPermissions true
07-30 15:07:57.439  7643 29232 I HiAdKit.DC.OaidSettingsUtil:  Current Used UserId is different from Current Process UserId.
07-30 15:07:57.439  7643 29027 W fwkit_kims: [fwkit KIMSServiceController.java:61] Can't find the specific package.
07-30 15:07:57.440  7643 29232 I HiAdKit.DC.CommonSystemUtil:  hasPermissions true
07-30 15:07:57.440  7643 29232 I HiAdKit.DC.OaidSettingsUtil:  Current Used UserId is different from Current Process UserId.
07-30 15:07:57.441  7643 29232 I HiAdKit.DC.CommonSystemUtil:  isDeviceProvisioned: true
07-30 15:07:57.441  7643 29568 I HiAdKit.DC.AIDCP:  addAppDataCollectionToCache - cache valide time: 7200 expireTime: 1753427277441
07-30 15:07:57.442   638 16193 I keystore2: keystore2::security_level: keystore security_level create_operation caller_uid:10096
07-30 15:07:57.443   638 16193 I keystore2: beginkeystore KeyMintDevice begin
07-30 15:07:57.443   640   640 I TEEKeyMaster: BeginKm start
07-30 15:07:57.443   640   640 I TEEKeyMaster: Disable the enhanced crypto!
07-30 15:07:57.444   640   640 I TEEKeyMaster: keymaster priority prop is configured
07-30 15:07:57.448  7643 29571 I HiAdKit.DC.AIDCP:  query cache app data collection size:1
07-30 15:07:57.449  7643 29571 I HiAdKit.DC.AIDCP:  query cache app data count before report:1
07-30 15:07:57.450  7643 29571 I HiAdKit.DC.CommonSystemUtil:  hasPermissions true
07-30 15:07:57.450  7643 29571 I HiAdKit.DC.OaidSettingsUtil:  Current Used UserId is different from Current Process UserId.
07-30 15:07:57.450  7643 29571 I HiAdKit.DC.CommonSystemUtil:  hasPermissions true
07-30 15:07:57.450  7643 29571 I HiAdKit.DC.OaidSettingsUtil:  Current Used UserId is different from Current Process UserId.
07-30 15:07:57.451  4696 29572 I HiAdKit.PpsCoreService.Net:  isCmdAllowAccess rom: true permitRegion: 1
07-30 15:07:57.452  4696 29572 I HiAdKit.PpsCoreService.Net:  call method: netRequest
07-30 15:07:57.452  4696 29572 I HiAdKit.PpsCoreService.Net:  callerPkg: com.huawei.hwid
07-30 15:07:57.452  4696 29572 I HiAdKit.SystemUtil.Net:  isDeviceProvisioned: true
07-30 15:07:57.452  4696 29572 I HiAdKit.HttpCall.Net:  oobe: false
07-30 15:07:57.452  4696 29572 I HiAdKit.CountryCodeBean.Net:  getCountryCode get country code from chinaROM
07-30 15:07:57.452  4696 29572 I HiAdKit.AccessMethod.Builder.Net:  countryCode:CN
07-30 15:07:57.453  4696 29211 W HiAdKit.bx.Cal:  Root obj class (class java.lang.String) is invalid in conversion
07-30 15:07:57.453  4696 29211 W HiAdKit.bx.Cal:  toAnonymousJson JSONException
07-30 15:07:57.453  4696 29211 I HiAdKit.HiAdRequestDataLogger.Cal:  upper thread name: PPS-Net-pool-thread-128 request data:  
07-30 15:07:57.453   808 29573 I resolv  : resolv_getaddrinfo: explore_fqdn(): ai_family=0 ai_socktype=1 ai_protocol=6
07-30 15:07:57.454  4696 29020 I NetworkSdk_e: [HMSCore NetworkLog.java:1] PPS-Cal-pool-thread-162|network.grs.h.e|1|isSpExpire false.
07-30 15:07:57.454  4696 29020 I NetworkSdk_a: [HMSCore NetworkLog.java:1] PPS-Cal-pool-thread-162|network.grs.a|7|GrsClientManager.getUrlsLocal: Get URL from GRS Server Cache
07-30 15:07:57.454   808 29574 I resolv  : doQuery: netid: 108 pid: 4696 uid: 10096 type: A
07-30 15:07:57.454   808 29574 I resolv  : resolv_cache_lookup: FOUND IN CACHE entry=0x7c98232a00
07-30 15:07:57.454  4696 29020 I NetworkSdk_a: [HMSCore NetworkLog.java:1] PPS-Cal-pool-thread-162|network.grs.a|6|Return [com.huawei.cloud.pps.kit] Urls: {*t*s*v*4*3*:*h*t*s*\*\*c*n*u*e*.*u*w*i*c*m*/*i*i*i*e*/*l*u*s*r*i*e*/*d*\*a*v*r*i*e*e*t*i*f*r*a*i*n*h*m*"*"*p*D*t*S*r*e*"*"*t*p*:*/*/*v*n*s*d*c*.*p*d*a*k*l*u*.*n*/*o*t*e*v*r*/*e*o*t*p*D*t*"*"*r*i*S*r*e*"*"*t*p*:*/*/*i*e*l*p*-*e*l*a*n*p*o*-*r*n*p*a*f*r*.*b*n*c*o*d*c*m*,*s*a*i*t*c*S*r*0*"*"*t*p*:*/*/*o*s*m*r*h*a*e*.*o*\*m*n*s*t*\*c*o*d*e*v*c*\*a*s*/*a*d*p*i*a*y*s*a*e*e*t*h*m*"*"*n*l*t*c*S*r*e*"*"*t*p*:*/*/*v*n*s*d*c*.*p*d*a*k*l*u*.*n*/*o*t*e*v*r*/*e*o*t*x*e*t*o*\*a*t*o*"*"*m*B*s*U*l*:*h*t*s*\*\*c*p*d*a*k*d*.*o*"*"*m*S*r*e*"*"*t*p*:*/*/*e*a*.*l*u*.*u*w*i*c*m*,*t*s*e*v*r*:*h*t*s*\*\*c*n*u*e*.*u*w*i*c*m*/*i*i*i*e*/*l*u*s*r*i*e*/*d*n*o*/*e*m*.*t*?*,*c*m*l*i*H*S*r*e*B*s*U*l*:*h*t*s*\*\*c*s*c*m*l*i*-*r*n*p*a*f*r*.*b*n*c*o*d*c*"*"*x*p*a*h*o*f*g*:*h*t*s*\*\*s*k*e*v*r*d*c*.*p*d*a*k*l*u*.*n*/*d*s*r*e*\*e*S*l*s*C*n*i*"*"*a*d*v*4*3*:*h*t*s*\*\*c*n*u*e*.*u*w*i*c*m*/*i*i*i*e*/*l*u*s*r*i*e*/*d*\*o*i*-*e*c*i*t*o*.*t*?*,*p*i*a*y*e*v*r*l*b*l*:*h*t*s*\*\*c*n*u*e*.*u*w*i*c*m*/*i*i*i*e*/*l*u*s*r*i*e*/*d*/*r*v*c*-*t*t*m*n*.*t*?*o*n*r*=*N*,*c*n*e*t*o*f*g*e*v*r*:*h*t*s*\*\*s*k*e*v*r*d*c*.*p*d*a*k*l*u*.*n*/*d*s*r*e*\*c*n*e*t*o*k*p*,*e*B*s*U*l*:*h*t*s*\*\*e*e*t*-*r*n*o*.*b*n*c*o*d*c*"*"*5*e*v*r*v*:*h*t*s*\*\*h*h*s*i*g*d*c*.*b*n*c*n*c*"*"*d*S*r*e*B*s*U*l*:*h*t*s*\*\*s*k*e*v*r*d*c*.*p*d*a*k*l*u*.*n*,*i*s*a*l*u*h*e*v*r*:*h*t*s*\*\*a*x*d*c*.*p*d*a*k*l*u*.*n*/*n*t*l*A*t*"*"*a*d*e*v*r*:*h*t*s*\*\*c*n*u*e*.*u*w*i*c*m*/*i*i*i*e*/*l*u*s*r*i*e*/*d*a*d*/*e*m*.*t*?*,*p*i*a*y*l*b*l*0*"*"*t*p*:*/*/*o*s*m*r*h*a*e*.*o*\*m*n*s*t*\*c*o*d*e*v*c*\*a*s*/*r*v*c*-*t*t*m*n*.*t*?*o*n*r*=*N*,*a*x*a*e*r*"*"*t*p*:*/*/*d*-*r*n*o*.*b*n*c*o*d*c*"*"*s*a*e*r*T*"*"*t*p*:*/*/*v*n*s*o*.*p*8*o*t*c*b*t*.*e*"*"*d*S*r*e*B*s*U*l*v*:*h*t*s*\*\*s*k*e*v*r*o*.*p*8*o*t*c*b*t*.*e*"*"*r*v*c*C*n*e*S*r*e*"*"*t*p*:*/*/*r*v*c*.*o*s*m*r*h*a*e*.*o*"*"*d*S*r*e*"*"*t*p*:*/*/*d*-*r*n*o*.*b*n*c*o*d*c*\*r*s*l*.*d*,*k*t*o*f*g*e*v*r*:*h*t*s*\*\*s*k*e*v*r*d*c*.*p*d*a*k*l*u*.*n*/*d*s*r*e*\*p*s*i*C*n*i*"*"*v*n*S*r*e*"*"*t*p*:*/*/*v*n*s*d*c*.*p*d*a*k*l*u*.*n*/*o*t*e*v*r*/*e*c*n*e*t*/*c*i*n*,*s*a*i*t*c*S*r*e*"*"*t*p*:*/*/*o*s*m*r*h*a*e*.*o*\*m*n*s*t*\*c*o*d*e*v*c*\*a*s*a*s*/*r*v*c*-*t*t*m*n*.*t*?*,*a*s*e*v*r*v*:*h*t*s*\*\*l*g*l*c*o*d*h*a*e*.*o*"*"*o*f*g*e*v*r*:*h*t*s*\*\*s*k*e*v*r*d*c*.*p*d*a*k*l*u*.*n*/*d*s*r*e*\*q*e*y*,*a*x*a*e*r*T*"*"*t*p*:*/*/*d*.*p*c*1*.*t*.*i*n*v*n*t*,*p*i*a*y*e*v*r*:*h*t*s*\*\*c*n*u*e*.*u*w*i*c*m*/*i*i*i*e*/*l*u*s*r*i*e*/*d*/*r*v*c*-*t*t*m*n*.*t*?*,*h*S*r*e*"*"*t*p*:*/*/*5*o*t*n*-*r*n*d*a*k*d*.*n*}
07-30 15:07:57.455   640   640 I TEEKeyMaster: out_params_buffer_len = 32
07-30 15:07:57.455   640   640 I TEEKeyMaster: BeginKm success
07-30 15:07:57.455   638 16193 I keystore2: beginkeystore KeyMintDevice begin end
07-30 15:07:57.456   638 16193 I keystore2: updatekeystore KeyMintDevice update
07-30 15:07:57.456   640   640 I TEEKeyMaster: UpdateKm start
07-30 15:07:57.456   640   640 I TEEKeyMaster: Disable the enhanced crypto!
07-30 15:07:57.457   640   640 I TEEKeyMaster: keymaster priority prop is configured
07-30 15:07:57.462   640   640 I TEEKeyMaster: UpdateKm success
07-30 15:07:57.462   638 16193 I keystore2: updatekeystore KeyMintDevice update end
07-30 15:07:57.462   638 16193 I keystore2: finishkeystore KeyMintDevice finish
07-30 15:07:57.462   640   640 I TEEKeyMaster: FinishKm start
07-30 15:07:57.462   640   640 I TEEKeyMaster: Disable the enhanced crypto!
07-30 15:07:57.463   640   640 I TEEKeyMaster: keymaster priority prop is configured
07-30 15:07:57.468   640   640 I TEEKeyMaster: output data size=16
07-30 15:07:57.468   640   640 I TEEKeyMaster: FinishKm success
07-30 15:07:57.468   638 16193 I keystore2: finishkeystore KeyMintDevice finish end
07-30 15:07:57.477   808 14025 I HwFilterController: 
07-30 15:07:57.477   808 14025 I HwFilterController: hwad:set_apkdl_strategy_rule to kernel len=88 operation=0
07-30 15:07:57.477   808 14025 I libnetd_resolv: hwad:SendMessageToKernel
07-30 15:07:57.477   808 14025 I OemNetd : hwFilterCommand()
07-30 15:07:57.477   808 14025 I HwFilterController: 
07-30 15:07:57.477   808 14025 I HwFilterController: hwad:set_apkdl_strategy_rule to kernel len=88 operation=0
07-30 15:07:57.477   808 14025 I libnetd_resolv: hwad:SendMessageToKernel
07-30 15:07:57.477   808 14025 I OemNetd : hwFilterCommand()
07-30 15:07:57.501  1851  7232 I HwPhoneWindowManager: innerInterceptKeyBeforeQueueing keycode:4,action:0,isIntercept:false
07-30 15:07:57.501  1851  7232 I HwPhoneWindowManager: intercept Key : 4, isdown : true, flags : 0
07-30 15:07:57.501  1851  7232 I HwPhoneWindowManager: enter wakeupNoteEditor
07-30 15:07:57.501  1851  7232 E EasyWakeUpManager: enter wakeUpDoing !
07-30 15:07:57.501  1851  7232 I EasyWakeUpManager: keycode: 4 minKeyCode: 131 maxKeyCode: 131
07-30 15:07:57.501  1851  7232 I HwPhoneWindowManager: interceptKeyBeforeQueueing deviceID:-1 isFrontFpNavi:false isSupportTrikey:false isMmiTest:false
07-30 15:07:57.501  1851  7232 I KeyCombinationManager: Key 4 is not an interested key.
07-30 15:07:57.501  1851  7232 I PhoneWindowManager: interceptKeyBeforeQueueing: key 4 , result : 1
07-30 15:07:57.501  1851  2134 I HwPhoneWindowManager: interceptKeyTi keyCode=4 isActionDown=true repeatCount=0 isInjected=true
07-30 15:07:57.502  1851  2134 I HwPhoneWindowManager: deviceID:-1 isFrontFpNavi:false isSupportTrikey:false isMmiTest:false
07-30 15:07:57.502  1851  2134 I PhoneWindowManager: interceptKeyTi keyCode=4 down=true repeatCount=0 keyguardOn=false canceled=false
07-30 15:07:57.503  1315 26201 I AGPService: Bn-> set touch event - 1
07-30 15:07:57.503  1851  7232 I HwPhoneWindowManager: innerInterceptKeyBeforeQueueing keycode:4,action:1,isIntercept:false
07-30 15:07:57.503  1851  7232 I HwPhoneWindowManager: intercept Key : 4, isdown : false, flags : 0
07-30 15:07:57.504  1851  7232 I HwPhoneWindowManager: enter wakeupNoteEditor
07-30 15:07:57.504  1851  7232 E EasyWakeUpManager: enter wakeUpDoing !
07-30 15:07:57.504  1851  7232 I EasyWakeUpManager: keycode: 4 minKeyCode: 131 maxKeyCode: 131
07-30 15:07:57.504  1851  7232 I HwPhoneWindowManager: interceptKeyBeforeQueueing deviceID:-1 isFrontFpNavi:false isSupportTrikey:false isMmiTest:false
07-30 15:07:57.504  1851  7232 I PhoneWindowManager: interceptKeyBeforeQueueing: key 4 , result : 1
07-30 15:07:57.504  1851  2134 I HwPhoneWindowManager: interceptKeyTi keyCode=4 isActionDown=false repeatCount=0 isInjected=true
07-30 15:07:57.505  1851  2134 I HwPhoneWindowManager: deviceID:-1 isFrontFpNavi:false isSupportTrikey:false isMmiTest:false
07-30 15:07:57.505  1851  2134 I PhoneWindowManager: interceptKeyTi keyCode=4 down=false repeatCount=0 keyguardOn=false canceled=false
07-30 15:07:57.505  1315 26201 I AGPService: Bn-> set touch event - 0
07-30 15:07:57.507  7688  7688 I ApplicationInfo: storageUuid is null for io.github.ylimit.droidbotapp, caused by source.readInt = 0
07-30 15:07:57.507  1851  4823 I HWMW_HwMagicStackManager: finish normal activity:ActivityRecord{d45369c u11 com.android.packageinstaller/.InstallSuccess t1100042} reason=app-request
07-30 15:07:57.508  1851  4823 I ActivityTaskManager: updateTopApp to ProcessRecord{ecbf16c 1776:com.huawei.android.launcher/u11a106}
07-30 15:07:57.509  1851  4823 I HwActivityTaskManagerServiceEx: call returnToHome, from: ActivityRecord{d45369c u11 com.android.packageinstaller/.InstallSuccess t1100042 f}}, to: ActivityRecord{d60c74c u11 com.huawei.android.launcher/.unihome.UniHomeLauncher t1100002}
07-30 15:07:57.509  1851  4823 W HwActivityTaskManagerServiceEx: appSwitch from: com.android.packageinstaller to: com.huawei.android.launcher
07-30 15:07:57.508  7688 24100 I LifecycleTransaction: activityCallbacks TopResumedActivityChangeItem{onTop=false}
07-30 15:07:57.509  1851  4823 E WMGatewayProxy: reportFocusedAppChanged: window manager gateway is not available.
07-30 15:07:57.509  1851  4823 I WindowManager: Changing focus from Window{cf19ac5 u11 com.android.packageinstaller/com.android.packageinstaller.InstallSuccess} to null displayId=0
07-30 15:07:57.509  1851  1895 E WiFi_PRO_RecommendPortalController: mTopAppName: com.huawei.android.launcher
