--------- beginning of main
07-30 15:07:56.790  7643 28442 I NetworkSdk_Netdiag: [HMSCore NetworkLog.java:1] Hwid-Core-Pool7 ->NK_netdiag_80|netdiag.tools.NetDetectAndPolicy|1|the time count will reset!
07-30 15:07:56.790  7643  8149 I NetworkSdk_InterceptorExecutor: [HMSCore NetworkLog.java:1] Hwid-Core-Pool7|embedded.p2|425|response code:200
07-30 15:07:56.790  7643  8149 I HwIDRestClientCall: [HwID_APK_log[6.15.0.312|6.16.0.300]core HwIDRestClientCall.java:173] realCall response code:200
07-30 15:07:56.791  7643  8149 I GwHttpRequest: [HwID_APK_log[6.15.0.312|6.16.0.300]core GwHttpRequest.java:582] response contains valid transferID NeedEncrypt
07-30 15:07:56.791   808 29480 I resolv  : resolv_getaddrinfo: explore_fqdn(): ai_family=0 ai_socktype=1 ai_protocol=6
07-30 15:07:56.791   808 29481 I resolv  : doQuery: netid: 108 pid: 7643 uid: 10096 type: A
07-30 15:07:56.791   808 29481 I resolv  : resolv_cache_lookup: FOUND IN CACHE entry=0x7c9827b280
07-30 15:07:56.793  7643  8149 I GwSilentTokenHttpRequest: [HwID_APK_log[6.15.0.312|6.16.0.300]core GwHttpRequest.java:435] oauth2/v3/silent_token request ctrID = 17538592765846323426037173829937
07-30 15:07:56.793 13836 15853 I SecurityComp10201301: SX509TM: checkServerTrusted begin,size=2,authType=GENERIC
07-30 15:07:56.793 13836 15853 I SecurityComp10201301: SX509TM: check server i=0
07-30 15:07:56.793 13836 15853 I SecurityComp10201301: SX509TM: client root ca size=31
07-30 15:07:56.793  7643  8149 I AAIDUtils: [HwID_APK_log[6.15.0.312|6.16.0.300]core AAIDUtils.java:49] queryAAID: 02757
07-30 15:07:56.794  1851  1851 E [SECURITY]: [HPS][DEFAULT][SmsSendBlockDataMgr]: onPermissionChange don't need call for package io.github.ylimit.droidbotapp
07-30 15:07:56.794  4490 29350 I [SECURITY]: [A_DPMS][DEFAULT][ObjectDevicePermissionManager]: notifyPermissionChanged: operation start with uid: 1110237
07-30 15:07:56.794  1851 29352 W [SECURITY]: [HPS][DEFAULT][PermissionChangedMonitor]: onPermissionsChanged: only support main user!
07-30 15:07:56.794  7643 28443 W Settings: Setting adb_enabled has moved from android.provider.Settings.Secure to android.provider.Settings.Global.
07-30 15:07:56.794  7643  8149 I OpLogItem: [HwID_APK_log[6.15.0.312|6.16.0.300]core OpLogItem.java:222] networkType:1
07-30 15:07:56.794  1851 29351 I [SECURITY]: [HPS][DEFAULT][PrivacyCenterService]: onPermissionChangedAsync: packageName: io.github.ylimit.droidbotapp notify privacy center!
07-30 15:07:56.794  7643  7643 I GwRequest: [HwID_APK_log[6.15.0.312|6.16.0.300]core GwRequest.java:71] GwRequest: code=200
--------- beginning of system
07-30 15:07:56.795  1851  1880 W Looper  : Drained
07-30 15:07:56.795  7643  7643 I GwHttpRequest: [HwID_APK_log[6.15.0.312|6.16.0.300]core GwHttpRequest.java:582] response contains valid transferID NeedEncrypt
07-30 15:07:56.795  1851  1893 I UsageStatsService: Time changed in by -19 seconds
07-30 15:07:56.797 24937 24937 I [SECURITY]: [HSPC][DEFAULT][PrivacyCenterServiceImpl]: onCreate: done
07-30 15:07:56.797   808 29483 I resolv  : resolv_getaddrinfo: explore_fqdn(): ai_family=0 ai_socktype=1 ai_protocol=6
07-30 15:07:56.797 24937 29482 I [SECURITY]: [HSPC][DEFAULT][PrivacyCenterServiceImpl]: onHandleIntent: action: ACTION_PERMISSION_CHANGED, done.
07-30 15:07:56.797 24937 29482 I [SECURITY]: [HSPC][DEFAULT][PrivacyCenterService]: onHandleIntent: done
07-30 15:07:56.797   808 29484 I resolv  : doQuery: netid: 108 pid: 24965 uid: 1000 type: A
07-30 15:07:56.798   808 29484 I resolv  : res_stats_usable_server: NS stats: S 2 + E 0 + T 0 + I 0 = 2, rtt = 331, ns = 1
07-30 15:07:56.798  7643  7643 I SignInSilentHelper: [HwID_APK_log[6.15.0.312|6.16.0.300]core SignInSilentHelper.java:309] getSilentAuthToken response onSuccess
07-30 15:07:56.798  7643 29389 I HwidTimer: [HwID_APK_log[6.15.0.312|6.16.0.300]core HwidTimer.java:57] serviceStartDownLatch InterruptedException
07-30 15:07:56.799  7643  7643 I SignInSilentHelper: [HwID_APK_log[6.15.0.312|6.16.0.300]core SignInSilentHelper.java:466] needReqUserInfo=false
07-30 15:07:56.799  7643  7643 I SignInSilentHelper: [HwID_APK_log[6.15.0.312|6.16.0.300]core SignInSilentHelper.java:507] updateAT
07-30 15:07:56.799  7643  7643 I ATTokenDS: [HwID_APK_log[6.15.0.312|6.16.0.300]core ATTokenDS.java:265] updateAuthorizationInfo start. appid:100170393, hostAppid:
07-30 15:07:56.799  7643  7643 I ATTokenDS: [HwID_APK_log[6.15.0.312|6.16.0.300]core ATTokenDS.java:334] empty idtoken expire time
07-30 15:07:56.799  7643  7643 I ATTokenDS: [HwID_APK_log[6.15.0.312|6.16.0.300]core ATTokenDS.java:337] new idtokenExpireTime = 1753862276799
07-30 15:07:56.799  7643  7643 I ATTokenDS: [HwID_APK_log[6.15.0.312|6.16.0.300]core ATTokenDS.java:59] getSavedAuthorizationInfoByAppId start. appid:100170393, hostAppid:
07-30 15:07:56.799  7643  7643 I AuthService: [HMSCore AuthService.java:5] Enter queryAuthInfo
07-30 15:07:56.800  7643  7643 I AuthService: [HMSCore AuthService.java:45] queryAuthInfo: 100170393,false,null
07-30 15:07:56.800  7643  7643 I InnerBindManager: [HMSCore InnerBindManager.java:22] inner connect:3
07-30 15:07:56.800  7643 28391 I InnerBindManager: [HMSCore InnerBindManager.java:12] invoke lock
07-30 15:07:56.800  7643 28391 I InnerBindManager: [HMSCore InnerBindManager.java:69] invoke unlock
07-30 15:07:56.800  7643 28391 I ScopeCache: [HMSCore ScopeCache.java:78] getAppScope: appId = 100170393; hostAppId = null
07-30 15:07:56.800  7643 28391 I AppScope: [HMSCore AppScope.java:5] getAuthInfo, appId: 100170393, applied: false, accountIndex:null
07-30 15:07:56.800  7643  7643 I GetUserInfoUtils: [HwID_APK_log[6.15.0.312|6.16.0.300]core GetUserInfoUtils.java:70] userInfo is not null.
07-30 15:07:56.800  7643  7643 I GetUserInfoUtils: [HwID_APK_log[6.15.0.312|6.16.0.300]core GetUserInfoUtils.java:71] flag result:0
07-30 15:07:56.800  7643 28391 I ATTokenDS: [HwID_APK_log[6.15.0.312|6.16.0.300]core ATTokenDS.java:84] queryAuthInfo appId:100170393 code:0
07-30 15:07:56.800  7643  7643 I SignInSilentHelper: [HwID_APK_log[6.15.0.312|6.16.0.300]core SignInSilentHelper.java:488] mIsFromGetToken is : false
07-30 15:07:56.800  7643 28391 I AuthService: [HMSCore AuthService.java:48] Enter updateAuthInfo, appID: 100170393, accountIndex: null
07-30 15:07:56.800  7643  7643 I SyscUserInfo: [HwID_APK_log[6.15.0.312|6.16.0.300]core SyscUserInfo.java:57] startCheck syscUserInfo
07-30 15:07:56.800  7643 28391 I InnerBindManager: [HMSCore InnerBindManager.java:22] inner connect:3
07-30 15:07:56.800  7643 28391 I InnerBindManager: [HMSCore InnerBindManager.java:12] invoke lock
07-30 15:07:56.800  7643 28391 I InnerBindManager: [HMSCore InnerBindManager.java:69] invoke unlock
07-30 15:07:56.800  7643  7643 I SyscUserInfoPreferences: [HwID_APK_log[6.15.0.312|6.16.0.300]core SyscUserInfoPreferences.java:94] result is false
07-30 15:07:56.800  7643 28391 I ScopeCache: [HMSCore ScopeCache.java:37] update Scope, appid:100170393,hostAppId = null
07-30 15:07:56.800  7643  7643 I BroadcastUtil: [HwID_APK_log[6.15.0.312|6.16.0.300]core BroadcastUtil.java:320] send inner sign in broadcast
07-30 15:07:56.800  7643 28391 I ScopeCache: [HMSCore ScopeCache.java:78] getAppScope: appId = 100170393; hostAppId = null
07-30 15:07:56.800  7643 28391 I AppScope: [HMSCore AppScope.java:24] update Scope, appid:100170393
07-30 15:07:56.800  7643 28391 I ScopeAssistant: [HMSCore ScopeAssistant.java:36] write scope in cache file. appId:100170393; hostAppId:null
07-30 15:07:56.801  7643  7643 I SendInnerBrdUtil: [HwID_APK_log[6.15.0.312|6.16.0.300]core SendInnerBrdUtil.java:103] Enter broadCastWithPermission
07-30 15:07:56.801  7643 28391 I ScopeAssistant: [HMSCore ScopeAssistant.java:20] write CE, fileName:/data/user/0/com.huawei.hwid/cache/scopecachece/MTAwMTcwMzkz
07-30 15:07:56.801  7643 28391 I KeyBuilderV2: [HMSCore KeyBuilderV2.java:5] start to build keyV2
07-30 15:07:56.801  7643 28391 I SecurityComp10300300: BaseKeyUtil: exportRootKey: sha256
07-30 15:07:56.801  1851  1901 W BroadcastQueue: Permission Denial: broadcasting Intent { act=com.huawei.hwid.inner.signin flg=0x10 pkg=com.huawei.hwid (has extras) } from com.huawei.hwid (pid=7643, uid=10096) requires hihonor.android.permission.HW_SIGNATURE_OR_SYSTEM due to registered receiver BroadcastFilter{8f62766 10096/u0 ReceiverList{875d3c1 7643 com.huawei.hwid.core/10096/u0 remote:cf5ca8}}
07-30 15:07:56.801  7643  7643 W fwkit_kit_breaker: [fwkit KitBreaker.java:89] infos invalid
07-30 15:07:56.801  7643  7768 I fwkit_kams_stubmanager: [fwkit StubManagerService.java:35] getSPNByComponent:com.huawei.hms.analytics, com.huawei.hms.analytics, true
07-30 15:07:56.801  7643  7768 I fwkit_kams_scheduler: [fwkit ProcessScheduler.java:105] ProPre:com.huawei.hwid.container3
07-30 15:07:56.802  7643  7768 I fwkit_kbct_dsp: [fwkit KitBroadcastDispatcher.java:88] action:com.huawei.hwid.inner.signin,receiver:com.huawei.hms.analytics.receiver.HiAnalyticsSvcEvtReceiver|com.huawei.hwid.container3
07-30 15:07:56.802  7643  7768 I fwkit_kbct_dsp: [fwkit KitBroadcastDispatcher.java:95] proc not run
07-30 15:07:56.802 27369 27585 I fwkit_kac_kitloader: [fwkit KitLoaderManager.java:133] kit loaded hianalytics_61001315 already exits, cost :0 ms
07-30 15:07:56.803 24937 25301 W [SECURITY]: [HSPC][DEFAULT][RiskBehaviorAdvice]: refreshAdvice, invalid refresh type: 0
07-30 15:07:56.804 27369 27369 I HiAnalyticsKit: HiAnalyticsReceiver=> onReceive is running
07-30 15:07:56.804 27369 27667 I HiAnalyticsKit: HiAnalyticsReceiver=> No configuration file exists for this app.com.huawei.gameassistant
07-30 15:07:56.815  4588  5225 I AppManager: update dependency pid: 1851, depended:-1
07-30 15:07:56.824  7643 28391 I ScopeAssistant: [HMSCore ScopeAssistant.java:20] write DE, fileName:/data/user_de/0/com.huawei.hwid/cache/scopecachede/MTAwMTcwMzkz
07-30 15:07:56.825  7643 28391 I ATTokenDS: [HwID_APK_log[6.15.0.312|6.16.0.300]core ATTokenDS.java:291] updateAuthInfo: appId:100170393, packageName:************ameassistant
07-30 15:07:56.825  7643 28391 I ATTokenDS: [HwID_APK_log[6.15.0.312|6.16.0.300]core ATTokenDS.java:298] update auth info: 0
07-30 15:07:56.825  7643 28391 I SignInSilentHelper: [HwID_APK_log[6.15.0.312|6.16.0.300]core SignInSilentHelper.java:523] handlerSuccessResult
07-30 15:07:56.825  7643 28391 I ATTokenDS: [HwID_APK_log[6.15.0.312|6.16.0.300]core ATTokenDS.java:417] getRetInfoFromBundle success
07-30 15:07:56.825  7643 28391 I SignInResp: [HwID_APK_log[6.15.0.312|6.16.0.300]core SignInResp.java:104] buildSignInResp start.
07-30 15:07:56.826  7643  8115 I PermissionCheckUtil: [HwID_APK_log[6.15.0.312|6.16.0.300]core PermissionCheckUtil.java:83] query permission appid=100170393
07-30 15:07:56.826  7643  8115 I AuthService: [HMSCore AuthService.java:20] Enter queryPermission， appId: 100170393
07-30 15:07:56.826  7643  8115 I InnerBindManager: [HMSCore InnerBindManager.java:22] inner connect:3
07-30 15:07:56.827  7643 28389 I InnerBindManager: [HMSCore InnerBindManager.java:12] invoke lock
07-30 15:07:56.827  7643 28389 I InnerBindManager: [HMSCore InnerBindManager.java:69] invoke unlock
07-30 15:07:56.827  7643 28389 I ScopeCache: [HMSCore ScopeCache.java:78] getAppScope: appId = 100170393; hostAppId = null
07-30 15:07:56.827  7643 28389 I PermissionCheckUtil: [HwID_APK_log[6.15.0.312|6.16.0.300]core PermissionCheckUtil.java:96] rtnCode = 0
07-30 15:07:56.828  7643  8115 I SignInSilentHelper: [HwID_APK_log[6.15.0.312|6.16.0.300]core SignInSilentHelper.java:540] handlerSuccessResult setResult
07-30 15:07:56.828  7643  8115 I SignInSilentManager: [HwID_APK_log[6.15.0.312|6.16.0.300]core SignInSilentManager.java:171] onSilentDataSucc
07-30 15:07:56.828  7643  8115 I SignInResp: [HwID_APK_log[6.15.0.312|6.16.0.300]core SignInResp.java:104] buildSignInResp start.
07-30 15:07:56.828  7643  8115 W IdTokenUtils: [HwID_APK_log[6.15.0.312|6.16.0.300]core IdTokenUtils.java:41] idToken is Empty
07-30 15:07:56.828  7643  8115 I HwIDAIDLResponse: [HwID_APK_log[6.15.0.312|6.16.0.300]core HwIDAIDLResponse.java:151] signin finish :0,appId:100170393,packageName:************ameassistant
07-30 15:07:56.828  7643  8115 I BroadcastUtil: [HwID_APK_log[6.15.0.312|6.16.0.300]core BroadcastUtil.java:52] sendAuthBroadcast
07-30 15:07:56.829  7643  8166 I PermissionCheckUtil: [HwID_APK_log[6.15.0.312|6.16.0.300]core PermissionCheckUtil.java:83] query permission appid=100170393
07-30 15:07:56.829  7643  8166 I AuthService: [HMSCore AuthService.java:20] Enter queryPermission， appId: 100170393
07-30 15:07:56.829  7643  8166 I InnerBindManager: [HMSCore InnerBindManager.java:22] inner connect:3
07-30 15:07:56.830  7643 28444 I InnerBindManager: [HMSCore InnerBindManager.java:12] invoke lock
07-30 15:07:56.830  7643 28444 I InnerBindManager: [HMSCore InnerBindManager.java:69] invoke unlock
07-30 15:07:56.830  7643 28444 I ScopeCache: [HMSCore ScopeCache.java:78] getAppScope: appId = 100170393; hostAppId = null
07-30 15:07:56.831  7643 28444 I PermissionCheckUtil: [HwID_APK_log[6.15.0.312|6.16.0.300]core PermissionCheckUtil.java:96] rtnCode = 0
07-30 15:07:56.831  7643  8166 I [HUAWEIID]HwIDJsonResponse: [HwID_APK_log[6.15.0.312|6.16.0.300]core HwIDJsonResponse.java:32] callResponse start.
07-30 15:07:56.832  7643 29388 I FormalHASDK: HAImpl==> onEvent. tag:HmsProfiler, type:1, eventId:907114402
07-30 15:07:56.834  7643  8166 I CloudAccountInnerStub: [HwID_APK_log[6.15.0.312|6.16.0.300]core CloudAccountInnerStub.java:718] SignInResponse callJson.
07-30 15:07:56.836  7643  8166 I fwkit_msg_request_proxy: [fwkit AIDLRequestLocalProxy.java:292] AidlCallback:984e319f-3daf-4087-b537-edeb1d81d215/hwid.Request
07-30 15:07:56.836  7643  8166 I fwkit_msg_arw: [fwkit AIDLResponseWrapper.java:10] callJson start
07-30 15:07:56.837  7643 28448 I fwkit_CountryCodeBean: [fwkit CountryCodeBean.java:40] countryCode by ro.hw.country is: cn
07-30 15:07:56.837  7643 28448 I fwkit_CountryCodeBean: [fwkit CountryCodeBean.java:16] get issue_country code from VENDOR_COUNTRY
07-30 15:07:56.837  7643  8166 I AIDLResponseImpl: [HMSCore AIDLResponseImpl.java:124] Response, uri: hwid.Request, statusCode: 0, errorCode: 0
07-30 15:07:56.838  7643 28449 I fwkit_HmsProfiler: [fwkit HmsProfiler.java:212] traceApiEvent input : com.huawei.hwid
07-30 15:07:56.838  7643  8166 I HmsClient: [baseinner IPCCallback.java:10] getResult, statusCode:0
07-30 15:07:56.838  7643  8166 I HmsClient: [baseinner Binder.java:1093] in asnyc callback.
07-30 15:07:56.838 23136 23155 I HwLauncher: LauncherProvider launcher call - method:updateParentAbilityForm arg:null uid:10168 pid =13516
07-30 15:07:56.839  7643 29490 I HmsClient: [baseinner HmsClient.java:1] baseCallBack.onComplete
07-30 15:07:56.839  7643 29490 I HmsClient: [baseinner HmsClient.java:1] receive msg status_code:0, error_code0, api_name:hwid.Request, app_id:10132067|, pkg_name:com.huawei.hwid, session_id:*, transaction_id:f2089675-cf28-49d3-8665-1b774bf66d3c, resolution:null
07-30 15:07:56.839  7643 29490 I TaskApiCall: [baseinner HmsClient.java:23] SDK Base inner onResponse: URI:hwid.Request , transactionId f2089675-cf28-49d3-8665-1b774bf66d3c
07-30 15:07:56.839  7643 29490 I AccountApiCallback: [Account_SDK_log[6.11.0.303] AccountApiCallback.java:2] TaskApiCall response error code: 0
07-30 15:07:56.841  7643 29490 I RequestManager: [baseinner HmsClient.java:3] removeReqByTransId
07-30 15:07:56.841  7643 11741 I AccountApiCallback: [Account_SDK_log[6.11.0.303] AccountApiCallback.java:7] mAPIName: signIn|onComplete.|start time: 1753859276570|duration time:271
07-30 15:07:56.842  7643 11741 I SilentSignInManager: [HwJos_log[6.15.0.300_product] SilentSignInManager.java:24] Gateway do not support jos.
07-30 15:07:56.843  7643 11741 I JosSignInLifecycleController: [HwJos_log[6.15.0.300_product] JosSignInLifecycleController.java:3] endSignInAccountApi, cpClientInfo is null ? falseresultCode:0
07-30 15:07:56.844  7643 11741 W JosSignInHAReporter: [HwJos_log[6.15.0.300_product] JosSignInHAReporter.java:2] reportBIEvent not Allow Report
07-30 15:07:56.844  7643 11741 I SignInServiceSp: [HwJos_log[6.15.0.300_product] SignInServiceSp.java:3] save signIn date.
07-30 15:07:56.844  7643 11741 I fwkit_msg_request_proxy: [fwkit AIDLRequestLocalProxy.java:292] AidlCallback:463bdde6-2811-4c18-b11f-de2994af1991/hwidjos.silentSignIn
07-30 15:07:56.845  4741  5218 I Hicom_Monitor: notifyPackageChanged: pkgName:io.github.ylimit.droidbotapp, uid: 1110237, actionId: 1
07-30 15:07:56.845  4741  5218 I Hicom_MessageServ: sendMessageInternal: MESSAGE_PACKAGE_CHANGED
07-30 15:07:56.845  4741  5218 I HicomdMessageAdapter: onPackageChanged, actionId: 1, pkgName:io.github.ylimit.droidbotapp, uid: 1110237
07-30 15:07:56.845  4741  5218 I Hicom_XEngineProc: handlePackageChanged  type = 1 packageName = io.github.ylimit.droidbotapp uid = 1110237
07-30 15:07:56.845  4741  5218 I Hicom_MessageServ: handleMessage: MESSAGE_PACKAGE_CHANGED, distributing for + 2 handlers
07-30 15:07:56.845  4741  5218 I Hicom_PolicyCenterCoreService: callRelateHandler: MESSAGE_PACKAGE_CHANGED, distributing...
07-30 15:07:56.845  4741  5218 I Hicom_PolicyCenterBaseSystem: handlePackageChangedBase: class name: com.huawei.systemserver.emcom.policycenter.policycenterservice.decisionsystem.MpAptDecisionSystem
07-30 15:07:56.845  4741  5218 I Hicom_MpAptDecisionSystem: handlePackageAdded. multipathPolicy
07-30 15:07:56.845  4741  5218 I Hicom_PolicyCenterBaseSystem: handlePackageChangedBase: class name: com.huawei.systemserver.emcom.policycenter.policycenterservice.decisionsystem.NearMpAptDecisionSystem
07-30 15:07:56.845  4741  5218 I Hicom_PolicyCenterBaseSystem: handlePackageChangedBase: class name: com.huawei.systemserver.emcom.policycenter.policycenterservice.decisionsystem.MpFlowDecisionSystem
07-30 15:07:56.845  4741  5218 I Hicom_PolicyCenterBaseSystem: handlePackageChangedBase: class name: com.huawei.systemserver.emcom.policycenter.policycenterservice.decisionsystem.ExternalMpDecisionSystem
07-30 15:07:56.845  4741  5218 I Hicom_PolicyCenterBaseSystem: handlePackageChangedBase: class name: com.huawei.systemserver.emcom.policycenter.policycenterservice.decisionsystem.MpHttpDecisionSystem
07-30 15:07:56.845  4741  5218 I Hicom_PolicyCenterBaseSystem: handlePackageChangedBase: class name: com.huawei.systemserver.emcom.policycenter.policycenterservice.decisionsystem.mplinksubsystem.MpLinkDecisionSystem
07-30 15:07:56.846  7643 11741 I fwkit_msg_arw: [fwkit AIDLResponseWrapper.java:10] callJson start
07-30 15:07:56.846  7643 11741 E fwkit_msg_arw: [fwkit AIDLResponseWrapper.java:30] intent is null
07-30 15:07:56.847  7643 11741 I AIDLResponseImpl: [HMSCore AIDLResponseImpl.java:124] Response, uri: hwid.silentSignIn, statusCode: 0, errorCode: 0
07-30 15:07:56.847  7643 28457 I fwkit_HmsProfiler: [fwkit HmsProfiler.java:212] traceApiEvent input : com.huawei.gameassistant
07-30 15:07:56.847  7643 11741 I JosSignInLifecycleController: [HwJos_log[6.15.0.300_product] JosSignInLifecycleController.java:8] endSignIn,signInUri:hwidjos.silentSignIn,hasGameServiceLiteScope:false,errorCode:0,isSupportJos:false
07-30 15:07:56.847  7643 11741 I JosSignInLifecycleController: [HwJos_log[6.15.0.300_product] JosSignInLifecycleController.java:16] endJosOffSignIn, cpClientInfo is null ? falsesignInUri:hwidjos.silentSignIn
07-30 15:07:56.847  7643 11741 W JosSignInHAReporter: [HwJos_log[6.15.0.300_product] JosSignInHAReporter.java:13] onReportSignInTime not Allow Report
07-30 15:07:56.848 25011 25041 I HMSSDK_PendingResultImpl: setResult:0
07-30 15:07:56.848  7643 11741 W JosSignInHAReporter: [HwJos_log[6.15.0.300_product] JosSignInHAReporter.java:6] onReportLogin not Allow Report
07-30 15:07:56.848 25011 25011 I HMSSDK_BaseAdapter: BaseRequestResultCallback onResult
07-30 15:07:56.848  4741  9407 I Hicom_QosAccConfigManager: parse qos end, ontSwitch:true,routerSwitch:true
07-30 15:07:56.848 25011 25011 I HMSSDK_BaseAdapter: api is: hwidjos.silentSignIn, resolution: null, status_code: 0
07-30 15:07:56.848  4741  9407 I Hicom_QosAccConfigManager: product: MRO-W00 is allowed to start routerSwitch
07-30 15:07:56.848  4741  9407 I Hicom_QosAccConfigManager: parse qos end routerSwitch switch to:true
07-30 15:07:56.849 25011 25011 I HMSSDK_BaseAdapter: baseCallBack.onComplete
07-30 15:07:56.849 25011 25011 I HMSSDK_HmsClient: receive msg status_code:0, error_code:0, api_name:hwidjos.silentSignIn, app_id:100170393|, pkg_name:com.huawei.gameassistant, session_id:*, transaction_id:100170393SignIn20250730150756465265663, resolution:null
07-30 15:07:56.849 13836 15771 I SecurityComp10201301: SX509TM: checkServerTrusted end, CN=GlobalSign, O=GlobalSign, OU=GlobalSign Root CA - R3
07-30 15:07:56.849 25011 25011 I HMSSDK_TaskApiCall: doExecute, uri:hwid.silentSignIn, errorCode:0, transactionId:100170393SignIn20250730150756465265663
07-30 15:07:56.849 25011 25011 I HMSSDK_[HUAWEIIDSDK]SignInTaskApiCall: HwID_SDK_Log[6.11.0.300]ResponseErrorCode.status:0
07-30 15:07:56.849 25011 25011 I HMSSDK_[HUAWEIIDSDK]SignInTaskApiCall: HwID_SDK_Log[6.11.0.300]signIn success
07-30 15:07:56.849 25011 25011 I HMSSDK_HMSPackageManager: Enter getHMSPackageNameForMultiService
07-30 15:07:56.850 25011 25011 W AGC_Instance: please call `initialize()` first
07-30 15:07:56.850 25011 25011 E HMSSDK_AGCUtils: Get appId with AGConnectServicesConfig failed
07-30 15:07:56.850 25011 25011 I HMSSDK_HMSBIInitializer: Builder->biInitFlag :false
07-30 15:07:56.850 25011 25011 I HMSSDK_Util: available exist: true
07-30 15:07:56.850 25011 25011 I HMSSDK_AvailableUtil: asyncCheckHmsUpdateInfo, not need to check
07-30 15:07:56.851 25011 25011 I HMSSDK_SignInNoticeClientImpl: HwID_SDK_Log[6.11.0.300]request Jos Notice.
07-30 15:07:56.851 13836 15771 I SecurityComp10201301: : verify: certificate is : CN=appgallery.cloud.huawei.com,O=Huawei Software Technologies Co.\, Ltd.,L=Nanjing,ST=Jiangsu,C=CN
07-30 15:07:56.851 25011 25011 I HMSSDK_HMSPackageManager: Enter getHMSPackageNameForMultiService
07-30 15:07:56.851 25011 25011 W AGC_Instance: please call `initialize()` first
07-30 15:07:56.851 25011 25011 E HMSSDK_AGCUtils: Get appId with AGConnectServicesConfig failed
07-30 15:07:56.851 13836 15853 I SecurityComp10201301: SX509TM: checkServerTrusted end, CN=GlobalSign, O=GlobalSign, OU=GlobalSign Root CA - R3
07-30 15:07:56.851 25011 25011 I HMSSDK_HMSPackageManager: Enter getHMSPackageNameForMultiService
07-30 15:07:56.851 25011 25011 W AGC_Instance: please call `initialize()` first
07-30 15:07:56.851 25011 25011 E HMSSDK_AGCUtils: Get cpid with AGConnectServicesConfig failed
07-30 15:07:56.851 25011 25011 I HMSSDK_AGCUtils: In getMetaDataCpId, Failed to read meta data for the CpId.
07-30 15:07:56.851 25011 25011 E HMSSDK_AGCUtils: Get client/cp_id failed: java.io.FileNotFoundException: agconnect-services.json
07-30 15:07:56.851 25011 25011 E HMSSDK_AGCUtils: The client/cp_id is null.
07-30 15:07:56.852 25011 25011 I HMSSDK_[HUAWEIIDSDK]HuaweiIdAuthMemCache: HwID_SDK_Log[6.11.0.300]saveDefaultHuaweiIdSignInAccount start.
07-30 15:07:56.852 25011 25011 I HMSSDK_[HUAWEIIDSDK]HuaweiIdAuthMemCache: HwID_SDK_Log[6.11.0.300]saveDefaultHuaweiIdSignInAccount start.
07-30 15:07:56.852 25011 25011 I HMSSDK_HMSPackageManager: Enter getHMSPackageNameForMultiService
07-30 15:07:56.852 25011 25011 W AGC_Instance: please call `initialize()` first
07-30 15:07:56.852 23136 23155 W HwLauncher: CommandConsumer isAvailable: launcher is not on resume status and pause status
07-30 15:07:56.852 25011 25093 I HMSSDK_HMSPackageManager: Enter getHMSPackageNameForMultiService
07-30 15:07:56.852 25011 25011 E HMSSDK_AGCUtils: Get appId with AGConnectServicesConfig failed
07-30 15:07:56.852 25011 25093 I HMSSDK_HuaweiApi: No setInnerHms, hms pkg name is com.huawei.hwid
07-30 15:07:56.852 25011 25093 I HMSSDK_HuaweiApi: sendRequest
07-30 15:07:56.853 25011 25093 I HMSSDK_HMSPackageManager: Enter getHMSPackageName
07-30 15:07:56.853 25011 25011 I HMSSDK_[HUAWEIIDSDK]SignInTaskApiCall: HwID_SDK_Log[6.11.0.300]report: api=hwid.silentSignInversion=61100301
07-30 15:07:56.853 25011 25093 I HMSSDK_HuaweiApi: isConnected:true.
07-30 15:07:56.853 25011 25011 I HMSSDK_RequestManager: removeReqByTransId
07-30 15:07:56.853 25011 25093 I HMSSDK_BaseHmsClient: getAdapter:isInner:false, mInnerBinderAdapter:null, mOuterBinderAdapter:com.huawei.hms.adapter.OuterBinderAdapter@90369a4
07-30 15:07:56.854 25011 25093 I HMSSDK_RequestManager: addToConnectedReqMap
07-30 15:07:56.854 25011 25011 I HwGameAssistant-15.2.2.300-HwIDSignInRequest: signInHwAccount success
07-30 15:07:56.854 25011 25093 I HMSSDK_HmsClient: post msg api_name:core.getNoticeIntent, app_id:100170393|, pkg_name:com.huawei.gameassistant, sdk_version:61300303, session_id:*, transaction_id:100170393Intent20250730150756851282166, kitSdkVersion:0, apiLevel:1
07-30 15:07:56.854 25011 25011 I HwGameAssistant-15.2.2.300-HwIDSignInRequest: notifyCallback cost:393
07-30 15:07:56.854 25011 25093 I HMSSDK_HmsClient: Activity is null for 100170393
07-30 15:07:56.854 25011 25093 I HMSSDK_BaseAdapter: In constructor, WeakReference is java.lang.ref.WeakReference@6b1722c
07-30 15:07:56.854 13836 15853 I SecurityComp10201301: : verify: certificate is : CN=appgallery.cloud.huawei.com,O=Huawei Software Technologies Co.\, Ltd.,L=Nanjing,ST=Jiangsu,C=CN
07-30 15:07:56.854 25011 29358 I HwGameAssistant-15.2.2.300-HmsAccountWrapper: Sync requestAccessToken cost:393
07-30 15:07:56.854  1851  4823 W ActivityManager: Receiver with filter android.content.IntentFilter@caf808c already registered for pid 25011, callerPackage is com.huawei.gameassistant
07-30 15:07:56.854 25011 25093 I HMSSDK_BaseAdapter: in baseRequest + uri is :core.getNoticeIntent, transactionId is : 100170393Intent20250730150756851282166
07-30 15:07:56.854 25011 29358 I HwGameAssistant-15.2.2.300-ProtocolStorage: has no record.
07-30 15:07:56.854 25011 25093 I HMSSDK_PendingResultImpl: init uri:core.getNoticeIntent
07-30 15:07:56.854 25011 29358 I HwGameAssistant-15.2.2.300-GameDataManager: has not AgreeAccessNetwork.
07-30 15:07:56.854 25011 25093 I HMSSDK_PendingResultImpl: setResultCallback
07-30 15:07:56.855 25011 29358 I HwGameAssistant-15.2.2.300-GameDataManager: query iawaresdk res
07-30 15:07:56.855  7643  7663 I AIDLInvoke: [HMSCore AIDLInvoke.java:135] <apirouter>Request, URI: core.getNoticeIntent
07-30 15:07:56.855  7643  7663 I PackageUtils: [HMSCore PackageUtils.java:28] uid:10166, packageName:com.huawei.gameassistant
07-30 15:07:56.856  7643 28453 I ScopeCache: [HMSCore ScopeCache.java:78] getAppScope: appId = 100170393; hostAppId = null
07-30 15:07:56.856  7643 28453 I AppScope: [HMSCore AppScope.java:6] permission not exist:100170393/com.huawei.hms.appservice.cps
07-30 15:07:56.856  7643 28453 I fwkit_ApiRuleEngine: [fwkit ApiRuleEngine.java:48] bgRules, apiName: core.getNoticeIntent appId: 100170393 permission: null business:Default
07-30 15:07:56.856  7643 28453 W fwkit_coresm: [fwkit CoreServiceManager.java:48] Get vr_system Service !but its binder is null!
07-30 15:07:56.856  7643 28453 E HwVrServiceManagerImpl: client service is not alive.
07-30 15:07:56.856  7643 28453 I fwkit_sdk_apiRouter: newApiName is core.getNoticeIntent
07-30 15:07:56.856  7643 28453 I RuleEngineService: [HMSCore RuleEngineService.java:84] AIDLRequest modify route info,oldApiName:core.getNoticeIntent, newApiName:core.getNoticeIntent
07-30 15:07:56.856  7643 28453 I AIDLInvoke: [HMSCore AIDLInvoke.java:81] core.getNoticeIntent->core.getNoticeIntent
07-30 15:07:56.856  7643 28453 I AIDLInvoke: [HMSCore AIDLInvoke.java:60] core apiLvl:-1,1
07-30 15:07:56.856  7643 28453 I fwkit_sdk_fd: createRequestFromMessageCenter uri: core.getNoticeIntent
07-30 15:07:56.856  7643 28453 I fwkit_kims_apidispatcher_fdi: [fwkit DispatcherImpl.java:105] MessageCenter uri: core.getNoticeIntent appId: 100170393 hostAppId: 100170393 apiLevel: 1 runtime api level: 28
07-30 15:07:56.857  7643 28453 W fwkit_kit_breaker: [fwkit KitBreaker.java:89] infos invalid
07-30 15:07:56.857  7643 28453 I fwkit_kims_RequestFactory: [fwkit RequestFactory.java:56] No uri matched, choose proxy request as default.
07-30 15:07:56.857  7643 28453 I KitMessageCenter: [HMSCore KitMessageCenter.java:146] Find makeRequest uri:core.getNoticeIntent cost time: 1ms
07-30 15:07:56.857  7643 28453 I AIDLInvoke: [HMSCore AIDLInvoke.java:97] Request, URI: core.getNoticeIntent, clientId: {appId: 100170393, hostAppID: 100170393, packageName: com.huawei.gameassistant, sdkVersion: 61300303, uid: 10166, transactionId: 100170393Intent20250730150756851282166, apiLevel: 1, uri: core.getNoticeIntent, kitSdkVersion: 0}
07-30 15:07:56.857  7643 28453 I fwkit_kims: [fwkit KIMSServiceController.java:127] getKitInfo S: :core
07-30 15:07:56.857  7643 28453 I fwkit_kams_stubmanager: [fwkit StubManagerService.java:35] getSPNByComponent:com.huawei.hms.game, com.huawei.hms.game, false
07-30 15:07:56.857  7643 28453 I fwkit_kams_scheduler: [fwkit ProcessScheduler.java:32] RC:com.huawei.hwid.core
07-30 15:07:56.857  7643 28453 I fwkit_kams: [fwkit KAMSServiceController.java:164] Assign com.huawei.hwid.core for core/com.huawei.hms.game/com.huawei.hms.game cost 0ms
07-30 15:07:56.857  7643 28453 I fwkit_kams_stubmanager: [fwkit StubManagerService.java:35] getSPNByComponent:com.huawei.hms.game, com.huawei.hms.game, false
07-30 15:07:56.858  7643 28453 I fwkit_kams_scheduler: [fwkit ProcessScheduler.java:32] RC:com.huawei.hwid.core
07-30 15:07:56.858  7643 28453 I fwkit_msg_request_proxy: [fwkit AIDLRequestLocalProxy.java:34] request:64dc33c1-03d5-4a69-90e9-17cd4885375c/core.getNoticeIntent
07-30 15:07:56.858  7643  8103 E fwkit_presetUtil: getSystemApp flag error for com.google.android.gms:NameNotFoundException
07-30 15:07:56.858  7643  8103 I FormalHASDK: HAImpl==> onEvent. tag:HmsProfiler, type:0, eventId:HMS_API_CALLED
07-30 15:07:56.858  7643 29496 I fwkit_msg_invoke_remote: [fwkit AIDLInvokeRemote.java:124] execute requestId:64dc33c1-03d5-4a69-90e9-17cd4885375c uri:core.getNoticeIntent transactionId:100170393Intent20250730150756851282166
07-30 15:07:56.858  7643 29496 I fwkit_msg_fr: [fwkit FinderRemote.java:7] findRequest uri: core.getNoticeIntent apiLevel: 1
07-30 15:07:56.859  7643 29496 I fwkit_kac_kitloader: [fwkit KitLoaderManager.java:133] kit loaded core_61500300 already exits, cost :0 ms
07-30 15:07:56.859  7643 29496 I fwkit_msg_aidl_request: [fwkit AIDLRequest.java:6] execute:100170393Intent20250730150756851282166
07-30 15:07:56.859  7643 29496 I ScopeManager: [HMSCore ScopeManager.java:31] checkCF 100170393/com.huawei.gameassistant
07-30 15:07:56.860  7643 29496 I HC_PackageUtils: [HMSCore PackageUtils.java:81] com.huawei.gameassistant is OHOS app: false
07-30 15:07:56.860  7643 29496 I fwkit_ScopeManager: getScope:  appId = 100170393 hostAppId = 
07-30 15:07:56.860  7643 29496 I ScopeCache: [HMSCore ScopeCache.java:78] getAppScope: appId = 100170393; hostAppId = null
07-30 15:07:56.860  7643 29496 I ScopeCache: [HMSCore ScopeCache.java:78] getAppScope: appId = 100170393; hostAppId = null
07-30 15:07:56.860  7643 29496 I ScopeUtil: [HMSCore ScopeUtil.java:26] isV2Enable:null
07-30 15:07:56.860  7643 29496 W ScopeUtil: [HMSCore ScopeUtil.java:37] scope switch is false, not need report
07-30 15:07:56.860  7643 29496 I fwkit_scope_mgr: [fwkit ScopeManager.java:133] checkCertFingerprint result: 0
07-30 15:07:56.860 25011 29358 I HwGameAssistant-15.2.2.300-GameDataManager: need refreshAppInfo:io.github.ylimit.droidbotapp
07-30 15:07:56.860  7643 29496 I BaseRequest: [HwJos_log[6.15.0.300_product] BaseRequest.java:2] onRequest BaseRequest.core.getNoticeIntent
07-30 15:07:56.860  7643 29496 I AuthService: [HMSCore AuthService.java:24] checkPermission: 100170393
07-30 15:07:56.860  7643 29496 I AuthService: [HMSCore AuthService.java:73] local check
07-30 15:07:56.861 25011 29358 E HwGameAssistant-15.2.2.300-GameDataManager: appDataTss is null!
07-30 15:07:56.861  7643 29496 I ScopeCache: [HMSCore ScopeCache.java:78] getAppScope: appId = 100170393; hostAppId = null
07-30 15:07:56.861  7643 29496 I ScopeUtil: [HMSCore ScopeUtil.java:26] isV2Enable:null
07-30 15:07:56.861  7643 29496 W ScopeUtil: [HMSCore ScopeUtil.java:37] scope switch is false, not need report
07-30 15:07:56.861 25011 29358 I HwGameAssistant-15.2.2.300-InstallPackageIntentReceiver: GetGameDataTask finish
07-30 15:07:56.861 25011 29497 I HwGameAssistant-15.2.2.300-ProtocolStorage: has no record.
07-30 15:07:56.861  7643 29496 I AuthServiceHelper: [HwJos_log[6.15.0.300_product] GwAuthServiceChecker.java:3] query permission result:true
07-30 15:07:56.861  7643 29496 I JointStateUtil: [HwJos_log[6.15.0.300_product] JointStateUtil.java:3] update app state do not support jos: true, appId=100170393
07-30 15:07:56.861 25011 29497 E HwGameAssistant-15.2.2.300-GameDataManager: HTTP-REQUEST access store Server failed: httpStatusCode = -2, exception = null
07-30 15:07:56.861  7643 29496 I SharedPreferenceCache: [HwJos_log[6.15.0.300_product] SharedPreferenceCache.java:2] setDefaultValue, dataType: int, defaultValue: 0
07-30 15:07:56.861  7643 29496 I Jos.getNotice: [HwJos_log[6.15.0.300_product] GetNoticeRequest.java:11] onRequest:1
07-30 15:07:56.861  7643 29496 I Jos.getNotice: [HwJos_log[6.15.0.300_product] GetNoticeRequest.java:1] no need to report start
07-30 15:07:56.862  7643 29496 I AuthService: [HMSCore AuthService.java:24] checkPermission: 100170393
07-30 15:07:56.862  7643 29496 I AuthService: [HMSCore AuthService.java:73] local check
07-30 15:07:56.862  7643 29496 I ScopeCache: [HMSCore ScopeCache.java:78] getAppScope: appId = 100170393; hostAppId = null
07-30 15:07:56.862  7643 29496 I ScopeUtil: [HMSCore ScopeUtil.java:26] isV2Enable:null
07-30 15:07:56.862  7643 29496 W ScopeUtil: [HMSCore ScopeUtil.java:37] scope switch is false, not need report
07-30 15:07:56.862  7643 29496 I AuthServiceHelper: [HwJos_log[6.15.0.300_product] GwAuthServiceChecker.java:3] query permission result:true
07-30 15:07:56.862  7643 29496 I JointStateUtil: [HwJos_log[6.15.0.300_product] JointStateUtil.java:3] update app state do not support jos: true, appId=100170393
07-30 15:07:56.862  7643 29496 W Jos.getNotice: [HwJos_log[6.15.0.300_product] GetNoticeRequest.java:1] onRequestStop statusCode:8001
07-30 15:07:56.863  7643 29496 I fwkit_msg_request_proxy: [fwkit AIDLRequestLocalProxy.java:292] AidlCallback:64dc33c1-03d5-4a69-90e9-17cd4885375c/core.getNoticeIntent
07-30 15:07:56.863  7643 29496 I fwkit_msg_arw: [fwkit AIDLResponseWrapper.java:10] callJson start
07-30 15:07:56.863  7643 29496 E fwkit_msg_arw: [fwkit AIDLResponseWrapper.java:30] intent is null
07-30 15:07:56.863  7643 29496 I AIDLResponseImpl: [HMSCore AIDLResponseImpl.java:124] Response, uri: core.getNoticeIntent, statusCode: 0, errorCode: 8001
07-30 15:07:56.863  7643 29496 I fwkit_msg_aidl_request: [fwkit AIDLRequest.java:17] onRequest core.getNoticeIntent/100170393Intent20250730150756851282166 cost 2ms
07-30 15:07:56.864  7643 28452 I fwkit_HmsProfiler: [fwkit HmsProfiler.java:212] traceApiEvent input : com.huawei.gameassistant
07-30 15:07:56.864 25011 25041 I HMSSDK_PendingResultImpl: setResult:0
07-30 15:07:56.865 25011 25011 I HMSSDK_BaseAdapter: BaseRequestResultCallback onResult
07-30 15:07:56.865 25011 25011 I HMSSDK_BaseAdapter: api is: core.getNoticeIntent, resolution: null, status_code: 0
07-30 15:07:56.865 25011 25011 I HMSSDK_BaseAdapter: baseCallBack.onComplete
07-30 15:07:56.865 25011 25011 I HMSSDK_HmsClient: receive msg status_code:0, error_code:8001, api_name:core.getNoticeIntent, app_id:100170393|, pkg_name:com.huawei.gameassistant, session_id:*, transaction_id:100170393Intent20250730150756851282166, resolution:null
07-30 15:07:56.866 25011 25011 I HMSSDK_TaskApiCall: doExecute, uri:core.getNoticeIntent, errorCode:8001, transactionId:100170393Intent20250730150756851282166
07-30 15:07:56.866 25011 25011 W HMSSDK_NoticeTaskApiCall: HwID_SDK_Log[6.11.0.300]Jos Notice onResult failed, ErrCode8001
07-30 15:07:56.866 25011 25011 I HMSSDK_HMSPackageManager: Enter getHMSPackageNameForMultiService
07-30 15:07:56.866 25011 25011 W AGC_Instance: please call `initialize()` first
07-30 15:07:56.866  1851  7232 I InputMethodUtils: putEnabledInputMethodStr: com.huawei.ohos.inputmethod/com.android.inputmethod.latin.LatinIME:com.huawei.scanner/.previewtextscan.inputmethod.VisionInputMethodService:io.github.ylimit.droidbotapp/.DroidBotIME
07-30 15:07:56.867  1851  7232 I [SPMN]  : insert SECURE -- name = enabled_input_methods, package = android, user = 11, value = com.huawei.ohos.inputmethod/com.android.inputmethod.latin.LatinIME:com.huawei.scanner/.previewtextscan.inputmethod.VisionInputMethodService:io.github.ylimit.droidbotapp/.DroidBotIME
07-30 15:07:56.867 25011 25011 E HMSSDK_AGCUtils: Get appId with AGConnectServicesConfig failed
07-30 15:07:56.867 25011 25011 I HMSSDK_RequestManager: removeReqByTransId
07-30 15:07:56.867  1851  1851 I InputMethodManagerService: enabledInputMethodsStr onchange:com.huawei.ohos.inputmethod/com.android.inputmethod.latin.LatinIME:com.huawei.scanner/.previewtextscan.inputmethod.VisionInputMethodService:io.github.ylimit.droidbotapp/.DroidBotIME
07-30 15:07:56.868  1851  1851 I [SPMN]  : insert SECURE -- name = selected_input_method_subtype, package = android, user = 11, value = -921088104
07-30 15:07:56.886 29500 29500 I KvStoreThreadPoolImpl: Start: start
07-30 15:07:56.886 29500 29500 I acc     : DEVSL: Enter DEVSL_OnStart, init device entry 0
07-30 15:07:56.886 29500 29500 I acc     : DEVSL: dlsym DATASL Function success!
07-30 15:07:56.887 29500 29500 I acc     : DEVSL: DEVSL_OnStart - success!
07-30 15:07:56.887 29500 29500 I DistributedDB: DistributedDB Version : 1.1.5
07-30 15:07:56.895  4689 15277 I KvStoreUtils: GetAppIdByBundleName: system service bundleName:account_manager_service or container app tokenId:1000
07-30 15:07:56.898  4689 29509 I ClientPermissionValidator: operator(): after registered permissionStatus = 1
07-30 15:07:56.898  4689 29509 I ClientPermissionValidator: operator(): registered permissions changed callback to BMS succeed.
07-30 15:07:56.903  4689 15277 I KvStoreUtils: GetAppIdByBundleName: system service bundleName:account_manager_service or container app tokenId:1000
07-30 15:07:56.912  1851  4172 I WifiNl80211Manager: Noise: -90, Snr: 34, Chload: 91, rssi: -59, txBitrate: 175, rxBitrate: 216, frequency: 5745, UlDelay: 0, currentTxBytes: 299790743, currentTxPackets: 489112, currentTxFailed: 0, currentRxBytes: 2132331043, currentRxPackets: 1056929
07-30 15:07:56.912  1851  4172 I HuaweiWifiWatchdogStateMachine: high data flow: protection_counter = 0,  not_detect_counter = 25
07-30 15:07:56.912  1851  4172 I HuaweiWifiWatchdogStateMachine: high data flow scenario: 0 --> 0 rx rate =4KB/s
07-30 15:07:56.913  1851  4172 I HuaweiWifiWatchdogStateMachine: POta txb txg rxg:0, 37, 0. Lr =0% Totpkt=37
07-30 15:07:56.913  1851  4168 I WiFi_PRO: MSG_RETURN_AP_CURRY_RSSI rssi = -59
07-30 15:07:56.913  1851  4168 I QosMonitor: queryRtt: rttType = 3
07-30 15:07:56.913  1851  4168 I QosMonitor: call ctrlHwWifiNetwork
07-30 15:07:56.914  1851  4168 I QosMonitor: postEventFromNative: msg=100,arg1=4,arg2=10
07-30 15:07:56.914  1851  4168 I QosMonitor: call ctrlHwWifiNetwork
07-30 15:07:56.914  1851  4168 I QosMonitor: postEventFromNative: msg=100,arg1=0,arg2=10
07-30 15:07:56.914  1851  4168 I MQoS    : rtt=748,tcpTxPkts=628925,tcpRxPkts=870901
07-30 15:07:56.915  4689 15277 W DistributedDB: [KvStoreNbDelegate] Get the data failed:-1003
07-30 15:07:56.915  4689 15277 I fbe_sdp_with_without_policy: IsValidPath: match to the prefix of path /data/misc_de/.
07-30 15:07:56.915  4689 15277 I fbe_sdp_with_without_policy: IsDataDirPath: match to the prefix of dataDir path /data/misc_de/0/.
07-30 15:07:56.915  4689 15277 I fbe_sdp_with_without_policy: IsValidPath: match to the prefix of path /data/misc_de/.
07-30 15:07:56.915  4689 15277 I fbe_sdp_with_without_policy: IsDataDirPath: match to the prefix of dataDir path /data/misc_de/0/.
07-30 15:07:56.916  4689 15277 I DistributedDB: [SingleUp][Upgrade] from 103 to 103.
07-30 15:07:56.916  4689 15277 I DistributedDB: [SqlSingleUp] metaSplit[0], secLabel[1], secFlag[0]
07-30 15:07:56.916  4689 15277 I fbe_sdp_with_without_policy: IsValidPath: match to the prefix of path /data/misc_de/.
07-30 15:07:56.916  1851 11821 I MQoS    : QOS_level:0(0),wifi-link;SIM error;use level-0
07-30 15:07:56.916  4689 15277 I fbe_sdp_with_without_policy: IsDataDirPath: match to the prefix of dataDir path /data/misc_de/0/.
07-30 15:07:56.916  1851 11821 I MQoS    : skip-low-Level:0(0),wifi-link;SIM error;use level-0
07-30 15:07:56.916  4689 15277 E fbe_sdp_common: CheckSetLabelToXattr: the xattr value has been set, value is s0
07-30 15:07:56.916  4689 15277 E fbe_sdp_with_without_policy: SetLabel: SetLabel error!
07-30 15:07:56.916  4689 15277 I DistributedDB: Storage engine is in cache status or has been upgraded[1]!
07-30 15:07:56.916  1851  4172 I HuaweiWifiWatchdogStateMachine: PTcp RTT:748, rtt pkt=16, tcp_rx=31, tcp_tx=51, tcp_reTran=0, rtRate=0
07-30 15:07:56.917  4689 15277 I DistributedDB: [SqlSinStore] Get schema error:-1003.
07-30 15:07:56.917  4689 15277 I DistributedDB: [SingleSyncEngine] start auto subscribe timerId=157 finished
07-30 15:07:56.917  4689 15277 I DistributedDB: [CommAggr][Alloc] label=6DB.
07-30 15:07:56.917  4689 15277 I DistributedDB: [SyncEngine] Engine init ok
07-30 15:07:56.917  4689 15277 I DistributedDB: [CommAggr][Activate] Label=6DB.
07-30 15:07:56.917  1851  4172 I HuaweiWifiWatchdogStateMachine: start computeQosLevel tcpRtt = 748 ,rssi = -59 ,mBestSpeedInPeriod = 3280
07-30 15:07:56.917  1851  4172 I HuaweiWifiWatchdogStateMachine: smoothConsecutiveQosResults, currentQosLevel = 3
07-30 15:07:56.917  4689 15277 I DistributedDB: Database identifier:6db2a6, dir:f04172.
07-30 15:07:56.917  4689 15277 I DistributedDB: [Syncer] EnableAutoSync enable = 0, Label=6DB2A6
07-30 15:07:56.917  1851  4168 I QosMonitor: resetRtt: rttType = 3
07-30 15:07:56.917  1851  4168 I QosMonitor: call ctrlHwWifiNetwork
07-30 15:07:56.920  4689 15277 I ArkCommunicationProvider: Init: begin
07-30 15:07:56.920  1851  7232 I [SPMN]  : insert SECURE -- name = selected_input_method_subtype, package = android, user = 11, value = -1
07-30 15:07:56.920  1851  7232 I [SPMN]  : insert SECURE -- name = default_input_method, package = android, user = 11, value = io.github.ylimit.droidbotapp/.DroidBotIME
07-30 15:07:56.920  7688  7688 I InputMethodManager: Starting input: reason=DEACTIVATED_BY_IMMS
07-30 15:07:56.921  7688  7688 W HwRemoteInputMethodManager: isCasting false because IHwDistributedWindowManager is invalid.
07-30 15:07:56.921  1851  7232 I HwInputMethodManagerService: startInputOrWindowGainedFocus windowToken:android.os.BinderProxy@f398d3c mInputShown:false
07-30 15:07:56.921  1851  7232 I HwOcrImeController: updateMultiWindow focus window = com.android.packageinstaller/com.android.packageinstaller.InstallSuccess mIsInMultiScreen = false
07-30 15:07:56.921  3015  3015 I CeliaKeyboard_LatinIME: onUnbindInput
07-30 15:07:56.921  1851  7232 I HwOcrImeController: updateUser userId = 11 mIsOwnerUser = false
07-30 15:07:56.921  1851  7232 I HwOcrImeController: setOcrImeSupportProp mIsOcrImeValid = true mIsHardKeyboardAvailable = false mIsInMultiScreen = false mIsOwnerUser = false
07-30 15:07:56.921  1851  7232 I HwOcrImeController: setOcrImeSupportProp mIsOcrImeValid = true mIsHardKeyboardAvailable = false mIsInMultiScreen = false mIsOwnerUser = false
07-30 15:07:56.921  1851  7232 I InputMethodShowDelayTask: clearTask
07-30 15:07:56.921  1851  7232 I SecInputMethodManagerService: ime focus result=0
07-30 15:07:56.921  1851  7232 I SecInputMethodManagerService: Client requesting input be hidden, uid=1000
07-30 15:07:56.921  1851  7232 I SecInputMethodManagerService: hideCurrentInputLocked inputShown:false, imeWindowVis:0
07-30 15:07:56.921  1851  7232 I HwInputMethodManagerService: windowfocus: hide secureIME isNeedWaitShow:false
07-30 15:07:56.921  1851  7232 E SecInputMethodManagerService: InputBindResult is @NonNull. startInputReason=Unknown=10000 windowFlags=#81810100 editorInfo=android.view.inputmethod.EditorInfo@659d13e
07-30 15:07:56.921  1851  7232 I InputMethodManagerService: isSecMethodUsing set false
07-30 15:07:56.921  1851  7232 I InputMethodManagerService: startInputOrWindowGainedFocus didStart: isTextEditor=false sameWindowFocused=true doAutoShow=true softInputMode=STATE_UNSPECIFIED|ADJUST_RESIZE
07-30 15:07:56.921  1851  1895 I HwActivityTaskManagerServiceEx: onChange mDefaultInputMethod: io.github.ylimit.droidbotapp/.DroidBotIME
07-30 15:07:56.921  4588  4837 I AppTypeRecogManager: default method change !
07-30 15:07:56.921  1851  7232 I InputMethodManagerService: switching to client:ClientState{3ded0ba uid=1110066 pid=7688 displayId=0} keyguard:false
07-30 15:07:56.921  1851  7232 I InputMethodManagerService: unbindCurrentMethodLocked start: mVisibleBound = false, mHaveConnection = true, mCurMethod = com.android.internal.view.IInputMethod$Stub$Proxy@574a0b5
07-30 15:07:56.922  1851  1881 I WindowManager: Deferring rotation, rotation not changed, rotation=0
07-30 15:07:56.922  1851  1901 I HwDFRServicesFactory: getZrHungServicesFactory
07-30 15:07:56.922  1851  1901 I ZrHungServicesFactoryImpl: getZRHungService
07-30 15:07:56.923  3015  3015 I CeliaKeyboard_VoiceWordCorrectionBarHelper: words is null or size is < 0
07-30 15:07:56.923  3015  3015 I CeliaKeyboard_VoiceWordCorrectionBarHelper: cacheClickVoiceCorrectionData is null or size zero
07-30 15:07:56.923  3015  3015 I CeliaKeyboard_BaseUiManager: [IRV]->destroy
07-30 15:07:56.923  3015  3015 I CeliaKeyboard_EngineManager: onDestroy
07-30 15:07:56.924  1851  1901 I DropBoxManagerService: add tag=system_server_wtf isTagEnabled=true flags=0x2
07-30 15:07:56.924  3015  4050 I CeliaKeyboard_AbstractBaseEngineTool: unloadSearchScene 0
07-30 15:07:56.924  4689 15277 W DistributedDB: [KvStoreNbDelegate] Get the batch data failed:-1003
07-30 15:07:56.924  1851  1901 I ActivityManager: before write dropbox time 1753859276924 eventType is wtf dataFile is false
07-30 15:07:56.924  4689 15287 I KvStoreUtils: GetAppIdByBundleName: system service bundleName:account_manager_service or container app tokenId:1000
07-30 15:07:56.925  1851  7232 I InputMethodManagerService: Removing window token: android.os.Binder@c25ba5b for display: 0
07-30 15:07:56.925  1851  7232 I WindowManager: removeWindowToken: displayid:0 binder:android.os.Binder@c25ba5b token:WindowToken{83a42f8 android.os.Binder@c25ba5b}
07-30 15:07:56.925  3015  3015 I CeliaKeyboard_ClipManager: removePrimaryClipChangedListener
07-30 15:07:56.926  1851  7232 I ActivityTaskManager: Cannot add android into io.github.ylimit.droidbotapp bound list.
07-30 15:07:56.926  4689 15287 I DistributedDB: Remove from the cache.
07-30 15:07:56.926  4689 15287 I DistributedDB: [SyncEngine] SyncEngine[6DB2A6] close enter!
07-30 15:07:56.926  1851  7232 I ActivityTaskManager: Cannot add android into io.github.ylimit.droidbotapp bound list.
07-30 15:07:56.926  3015  3015 I CeliaKeyboard_SettingsDetector: unregisterListener
07-30 15:07:56.926  1851  7232 I ActivityManager: power push bindservice callingPkg:android, pkg:io.github.ylimit.droidbotapp, callerApp pid:1851, pid:29297
07-30 15:07:56.926  1851  7232 E InputMethodManagerService: bindCurrentInputMethodServiceLocked end: service = Intent { act=android.view.InputMethod cmp=io.github.ylimit.droidbotapp/.DroidBotIME (has extras) }, conn = com.android.server.inputmethod.HwInputMethodManagerService@4b289f, result = true
07-30 15:07:56.926  1851  7232 I InputMethodManagerService: Adding window token: android.os.Binder@9d592fa for display: 0
07-30 15:07:56.926  1851  7232 I WindowManager: addWindowToken: displayid:0 binder:android.os.Binder@9d592fa token:WindowToken{a13f0ab android.os.Binder@9d592fa}
07-30 15:07:56.926  3015  3015 I CeliaKeyboard_AsyncLayoutLoader: do release, size: 5
07-30 15:07:56.926  3015  4046 I FormalHASDK: HAImpl==> onEvent. tag:keyboard, type:0, eventId:1507
07-30 15:07:56.926  1851  1893 I UsageStatsService: Time changed in by -19 seconds
07-30 15:07:56.927  4689 15287 I DistributedDB: [SingleSyncEngine] stop auto subscribe timerId=157 finished
07-30 15:07:56.927  4689 15287 I DistributedDB: [CommAggr][Release] Label=6DB.
07-30 15:07:56.927   907  1927 I Layer   : WindowToken{a13f0ab android.os.Binder@9d592fa}#9986: created
07-30 15:07:56.927  4689 15287 I DistributedDB: [SyncEngine] SyncEngine closed!
07-30 15:07:56.927  4689 15287 I DistributedDB: Storage engine state to [-1]!
07-30 15:07:56.927  4689 15287 W DistributedDB: [Syncer] Syncer[6DB2A6] don't need to close, because it has no been init
07-30 15:07:56.927  4689 15287 I DistributedDB: [SyncEngine] SyncEngine[6DB2A6] close enter!
07-30 15:07:56.927  4689 15287 I DistributedDB: [SyncEngine] SyncEngine closed!
07-30 15:07:56.927  4689 15287 I DistributedDB: [Connection] db[6db] conn Close
07-30 15:07:56.927  4689 15287 I DistributedDB: [KvStoreNbDelegateImpl] Database connection Close
07-30 15:07:56.928  7688  7688 I InputMethodManager: Starting input: Bind resultString=SUCCESS_WAITING_IME_BINDING
07-30 15:07:56.928  7688  7688 I InputMethodManager: Starting input: reason=ACTIVATED_BY_IMMS
07-30 15:07:56.928  7688  7688 W HwRemoteInputMethodManager: isCasting false because IHwDistributedWindowManager is invalid.
07-30 15:07:56.928  1851  4391 I HwInputMethodManagerService: startInputOrWindowGainedFocus windowToken:android.os.BinderProxy@f398d3c mInputShown:false
07-30 15:07:56.928  1851  4391 I HwOcrImeController: updateMultiWindow focus window = com.android.packageinstaller/com.android.packageinstaller.InstallSuccess mIsInMultiScreen = false
07-30 15:07:56.928 29500 29500 I acc     : DEVSL: Enter DEVSL_ToFinish!
07-30 15:07:56.928  1851  4391 I HwOcrImeController: updateUser userId = 11 mIsOwnerUser = false
