07-31 17:05:43.902  2935  3699 W Bundle  : 	at java.util.concurrent.FutureTask.run(FutureTask.java:266)
07-31 17:05:43.902  2935  3699 W Bundle  : 	at java.util.concurrent.ThreadPoolExecutor.runWorker(ThreadPoolExecutor.java:1167)
07-31 17:05:43.902  2935  3699 W Bundle  : 	at java.util.concurrent.ThreadPoolExecutor$Worker.run(ThreadPoolExecutor.java:641)
07-31 17:05:43.902  2935  3699 W Bundle  : 	at java.lang.Thread.run(Thread.java:933)
07-31 17:05:43.902  2935  3699 I ModernMediaScanner: queryArgs key:= android:query-arg-match-pending cotent:= null
07-31 17:05:43.902  2935  3699 I ModernMediaScanner: queryArgs key:= android:query-arg-sql-selection cotent:= ifnull(format,12288) != 47621 AND (_data LIKE ? ESCAPE '\' OR _data LIKE ? ESCAPE '\') AND generation_added <= 75
07-31 17:05:43.902  2935  3699 W Bundle  : Key android:query-arg-sql-selection-args expected String but value was a [Ljava.lang.String;.  The default value <null> was returned.
07-31 17:05:43.902  2935  3699 W Bundle  : Attempt to cast generated internal exception:
07-31 17:05:43.902  2935  3699 W Bundle  : java.lang.ClassCastException: java.lang.String[] cannot be cast to java.lang.String
07-31 17:05:43.902  2935  3699 W Bundle  : 	at android.os.BaseBundle.getString(BaseBundle.java:1298)
07-31 17:05:43.902  2935  3699 W Bundle  : 	at com.android.providers.media.scan.ModernMediaScanner$Scan.reconcileAndClean(ModernMediaScanner.java:674)
07-31 17:05:43.902  2935  3699 W Bundle  : 	at com.android.providers.media.scan.ModernMediaScanner$Scan.runInternal(ModernMediaScanner.java:527)
07-31 17:05:43.902  2935  3699 W Bundle  : 	at com.android.providers.media.scan.ModernMediaScanner$Scan.run(ModernMediaScanner.java:503)
07-31 17:05:43.902  2935  3699 W Bundle  : 	at com.android.providers.media.scan.ModernMediaScanner.scanFile(ModernMediaScanner.java:337)
07-31 17:05:43.902  2935  3699 W Bundle  : 	at com.huawei.media.scan.MediaScannerEx.scanFile(MediaScannerEx.java:252)
07-31 17:05:43.902  2935  3699 W Bundle  : 	at com.huawei.media.scan.MediaScannerEx.handleScanSingleFile(MediaScannerEx.java:236)
07-31 17:05:43.902  2935  3699 W Bundle  : 	at com.huawei.media.scan.MediaScannerEx.handledAction(MediaScannerEx.java:157)
07-31 17:05:43.902  2935  3699 W Bundle  : 	at com.huawei.media.scan.MediaScannerEx.onHandleWorkEx(MediaScannerEx.java:115)
07-31 17:05:43.902  2935  3699 W Bundle  : 	at com.android.providers.media.MediaProvider.onHandleWorkEx(MediaProvider.java:1778)
07-31 17:05:43.902  2935  3699 W Bundle  : 	at com.android.providers.media.MediaService.onHandleWorkEx(MediaService.java:406)
07-31 17:05:43.902  2935  3699 W Bundle  : 	at com.android.providers.media.MediaService.onHandleWork(MediaService.java:152)
07-31 17:05:43.902  2935  3699 W Bundle  : 	at androidx.core.app.JobIntentService$CommandProcessor.doInBackground(JobIntentService.java:396)
07-31 17:05:43.902  2935  3699 W Bundle  : 	at androidx.core.app.JobIntentService$CommandProcessor.doInBackground(JobIntentService.java:387)
07-31 17:05:43.902  2935  3699 W Bundle  : 	at android.os.AsyncTask$3.call(AsyncTask.java:394)
07-31 17:05:43.902  2935  3699 W Bundle  : 	at java.util.concurrent.FutureTask.run(FutureTask.java:266)
07-31 17:05:43.902  2935  3699 W Bundle  : 	at java.util.concurrent.ThreadPoolExecutor.runWorker(ThreadPoolExecutor.java:1167)
07-31 17:05:43.902  2935  3699 W Bundle  : 	at java.util.concurrent.ThreadPoolExecutor$Worker.run(ThreadPoolExecutor.java:641)
07-31 17:05:43.902  2935  3699 W Bundle  : 	at java.lang.Thread.run(Thread.java:933)
07-31 17:05:43.902  2935  3699 I ModernMediaScanner: queryArgs key:= android:query-arg-sql-selection-args cotent:= null
07-31 17:05:43.902  2935  3699 I ModernMediaScanner: queryArgs key:= android:query-arg-sql-sort-order cotent:= _id DESC
07-31 17:05:43.902  2935  3699 W Bundle  : Key android:query-arg-match-favorite expected String but value was a java.lang.Integer.  The default value <null> was returned.
07-31 17:05:43.902  2935  3699 W Bundle  : Attempt to cast generated internal exception:
07-31 17:05:43.902  2935  3699 W Bundle  : java.lang.ClassCastException: java.lang.Integer cannot be cast to java.lang.String
07-31 17:05:43.902  2935  3699 W Bundle  : 	at android.os.BaseBundle.getString(BaseBundle.java:1298)
07-31 17:05:43.902  2935  3699 W Bundle  : 	at com.android.providers.media.scan.ModernMediaScanner$Scan.reconcileAndClean(ModernMediaScanner.java:674)
07-31 17:05:43.902  2935  3699 W Bundle  : 	at com.android.providers.media.scan.ModernMediaScanner$Scan.runInternal(ModernMediaScanner.java:527)
07-31 17:05:43.902  2935  3699 W Bundle  : 	at com.android.providers.media.scan.ModernMediaScanner$Scan.run(ModernMediaScanner.java:503)
07-31 17:05:43.902  2935  3699 W Bundle  : 	at com.android.providers.media.scan.ModernMediaScanner.scanFile(ModernMediaScanner.java:337)
07-31 17:05:43.902  2935  3699 W Bundle  : 	at com.huawei.media.scan.MediaScannerEx.scanFile(MediaScannerEx.java:252)
07-31 17:05:43.902  2935  3699 W Bundle  : 	at com.huawei.media.scan.MediaScannerEx.handleScanSingleFile(MediaScannerEx.java:236)
07-31 17:05:43.902  2935  3699 W Bundle  : 	at com.huawei.media.scan.MediaScannerEx.handledAction(MediaScannerEx.java:157)
07-31 17:05:43.902  2935  3699 W Bundle  : 	at com.huawei.media.scan.MediaScannerEx.onHandleWorkEx(MediaScannerEx.java:115)
07-31 17:05:43.902  2935  3699 W Bundle  : 	at com.android.providers.media.MediaProvider.onHandleWorkEx(MediaProvider.java:1778)
07-31 17:05:43.902  2935  3699 W Bundle  : 	at com.android.providers.media.MediaService.onHandleWorkEx(MediaService.java:406)
07-31 17:05:43.902  2935  3699 W Bundle  : 	at com.android.providers.media.MediaService.onHandleWork(MediaService.java:152)
07-31 17:05:43.902  2935  3699 W Bundle  : 	at androidx.core.app.JobIntentService$CommandProcessor.doInBackground(JobIntentService.java:396)
07-31 17:05:43.902  2935  3699 W Bundle  : 	at androidx.core.app.JobIntentService$CommandProcessor.doInBackground(JobIntentService.java:387)
07-31 17:05:43.902  2935  3699 W Bundle  : 	at android.os.AsyncTask$3.call(AsyncTask.java:394)
07-31 17:05:43.902  2935  3699 W Bundle  : 	at java.util.concurrent.FutureTask.run(FutureTask.java:266)
07-31 17:05:43.902  2935  3699 W Bundle  : 	at java.util.concurrent.ThreadPoolExecutor.runWorker(ThreadPoolExecutor.java:1167)
07-31 17:05:43.902  2935  3699 W Bundle  : 	at java.util.concurrent.ThreadPoolExecutor$Worker.run(ThreadPoolExecutor.java:641)
07-31 17:05:43.902  2935  3699 W Bundle  : 	at java.lang.Thread.run(Thread.java:933)
07-31 17:05:43.902  2935  3699 I ModernMediaScanner: queryArgs key:= android:query-arg-match-favorite cotent:= null
07-31 17:05:43.903  2935  3699 I ModernMediaScanner: reconcileAndClean mUnknownIds size 0
07-31 17:05:43.903  2935  3699 I ModernMediaScanner: runInternal: 3, filename: **/emulated/11/screen_2025-07-31_170539.png**
07-31 17:05:43.903  2935  3699 I MediaProvider: Scanned external_primary due to REASON_DEMAND, found 0 items in 3ms, 0 inserts 0 updates 0 deletes
07-31 17:05:43.904  2935  3699 I MediaProvider: try scan file with encoded path
07-31 17:05:43.904  2935  3699 I MediaProvider: handleScanSingleFile but scan path is not single file!
07-31 17:05:43.906  2935  3699 I ModernMediaScanner: max id 38
07-31 17:05:43.907  2935  3699 W ModernMediaScanner: Failed to visit one file, meet exception
07-31 17:05:43.907  2935  3699 I ModernMediaScanner: sqlSelection ifnull(format,12288) != 47621 AND (_data LIKE ? ESCAPE '\' OR _data LIKE ? ESCAPE '\') AND generation_added <= 75
07-31 17:05:43.907  2935  3699 W Bundle  : Key android:query-arg-match-trashed expected String but value was a java.lang.Integer.  The default value <null> was returned.
07-31 17:05:43.907  2935  3699 W Bundle  : Attempt to cast generated internal exception:
07-31 17:05:43.907  2935  3699 W Bundle  : java.lang.ClassCastException: java.lang.Integer cannot be cast to java.lang.String
07-31 17:05:43.907  2935  3699 W Bundle  : 	at android.os.BaseBundle.getString(BaseBundle.java:1298)
07-31 17:05:43.907  2935  3699 W Bundle  : 	at com.android.providers.media.scan.ModernMediaScanner$Scan.reconcileAndClean(ModernMediaScanner.java:674)
07-31 17:05:43.907  2935  3699 W Bundle  : 	at com.android.providers.media.scan.ModernMediaScanner$Scan.runInternal(ModernMediaScanner.java:527)
07-31 17:05:43.907  2935  3699 W Bundle  : 	at com.android.providers.media.scan.ModernMediaScanner$Scan.run(ModernMediaScanner.java:503)
07-31 17:05:43.907  2935  3699 W Bundle  : 	at com.android.providers.media.scan.ModernMediaScanner.scanFile(ModernMediaScanner.java:337)
07-31 17:05:43.907  2935  3699 W Bundle  : 	at com.huawei.media.scan.MediaScannerEx.scanFile(MediaScannerEx.java:252)
07-31 17:05:43.907  2935  3699 W Bundle  : 	at com.huawei.media.scan.MediaScannerEx.handleScanSingleFile(MediaScannerEx.java:240)
07-31 17:05:43.907  2935  3699 W Bundle  : 	at com.huawei.media.scan.MediaScannerEx.handledAction(MediaScannerEx.java:157)
07-31 17:05:43.907  2935  3699 W Bundle  : 	at com.huawei.media.scan.MediaScannerEx.onHandleWorkEx(MediaScannerEx.java:115)
07-31 17:05:43.907  2935  3699 W Bundle  : 	at com.android.providers.media.MediaProvider.onHandleWorkEx(MediaProvider.java:1778)
07-31 17:05:43.907  2935  3699 W Bundle  : 	at com.android.providers.media.MediaService.onHandleWorkEx(MediaService.java:406)
07-31 17:05:43.907  2935  3699 W Bundle  : 	at com.android.providers.media.MediaService.onHandleWork(MediaService.java:152)
07-31 17:05:43.907  2935  3699 W Bundle  : 	at androidx.core.app.JobIntentService$CommandProcessor.doInBackground(JobIntentService.java:396)
07-31 17:05:43.907  2935  3699 W Bundle  : 	at androidx.core.app.JobIntentService$CommandProcessor.doInBackground(JobIntentService.java:387)
07-31 17:05:43.907  2935  3699 W Bundle  : 	at android.os.AsyncTask$3.call(AsyncTask.java:394)
07-31 17:05:43.907  2935  3699 W Bundle  : 	at java.util.concurrent.FutureTask.run(FutureTask.java:266)
07-31 17:05:43.907  2935  3699 W Bundle  : 	at java.util.concurrent.ThreadPoolExecutor.runWorker(ThreadPoolExecutor.java:1167)
07-31 17:05:43.907  2935  3699 W Bundle  : 	at java.util.concurrent.ThreadPoolExecutor$Worker.run(ThreadPoolExecutor.java:641)
07-31 17:05:43.907  2935  3699 W Bundle  : 	at java.lang.Thread.run(Thread.java:933)
07-31 17:05:43.907  2935  3699 I ModernMediaScanner: queryArgs key:= android:query-arg-match-trashed cotent:= null
07-31 17:05:43.907  2935  3699 W Bundle  : Key android:query-arg-match-pending expected String but value was a java.lang.Integer.  The default value <null> was returned.
07-31 17:05:43.907  2935  3699 W Bundle  : Attempt to cast generated internal exception:
07-31 17:05:43.907  2935  3699 W Bundle  : java.lang.ClassCastException: java.lang.Integer cannot be cast to java.lang.String
07-31 17:05:43.907  2935  3699 W Bundle  : 	at android.os.BaseBundle.getString(BaseBundle.java:1298)
07-31 17:05:43.907  2935  3699 W Bundle  : 	at com.android.providers.media.scan.ModernMediaScanner$Scan.reconcileAndClean(ModernMediaScanner.java:674)
07-31 17:05:43.907  2935  3699 W Bundle  : 	at com.android.providers.media.scan.ModernMediaScanner$Scan.runInternal(ModernMediaScanner.java:527)
07-31 17:05:43.907  2935  3699 W Bundle  : 	at com.android.providers.media.scan.ModernMediaScanner$Scan.run(ModernMediaScanner.java:503)
07-31 17:05:43.907  2935  3699 W Bundle  : 	at com.android.providers.media.scan.ModernMediaScanner.scanFile(ModernMediaScanner.java:337)
07-31 17:05:43.907  2935  3699 W Bundle  : 	at com.huawei.media.scan.MediaScannerEx.scanFile(MediaScannerEx.java:252)
07-31 17:05:43.907  2935  3699 W Bundle  : 	at com.huawei.media.scan.MediaScannerEx.handleScanSingleFile(MediaScannerEx.java:240)
07-31 17:05:43.907  2935  3699 W Bundle  : 	at com.huawei.media.scan.MediaScannerEx.handledAction(MediaScannerEx.java:157)
07-31 17:05:43.907  2935  3699 W Bundle  : 	at com.huawei.media.scan.MediaScannerEx.onHandleWorkEx(MediaScannerEx.java:115)
07-31 17:05:43.907  2935  3699 W Bundle  : 	at com.android.providers.media.MediaProvider.onHandleWorkEx(MediaProvider.java:1778)
07-31 17:05:43.907  2935  3699 W Bundle  : 	at com.android.providers.media.MediaService.onHandleWorkEx(MediaService.java:406)
07-31 17:05:43.907  2935  3699 W Bundle  : 	at com.android.providers.media.MediaService.onHandleWork(MediaService.java:152)
07-31 17:05:43.907  2935  3699 W Bundle  : 	at androidx.core.app.JobIntentService$CommandProcessor.doInBackground(JobIntentService.java:396)
07-31 17:05:43.907  2935  3699 W Bundle  : 	at androidx.core.app.JobIntentService$CommandProcessor.doInBackground(JobIntentService.java:387)
07-31 17:05:43.907  2935  3699 W Bundle  : 	at android.os.AsyncTask$3.call(AsyncTask.java:394)
07-31 17:05:43.907  2935  3699 W Bundle  : 	at java.util.concurrent.FutureTask.run(FutureTask.java:266)
07-31 17:05:43.907  2935  3699 W Bundle  : 	at java.util.concurrent.ThreadPoolExecutor.runWorker(ThreadPoolExecutor.java:1167)
07-31 17:05:43.907  2935  3699 W Bundle  : 	at java.util.concurrent.ThreadPoolExecutor$Worker.run(ThreadPoolExecutor.java:641)
07-31 17:05:43.907  2935  3699 W Bundle  : 	at java.lang.Thread.run(Thread.java:933)
07-31 17:05:43.907  2935  3699 I ModernMediaScanner: queryArgs key:= android:query-arg-match-pending cotent:= null
07-31 17:05:43.907  2935  3699 I ModernMediaScanner: queryArgs key:= android:query-arg-sql-selection cotent:= ifnull(format,12288) != 47621 AND (_data LIKE ? ESCAPE '\' OR _data LIKE ? ESCAPE '\') AND generation_added <= 75
07-31 17:05:43.907  2935  3699 W Bundle  : Key android:query-arg-sql-selection-args expected String but value was a [Ljava.lang.String;.  The default value <null> was returned.
07-31 17:05:43.907  2935  3699 W Bundle  : Attempt to cast generated internal exception:
07-31 17:05:43.907  2935  3699 W Bundle  : java.lang.ClassCastException: java.lang.String[] cannot be cast to java.lang.String
07-31 17:05:43.907  2935  3699 W Bundle  : 	at android.os.BaseBundle.getString(BaseBundle.java:1298)
07-31 17:05:43.907  2935  3699 W Bundle  : 	at com.android.providers.media.scan.ModernMediaScanner$Scan.reconcileAndClean(ModernMediaScanner.java:674)
07-31 17:05:43.907  2935  3699 W Bundle  : 	at com.android.providers.media.scan.ModernMediaScanner$Scan.runInternal(ModernMediaScanner.java:527)
07-31 17:05:43.907  2935  3699 W Bundle  : 	at com.android.providers.media.scan.ModernMediaScanner$Scan.run(ModernMediaScanner.java:503)
07-31 17:05:43.907  2935  3699 W Bundle  : 	at com.android.providers.media.scan.ModernMediaScanner.scanFile(ModernMediaScanner.java:337)
07-31 17:05:43.907  2935  3699 W Bundle  : 	at com.huawei.media.scan.MediaScannerEx.scanFile(MediaScannerEx.java:252)
07-31 17:05:43.907  2935  3699 W Bundle  : 	at com.huawei.media.scan.MediaScannerEx.handleScanSingleFile(MediaScannerEx.java:240)
07-31 17:05:43.907  2935  3699 W Bundle  : 	at com.huawei.media.scan.MediaScannerEx.handledAction(MediaScannerEx.java:157)
07-31 17:05:43.907  2935  3699 W Bundle  : 	at com.huawei.media.scan.MediaScannerEx.onHandleWorkEx(MediaScannerEx.java:115)
07-31 17:05:43.907  2935  3699 W Bundle  : 	at com.android.providers.media.MediaProvider.onHandleWorkEx(MediaProvider.java:1778)
07-31 17:05:43.907  2935  3699 W Bundle  : 	at com.android.providers.media.MediaService.onHandleWorkEx(MediaService.java:406)
07-31 17:05:43.907  2935  3699 W Bundle  : 	at com.android.providers.media.MediaService.onHandleWork(MediaService.java:152)
07-31 17:05:43.907  2935  3699 W Bundle  : 	at androidx.core.app.JobIntentService$CommandProcessor.doInBackground(JobIntentService.java:396)
07-31 17:05:43.907  2935  3699 W Bundle  : 	at androidx.core.app.JobIntentService$CommandProcessor.doInBackground(JobIntentService.java:387)
07-31 17:05:43.907  2935  3699 W Bundle  : 	at android.os.AsyncTask$3.call(AsyncTask.java:394)
07-31 17:05:43.907  2935  3699 W Bundle  : 	at java.util.concurrent.FutureTask.run(FutureTask.java:266)
07-31 17:05:43.907  2935  3699 W Bundle  : 	at java.util.concurrent.ThreadPoolExecutor.runWorker(ThreadPoolExecutor.java:1167)
07-31 17:05:43.907  2935  3699 W Bundle  : 	at java.util.concurrent.ThreadPoolExecutor$Worker.run(ThreadPoolExecutor.java:641)
07-31 17:05:43.907  2935  3699 W Bundle  : 	at java.lang.Thread.run(Thread.java:933)
07-31 17:05:43.907  2935  3699 I ModernMediaScanner: queryArgs key:= android:query-arg-sql-selection-args cotent:= null
07-31 17:05:43.907  2935  3699 I ModernMediaScanner: queryArgs key:= android:query-arg-sql-sort-order cotent:= _id DESC
07-31 17:05:43.907  2935  3699 W Bundle  : Key android:query-arg-match-favorite expected String but value was a java.lang.Integer.  The default value <null> was returned.
07-31 17:05:43.907  2935  3699 W Bundle  : Attempt to cast generated internal exception:
07-31 17:05:43.907  2935  3699 W Bundle  : java.lang.ClassCastException: java.lang.Integer cannot be cast to java.lang.String
07-31 17:05:43.907  2935  3699 W Bundle  : 	at android.os.BaseBundle.getString(BaseBundle.java:1298)
07-31 17:05:43.907  2935  3699 W Bundle  : 	at com.android.providers.media.scan.ModernMediaScanner$Scan.reconcileAndClean(ModernMediaScanner.java:674)
07-31 17:05:43.907  2935  3699 W Bundle  : 	at com.android.providers.media.scan.ModernMediaScanner$Scan.runInternal(ModernMediaScanner.java:527)
07-31 17:05:43.907  2935  3699 W Bundle  : 	at com.android.providers.media.scan.ModernMediaScanner$Scan.run(ModernMediaScanner.java:503)
07-31 17:05:43.907  2935  3699 W Bundle  : 	at com.android.providers.media.scan.ModernMediaScanner.scanFile(ModernMediaScanner.java:337)
07-31 17:05:43.907  2935  3699 W Bundle  : 	at com.huawei.media.scan.MediaScannerEx.scanFile(MediaScannerEx.java:252)
07-31 17:05:43.907  2935  3699 W Bundle  : 	at com.huawei.media.scan.MediaScannerEx.handleScanSingleFile(MediaScannerEx.java:240)
07-31 17:05:43.907  2935  3699 W Bundle  : 	at com.huawei.media.scan.MediaScannerEx.handledAction(MediaScannerEx.java:157)
07-31 17:05:43.907  2935  3699 W Bundle  : 	at com.huawei.media.scan.MediaScannerEx.onHandleWorkEx(MediaScannerEx.java:115)
07-31 17:05:43.907  2935  3699 W Bundle  : 	at com.android.providers.media.MediaProvider.onHandleWorkEx(MediaProvider.java:1778)
07-31 17:05:43.907  2935  3699 W Bundle  : 	at com.android.providers.media.MediaService.onHandleWorkEx(MediaService.java:406)
07-31 17:05:43.907  2935  3699 W Bundle  : 	at com.android.providers.media.MediaService.onHandleWork(MediaService.java:152)
07-31 17:05:43.907  2935  3699 W Bundle  : 	at androidx.core.app.JobIntentService$CommandProcessor.doInBackground(JobIntentService.java:396)
07-31 17:05:43.907  2935  3699 W Bundle  : 	at androidx.core.app.JobIntentService$CommandProcessor.doInBackground(JobIntentService.java:387)
07-31 17:05:43.907  2935  3699 W Bundle  : 	at android.os.AsyncTask$3.call(AsyncTask.java:394)
07-31 17:05:43.907  2935  3699 W Bundle  : 	at java.util.concurrent.FutureTask.run(FutureTask.java:266)
07-31 17:05:43.907  2935  3699 W Bundle  : 	at java.util.concurrent.ThreadPoolExecutor.runWorker(ThreadPoolExecutor.java:1167)
07-31 17:05:43.907  2935  3699 W Bundle  : 	at java.util.concurrent.ThreadPoolExecutor$Worker.run(ThreadPoolExecutor.java:641)
07-31 17:05:43.907  2935  3699 W Bundle  : 	at java.lang.Thread.run(Thread.java:933)
07-31 17:05:43.907  2935  3699 I ModernMediaScanner: queryArgs key:= android:query-arg-match-favorite cotent:= null
07-31 17:05:43.908  2935  3699 I ModernMediaScanner: reconcileAndClean mUnknownIds size 0
07-31 17:05:43.908  2935  3699 I ModernMediaScanner: runInternal: 2, filename: **/emulated/11/screen_2025-07-31_170539.png**
07-31 17:05:43.908  2935  3699 I MediaProvider: Scanned external_primary due to REASON_DEMAND, found 0 items in 2ms, 0 inserts 0 updates 0 deletes
07-31 17:05:43.908  2935  3699 I MediaService: End Intent { act=android.intent.action.MEDIA_SCANNER_SCAN_FILE dat=file:///sdcard/screen_2025-07-31_170539.png flg=0x1400010 cmp=com.android.providers.media.module/com.android.providers.media.MediaService }
07-31 17:05:43.909   637   637 I android.system.suspend@1.0-service: decSuspendCounter kname=native_PowerManagerService.WakeLocks --mSuspendCounter= 2
07-31 17:05:43.910  2935  2935 I MediaService: onUnbind
07-31 17:05:43.910  2935  2935 I MediaService: onDestroy {MediaVolume name: [external_primary] id: [emulated;11] user: [UserHandle{11}] path: [/storage/emulated/11]}
07-31 17:05:44.149  1851  1920 I HwAmbientLuxFilterAlgo: SceneBufferAmbientLux input error,end=30,start=-141,bufferSize=59
07-31 17:05:44.501  1851  1920 I HwAmbientLuxFilterAlgo: SceneBufferAmbientLux input error,end=30,start=-141,bufferSize=59
07-31 17:05:44.505  4689  7938 I HwNaturalBase: [CommonHandler]: 44920Kb ram is used.
07-31 17:05:44.801  1851  4172 I WifiNl80211Manager: Noise: -72, Snr: 30, Chload: 877, rssi: -62, txBitrate: 216, rxBitrate: 206, frequency: 5745, UlDelay: 0, currentTxBytes: 432112845, currentTxPackets: 4386027, currentTxFailed: 12, currentRxBytes: 191511936, currentRxPackets: 1157835
07-31 17:05:44.803  1851  4172 I HuaweiWifiWatchdogStateMachine: POta txb txg rxg:0, 4880, 0. Lr =0% Totpkt=4880
07-31 17:05:44.803  1851  4168 I WiFi_PRO: MSG_RETURN_AP_CURRY_RSSI rssi = -62
07-31 17:05:44.803  1851  4168 I QosMonitor: queryRtt: rttType = 3
07-31 17:05:44.804  1851  4168 I QosMonitor: call ctrlHwWifiNetwork
07-31 17:05:44.806  1851  4168 I QosMonitor: postEventFromNative: msg=100,arg1=4,arg2=10
07-31 17:05:44.807  1851  4168 I QosMonitor: call ctrlHwWifiNetwork
07-31 17:05:44.808  1851  4168 I QosMonitor: postEventFromNative: msg=100,arg1=0,arg2=10
07-31 17:05:44.809  1851  4168 I MQoS    : rtt=1160,tcpTxPkts=681271,tcpRxPkts=916869
07-31 17:05:44.809  1851 11821 I HwConnectivityServiceEx: set 1000, metered: false, value: false
07-31 17:05:44.811  1851  4172 I HuaweiWifiWatchdogStateMachine: PTcp RTT:0, rtt pkt=0, tcp_rx=0, tcp_tx=0, tcp_reTran=0, rtRate=0
07-31 17:05:44.811  1851  4172 I HuaweiWifiWatchdogStateMachine: start computeQosLevel tcpRtt = 0 ,rssi = -62 ,mBestSpeedInPeriod = 7436
07-31 17:05:44.811  1851  4172 I HuaweiWifiWatchdogStateMachine: smoothConsecutiveQosResults, currentQosLevel = 3
07-31 17:05:44.812  1851  4168 I QosMonitor: resetRtt: rttType = 3
07-31 17:05:44.812  1851  4168 I QosMonitor: call ctrlHwWifiNetwork
07-31 17:05:44.818  1851 11821 I MQoS    : QOS_level:0(0),wifi-link;SIM error;use level-0
07-31 17:05:44.819  1851 11821 I MQoS    : skip-low-Level:0(0),wifi-link;SIM error;use level-0
07-31 17:05:44.849  1851  1920 I HwAmbientLuxFilterAlgo: SceneBufferAmbientLux input error,end=30,start=-141,bufferSize=59
07-31 17:05:45.013  6713 18752 I MediaProvider: controlDeleteMedia content://media/external_primary/file
07-31 17:05:45.013  6713 18752 I MediaProvider: controlDeleteMedia id: 2099
07-31 17:05:45.045  6713 18752 I MediaProvider: controlDeleteMedia end deleteType: -1 deleteCount: 1
07-31 17:05:45.050  6713 18752 I MediaProvider: Deleted 0 0 0 0 0 0 0 0 items on external_primary due to com.android.shell
07-31 17:05:45.126  1851  4827 I Binder  : dump {serviceName:BinderService, formatArgs:, callChain:/apex/com.android.adbd/bin/adbd->dumpsys}
07-31 17:05:45.200  1851  1920 I HwAmbientLuxFilterAlgo: SceneBufferAmbientLux input error,end=30,start=-141,bufferSize=59
07-31 17:05:45.224   637   637 I android.system.suspend@1.0-service: incSuspendCounter kname=native_PowerManagerService.WakeLocks ++mSuspendCounter= 3
07-31 17:05:45.226  1851  4072 I NetworkStats: performPollLocked, pid = 1851
07-31 17:05:45.238  1350  8694 I CPU_STATS: iawared: query next cpu load with 2!
07-31 17:05:45.239  1350  8694 I CPU_STATS: total cost time 2008316146 ns
07-31 17:05:45.241  1350  8694 I CPU_STATS: iawared: current total load is 0.091915, capacity : 5166, pre load:  14887756957585, current load : 14888688225249
07-31 17:05:45.246  1350  8694 I CPU_STATS: read once cost time 7703 us
07-31 17:05:45.260  1851  4072 I NetworkStatsCollection: getSummary, uid = 1000stats size = 2
07-31 17:05:45.260  1851  4072 I NetworkStatsCollection: getSummary, uid = 1000stats size = 2
07-31 17:05:45.260  1851  4072 I NetworkStatsCollection: getSummary, uid = 1000stats size = 215
07-31 17:05:45.260  1851  4072 I NetworkStatsCollection: getSummary, uid = 1000stats size = 2
07-31 17:05:45.261  1851  4072 I NetworkStatsCollection: getSummary, uid = 1000stats size = 2
07-31 17:05:45.261  1851  4072 I NetworkStatsCollection: getSummary, uid = 1000stats size = 215
07-31 17:05:45.265  1851  4072 I NetworkStats: callingPid is system 1851
07-31 17:05:45.267   637   637 I android.system.suspend@1.0-service: decSuspendCounter kname=native_PowerManagerService.WakeLocks --mSuspendCounter= 2
07-31 17:05:45.268   808  4398 I netd    : bandwidthSetGlobalAlert(2097152) <0.49ms>
07-31 17:05:45.282  4588  5225 I PG_ash  : com.huawei.ohos.systemmanager timeout trigger time sources: BinderCall, triggerTime: 283776021
07-31 17:05:45.283  4588  5225 I PG_ash  : com.huawei.ohos.systemmanager update time, cur: 283782024, trigger: 283776021
07-31 17:05:45.283  4588  5225 I AppManager: check dependency pid: 29891 is depended by pid: 15621
07-31 17:05:45.283  4588  5225 I PG_ash  :  can not ignore depended about hide app: com.huawei.ohos.systemmanager
07-31 17:05:45.283  1851  4827 I Binder  : dump {serviceName:InputManagerServiceBridge, formatArgs:, callChain:/apex/com.android.adbd/bin/adbd->dumpsys}
07-31 17:05:45.408  1851  4827 I ActivityTaskManager: notifyActivityLaunching intent=Intent { act=android.intent.action.MAIN cat=[android.intent.category.LAUNCHER] flg=0x10000000 cmp=com.simplemobiletools.gallery.pro/.activities.SplashActivity.Orange } existingInfo=null
07-31 17:05:45.409  1851  4827 I SWAP_Scene: Entering notifySceneData notifySceneData. EventType:SWITCH_TO_FOREGROUND pkg:com.simplemobiletools.gallery.pro uid:1110224 pid:0 proc: activity:com.simplemobiletools.gallery.pro.activities.SplashActivity.Orange
07-31 17:05:45.409  1851  4827 I ActivityTaskManager: START u11 {act=android.intent.action.MAIN cat=[android.intent.category.LAUNCHER] flg=0x10000000 hwFlg=0x10 cmp=com.simplemobiletools.gallery.pro/.activities.SplashActivity.Orange} from uid 2000 controller startActivityAsUser
07-31 17:05:45.409  1851  4827 I HwActivityTaskManagerServiceEx: developer mode, not limit.
07-31 17:05:45.409  1851  4827 I HWRME LIBHWRME_CLIENT: ResMngMmEvent interface arg 0, 10224
07-31 17:05:45.410  1851  4827 E system_server: HwGtm: SystemEvent: failed to open hwgtm_manager!!
07-31 17:05:45.410  1851  4827 I HwASInterceptor: Adb enabled, allow to start activity
07-31 17:05:45.410  1851  4827 I PermissionPolicyService: ActivityInterceptorCallback ActivityInterceptResult intercept
07-31 17:05:45.410  1851  4827 I ActivityTaskManager: ActivityRecord info: ActivityInfo{6676de com.simplemobiletools.gallery.pro.activities.SplashActivity.Orange}
07-31 17:05:45.411  1851  4827 I HWMW_HwMagicStackManager: ### Execute overrideIntentFlagForHwMagicWin
07-31 17:05:45.411  1851  4827 I ActivityTaskManager: ActivityStarter setInitialState mDoResume = true
07-31 17:05:45.411  1851  4827 W HwMultiWindowManager: launch multi window activity: invalid params. r=ActivityRecord{5e0638c u11 com.simplemobiletools.gallery.pro/.activities.SplashActivity.Orange t-1} options=null source=null
07-31 17:05:45.411  1851  4827 W ActivityTaskManager: Can't find TaskDisplayArea to determine support for multi window. Task id=1100098 attached=false
07-31 17:05:45.412   907  6386 I Layer   : Task=1100098#13021: created
07-31 17:05:45.412  4588  4837 I ScenarioService: app start speedup : com.simplemobiletools.gallery.pro
07-31 17:05:45.413  1350  1365 W AwareLog: iawared: CmdAsyncCmd snprintf_s failed
07-31 17:05:45.413  1851  4827 I ActivityTaskManager: taskAppearedReady mTaskOrganizer: android.window.ITaskOrganizer$Stub$Proxy@33cfa70mDeferTaskAppear: falsemCreatedByOrganizer: falsemSurfaceControl: Surface(name=Task=1100098)/@0x8f62c78hasbeenVis: falsetask: Task{f2daf51 #1100098 type=standard ?? U=0 visible=false mode=fullscreen translucent=true sz=0}
07-31 17:05:45.414  1851  4827 I WindowManager: addWindowToken: displayid:0 binder:Token{18c70bf ActivityRecord{5e0638c u11 com.simplemobiletools.gallery.pro/.activities.SplashActivity.Orange t-1}} token:ActivityRecord{5e0638c u11 com.simplemobiletools.gallery.pro/.activities.SplashActivity.Orange t-1}
07-31 17:05:45.414   907  6386 I Layer   : ActivityRecord{5e0638c u11 com.simplemobiletools.gallery.pro/.activities.SplashActivity.Orange t1100098}#13022: created
07-31 17:05:45.416  1851  4827 I ActivityTaskManager: ActivityStarter, mAncoAmsProxy is null or home task
07-31 17:05:45.416  1776  2922 I LifecycleTransaction: activityCallbacks TopResumedActivityChangeItem{onTop=false}
07-31 17:05:45.416  1776  1776 I TopResumedActivityChangeItem: execute start, ActivityClientRecord = ActivityRecord{df35615 token=android.os.BinderProxy@2eeb517 {com.huawei.android.launcher/com.huawei.android.launcher.unihome.UniHomeLauncher}}
07-31 17:05:45.416  1851  4827 I PowerManagerService-JNI: fingersense switch state:1
07-31 17:05:45.416  1851  4827 I PowerManagerService-JNI: ignore fingersense switch state:0
07-31 17:05:45.416  4588  3792 I PGServer: android calls fast HApps
07-31 17:05:45.416  4588  3792 I AppFastHibernation: fast H duration: 1500 reason: start activity
07-31 17:05:45.416  1851  4827 I HWMW_HwMagicActivityStarter: setExtrasWhenStartingWindow focus=ActivityRecord{d60c74c u11 com.huawei.android.launcher/.unihome.UniHomeLauncher t1100002} next=ActivityRecord{5e0638c u11 com.simplemobiletools.gallery.pro/.activities.SplashActivity.Orange t1100098} nextPkg=com.simplemobiletools.gallery.pro focusPkg=com.huawei.android.launcher
07-31 17:05:45.416  1851  4827 I HWMW_HwMagicActivityStarter: ### Execute overrideIntentForHwMagicWin appMode=ModeBase focus=ActivityRecord{d60c74c u11 com.huawei.android.launcher/.unihome.UniHomeLauncher t1100002} next=ActivityRecord{5e0638c u11 com.simplemobiletools.gallery.pro/.activities.SplashActivity.Orange t1100098}
07-31 17:05:45.417  1350 13177 I Pged-IPgedBinderService: ****doFastHibernation action is 1, app num is 3***
07-31 17:05:45.417  1350 13177 I Pged-Freezer: freezePids
07-31 17:05:45.417  1350 13177 I Pged-Freezer: check recent binder
07-31 17:05:45.417  1350 13177 I Pged-Freezer: Freeze process: 28394
07-31 17:05:45.417  1350 13177 I Pged-Freezer: get tgid:28394
07-31 17:05:45.417  1350 13177 I Pged-Freezer: Freeze process: 14466
07-31 17:05:45.417  1851  4827 I ActivityTaskManager: addStartingWindow mStayStack = false, needPrelaunchStartingWindow = false
07-31 17:05:45.417  1350 13177 I Pged-Freezer: get tgid:14466
07-31 17:05:45.417  1350 13177 I Pged-Freezer: Freeze process: 13837
07-31 17:05:45.417  1350 13177 I Pged-Freezer: get tgid:13837
07-31 17:05:45.417  1350 13177 I Pged-Freezer: Freeze process: 13565
07-31 17:05:45.417  1851  4827 W HwActivityTaskManagerServiceEx: invalid param when resuming applock
07-31 17:05:45.417  1350 13177 I Pged-Freezer: get tgid:13565
07-31 17:05:45.417  1350 13177 I Pged-Freezer: Freeze process: 11674
07-31 17:05:45.418  1350 13177 I Pged-Freezer: get tgid:11674
07-31 17:05:45.418  1350 13177 I Pged-Freezer: Freeze process: 10751
07-31 17:05:45.418  1776  2922 I LifecycleTransaction: lifecycleStateRequest PauseActivityItem{finished=false,userLeaving=true,configChanges=0,dontReport=false}
07-31 17:05:45.418  1851  1895 I HwAudioServiceEx: ComponentInfo : className = com.simplemobiletools.gallery.pro.activities.SplashActivity.Orange, flag = showStartingWindow, isHomeActivity = , isTop = false
07-31 17:05:45.418  1851  1895 I HwAudioServiceEx: not onResume or onPause
07-31 17:05:45.418  1851  4177 E HwGameAssistantController: Game Mode is disabled for non-primary user!
07-31 17:05:45.418   637   637 I android.system.suspend@1.0-service: incSuspendCounter kname=native_PowerManagerService.WakeLocks ++mSuspendCounter= 3
07-31 17:05:45.418  4741  5378 E DollieActivityManagerAdapter: HwActivityNotifierEx null uid
07-31 17:05:45.418  1878 16334 E ConfigManager: [LocKit LogLocation.java:1] json parse failed
07-31 17:05:45.418  1350 13177 I Pged-Freezer: get tgid:10751
07-31 17:05:45.418  1350 13177 I Pged-Freezer: Freeze process: 6027
07-31 17:05:45.418  1878 16334 E ConfigManager: [LocKit LogLocation.java:1] json parse failed
07-31 17:05:45.419  1350 13177 I Pged-Freezer: get tgid:6027
07-31 17:05:45.419  1350 13177 I Pged-Freezer: Freeze process: 3080
07-31 17:05:45.419  1851  4827 I TaskSnapshot: taskId:1100097 Callers=com.android.server.wm.TaskSnapshotCache.removeRunningEntry:427 com.android.server.wm.TaskSnapshotCache.removeRunningEntry:379 com.android.server.wm.TaskSnapshotCache.onTaskRemoved:323 com.android.server.wm.TaskSnapshotController.notifyTaskRemovedFromRecents:1148 com.android.server.wm.Task.removedFromRecents:2235 com.android.server.wm.ActivityTaskSupervisor.onRecentTaskRemoved:2168 com.android.server.wm.RecentTasks.notifyTaskRemoved:487 com.android.server.wm.RecentTasks.removeForAddTask:1773 
07-31 17:05:45.419  1350 13177 I Pged-Freezer: get tgid:3080
07-31 17:05:45.419  1350 13177 I Pged-Freezer: Freeze process: 1261
07-31 17:05:45.419  1350 13177 I Pged-Freezer: get tgid:1261
07-31 17:05:45.419  1350 13177 I Pged-Freezer: Freeze process: 10814
07-31 17:05:45.419  1350 13177 I Pged-Freezer: get tgid:10814
07-31 17:05:45.419  1350 13177 I Pged-Freezer: freezePids
07-31 17:05:45.419  1350 13177 I Pged-Freezer: check recent binder
07-31 17:05:45.419  1350 13177 I Pged-Freezer: Freeze process: 21050
07-31 17:05:45.419  1350 13177 I Pged-Freezer: get tgid:21050
07-31 17:05:45.419  1350 13177 I Pged-Freezer: freezePids
07-31 17:05:45.419  1350 13177 I Pged-Freezer: check recent binder
07-31 17:05:45.419  1350 13177 I Pged-Freezer: Freeze process: 23313
07-31 17:05:45.419  1350 13177 I Pged-Freezer: get tgid:23313
07-31 17:05:45.421  1851  4827 I PermissionPolicyService: onActivityLaunched start
07-31 17:05:45.421  1851  1851 I PermissionPolicyService: is not support post notification permission
07-31 17:05:45.421  1776  1867 I ndroid.launche: [SuspendGCController] suspend footprint = 93MB
07-31 17:05:45.421  1776  1776 W HwDamageRectFpsManager: submitFps mFpsDecisionHandler == null
07-31 17:05:45.422  1851  4827 W ActivityTaskManager: stopFreezingScreen return caused by mFreezingScreen=false this=ActivityRecord{d60c74c u11 com.huawei.android.launcher/.unihome.UniHomeLauncher t1100002}
07-31 17:05:45.422  1851  4827 W ActivityTaskManager: stopFreezingScreen return caused by mFreezingScreen false.
07-31 17:05:45.422  1851  4827 W HwActivityTaskManagerServiceEx: invalid param when resuming applock
07-31 17:05:45.422  1851  1883 I ActivityManager: startProcess: name=com.simplemobiletools.gallery.pro app=null knownToBeDead=false thread=null pid=-1 preloadStatus=-1
07-31 17:05:45.422  1851  1883 I BigFontUtils: adjustAppProcessConfiguration appInfo:com.simplemobiletools.gallery.pro
07-31 17:05:45.425  1851  1895 I HwAudioServiceEx: ComponentInfo : className = com.huawei.android.launcher.unihome.UniHomeLauncher, flag = onPause, isHomeActivity = , isTop = false
07-31 17:05:45.425  1851  4104 W HwAudioServiceEx: SoundEffectState bundle get reserved is invalid
07-31 17:05:45.425  1851  4827 E HwGameAssistantController: Game Mode is disabled for non-primary user!
07-31 17:05:45.425  1878 16334 E ConfigManager: [LocKit LogLocation.java:1] json parse failed
07-31 17:05:45.425  1851  1884 I DecorView[pro]: pkgName:com.simplemobiletools.gallery.pro old windowMode:0 new windoMode:1, isFixedSize:false, isStackNeedCaptionView:true
07-31 17:05:45.425  1851  1883 I ActivityManager: Posting procStart msg for 0:com.simplemobiletools.gallery.pro/u11a224
07-31 17:05:45.425  1851  1902 I ActivityManager: startProcess: asking zygote to start proc ProcessRecord{efabc3e 0:com.simplemobiletools.gallery.pro/u11a224}
07-31 17:05:45.425  1776  1776 E ndroid.launche: Invalid ID 0x9c000000.
07-31 17:05:45.425  1851  1902 W ActivityManager: Unknown package:com.huawei.hwid.tv
07-31 17:05:45.425  1851  1902 W ActivityManager: Unknown package:com.huawei.hms
07-31 17:05:45.425  1776  1776 E ndroid.launche: Invalid ID 0x9c000003.
07-31 17:05:45.426  1776  1776 E ndroid.launche: Invalid ID 0x9c000203.
07-31 17:05:45.426  1776  1776 E ndroid.launche: Invalid ID 0x9c000403.
07-31 17:05:45.426  1851  1883 I ActivityManager: startProcess: name=com.simplemobiletools.gallery.pro app=ProcessRecord{efabc3e 0:com.simplemobiletools.gallery.pro/u11a224} knownToBeDead=false thread=null pid=0 preloadStatus=0
07-31 17:05:45.426  1851  1883 I ActivityManager: startProcessLocked, app is pending start
07-31 17:05:45.426  1776  1776 E ndroid.launche: Invalid ID 0x9c000503.
07-31 17:05:45.426  1851  1883 I ActivityManager: startProcess: name=com.simplemobiletools.gallery.pro app=ProcessRecord{efabc3e 0:com.simplemobiletools.gallery.pro/u11a224} knownToBeDead=false thread=null pid=0 preloadStatus=0
07-31 17:05:45.426  1851  1902 I ZygoteProcess: Zygote use usap: true
07-31 17:05:45.426  1776  1776 E ndroid.launche: Invalid ID 0x9c000204.
07-31 17:05:45.426  1776  1776 E ndroid.launche: Invalid ID 0x9c000304.
07-31 17:05:45.426  1851  1883 I ActivityManager: startProcessLocked, app is pending start
07-31 17:05:45.426  1776  1776 E ndroid.launche: Invalid ID 0x9c000404.
07-31 17:05:45.426  1776  1776 E ndroid.launche: Invalid ID 0x9c000604.
07-31 17:05:45.426  1776  1776 W HwLauncher: TalkBackHelper needAnnounceAbilityForm input parameter is null
07-31 17:05:45.426  1851  1895 I HmCameraWhiteListUtils: getDownloadCfgFile dir:/system/emui/base/thirdappfilter/third_app_filter.xml
07-31 17:05:45.426  1776  1776 W HwLauncher: TalkBackHelper needAnnounceAbilityForm input parameter is null
07-31 17:05:45.426  1851  1883 I ActivityTaskManager: Stopping ActivityRecord{d60c74c u11 com.huawei.android.launcher/.unihome.UniHomeLauncher t1100002}: nowVisible=true animating=true finishing=false
07-31 17:05:45.426   907  1418 I VSyncPredictor: setPeriod: 16666666
07-31 17:05:45.427   907  6386 I Layer   : b506ca2 Splash Screen com.simplemobiletools.gallery.pro#13023: created
07-31 17:05:45.428  1851  1902 I ActivityManager: Start proc 15450:com.simplemobiletools.gallery.pro/u11a224 for pre-top-activity {com.simplemobiletools.gallery.pro/com.simplemobiletools.gallery.pro.activities.SplashActivity.Orange}
07-31 17:05:45.429  1851  1884 I WindowManager: addWindow: Window{b506ca2 u11 Splash Screen com.simplemobiletools.gallery.pro} currentDisplayId:0 requestDisplayId:0 token:Token{18c70bf ActivityRecord{5e0638c u11 com.simplemobiletools.gallery.pro/.activities.SplashActivity.Orange t1100098}} appearance:0 fl_fullscreen=false vsysui_fullscreen=false
07-31 17:05:45.429  1851  1884 I InsetsController: ViewUI_insets updateState new source: InsetsSource: {mType=ITYPE_STATUS_BAR, mFrame=[0,0][1840,72], mVisible=true}
07-31 17:05:45.429  1851  1884 I InsetsController: ViewUI_insets updateState new source: InsetsSource: {mType=ITYPE_NAVIGATION_BAR, mFrame=[0,0][0,0], mVisible=false}
07-31 17:05:45.429  4588  5225 I PG_ash  : start process:com.simplemobiletools.gallery.pro reason:pre-top-activity pid:15450 uid:1110224 pkgs:null
07-31 17:05:45.430  4588  5225 I PG_ash  : com.simplemobiletools.gallery.pro pop from SHDA
07-31 17:05:45.430 15450 15450 I SELinux : system_file lable set found!!!!!
07-31 17:05:45.430 15450 15450 I SELinux : value : u:object_r:system_data_file:s0
07-31 17:05:45.430 15450 15450 I SELinux : path : /data/user/11
07-31 17:05:45.430 15450 15450 I SELinux : system_file lable set found!!!!!
07-31 17:05:45.430 15450 15450 I SELinux : value : u:object_r:system_data_file:s0
07-31 17:05:45.430 15450 15450 I SELinux : path : /data/user
07-31 17:05:45.430  4588  5225 I PG_ash  : running package: com.simplemobiletools.gallery.pro, visible: false
07-31 17:05:45.430 15450 15450 I SELinux : system_file lable set found!!!!!
07-31 17:05:45.430 15450 15450 I SELinux : value : u:object_r:system_data_file:s0
07-31 17:05:45.430 15450 15450 I SELinux : path : /data/data
07-31 17:05:45.430 15450 15450 I SELinux : system_file lable set found!!!!!
07-31 17:05:45.430 15450 15450 I SELinux : value : u:object_r:system_data_file:s0
07-31 17:05:45.430 15450 15450 I SELinux : path : /data/user_de/11
07-31 17:05:45.430 15450 15450 I SELinux : system_file lable set found!!!!!
07-31 17:05:45.430 15450 15450 I SELinux : value : u:object_r:system_data_file:s0
07-31 17:05:45.430 15450 15450 I SELinux : path : /data/user_de/0
07-31 17:05:45.430 15450 15450 I SELinux : system_file lable set found!!!!!
07-31 17:05:45.430 15450 15450 I SELinux : value : u:object_r:system_data_file:s0
07-31 17:05:45.430 15450 15450 I SELinux : path : /data/user_de
07-31 17:05:45.431  1851  1884 I HwSoraManager: SORA is disabled for Splash Screen com.simplemobiletools.gallery.pro
07-31 17:05:45.432  1851  2124 E HwActivityManagerServiceEx: Null app thread, notifyAppQuitToHome failed: 15450
07-31 17:05:45.432  1851  1902 I SWAP_Scene: Entering notifySceneData notifySceneData. EventType:PROCESS_CREATE pkg:com.simplemobiletools.gallery.pro uid:1110224 pid:15450 proc: activity:null
07-31 17:05:45.432  1851  1902 I HwActivityManagerServiceEx: notifyProcessStatusChange::pkg:com.simplemobiletools.gallery.pro pid:15450 uid:1110224
07-31 17:05:45.432  1851  2124 E HwActivityManagerServiceEx: Null app thread, notifyAppToTop failed: 15450
07-31 17:05:45.432  1851  2124 E ProcessInfoCollector: getProcessInfo: proc should not less than zero.
07-31 17:05:45.432   907  6386 I Layer   : Splash Screen com.simplemobiletools.gallery.pro#13024: created
07-31 17:05:45.433  1851  1895 I HmCameraWhiteListUtils: other function may be added to the xml later, parse it here
07-31 17:05:45.435  1776  1776 E ndroid.launche: Invalid ID 0x9c000000.
07-31 17:05:45.435  1776  1776 E ndroid.launche: Invalid ID 0x9c000003.
07-31 17:05:45.435  1776  1776 E ndroid.launche: Invalid ID 0x9c000203.
07-31 17:05:45.435  1776  1776 E ndroid.launche: Invalid ID 0x9c000403.
07-31 17:05:45.435  1776  1776 E ndroid.launche: Invalid ID 0x9c000503.
07-31 17:05:45.435  1776  1776 E ndroid.launche: Invalid ID 0x9c000204.
07-31 17:05:45.435  1776  1776 E ndroid.launche: Invalid ID 0x9c000304.
07-31 17:05:45.435  1776  1776 E ndroid.launche: Invalid ID 0x9c000404.
07-31 17:05:45.435  1776  1776 E ndroid.launche: Invalid ID 0x9c000604.
07-31 17:05:45.435  1776  1776 W HwLauncher: TalkBackHelper needAnnounceAbilityForm input parameter is null
07-31 17:05:45.436  1776  1776 W HwLauncher: TalkBackHelper needAnnounceAbilityForm input parameter is null
07-31 17:05:45.436  1851  1884 I WindowManager: Changing focus from Window{c777e91 u11 com.huawei.android.launcher/com.huawei.android.launcher.unihome.UniHomeLauncher} to null displayId=0
07-31 17:05:45.436  1851  1884 I NavigationCallOut: focusChanged, focus=null, mIsFocusWinInBlackList=false
07-31 17:05:45.436 15450 15450 I ols.gallery.pr: Reinit property: dalvik.vm.checkjni= false
07-31 17:05:45.436 15450 15450 I ols.gallery.pr: ReInitProperties: persist.vm.debug.dumpapi= false
07-31 17:05:45.436  1851  1884 I HwDisplayContentEx: currentFocus windowstate null
07-31 17:05:45.437  1851  4195 E OpenGLRenderer: Unable to match the desired swap behavior.
07-31 17:05:45.437 15450 15450 E ols.gallery.pr: Not starting debugger since process cannot load the jdwp agent.
07-31 17:05:45.438 15450 15450 I AndroidRuntime: RuntimeInit: Starting application from zygote
07-31 17:05:45.442 15450 15450 I AndroidRuntime: MethodAndArgsCaller run()
07-31 17:05:45.447  1851  4827 W system_server: Failed to UpdateQosForCgroupInner, tid=0, policy=10, isThread=1
07-31 17:05:45.450  1851  1884 I ActivityTaskManager: taskAppearedReady mTaskOrganizer: android.window.ITaskOrganizer$Stub$Proxy@33cfa70mDeferTaskAppear: falsemCreatedByOrganizer: falsemSurfaceControl: Surface(name=Task=1100098)/@0x8f62c78hasbeenVis: truetask: Task{f2daf51 #1100098 type=standard A=1110224:com.simplemobiletools.gallery.pro U=11 visible=true mode=fullscreen translucent=false sz=1}
07-31 17:05:45.450  1851  1884 I WindowManager: performShow transition not clear
07-31 17:05:45.450  1851  1884 I TaskOrganizerController: onTaskAppeared task: 1100098
07-31 17:05:45.450  1851  1884 I ActivityTaskManager: taskAppearedReady mTaskOrganizer: android.window.ITaskOrganizer$Stub$Proxy@33cfa70mDeferTaskAppear: falsemCreatedByOrganizer: falsemSurfaceControl: Surface(name=Task=1100098)/@0x8f62c78hasbeenVis: truetask: Task{f2daf51 #1100098 type=standard A=1110224:com.simplemobiletools.gallery.pro U=11 visible=true mode=fullscreen translucent=false sz=1}
07-31 17:05:45.451  1851  1884 I WindowManager: Checking 1 opening apps (frozen=false timeout=false)...
07-31 17:05:45.451  1851  1884 I WindowManager: Check opening app=ActivityRecord{5e0638c u11 com.simplemobiletools.gallery.pro/.activities.SplashActivity.Orange t1100098}: allDrawn=false startingDisplayed=true startingMoved=false isRelaunching()=false mStartingWindow=Window{b506ca2 u11 Splash Screen com.simplemobiletools.gallery.pro} isOneStepWindowChanging=falseisOpenCombinationSplitScreen=false shouldWaitCombine=false
07-31 17:05:45.451  1851  1884 I WindowManager: Checking 0 opening apps (frozen=false timeout=false)...
07-31 17:05:45.451  1851  1884 I WindowManager: send SET_LAUNCHER_VISIBLE_IN_FINGER_BOOST visible: true,delay:0, handle:true, userId:11, callingPid: 1851
07-31 17:05:45.451 15450 25655 I LoadedApk: createSharedLibrariesLoaders::sharedLibraries is null
07-31 17:05:45.451  1851  1883 I WindowManager: handle SET_LAUNCHER_VISIBLE_IN_FINGER_BOOST visible:true handle:true userId:11, currentUserId:11
07-31 17:05:45.451  4274  4274 I ShellTaskOrganizer: Task appeared taskId: 1100098,listener=FullscreenTaskListener:TASK_LISTENER_TYPE_FULLSCREEN
07-31 17:05:45.452  1851  1884 I WmAnimLoader: no builder fit isEnter:true transit:12 frame:Rect(0, 0 - 1840, 2800)
07-31 17:05:45.452  1851  1884 E HwWindowManagerServiceEx: The super lite device do not need to create layer or params check failed
07-31 17:05:45.452   907  6386 I Layer   : Surface(name=Task=1100098)/@0x8f62c78 - animation-leash of app_transition#13025: created
07-31 17:05:45.454  1851  1884 I HwWindowManagerServiceEx: closing apps count = 1
07-31 17:05:45.454  1851  1884 E WindowManager: icon is null!!
07-31 17:05:45.454  1851  1884 I WmAnimLoader: no builder fit isEnter:false transit:12 frame:Rect(0, 0 - 1840, 2800)
07-31 17:05:45.454  1851  1884 E HwWindowManagerServiceEx: The super lite device do not need to create layer or params check failed
07-31 17:05:45.454   907  6386 I Layer   : Surface(name=Task=290)/@0xa8ef323 - animation-leash of app_transition#13026: created
07-31 17:05:45.455  1851  1884 W ActivityTaskManager: stopFreezingScreen return caused by mFreezingScreen=false this=ActivityRecord{d60c74c u11 com.huawei.android.launcher/.unihome.UniHomeLauncher t1100002}
07-31 17:05:45.455  1851  1884 W ActivityTaskManager: stopFreezingScreen return caused by mFreezingScreen false.
07-31 17:05:45.455  4588  4837 I ScenarioService: app is visible from system: com.huawei.android.launcher ,visible: false
07-31 17:05:45.455  4588  4837 I ScenarioService: not same pkg need update from system
07-31 17:05:45.455  4588  4837 I ScenarioService: app is visible from system: com.simplemobiletools.gallery.pro ,visible: true
07-31 17:05:45.455  4588  4837 I ScenarioService: add visibleApp:com.simplemobiletools.gallery.pro
07-31 17:05:45.455  4588  4837 I ScenarioService: not same pkg need update from system
07-31 17:05:45.456   907  6386 I Layer   : Surface(name=488b10d StatusBar)/@0x416af34 - animation-leash of insets_animation#13027: created
07-31 17:05:45.457  1776  2466 W HwLauncher: LauncherDeviceManagerService getCachedLocalDevice: device Manager did not complete initialization
07-31 17:05:45.457  1776  2466 W HwLauncher: LauncherDeviceManagerService getCachedLocalDevice: device Manager did not complete initialization
07-31 17:05:45.458  1776  1776 I InsetsSourceConsumer: ViewUI_insets mSourceControl is null notifyControlRevoked type: 0
07-31 17:05:45.459  1851  4827 I HwRestoreStateManager: reportAppRestoreScene, app: com.simplemobiletools.gallery.pro/.activities.SplashActivity.Orange ,scene:ColdStart
07-31 17:05:45.459  1851  4827 I WindowManager: Deferring rotation, rotation not changed, rotation=0
07-31 17:05:45.459 23136 23286 W HwLauncher: LauncherDeviceManagerService getCachedLocalDevice: device Manager did not complete initialization
07-31 17:05:45.459 23136 23286 W HwLauncher: LauncherDeviceManagerService getCachedLocalDevice: device Manager did not complete initialization
07-31 17:05:45.459  1851  9972 W PackageManager: Loading a package that does not exist for the calling user. package=null, user=11
07-31 17:05:45.459  1851  4827 I DisplayManagerService: fromwms displayId:0
07-31 17:05:45.461  1851  4827 I ActivityTaskManager: updateTopApp to ProcessRecord{efabc3e 15450:com.simplemobiletools.gallery.pro/u11a224}
07-31 17:05:45.461  1851  4827 W HwActivityTaskManagerServiceEx: appSwitch from: com.huawei.android.launcher to: com.simplemobiletools.gallery.pro
07-31 17:05:45.461  1851  4827 E WMGatewayProxy: reportFocusedAppChanged: window manager gateway is not available.
07-31 17:05:45.462   907   907 I BufferStateLayer: setBuffer: Splash Screen com.simplemobiletools.gallery.pro#13024: first buffer comes.
07-31 17:05:45.462  1851  1895 E HwGameAssistantController: Game Mode is disabled for non-primary user!
07-31 17:05:45.462  1851  1895 E WiFi_PRO_RecommendPortalController: mTopAppName: com.simplemobiletools.gallery.pro
07-31 17:05:45.462   907   907 I Layer   : [*#13016] reparent null
07-31 17:05:45.462   907   907 I Layer   : setFlags: Splash Screen com.simplemobiletools.gallery.pro#13024 show
07-31 17:05:45.462   907  1282 I ExtremeAnimationCore: EaComposer start
07-31 17:05:45.462  1851  1895 I ForegroundAppManager: mAppSwitchNotifierEx. uid: 1110224, foreground app: com.simplemobiletools.gallery.pro, foreground activity: com.simplemobiletools.gallery.pro.activities.SplashActivity.Orange
