07-31 17:05:23.906  1851  7207 I HWMW_HwMagicActivityLifeManager: ### Execute -> resumeActivityForHwMagicWin ActivityRecord resumeActivity = ActivityRecord{d60c74c u11 com.huawei.android.launcher/.unihome.UniHomeLauncher t1100002}
07-31 17:05:23.906  1776  1776 W HwLauncher: BackHomeRemoteAnimRunner animationInfo is null.
07-31 17:05:23.906  1851  7207 I HWMW_CameraRotationLocal: updateCameraRotation
07-31 17:05:23.906  1851  1851 I HWMW_HwMagicWindowUIController: handleForceUpdateSplitBar, displayId = 0, visible = 0
07-31 17:05:23.908   907  2461 I SurfaceFlingerEx: OnAnimationMonitorEnter type: 57
07-31 17:05:23.908  1851  4451 E AwareLog: AnimationPerformance: invalid strategy
07-31 17:05:23.908  1851  7207 I ActivityManager: delayGcTask callingPid = 1776 callingUid = 1110106
07-31 17:05:23.908  1776  1776 I HwLauncher: CalenderDynamicUpdater setHasUpdateSuccess, success: true
07-31 17:05:23.908  1776  1776 I HwLauncher: CalenderDynamicUpdater setHasUpdateSuccess, success: true
07-31 17:05:23.908  1776  1776 I HwLauncher: CalenderDynamicUpdater setHasUpdateSuccess, success: true
07-31 17:05:23.908  1776  1776 I HwLauncher: CalenderDynamicUpdater setHasUpdateSuccess, success: true
07-31 17:05:23.908  1851  1898 I HwSystemMemoryUtils: delay gc task
07-31 17:05:23.908  1776  1776 I InputMethodManager: set currentRootView to : android.view.ViewRootImpl@1e779b6, getDisplayId=0
07-31 17:05:23.908  1851  5922 E HwGameAssistantController: Game Mode is disabled for non-primary user!
07-31 17:05:23.908  1851  1860 I system_server: [SuspendGCController] suspend footprint = 170MB
07-31 17:05:23.909  1878 16334 E ConfigManager: [LocKit LogLocation.java:1] json parse failed
07-31 17:05:23.909  1851  2132 I GestureNavManager: FocusWindowBottom Options = 0x0, isDisabled = false
07-31 17:05:23.909  1776  1776 I InputMethodManager: Starting input: reason=WINDOW_FOCUS_GAIN
07-31 17:05:23.909  1776  1776 W HwRemoteInputMethodManager: isCasting false because IHwDistributedWindowManager is invalid.
07-31 17:05:23.909  1776  1776 I InputMethodManager: startInputOrWindowGainedFocusAsync startInputReason:1
07-31 17:05:23.909  4588  9291 I PF_API_JNI: ACCKIT_APS_NotifyInfo 3: com.huawei.android.launcher
07-31 17:05:23.909  1851  1895 I HwAudioServiceEx: ComponentInfo : className = com.huawei.android.launcher.unihome.UniHomeLauncher, flag = onResume, isHomeActivity = , isTop = true
07-31 17:05:23.909  1851  4104 W HwAudioServiceEx: SoundEffectState bundle get reserved is invalid
07-31 17:05:23.909  1851  7207 I HwInputMethodManagerService: startInputOrWindowGainedFocus windowToken:android.os.BinderProxy@d94b0b8 mInputShown:false
07-31 17:05:23.909  1851  7207 I HwOcrImeController: updateMultiWindow focus window = com.huawei.android.launcher/com.huawei.android.launcher.unihome.UniHomeLauncher mIsInMultiScreen = false
07-31 17:05:23.909  1851  7207 I HwOcrImeController: updateUser userId = 11 mIsOwnerUser = false
07-31 17:05:23.909  1851  7207 I HwOcrImeController: setOcrImeSupportProp mIsOcrImeValid = true mIsHardKeyboardAvailable = false mIsInMultiScreen = false mIsOwnerUser = false
07-31 17:05:23.909  1851  7207 I HwOcrImeController: setOcrImeSupportProp mIsOcrImeValid = true mIsHardKeyboardAvailable = false mIsInMultiScreen = false mIsOwnerUser = false
07-31 17:05:23.909  1851  7207 I InputMethodShowDelayTask: clearTask
07-31 17:05:23.910   905   990 I libdisplayservice: onTransact: before OnTransactForPfMsg code id=10
07-31 17:05:23.910   905   990 I libdisplayservice: record aps notify 3: com.huawei.android.launcher
07-31 17:05:23.910   905   990 I libdisplayservice: onTransact: after OnTransactForPfMsg code id=10, ret = 0
07-31 17:05:23.910  1315 26201 I AGPService: aps-info: focus pkgName - com.huawei.android.launcher, with 0 more apps
07-31 17:05:23.910  1315 26201 I AGPService: aps-info: all package uid -1
07-31 17:05:23.910  1315 26201 I AGPService: current settingConfigId - 2
07-31 17:05:23.910  1315 26201 I AGPService: FrameRateManager: aps-info: new pkgName - com.huawei.android.launcher, type - 28
07-31 17:05:23.910  1315  1353 I AGPService: FrameRateManager:[CheckAnimationTimeOut] timeout animation check Before 0, After 0
07-31 17:05:23.910   907  2461 I SurfaceFlingerEx: agp set pkg info, status 1
07-31 17:05:23.910  1315 26201 I AGPService: NotifyPackageMaxFpsToITouch - pkgName: com.huawei.android.launcher, gameScene: 0, maxFps: 90
07-31 17:05:23.910  1315 26201 I ITouchService: package info pkgName = com.huawei.android.launcher appType = 28 maxFps = 90
07-31 17:05:23.910  4588  9291 I ApsSceneManager: APS: APK: setSceneInfoToAgp: scene:APP_BACK_ANIMATION, scnenCategory:APP_BACK_ANIMATION, state:1
07-31 17:05:23.910  4588  9291 I ApsBdata: cacheSceneInfo come scene: APP_BACK_ANIMATION, state: 1
07-31 17:05:23.910   885   885 E TS_Service: hwSetFeatureConfig
07-31 17:05:23.910   885   885 I TS_HAL  : ts_set_feature_config:feature =14,config = com.huawei.android.launcher#996#0
07-31 17:05:23.910   885   885 I TS_HAL  : multi_panel_write_cmd: thp write /sys/touchscreen/thp_app_info com.huawei.android.launcher#996#0
07-31 17:05:23.910  1315 26201 I AGPService: GpuPolicyManager: m_currentPkgName - com.huawei.android.launcher
07-31 17:05:23.911  1315 26201 I AGPService: Bn-> aps-info: set scene info - scene: APP_BACK_ANIMATION, sceneCategory: APP_BACK_ANIMATION, status: 1, priorityLevel: 0
07-31 17:05:23.911  1315 26201 I AGPService: FrameRateManager:[UpdateSceneStatus] scene APP_BACK_ANIMATION and sceneCategory APP_BACK_ANIMATION enter
07-31 17:05:23.911  1315  1353 I AGPService: FrameRateManager:[HandleFrameRateRefresh] currPkgName: com.huawei.android.launcher, strategyCode 6090: dynamicCode 1, isFactor 0, min 60, max 90, down 90, idle 60
07-31 17:05:23.911  1315  1353 I AGPService: EnableDynamicThread
07-31 17:05:23.911  1851  4827 I InputDispatcher: getLastTouchEvent 0
07-31 17:05:23.911   907   907 I Layer   : setFlags: com.huawei.android.launcher/com.huawei.android.launcher.unihome.UniHomeLauncher#13015 show
07-31 17:05:23.912  1315  1353 I AGPService: FrameRateManager: GetLastTouchEvent 0
07-31 17:05:23.913  1315  1353 I AGPService: SetAppDynamicFpsStrategyToITouch - strategy: 1, touchSlop: 0
07-31 17:05:23.913  1851  4769 I ITouchService: Bp<- SetDispatcherDynamicFpsStrategy - strategy: 1, touchSlop: 0
07-31 17:05:23.913  4274  4274 I LightBarController: onStatusBarAppearanceChanged appearanceRegions:AppearanceRegion{ bounds=[0,0][1840,2800]},  sbModeChanged:false, statusBarMode:0, stackAppearancesChanged:true, navbarColorManagedByIme:false
07-31 17:05:23.913  1315  1353 I AGPService: FrameRateManager:[HandleAppFrameRateRefresh] need reset AppDynamicThread
07-31 17:05:23.913  4274  4274 I LightBarController: updateStatus numLightStacks:0, numStacks:1
07-31 17:05:23.913  1315  1353 I AGPService: FrameRateManager:[JudgeFinalLcdFps] sceneinfo(0, -2, 0, 0);touchinfo(1, 0, 2, 90);isFHF 0 animFps -1 sfFps 45 damageFps -1 pkg  isSurface 1
07-31 17:05:23.913  1315  1353 I AGPService: FrameRateManager:[JudgeFinalLcdFps] Finish judging and final lcd fps: 90
07-31 17:05:23.913  1315  1353 I AGPService: FrameRateManager:[DecideAndSendRefreshRate] displayEngineLimitFps -1, sf: 45, overHeatLcdFps -1, final refresh rate 90
07-31 17:05:23.913   907  2461 I Layer   : com.huawei.intelligent.Workspace#13019: created
07-31 17:05:23.913  4274  4274 I HwStatusBarCapsuleHelper: onUiModeChanged
07-31 17:05:23.914  4274  4274 I StatusBarLayout: refreshTint: tint: ffffffff, area:Rect(0, 0 - 0, 0)
07-31 17:05:23.914  4274  4274 I HwStatusBarCapsuleHelper: onUiModeChanged
07-31 17:05:23.914  1315  1353 I AGPService: display get fps - current_fps:90;default_fps:120;support_fps_list:120,45,48,60,72,90,144;product_panel_num:1;current_panel_id:0;panel_id:0;panel_type:LTPO2;support_fps:120,45,48,60,72,90,144
07-31 17:05:23.915  1315  1353 I AGPService: FrameRateManager:[CheckAnimationTimeOut] timeout animation check Before 0, After 0
07-31 17:05:23.915  1315  1360 I AGPService: FrameRateManager:[SetActiveConfigByFps] reset Pkg isSurface, AnimFps -1, fps to sf 90
07-31 17:05:23.915  1315  1353 I AGPService: FrameRateManager:[HandleFrameRateRefresh] currPkgName: com.huawei.android.launcher, strategyCode 6090: dynamicCode 1, isFactor 0, min 60, max 90, down 90, idle 60
07-31 17:05:23.915  1315  1353 I AGPService: FrameRateManager:[JudgeFinalLcdFps] sceneinfo(90, 3, 3, 0);touchinfo(1, 0, 2, 90);isFHF 0 animFps -1 sfFps 45 damageFps -1 pkg  isSurface 1
07-31 17:05:23.915   907  2461 I SurfaceFlinger: changeRefreshRate: new mode 5, fps 90, active display 0
07-31 17:05:23.915  1315  1353 I AGPService: FrameRateManager:[JudgeFinalLcdFps] Finish judging and final lcd fps: 90
07-31 17:05:23.915   907  2461 I DisplayDevice: setDesiredActiveMode: already at the desired mode 5
07-31 17:05:23.915  1315  1353 I AGPService: FrameRateManager:[DecideAndSendRefreshRate] displayEngineLimitFps -1, sf: 45, overHeatLcdFps -1, final refresh rate 90
07-31 17:05:23.915  1315  1360 I AGPService: FrameRateManager: set active config - fps 90 pkgName  isSurface 1
07-31 17:05:23.915  1315  1360 I AGPService: FrameRefreshThread: [CheckRefreshRateSuccess]: fps 90
07-31 17:05:23.915  4274  4274 I NavigationBar: navigationbar appearance:0,mAppearance:1000,mTransientShown:false
07-31 17:05:23.915   852   852 E HW_DISPLAY_TEST: ltpo_set_fps: open file /sys/class/graphics/fb0/lcd_fps_cmd fail
07-31 17:05:23.915   852   852 E vendor.huawei.hardware.hwdisplay@1.1-service: call display_set_brightness failed: -1
07-31 17:05:23.916  1315  1360 E AGPService: DisplayFreqClient: displaySetFps error, freqIndex: 4, ret: -2
07-31 17:05:23.916  1315  1360 I AGPService: display get fps - current_fps:90;default_fps:120;support_fps_list:120,45,48,60,72,90,144;product_panel_num:1;current_panel_id:0;panel_id:0;panel_type:LTPO2;support_fps:120,45,48,60,72,90,144
07-31 17:05:23.916  1315  1360 I AGPService: FrameRefreshThread: set refreshrate finished, tryRefreshCount = 0, lcdFps = 90
07-31 17:05:23.916  1315  1353 I AGPService: display get fps - current_fps:90;default_fps:120;support_fps_list:120,45,48,60,72,90,144;product_panel_num:1;current_panel_id:0;panel_id:0;panel_type:LTPO2;support_fps:120,45,48,60,72,90,144
07-31 17:05:23.917  1315  1360 I ITouchService: ProcessTHPMode pkgName = com.huawei.android.launcher currAppType = 28, lcdFps = 90
07-31 17:05:23.917  1315  1360 I ITouchService: ProcessTHPMode sent config = com.huawei.android.launcher#28#2
07-31 17:05:23.917   885   885 E TS_Service: hwSetFeatureConfig
07-31 17:05:23.917   885   885 I TS_HAL  : ts_set_feature_config:feature =14,config = com.huawei.android.launcher#28#2
07-31 17:05:23.917   885   885 I TS_HAL  : multi_panel_write_cmd: thp write /sys/touchscreen/thp_app_info com.huawei.android.launcher#28#2
07-31 17:05:23.917  1315  1360 E ITouchService: itouch OneFrameDetect instance is nullptr or oneFrameSwitch is not change
07-31 17:05:23.917  1315  1360 I AGPService: FrameRateManager:[SetActiveConfigByFps] reset Pkg isSurface, AnimFps -1, fps to sf 90
07-31 17:05:23.917  1040  1286 W aptouch_daemon: DriverThp::UpdateStatus[1914]0x100a1
07-31 17:05:23.917  1040  1286 I aptouch_daemon: DriverThp::RegListeningAppInfo[955]now app info is TSA_ExecuteCommand THP_SetAppFeature com.huawei.android.launcher#28#2
07-31 17:05:23.917   907  2461 I SurfaceFlinger: changeRefreshRate: new mode 5, fps 90, active display 0
07-31 17:05:23.918   907  2461 I DisplayDevice: setDesiredActiveMode: already at the desired mode 5
07-31 17:05:23.918  1315  1360 I AGPService: FrameRateManager: set active config - fps 90 pkgName  isSurface 1
07-31 17:05:23.918  1315  1360 I AGPService: FrameRefreshThread: [CheckRefreshRateSuccess]: fps 90
07-31 17:05:23.919   852   852 E HW_DISPLAY_TEST: ltpo_set_fps: open file /sys/class/graphics/fb0/lcd_fps_cmd fail
07-31 17:05:23.919   852   852 E vendor.huawei.hardware.hwdisplay@1.1-service: call display_set_brightness failed: -1
07-31 17:05:23.919  1315  1360 E AGPService: DisplayFreqClient: displaySetFps error, freqIndex: 4, ret: -2
07-31 17:05:23.919 17579 18323 E OpenGLRenderer: Unable to match the desired swap behavior.
07-31 17:05:23.919  1315  1360 I AGPService: display get fps - current_fps:90;default_fps:120;support_fps_list:120,45,48,60,72,90,144;product_panel_num:1;current_panel_id:0;panel_id:0;panel_type:LTPO2;support_fps:120,45,48,60,72,90,144
07-31 17:05:23.920  1315  1360 I AGPService: FrameRefreshThread: set refreshrate finished, tryRefreshCount = 0, lcdFps = 90
07-31 17:05:23.921  1315  1360 E ITouchService: itouch OneFrameDetect instance is nullptr or oneFrameSwitch is not change
07-31 17:05:23.927 17579 17579 I HwViewRootImpl: removeInvalidNode all the node in jank list is out of time
07-31 17:05:23.929  1660  1660 I WallpaperService: setTransformHint:3, redrawNeeded:false
07-31 17:05:23.929  1660  1660 I HwImageWallpaper: onVisibilityChanged, isVisible=true
07-31 17:05:23.929  1660  1660 I ImageWallpaper: wallpaper visibility changes to: true
07-31 17:05:23.930  1851  4350 I HwPhoneWindowManager: innerInterceptKeyBeforeQueueing keycode:3,action:0,isIntercept:false
07-31 17:05:23.930  1851  4350 I HwPhoneWindowManager: intercept Key : 3, isdown : true, flags : 0
07-31 17:05:23.930  1851  4350 I HwPhoneWindowManager: enter wakeupNoteEditor
07-31 17:05:23.930  1851  4350 E EasyWakeUpManager: enter wakeUpDoing !
07-31 17:05:23.930  1851  4350 I EasyWakeUpManager: keycode: 3 minKeyCode: 131 maxKeyCode: 131
07-31 17:05:23.930  1851  4350 I HwPhoneWindowManager: interceptKeyBeforeQueueing deviceID:-1 isFrontFpNavi:false isSupportTrikey:false isMmiTest:false
07-31 17:05:23.930  1851  4350 I KeyCombinationManager: Key 3 is not an interested key.
07-31 17:05:23.930  1851  4350 I PhoneWindowManager: interceptKeyBeforeQueueing: key 3 , result : 1
07-31 17:05:23.930  1851  7207 I SecInputMethodManagerService: ime focus result=0
07-31 17:05:23.930  1851  7207 I SecInputMethodManagerService: Client requesting input be hidden, uid=1000
07-31 17:05:23.930  1851  7207 I SecInputMethodManagerService: hideCurrentInputLocked inputShown:false, imeWindowVis:0
07-31 17:05:23.930  1851  7207 I HwInputMethodManagerService: windowfocus: hide secureIME isNeedWaitShow:false
07-31 17:05:23.930  1851  7207 E SecInputMethodManagerService: InputBindResult is @NonNull. startInputReason=Unknown=10000 windowFlags=#81910100 editorInfo=android.view.inputmethod.EditorInfo@2173e26
07-31 17:05:23.931  1851  2134 I HwPhoneWindowManager: interceptKeyTi keyCode=3 isActionDown=true repeatCount=0 isInjected=true
07-31 17:05:23.931  1851  1901 I HwDFRServicesFactory: getZrHungServicesFactory
07-31 17:05:23.931  1851  2124 W AwareLog: AwareMem_FastRepairActionManager: send execute sucess, scene : 4
07-31 17:05:23.931  1851  1901 I ZrHungServicesFactoryImpl: getZRHungService
07-31 17:05:23.931  1851  4451 W AwareLog: SysLoadManager: check status do nothing
07-31 17:05:23.932  1851  2134 I HwPhoneWindowManager: deviceID:-1 isFrontFpNavi:false isSupportTrikey:false isMmiTest:false
07-31 17:05:23.932  1851  2134 I PhoneWindowManager: interceptKeyTi keyCode=3 down=true repeatCount=0 keyguardOn=false canceled=false
07-31 17:05:23.932  1851  2134 I PhoneWindowManager: handleHomeButton in display#-1 mHomePressed = false
07-31 17:05:23.932  1851  4350 I HwPhoneWindowManager: innerInterceptKeyBeforeQueueing keycode:3,action:1,isIntercept:false
07-31 17:05:23.932  1851  4350 I HwPhoneWindowManager: intercept Key : 3, isdown : false, flags : 0
07-31 17:05:23.932  1851  4350 I HwPhoneWindowManager: enter wakeupNoteEditor
07-31 17:05:23.932  1851  4350 E EasyWakeUpManager: enter wakeUpDoing !
07-31 17:05:23.932  1851  4350 I EasyWakeUpManager: keycode: 3 minKeyCode: 131 maxKeyCode: 131
07-31 17:05:23.932  1851  4350 I HwPhoneWindowManager: interceptKeyBeforeQueueing deviceID:-1 isFrontFpNavi:false isSupportTrikey:false isMmiTest:false
07-31 17:05:23.932  1851  4350 I PhoneWindowManager: interceptKeyBeforeQueueing: key 3 , result : 1
07-31 17:05:23.932  1851  2134 I HwPhoneWindowManager: interceptKeyTi keyCode=3 isActionDown=false repeatCount=0 isInjected=true
07-31 17:05:23.932  1851  1901 I DropBoxManagerService: add tag=system_server_wtf isTagEnabled=true flags=0x2
07-31 17:05:23.933   907   907 I BufferStateLayer: setBuffer: com.huawei.intelligent.Workspace#13019: first buffer comes.
07-31 17:05:23.934  1851  2134 I HwPhoneWindowManager: deviceID:-1 isFrontFpNavi:false isSupportTrikey:false isMmiTest:false
07-31 17:05:23.934  1851  2134 I PhoneWindowManager: interceptKeyTi keyCode=3 down=false repeatCount=0 keyguardOn=false canceled=false
07-31 17:05:23.934  1851  2134 I PhoneWindowManager: handleHomeButton in display#-1 mHomePressed = true
07-31 17:05:23.936  1851  1901 I ActivityManager: before write dropbox time 1753952723932 eventType is wtf dataFile is false
07-31 17:05:23.936  4588  5225 I PG_ash  : try freeze fa refresh whitelist app when fa card visible change
07-31 17:05:23.936  4588  5225 I PG_ash  : launcher call intelligent
07-31 17:05:23.936  1851  7207 I InputMethodManagerService: isSecMethodUsing set false
07-31 17:05:23.936  1851  7207 I InputMethodManagerService: startInputOrWindowGainedFocus didStart: isTextEditor=false sameWindowFocused=false doAutoShow=true softInputMode=STATE_ALWAYS_HIDDEN|ADJUST_RESIZE|IS_FORWARD_NAVIGATION
07-31 17:05:23.936  1851  7207 I InputMethodManagerService: Window asks to hide input
07-31 17:05:23.936  1851  7207 I HwInputMethodManagerService: hideCurrentInputLocked res:false
07-31 17:05:23.936  1851  7207 I InputMethodManagerService: switching to client:ClientState{a0a1ee6 uid=1110106 pid=1776 displayId=0} keyguard:false
07-31 17:05:23.936  1851  1881 I PhoneWindowManager: SendCloseSystemWindows not by userId.
07-31 17:05:23.937 23136 23136 W HwLauncher: LauncherDeviceManagerService getCachedLocalDevice: device Manager did not complete initialization
07-31 17:05:23.937 23136 23136 W HwLauncher: LauncherDeviceManagerService getCachedLocalDevice: device Manager did not complete initialization
07-31 17:05:23.938  1851  1893 I UsageStatsService: Time changed in by -22 seconds
07-31 17:05:23.938  1851  1881 I PhoneWindowManager: startDockOrHome: startReason= startDockOrHome
07-31 17:05:23.938  1851  1883 W ActivityManager: setHasOverlayUi called on unknown pid: 15449
07-31 17:05:23.938  4274  4274 I vol.VolumeDialogImpl: dismissH, not on showing, return
07-31 17:05:23.938  4274  4274 I HwCtrlCtr: ControlCenterImpl: root view is gone, return
07-31 17:05:23.939  4274  4274 I PanelView1: canPanelBeCollapsed mTracking = false , mClosing = false, isWakingUp = false, ret = false
07-31 17:05:23.939  4274  4274 I PanelView1: canPanelBeCollapsed mTracking = false , mClosing = false, isWakingUp = false, ret = false
07-31 17:05:23.939  4274  4274 I ShadeControllerImpl: animateCollapsePanels canPanelBeCollapsed = false
07-31 17:05:23.939  4274  4274 I ShadeControllerImpl: animateCollapsePanels collapseStack
07-31 17:05:23.939  4274  4274 I HwCtrlCtr: ControlCenterImpl: root view is gone, return
07-31 17:05:23.939  1851  1881 W HwActivityTaskManagerServiceEx: invalid param when resuming applock
07-31 17:05:23.939  1776  1776 E ndroid.launche: Invalid ID 0x9c000000.
07-31 17:05:23.939  1776  1776 E ndroid.launche: Invalid ID 0x9c000003.
07-31 17:05:23.939  1776  1776 E ndroid.launche: Invalid ID 0x9c000203.
07-31 17:05:23.939  1776  1776 E ndroid.launche: Invalid ID 0x9c000403.
07-31 17:05:23.939  1776  1776 E ndroid.launche: Invalid ID 0x9c000503.
07-31 17:05:23.939  1776  1776 E ndroid.launche: Invalid ID 0x9c000204.
07-31 17:05:23.939  1776  1776 E ndroid.launche: Invalid ID 0x9c000304.
07-31 17:05:23.939  1776  1776 E ndroid.launche: Invalid ID 0x9c000404.
07-31 17:05:23.939  1776  1776 E ndroid.launche: Invalid ID 0x9c000604.
07-31 17:05:23.940  1776  1776 W HwLauncher: TalkBackHelper needAnnounceAbilityForm input parameter is null
07-31 17:05:23.940  1851  1895 I HmCameraWhiteListUtils: getDownloadCfgFile dir:/system/emui/base/thirdappfilter/third_app_filter.xml
07-31 17:05:23.940  1851  1881 I HwPackageManagerServiceUtils: skip preferred set check of preferred activity for Intent { act=android.intent.action.MAIN cat=[android.intent.category.HOME] flg=0x300 }, do not dropping preferred activity
07-31 17:05:23.940  1776  1776 W HwLauncher: TalkBackHelper needAnnounceAbilityForm input parameter is null
07-31 17:05:23.940  1851  1881 I PackageManager: Returning preferred activity: com.huawei.android.launcher/com.huawei.android.launcher.unihome.UniHomeLauncher
07-31 17:05:23.940  1851  1881 I PackageManager: choose best activity: com.huawei.android.launcher, com.huawei.android.launcher.unihome.UniHomeLauncher
07-31 17:05:23.940  1851  1881 I ActivityTaskManager: notifyActivityLaunching intent=Intent { act=android.intent.action.MAIN cat=[android.intent.category.HOME] flg=0x10000300 hwFlg=0x400000 cmp=com.huawei.android.launcher/.unihome.UniHomeLauncher (has extras) } existingInfo=null
07-31 17:05:23.940  1851  1881 I SWAP_Scene: Entering notifySceneData notifySceneData. EventType:SWITCH_TO_FOREGROUND pkg:com.huawei.android.launcher uid:1110106 pid:0 proc: activity:com.huawei.android.launcher.unihome.UniHomeLauncher
07-31 17:05:23.940  1851  1881 I ActivityTaskManager: START u11 {act=android.intent.action.MAIN cat=[android.intent.category.HOME] flg=0x10000300 hwFlg=0x400010 cmp=com.huawei.android.launcher/.unihome.UniHomeLauncher (has extras)} from uid 0 controller startHomeActivity: startDockOrHome:11:11:0
07-31 17:05:23.941  1776  1776 W HwLauncher: LauncherDeviceManagerService getCachedLocalDevice: device Manager did not complete initialization
07-31 17:05:23.941  1851  1881 I HwPackageManagerServiceUtils: skip preferred set check of preferred activity for Intent { act=android.intent.action.MAIN cat=[android.intent.category.HOME] flg=0x300 }, do not dropping preferred activity
07-31 17:05:23.941  1776  1776 W HwLauncher: LauncherDeviceManagerService getCachedLocalDevice: device Manager did not complete initialization
07-31 17:05:23.941  1851  1881 I PackageManager: Returning preferred activity: com.huawei.android.launcher/com.huawei.android.launcher.unihome.UniHomeLauncher
07-31 17:05:23.941  1851  1881 I PackageManager: choose best activity: com.huawei.android.launcher, com.huawei.android.launcher.unihome.UniHomeLauncher
07-31 17:05:23.941  1851  1881 I HwActivityStarterEx: packageName is empty
07-31 17:05:23.941  1851  1881 I HwASInterceptor: null not found.
07-31 17:05:23.941  1851  1881 I PermissionPolicyService: ActivityInterceptorCallback ActivityInterceptResult intercept
07-31 17:05:23.941  1851  1881 I ActivityTaskManager: ActivityRecord info: ActivityInfo{8bd0644 com.huawei.android.launcher.unihome.UniHomeLauncher}
07-31 17:05:23.942  1851  1881 I ActivityOptions: getDualCodeFlag: false
07-31 17:05:23.942  1851  1881 I HWMW_HwMagicStackManager: ### Execute overrideIntentFlagForHwMagicWin
07-31 17:05:23.942  1851  1881 I ActivityTaskManager: ActivityStarter setInitialState mDoResume = true
07-31 17:05:23.942  1851  1881 I ActivityOptions: getDualCodeFlag: false
07-31 17:05:23.942  1851  1881 W HwMultiWindowManager: launch multi window activity: invalid params. r=ActivityRecord{47785f3 u11 com.huawei.android.launcher/.unihome.UniHomeLauncher t-1} options=ActivityOptions(217879341), mPackageName=null, mAnimationType=-1, mStartX=0, mStartY=0, mWidth=0, mHeight=0 source=null
07-31 17:05:23.943  1776  2867 I LifecycleTransaction: activityCallbacks NewIntentItem{intents=[Intent { act=android.intent.action.MAIN cat=[android.intent.category.HOME] flg=0x10000300 hwFlg=0x400000 cmp=com.huawei.android.launcher/.unihome.UniHomeLauncher (has extras) }],resume=true}
07-31 17:05:23.943  1776  1776 W HwDamageRectFpsManager: submitFps mFpsDecisionHandler == null
07-31 17:05:23.943  1776  1776 I HwLauncher: Launcher onNewIntent() DragLayer visibility = 0, alpha = 1.000000
07-31 17:05:23.943  1776  2737 I InputMethodManager: hideSoftInputFromWindow windowToken=android.view.ViewRootImpl$W@88edc31;flags=0
07-31 17:05:23.943  1851  1881 W HwActivityTaskManagerServiceEx: invalid param when resuming applock
07-31 17:05:23.943  1776  2737 I InputMethodManager: hideSoftInputFromWindow reason=3,displayId=-1,caller=android.view.inputmethod.InputMethodManager.hideSoftInputFromWindow:1955 android.view.inputmethod.InputMethodManager.hideSoftInputFromWindow:1924 com.huawei.android.launcher.Launcher.lambda$hideSoftInputMethod$19:4719 com.huawei.android.launcher.Launcher.lambda$hideSoftInputMethod$19$Launcher:0 
07-31 17:05:23.943  1776  1776 W HwLauncher: Workspace changeState() state no change.
07-31 17:05:23.943  1851  1881 W HwActivityTaskManagerServiceEx: invalid param when resuming applock
07-31 17:05:23.943  1851  7207 I HwInputMethodManagerService: hideSoftInput windowToken:android.os.BinderProxy@d94b0b8
07-31 17:05:23.943  1851  7207 I InputMethodManagerService: Client requesting input be hidden, requestedUid = 1110106
07-31 17:05:23.943  1851  7207 I HwInputMethodManagerService: hideCurrentInputLocked res:false
07-31 17:05:23.943  1851  7207 I HwInputMethodManagerService: hideSoftInput end! isHide:false, isNeedWaitShow:false
07-31 17:05:23.944  1776  1776 W HwLauncher: LauncherDeviceManagerService getCachedLocalDevice: device Manager did not complete initialization
07-31 17:05:23.944  1776  1776 W HwLauncher: LauncherDeviceManagerService getCachedLocalDevice: device Manager did not complete initialization
07-31 17:05:23.944  1776  1776 W HwDamageRectFpsManager: submitFps mFpsDecisionHandler == null
07-31 17:05:23.944  1776  1776 I HwLauncher: Model loadWidgetsAfterUserUnlockIfNeeded, sLoadWidgetOnResume is false!
07-31 17:05:23.944   907   907 I Layer   : setFlags: com.huawei.intelligent.Workspace#13019 show
07-31 17:05:23.945  4588  9291 W ApsSceneManager: APS: APK: setSceneInfo: unknow scene!
07-31 17:05:23.945  4588  5225 I PG_ash  : try freeze fa refresh whitelist app when fa card visible change
07-31 17:05:23.945   907   907 I BufferLayer: preparePerFrameCompositionState: com.huawei.android.launcher/com.huawei.android.launcher.unihome.UniHomeLauncher#13015: first buffer updated to LayerFE. frame=4
07-31 17:05:23.946  1851  1895 I HmCameraWhiteListUtils: other function may be added to the xml later, parse it here
07-31 17:05:23.946  1851  1881 I PermissionPolicyService: onActivityLaunched start
07-31 17:05:23.946  1851  1881 W PermissionPolicyService: do not show notification dialog when onActivityLaunched
07-31 17:05:23.946  1851  1881 I ActivityTaskManager: start activity: {com.huawei.android.launcher/com.huawei.android.launcher.unihome.UniHomeLauncher} result = 3
07-31 17:05:23.947 14736 14793 I CAWARENESS_32379_AppUsageManager: Repeat info, don't need publish
07-31 17:05:23.948  4741  4924 E DollieAdapterService: notifyActivityState pkg:com.huawei.android.launcher/com.huawei.android.launcher.unihome.UniHomeLauncher state:2 fg:true mUid:1110106
07-31 17:05:23.948  4741  4924 I NrSmartCure: Speed sensitive app is not top Activity
07-31 17:05:23.948  4741  4924 E HwPacketFilterBypass: sendRequestToKernel SOCKET_CLOSE_DETECT_UID_ADD [1110106]
07-31 17:05:23.948  4741  4924 I OllieMsgCenter: publishEvt=2135097351
07-31 17:05:23.948  4741  4924 I NetworkQoeChr: checkForegroundApp timer start
07-31 17:05:23.948  4741  4924 I NetworkQoeChr: end qoe report
07-31 17:05:23.948  4741  4924 I NetPredictEngine: ObserveState processMessage 11
07-31 17:05:23.948  4741  4924 I NetPredictEngine: Parent processMessage 11
07-31 17:05:23.948  4741  4924 I NetPredictEngine: Parent: active app change, old packageName: com.simplemobiletools.gallery.pro, new packageName: com.huawei.android.launcher
07-31 17:05:23.948  4741  4924 I OllieMsgCenter: publishEvt=2130771969
07-31 17:05:23.948  4741  4924 I OllieMsgCenter: publishEvt=2130771985
07-31 17:05:23.948  4741  4924 I BanNetworkChr: uid1110106,isFgtrue
07-31 17:05:23.948  4741  4924 I BanNetworkChr: isAbnormalEvent mScreenState:true, mDataConnectStatus:false, uid:1110106
07-31 17:05:23.948  4741  4924 I SpeedTestNotifier: Speed test app is back Activity
07-31 17:05:23.948  4741  4924 I SmartDualCardConfig: getAppType,pkgName=com.huawei.android.launcher,appType=28
07-31 17:05:23.948  4741  4924 E SmartDualCardConfig: isAppInBlackList false,items==null
07-31 17:05:23.948  4741  4924 I RollieSpeedTestNotifier: getSpeedApkConfig fail,invalid params
07-31 17:05:23.948  4741  4924 I RollieSpeedTestNotifier: Speed test app is back Activity
07-31 17:05:23.948  4741  4924 I PowerMsgAdapter: UID hot switch, uid:1110106, pkgName:com.huawei.android.launcher
07-31 17:05:23.949  4741  4924 E Booster_MatterAppRecommend: [isMatterActivity]invalid mMatterActivitiesConfig
07-31 17:05:23.949  4741  4924 I OllieFeatureManager: DollieChr EVENT_OLLIE_ACTIVITY_CHANGED
07-31 17:05:23.949  4741  4924 I OllieMsgCenter: publishEvt=2134966274
07-31 17:05:23.949  4741  4924 I OllieMsgCenter: publishEvt=2135097350
07-31 17:05:23.949  4741  4924 I ForegroundDataOpt: mCurUid changed to 1110106
07-31 17:05:23.949  4741  4924 I HcPreDnsQueryCtrl: EVENT_APPINFO_ACTION_UID_STATE_CHANGED
07-31 17:05:23.949  4741  4924 I HcPreDnsQueryCtrl: mForeAppPackageName update=com.huawei.android.launcher
07-31 17:05:23.949  4741  4924 I AppStallManager: OllieInternalEvtConsts.EVENT_APPINFO_ACTION_UID_STATE_CHANGED
07-31 17:05:23.950  1776  1776 I RmeSchedManager: init Rme, version is: v1.0
07-31 17:05:23.950  1776  2506 I HwLauncher: LocalTaskList loadTasksInBackground:11 numTasks:16 currentUserId:11
07-31 17:05:23.953  1776  1776 E ndroid.launche: Invalid ID 0x9c000000.
07-31 17:05:23.953  1776  1776 E ndroid.launche: Invalid ID 0x9c000003.
07-31 17:05:23.953  1776  1776 E ndroid.launche: Invalid ID 0x9c000203.
07-31 17:05:23.953  1776  1776 E ndroid.launche: Invalid ID 0x9c000403.
07-31 17:05:23.953  1776  1776 E ndroid.launche: Invalid ID 0x9c000503.
07-31 17:05:23.953  1776  1776 E ndroid.launche: Invalid ID 0x9c000204.
07-31 17:05:23.953  1776  1776 E ndroid.launche: Invalid ID 0x9c000304.
07-31 17:05:23.953  1776  1776 E ndroid.launche: Invalid ID 0x9c000404.
07-31 17:05:23.953  1776  1776 E ndroid.launche: Invalid ID 0x9c000604.
07-31 17:05:23.953  1776  1776 W HwLauncher: TalkBackHelper needAnnounceAbilityForm input parameter is null
07-31 17:05:23.966  4588  4837 I ScenarioService: refresh visibleApp:[com.huawei.android.launcher]
07-31 17:05:23.967  4588  4837 I ScenarioService: multiScreenVisibleApps: 0:com.huawei.android.launcher:1110106
07-31 17:05:23.967  4588  4837 I PGServer: report state:15 event type:1 pid:-1 uid:-1 pkg:0:com.huawei.android.launcher:1110106 to pid: 4588
07-31 17:05:23.994  1776  1776 E ndroid.launche: No package ID 9c found for ID 0x9c010000.
07-31 17:05:23.995  1776  1776 E ndroid.launche: No package ID 9c found for ID 0x9c010100.
07-31 17:05:23.995  1776  1776 E ndroid.launche: No package ID 9c found for ID 0x9c010200.
07-31 17:05:23.995  1776  1776 E ndroid.launche: No package ID 9c found for ID 0x9c010300.
07-31 17:05:23.995  1776  1776 E ndroid.launche: No package ID 9c found for ID 0x9c010400.
07-31 17:05:23.995  1776  1776 E ndroid.launche: No package ID 9c found for ID 0x9c010001.
07-31 17:05:23.995  1776  1776 E ndroid.launche: No package ID 9c found for ID 0x9c010101.
07-31 17:05:23.995  1776  1776 E ndroid.launche: No package ID 9c found for ID 0x9c010201.
07-31 17:05:23.995  1776  1776 E ndroid.launche: No package ID 9c found for ID 0x9c010301.
07-31 17:05:23.995  1776  1776 E ndroid.launche: No package ID 9c found for ID 0x9c010401.
07-31 17:05:23.995  1776  1776 E ndroid.launche: No package ID 9c found for ID 0x9c010500.
07-31 17:05:23.999  4588  5225 I ash_dd  : com.huawei.hiai not ctrl when screen on, delay to D!
07-31 17:05:24.017  1776  1776 W HwLauncher: TalkBackHelper needAnnounceAbilityForm input parameter is null
07-31 17:05:24.039  1776  1776 W HwLauncher: TalkBackHelper needAnnounceAbilityForm input parameter is null
07-31 17:05:24.061  1776  1776 W HwLauncher: TalkBackHelper needAnnounceAbilityForm input parameter is null
07-31 17:05:24.072  1776  1776 E ndroid.launche: No package ID 9c found for ID 0x9c010002.
07-31 17:05:24.083  1776  1776 E ndroid.launche: No package ID 9c found for ID 0x9c010003.
07-31 17:05:24.094  1776  1776 E ndroid.launche: No package ID 9c found for ID 0x9c010103.
07-31 17:05:24.105  1776  1776 E ndroid.launche: No package ID 9c found for ID 0x9c010203.
07-31 17:05:24.117  1776  1776 E ndroid.launche: No package ID 9c found for ID 0x9c010303.
07-31 17:05:24.128  1776  1776 E ndroid.launche: No package ID 9c found for ID 0x9c010403.
07-31 17:05:24.139  1776  1776 E ndroid.launche: No package ID 9c found for ID 0x9c010503.
07-31 17:05:24.150  1776  1776 E ndroid.launche: No package ID 9c found for ID 0x9c010004.
07-31 17:05:24.161  1776  1776 E ndroid.launche: No package ID 9c found for ID 0x9c010104.
07-31 17:05:24.172  1776  1776 E ndroid.launche: No package ID 9c found for ID 0x9c010104.
07-31 17:05:24.183  1776  1776 E ndroid.launche: No package ID 9c found for ID 0x9c010304.
07-31 17:05:24.194  1776  1776 E ndroid.launche: No package ID 9c found for ID 0x9c010404.
07-31 17:05:24.198  1851  1920 I HwAmbientLuxFilterAlgo: SceneBufferAmbientLux input error,end=30,start=-141,bufferSize=59
07-31 17:05:24.206  1776  1776 E ndroid.launche: No package ID 9c found for ID 0x9c010504.
07-31 17:05:24.207  1776  1776 E ndroid.launche: No package ID 9c found for ID 0x9c010604.
07-31 17:05:24.207  1851  2124 W AwareLog: AwareMem_FastRepairActionManager: send execute sucess, scene : 4
07-31 17:05:24.207  1851  4451 W AwareLog: SysLoadManager: check status do nothing
07-31 17:05:24.208  1776  1776 E ndroid.launche: No package ID 9c found for ID 0x9c010604.
07-31 17:05:24.209  1776  1776 E ndroid.launche: No package ID 9c found for ID 0x9c020000.
07-31 17:05:24.209  1776  1776 W HwLauncher: TalkBackHelper needAnnounceAbilityForm input parameter is null
07-31 17:05:24.209  1776  1776 W HwLauncher: TalkBackHelper needAnnounceAbilityForm input parameter is null
07-31 17:05:24.219  1776  1776 W HwLauncher: TalkBackHelper needAnnounceAbilityForm input parameter is null
07-31 17:05:24.228  1776  1776 W HwLauncher: TalkBackHelper needAnnounceAbilityForm input parameter is null
07-31 17:05:24.240  1776  1776 E ndroid.launche: Invalid ID 0x9b000000.
07-31 17:05:24.240  1776  1776 E ndroid.launche: No package ID 9b found for ID 0x9b010100.
07-31 17:05:24.240  1776  1776 E ndroid.launche: No package ID 9b found for ID 0x9b020200.
07-31 17:05:24.240  1776  1776 E ndroid.launche: No package ID 9b found for ID 0x9b030300.
07-31 17:05:24.240  1776  1776 E ndroid.launche: No package ID 9b found for ID 0x9b040400.
07-31 17:05:24.241  1776  1776 E ndroid.launche: No package ID 9b found for ID 0x9b050500.
07-31 17:05:24.241  1776  1776 E ndroid.launche: No package ID 9b found for ID 0x9b060600.
07-31 17:05:24.242  1776  1776 E ndroid.launche: No package ID 9b found for ID 0x9b090900.
07-31 17:05:24.242  1776  1776 E ndroid.launche: No package ID 9b found for ID 0x9b090900.
07-31 17:05:24.242  1776  1776 E ndroid.launche: No package ID 9b found for ID 0x9b080800.
07-31 17:05:24.242  1776  1776 E ndroid.launche: No package ID 9b found for ID 0x9b080800.
07-31 17:05:24.242  1776  1776 E ndroid.launche: No package ID 9b found for ID 0x9b080800.
07-31 17:05:24.243  1776  1776 E ndroid.launche: No package ID 9b found for ID 0x9b070700.
07-31 17:05:24.243  1776  1776 E ndroid.launche: No package ID 9b found for ID 0x9b060600.
07-31 17:05:24.243  1776  1776 E ndroid.launche: No package ID 9b found for ID 0x9b050500.
07-31 17:05:24.244  1776  1776 E ndroid.launche: No package ID 9b found for ID 0x9b040400.
07-31 17:05:24.244  1776  1776 E ndroid.launche: No package ID 9b found for ID 0x9b030300.
07-31 17:05:24.284  1776  1776 E ndroid.launche: Invalid ID 0x9c000000.
07-31 17:05:24.284  1776  1776 E ndroid.launche: Invalid ID 0x9c000003.
07-31 17:05:24.284  1776  1776 E ndroid.launche: Invalid ID 0x9c000203.
07-31 17:05:24.284  1776  1776 E ndroid.launche: Invalid ID 0x9c000403.
07-31 17:05:24.284  1776  1776 E ndroid.launche: Invalid ID 0x9c000503.
07-31 17:05:24.284  1776  1776 E ndroid.launche: Invalid ID 0x9c000204.
07-31 17:05:24.284  1776  1776 E ndroid.launche: Invalid ID 0x9c000304.
07-31 17:05:24.284  1776  1776 E ndroid.launche: Invalid ID 0x9c000404.
07-31 17:05:24.284  1776  1776 E ndroid.launche: Invalid ID 0x9c000604.
07-31 17:05:24.284  1776  1776 W HwLauncher: TalkBackHelper needAnnounceAbilityForm input parameter is null
07-31 17:05:24.284  1776  1776 W HwLauncher: TalkBackHelper needAnnounceAbilityForm input parameter is null
07-31 17:05:24.286  1776  1776 E ndroid.launche: Invalid ID 0x9c000000.
07-31 17:05:24.286  1776  1776 E ndroid.launche: Invalid ID 0x9c000003.
07-31 17:05:24.286  1776  1776 E ndroid.launche: Invalid ID 0x9c000203.
07-31 17:05:24.286  1776  1776 E ndroid.launche: Invalid ID 0x9c000403.
07-31 17:05:24.286  1776  1776 E ndroid.launche: Invalid ID 0x9c000503.
07-31 17:05:24.286  1776  1776 E ndroid.launche: Invalid ID 0x9c000204.
07-31 17:05:24.286  1776  1776 E ndroid.launche: Invalid ID 0x9c000304.
07-31 17:05:24.286  1776  1776 E ndroid.launche: Invalid ID 0x9c000404.
07-31 17:05:24.286  1776  1776 E ndroid.launche: Invalid ID 0x9c000604.
07-31 17:05:24.286  1776  1776 W HwLauncher: TalkBackHelper needAnnounceAbilityForm input parameter is null
07-31 17:05:24.286  1776  1776 W HwLauncher: TalkBackHelper needAnnounceAbilityForm input parameter is null
07-31 17:05:24.290  1776  1776 E ndroid.launche: No package ID 9c found for ID 0x9c010000.
07-31 17:05:24.290  1776  1776 E ndroid.launche: No package ID 9c found for ID 0x9c010100.
07-31 17:05:24.290  1776  1776 E ndroid.launche: No package ID 9c found for ID 0x9c010200.
07-31 17:05:24.290  1776  1776 E ndroid.launche: No package ID 9c found for ID 0x9c010300.
07-31 17:05:24.290  1776  1776 E ndroid.launche: No package ID 9c found for ID 0x9c010400.
07-31 17:05:24.291  1776  1776 E ndroid.launche: No package ID 9c found for ID 0x9c010001.
07-31 17:05:24.291  1776  1776 E ndroid.launche: No package ID 9c found for ID 0x9c010101.
07-31 17:05:24.291  1776  1776 E ndroid.launche: No package ID 9c found for ID 0x9c010201.
07-31 17:05:24.291  1776  1776 E ndroid.launche: No package ID 9c found for ID 0x9c010301.
07-31 17:05:24.291  1776  1776 E ndroid.launche: No package ID 9c found for ID 0x9c010401.
07-31 17:05:24.291  1776  1776 E ndroid.launche: No package ID 9c found for ID 0x9c010500.
07-31 17:05:24.291  1776  1776 E ndroid.launche: No package ID 9c found for ID 0x9c010002.
07-31 17:05:24.291  1776  1776 E ndroid.launche: No package ID 9c found for ID 0x9c010003.
07-31 17:05:24.291  1776  1776 E ndroid.launche: No package ID 9c found for ID 0x9c010103.
07-31 17:05:24.291  1776  1776 E ndroid.launche: No package ID 9c found for ID 0x9c010203.
07-31 17:05:24.291  1776  1776 E ndroid.launche: No package ID 9c found for ID 0x9c010303.
07-31 17:05:24.291  1776  1776 E ndroid.launche: No package ID 9c found for ID 0x9c010403.
07-31 17:05:24.291  1776  1776 E ndroid.launche: No package ID 9c found for ID 0x9c010503.
07-31 17:05:24.291  1776  1776 E ndroid.launche: No package ID 9c found for ID 0x9c010004.
07-31 17:05:24.291  1776  1776 E ndroid.launche: No package ID 9c found for ID 0x9c010104.
07-31 17:05:24.291  1776  1776 E ndroid.launche: No package ID 9c found for ID 0x9c010104.
07-31 17:05:24.291  1776  1776 E ndroid.launche: No package ID 9c found for ID 0x9c010304.
07-31 17:05:24.291  1776  1776 E ndroid.launche: No package ID 9c found for ID 0x9c010404.
07-31 17:05:24.292  1776  1776 E ndroid.launche: No package ID 9c found for ID 0x9c010504.
07-31 17:05:24.292  1776  1776 E ndroid.launche: No package ID 9c found for ID 0x9c010604.
07-31 17:05:24.292  1776  1776 E ndroid.launche: No package ID 9c found for ID 0x9c010604.
07-31 17:05:24.292  1776  1776 W HwLauncher: TalkBackHelper needAnnounceAbilityForm input parameter is null
07-31 17:05:24.292  1776  1776 W HwLauncher: TalkBackHelper needAnnounceAbilityForm input parameter is null
07-31 17:05:24.292  1776  1776 W HwLauncher: TalkBackHelper needAnnounceAbilityForm input parameter is null
07-31 17:05:24.294  1776  1776 E ndroid.launche: No package ID 9c found for ID 0x9c010000.
07-31 17:05:24.296  1776  1776 E ndroid.launche: No package ID 9c found for ID 0x9c020000.
07-31 17:05:24.296  1776  1776 W HwLauncher: TalkBackHelper needAnnounceAbilityForm input parameter is null
07-31 17:05:24.296  1776  1776 W HwLauncher: TalkBackHelper needAnnounceAbilityForm input parameter is null
07-31 17:05:24.297  1776  1776 W HwLauncher: TalkBackHelper needAnnounceAbilityForm input parameter is null
07-31 17:05:24.307  1776  1776 W HwLauncher: TalkBackHelper needAnnounceAbilityForm input parameter is null
07-31 17:05:24.310  1776  1776 E ndroid.launche: Invalid ID 0x9b000000.
07-31 17:05:24.310  1776  1776 E ndroid.launche: No package ID 9b found for ID 0x9b010100.
07-31 17:05:24.310  1776  1776 E ndroid.launche: No package ID 9b found for ID 0x9b020200.
07-31 17:05:24.310  1776  1776 E ndroid.launche: No package ID 9b found for ID 0x9b030300.
07-31 17:05:24.311  1776  1776 E ndroid.launche: No package ID 9b found for ID 0x9b040400.
07-31 17:05:24.311  1776  1776 E ndroid.launche: No package ID 9b found for ID 0x9b050500.
07-31 17:05:24.311  1776  1776 E ndroid.launche: No package ID 9b found for ID 0x9b060600.
07-31 17:05:24.313  1776  1776 E ndroid.launche: No package ID 9b found for ID 0x9b090900.
07-31 17:05:24.313  1776  1776 E ndroid.launche: No package ID 9b found for ID 0x9b090900.
07-31 17:05:24.313  1776  1776 E ndroid.launche: No package ID 9b found for ID 0x9b080800.
07-31 17:05:24.313  1776  1776 E ndroid.launche: No package ID 9b found for ID 0x9b080800.
07-31 17:05:24.313  1776  1776 E ndroid.launche: No package ID 9b found for ID 0x9b080800.
07-31 17:05:24.317  1776  1776 E ndroid.launche: No package ID 9b found for ID 0x9b070700.
07-31 17:05:24.317  1776  1776 E ndroid.launche: No package ID 9b found for ID 0x9b060600.
07-31 17:05:24.317  1776  1776 E ndroid.launche: No package ID 9b found for ID 0x9b050500.
07-31 17:05:24.318  1776  1776 E ndroid.launche: No package ID 9b found for ID 0x9b040400.
07-31 17:05:24.318  1776  1776 E ndroid.launche: No package ID 9b found for ID 0x9b030300.
07-31 17:05:24.328   847   895 I audio_hw_usbaudio_ext: [get_extension_typec_parameters:189]: check show hires (false)
07-31 17:05:24.355  1776  1776 E ndroid.launche: Invalid ID 0x9c000000.
07-31 17:05:24.355  1776  1776 E ndroid.launche: Invalid ID 0x9c000003.
07-31 17:05:24.355  1776  1776 E ndroid.launche: Invalid ID 0x9c000203.
07-31 17:05:24.355  1776  1776 E ndroid.launche: Invalid ID 0x9c000403.
07-31 17:05:24.355  1776  1776 E ndroid.launche: Invalid ID 0x9c000503.
07-31 17:05:24.355  1776  1776 E ndroid.launche: Invalid ID 0x9c000204.
07-31 17:05:24.355  1776  1776 E ndroid.launche: Invalid ID 0x9c000304.
07-31 17:05:24.355  1776  1776 E ndroid.launche: Invalid ID 0x9c000404.
07-31 17:05:24.355  1776  1776 E ndroid.launche: Invalid ID 0x9c000604.
07-31 17:05:24.355  1776  1776 W HwLauncher: TalkBackHelper needAnnounceAbilityForm input parameter is null
07-31 17:05:24.356  1776  1776 W HwLauncher: TalkBackHelper needAnnounceAbilityForm input parameter is null
07-31 17:05:24.361  1776  1776 E ndroid.launche: Invalid ID 0x9c000000.
07-31 17:05:24.361  1776  1776 E ndroid.launche: Invalid ID 0x9c000003.
07-31 17:05:24.361  1776  1776 E ndroid.launche: Invalid ID 0x9c000203.
07-31 17:05:24.361  1776  1776 E ndroid.launche: Invalid ID 0x9c000403.
07-31 17:05:24.361  1776  1776 E ndroid.launche: Invalid ID 0x9c000503.
07-31 17:05:24.362  1776  1776 E ndroid.launche: Invalid ID 0x9c000204.
07-31 17:05:24.362  1776  1776 E ndroid.launche: Invalid ID 0x9c000304.
07-31 17:05:24.362  1776  1776 E ndroid.launche: Invalid ID 0x9c000404.
07-31 17:05:24.362  1776  1776 E ndroid.launche: Invalid ID 0x9c000604.
07-31 17:05:24.362  1776  1776 W HwLauncher: TalkBackHelper needAnnounceAbilityForm input parameter is null
07-31 17:05:24.362  1776  1776 W HwLauncher: TalkBackHelper needAnnounceAbilityForm input parameter is null
07-31 17:05:24.365  1776  1776 E ndroid.launche: No package ID 9c found for ID 0x9c010000.
07-31 17:05:24.365  1776  1776 E ndroid.launche: No package ID 9c found for ID 0x9c010100.
07-31 17:05:24.365  1776  1776 E ndroid.launche: No package ID 9c found for ID 0x9c010200.
07-31 17:05:24.365  1776  1776 E ndroid.launche: No package ID 9c found for ID 0x9c010300.
07-31 17:05:24.365  1776  1776 E ndroid.launche: No package ID 9c found for ID 0x9c010400.
07-31 17:05:24.365  1776  1776 E ndroid.launche: No package ID 9c found for ID 0x9c010001.
07-31 17:05:24.365  1776  1776 E ndroid.launche: No package ID 9c found for ID 0x9c010101.
07-31 17:05:24.365  1776  1776 E ndroid.launche: No package ID 9c found for ID 0x9c010201.
07-31 17:05:24.365  1776  1776 E ndroid.launche: No package ID 9c found for ID 0x9c010301.
07-31 17:05:24.365  1776  1776 E ndroid.launche: No package ID 9c found for ID 0x9c010401.
07-31 17:05:24.365  1776  1776 E ndroid.launche: No package ID 9c found for ID 0x9c010500.
07-31 17:05:24.366  1776  1776 E ndroid.launche: No package ID 9c found for ID 0x9c010002.
07-31 17:05:24.366  1776  1776 E ndroid.launche: No package ID 9c found for ID 0x9c010003.
07-31 17:05:24.366  1776  1776 E ndroid.launche: No package ID 9c found for ID 0x9c010103.
07-31 17:05:24.366  1776  1776 E ndroid.launche: No package ID 9c found for ID 0x9c010203.
07-31 17:05:24.366  1776  1776 E ndroid.launche: No package ID 9c found for ID 0x9c010303.
07-31 17:05:24.366  1776  1776 E ndroid.launche: No package ID 9c found for ID 0x9c010403.
07-31 17:05:24.366  1776  1776 E ndroid.launche: No package ID 9c found for ID 0x9c010503.
07-31 17:05:24.366  1776  1776 E ndroid.launche: No package ID 9c found for ID 0x9c010004.
07-31 17:05:24.366  1776  1776 E ndroid.launche: No package ID 9c found for ID 0x9c010104.
07-31 17:05:24.366  1776  1776 E ndroid.launche: No package ID 9c found for ID 0x9c010104.
07-31 17:05:24.366  1776  1776 E ndroid.launche: No package ID 9c found for ID 0x9c010304.
07-31 17:05:24.366  1776  1776 E ndroid.launche: No package ID 9c found for ID 0x9c010404.
07-31 17:05:24.366  1776  1776 E ndroid.launche: No package ID 9c found for ID 0x9c010504.
07-31 17:05:24.366  1776  1776 E ndroid.launche: No package ID 9c found for ID 0x9c010604.
07-31 17:05:24.366  1776  1776 E ndroid.launche: No package ID 9c found for ID 0x9c010604.
07-31 17:05:24.366  1776  1776 W HwLauncher: TalkBackHelper needAnnounceAbilityForm input parameter is null
07-31 17:05:24.366  1776  1776 W HwLauncher: TalkBackHelper needAnnounceAbilityForm input parameter is null
07-31 17:05:24.367  1776  1776 W HwLauncher: TalkBackHelper needAnnounceAbilityForm input parameter is null
07-31 17:05:24.367  1776  1776 E ndroid.launche: No package ID 9c found for ID 0x9c010000.
07-31 17:05:24.373  1776  1776 E ndroid.launche: No package ID 9c found for ID 0x9c020000.
07-31 17:05:24.373  1776  1776 W HwLauncher: TalkBackHelper needAnnounceAbilityForm input parameter is null
07-31 17:05:24.373  1776  1776 W HwLauncher: TalkBackHelper needAnnounceAbilityForm input parameter is null
07-31 17:05:24.374  1776  1776 W HwLauncher: TalkBackHelper needAnnounceAbilityForm input parameter is null
07-31 17:05:24.375  4274  4274 I HwScreenRecorderTimer: updateCapsuleState isTransientShown=false isStatusBarWindowShown=true hasScreenRecorderTimer=false isPanelExpand=false
07-31 17:05:24.375  4274  4274 I HwCapsuleDataConsumer: onDataProduce isAnimatorRunning=false
07-31 17:05:24.376  1776  1776 E ndroid.launche: No package ID 9c found for ID 0x9c020000.
07-31 17:05:24.376  1776  1776 W HwLauncher: TalkBackHelper needAnnounceAbilityForm input parameter is null
07-31 17:05:24.376  1776  1776 W HwLauncher: TalkBackHelper needAnnounceAbilityForm input parameter is null
07-31 17:05:24.377  1776  1776 W HwLauncher: TalkBackHelper needAnnounceAbilityForm input parameter is null
07-31 17:05:24.384  1776  1776 W HwLauncher: TalkBackHelper needAnnounceAbilityForm input parameter is null
07-31 17:05:24.384  4274  4274 I NotifSectionsManager: updateFirstAndLastViewsForAllSections, changed:false
07-31 17:05:24.385  4274  4274 I HwStatusBarCapsuleHelper: onCapsuleDataUpdate isOverlay=true, mIsCapsuleLauncherAnimationStart=false
07-31 17:05:24.385  4274  4274 I HwStatusBarCapsuleView: hide capsule
07-31 17:05:24.385  4274  4274 I HwStatusBarCapsuleHelper: onCapsuleDataUpdate isOverlay=false, mIsCapsuleLauncherAnimationStart=false
07-31 17:05:24.385  4274  4274 I HwStatusBarCapsuleView: hide capsule
07-31 17:05:24.386  1776  1776 E ndroid.launche: Invalid ID 0x9b000000.
07-31 17:05:24.386  1776  1776 E ndroid.launche: No package ID 9b found for ID 0x9b010100.
07-31 17:05:24.386  1776  1776 E ndroid.launche: No package ID 9b found for ID 0x9b020200.
07-31 17:05:24.386  1776  1776 E ndroid.launche: No package ID 9b found for ID 0x9b030300.
07-31 17:05:24.387  1776  1776 E ndroid.launche: No package ID 9b found for ID 0x9b040400.
07-31 17:05:24.387  1776  1776 E ndroid.launche: No package ID 9b found for ID 0x9b050500.
07-31 17:05:24.387  1776  1776 E ndroid.launche: No package ID 9b found for ID 0x9b060600.
07-31 17:05:24.388  1776  1776 E ndroid.launche: No package ID 9b found for ID 0x9b090900.
07-31 17:05:24.388  1776  1776 E ndroid.launche: No package ID 9b found for ID 0x9b090900.
07-31 17:05:24.388  1776  1776 E ndroid.launche: No package ID 9b found for ID 0x9b080800.
07-31 17:05:24.389  1776  1776 E ndroid.launche: No package ID 9b found for ID 0x9b080800.
07-31 17:05:24.389  1776  1776 E ndroid.launche: No package ID 9b found for ID 0x9b080800.
07-31 17:05:24.389  1776  1776 E ndroid.launche: No package ID 9b found for ID 0x9b070700.
07-31 17:05:24.389  1776  1776 E ndroid.launche: No package ID 9b found for ID 0x9b060600.
