--------- beginning of system
07-31 17:05:21.399  1851  1920 I HwAmbientLuxFilterAlgo: SceneBufferAmbientLux input error,end=30,start=-141,bufferSize=59
--------- beginning of main
07-31 17:05:21.415  1851  4076 I TrafficMonitor: update:rxPkts:122,txPkts:806,rxBytes:8174,txBytes:1059321
07-31 17:05:21.416  1851  4076 I TrafficMonitor: gettimer:interval=2000
07-31 17:05:21.439  1851 15517 I InputMethodUtils: putEnabledInputMethodStr: com.huawei.ohos.inputmethod/com.android.inputmethod.latin.LatinIME:com.huawei.scanner/.previewtextscan.inputmethod.VisionInputMethodService:io.github.ylimit.droidbotapp/.DroidBotIME
07-31 17:05:21.439  1851 15517 I [SPMN]  : insert SECURE -- name = enabled_input_methods, package = android, user = 11, value = com.huawei.ohos.inputmethod/com.android.inputmethod.latin.LatinIME:com.huawei.scanner/.previewtextscan.inputmethod.VisionInputMethodService:io.github.ylimit.droidbotapp/.DroidBotIME
07-31 17:05:21.442  1851  1851 I InputMethodManagerService: enabledInputMethodsStr onchange:com.huawei.ohos.inputmethod/com.android.inputmethod.latin.LatinIME:com.huawei.scanner/.previewtextscan.inputmethod.VisionInputMethodService:io.github.ylimit.droidbotapp/.DroidBotIME
07-31 17:05:21.483  1851  4076 I WifiNl80211Manager: Noise: -91, Snr: 32, Chload: 88, rssi: -62, txBitrate: 229, rxBitrate: 229, frequency: 5745, UlDelay: 0, currentTxBytes: 400958706, currentTxPackets: 4359654, currentTxFailed: 12, currentRxBytes: 191290143, currentRxPackets: 1154618
07-31 17:05:21.496  1851 15517 I [SPMN]  : insert SECURE -- name = selected_input_method_subtype, package = android, user = 11, value = -1
07-31 17:05:21.496  1851 15517 I [SPMN]  : insert SECURE -- name = default_input_method, package = android, user = 11, value = io.github.ylimit.droidbotapp/.DroidBotIME
07-31 17:05:21.497  3015  3015 I CeliaKeyboard_LatinIME: onUnbindInput
07-31 17:05:21.498 15449 15449 I InputMethodManager: Starting input: reason=DEACTIVATED_BY_IMMS
07-31 17:05:21.498 15449 15449 W HwRemoteInputMethodManager: isCasting false because IHwDistributedWindowManager is invalid.
07-31 17:05:21.499  1851  4392 I HwInputMethodManagerService: startInputOrWindowGainedFocus windowToken:android.os.BinderProxy@2aecd88 mInputShown:true
07-31 17:05:21.499  1851  4392 I HwOcrImeController: updateMultiWindow focus window = com.simplemobiletools.gallery.pro/com.simplemobiletools.gallery.pro.activities.MediaActivity mIsInMultiScreen = false
07-31 17:05:21.499  1851  4392 I HwOcrImeController: updateUser userId = 11 mIsOwnerUser = false
07-31 17:05:21.499  1851  4392 I HwOcrImeController: setOcrImeSupportProp mIsOcrImeValid = true mIsHardKeyboardAvailable = false mIsInMultiScreen = false mIsOwnerUser = false
07-31 17:05:21.499  1851  4392 I HwOcrImeController: setOcrImeSupportProp mIsOcrImeValid = true mIsHardKeyboardAvailable = false mIsInMultiScreen = false mIsOwnerUser = false
07-31 17:05:21.499  1851  4392 I SecInputMethodManagerService: ime focus result=0
07-31 17:05:21.499  1851  4392 I SecInputMethodManagerService: Client requesting input be hidden, uid=1000
07-31 17:05:21.499  1851  4392 I SecInputMethodManagerService: hideCurrentInputLocked inputShown:false, imeWindowVis:0
07-31 17:05:21.499  1851  4392 I HwInputMethodManagerService: windowfocus: hide secureIME isNeedWaitShow:false
07-31 17:05:21.499  1851  4392 E SecInputMethodManagerService: InputBindResult is @NonNull. startInputReason=Unknown=10000 windowFlags=#81810100 editorInfo=android.view.inputmethod.EditorInfo@f614634
07-31 17:05:21.499  1851  4392 I InputMethodManagerService: isSecMethodUsing set false
07-31 17:05:21.499  1851  4392 I InputMethodManagerService: switching to client:ClientState{ec05693 uid=1110224 pid=15449 displayId=0} keyguard:false
07-31 17:05:21.499  1851  4392 I InputMethodManagerService: unbindCurrentMethodLocked start: mVisibleBound = true, mHaveConnection = true, mCurMethod = com.android.internal.view.IInputMethod$Stub$Proxy@be529d2
07-31 17:05:21.500  1851  1901 I HwDFRServicesFactory: getZrHungServicesFactory
07-31 17:05:21.501  1851  1901 I ZrHungServicesFactoryImpl: getZRHungService
07-31 17:05:21.502  1851  1895 I HwActivityTaskManagerServiceEx: onChange mDefaultInputMethod: io.github.ylimit.droidbotapp/.DroidBotIME
07-31 17:05:21.502  1851  1901 I DropBoxManagerService: add tag=system_server_wtf isTagEnabled=true flags=0x2
07-31 17:05:21.502  1851  1881 I WindowManager: Deferring rotation, rotation not changed, rotation=0
07-31 17:05:21.503  4588  4837 I AppTypeRecogManager: default method change !
07-31 17:05:21.505  4588  4837 I AppManager: remove dependency: EventID=167 Pkg=com.huawei.ohos.inputmethod Value1=1851 Value2=3015 Value3=service Pid=1851
07-31 17:05:21.505  3015  3015 I CeliaKeyboard_VoiceWordCorrectionBarHelper: words is null or size is < 0
07-31 17:05:21.505  3015  3015 I CeliaKeyboard_VoiceWordCorrectionBarHelper: cacheClickVoiceCorrectionData is null or size zero
07-31 17:05:21.505  3015  3015 I CeliaKeyboard_BaseUiManager: [IRV]->destroy
07-31 17:05:21.505  3015  3015 I CeliaKeyboard_BaseModuleManager: do clear
07-31 17:05:21.506  3015  3015 I CeliaKeyboard_BaseBoardInputModule: [IRV]->onPause
07-31 17:05:21.506  1851  4392 I InputMethodManagerService: Removing window token: android.os.Binder@4dfc1f1 for display: 0
07-31 17:05:21.506  1851  4392 I WindowManager: removeWindowToken: displayid:0 binder:android.os.Binder@4dfc1f1 token:WindowToken{1c331d6 android.os.Binder@4dfc1f1}
07-31 17:05:21.510  1851  1901 I ActivityManager: before write dropbox time 1753952721502 eventType is wtf dataFile is false
07-31 17:05:21.512  3015  3015 W EventBus: Subscriber to unregister was not registered before: class ma.b$a
07-31 17:05:21.512  3015  3015 W EventBus: Subscriber to unregister was not registered before: class ma.b$a
07-31 17:05:21.512  3015  3015 W EventBus: Subscriber to unregister was not registered before: class ma.b$a
07-31 17:05:21.512  3015  3015 W EventBus: Subscriber to unregister was not registered before: class ma.b$a
07-31 17:05:21.513  3015  3015 W EventBus: Subscriber to unregister was not registered before: class ma.b$a
07-31 17:05:21.513  3015  3015 W EventBus: Subscriber to unregister was not registered before: class ma.b$a
07-31 17:05:21.513  3015  3015 W EventBus: Subscriber to unregister was not registered before: class ma.b$a
07-31 17:05:21.513  3015  3015 W EventBus: Subscriber to unregister was not registered before: class ma.b$a
07-31 17:05:21.513  3015  3015 I CeliaKeyboard_BaseModuleManager: do clear
07-31 17:05:21.513  3015  3015 I CeliaKeyboard_BaseModuleManager: do clear
07-31 17:05:21.513  3015  3015 I CeliaKeyboard_EngineManager: onDestroy
07-31 17:05:21.513  3015  4050 I CeliaKeyboard_AbstractBaseEngineTool: unloadSearchScene 0
07-31 17:05:21.514  3015  3015 I CeliaKeyboard_ClipManager: removePrimaryClipChangedListener
07-31 17:05:21.515  3015  3015 I CeliaKeyboard_SettingsDetector: unregisterListener
07-31 17:05:21.515  3015  3015 I CeliaKeyboard_AsyncLayoutLoader: do release, size: 5
07-31 17:05:21.515  3015  4046 I FormalHASDK: HAImpl==> onEvent. tag:keyboard, type:0, eventId:1507
07-31 17:05:21.517  1851  4392 I ActivityTaskManager: Cannot add android into io.github.ylimit.droidbotapp bound list.
07-31 17:05:21.518  1851  1893 I UsageStatsService: Time changed in by -22 seconds
07-31 17:05:21.519  1851  4392 I ActivityTaskManager: Cannot add android into io.github.ylimit.droidbotapp bound list.
07-31 17:05:21.521  1851  4392 I ActivityManager: power push bindservice callingPkg:android, pkg:io.github.ylimit.droidbotapp, callerApp pid:1851, pid:23243
07-31 17:05:21.521  1851  4392 E InputMethodManagerService: bindCurrentInputMethodServiceLocked end: service = Intent { act=android.view.InputMethod cmp=io.github.ylimit.droidbotapp/.DroidBotIME (has extras) }, conn = com.android.server.inputmethod.HwInputMethodManagerService@4b289f, result = true
07-31 17:05:21.521  1851  4392 I InputMethodManagerService: Adding window token: android.os.Binder@ffde2c9 for display: 0
07-31 17:05:21.521  1851  4392 I WindowManager: addWindowToken: displayid:0 binder:android.os.Binder@ffde2c9 token:WindowToken{aa8fdce android.os.Binder@ffde2c9}
07-31 17:05:21.522   907  1282 I Layer   : WindowToken{aa8fdce android.os.Binder@ffde2c9}#13009: created
07-31 17:05:21.523  4588  5225 I PG_ash  : pkg android calling: io.github.ylimit.droidbotapp, pid: 23243 ,type: bindservice
07-31 17:05:21.524 15449 15449 I InputMethodManager: Starting input: Bind resultString=SUCCESS_WAITING_IME_BINDING
07-31 17:05:21.524  3015  3015 I CeliaKeyboard_BaseInputConnector: finishComposingTextExpand
07-31 17:05:21.524 15449 15449 I InputMethodManager: Starting input: reason=ACTIVATED_BY_IMMS
07-31 17:05:21.524  3015  3015 I CeliaKeyboard_BaseInputConnector: finishComposingTextExpand
07-31 17:05:21.525  3015  3015 I HwFreeFormUtils#WindowManager: Add freeform window, but getWindowAttachedActivity is null!
07-31 17:05:21.525 15449 15449 W HwRemoteInputMethodManager: isCasting false because IHwDistributedWindowManager is invalid.
07-31 17:05:21.526  1851  4392 I HwInputMethodManagerService: startInputOrWindowGainedFocus windowToken:android.os.BinderProxy@2aecd88 mInputShown:true
07-31 17:05:21.526  1851  4392 I HwOcrImeController: updateMultiWindow focus window = com.simplemobiletools.gallery.pro/com.simplemobiletools.gallery.pro.activities.MediaActivity mIsInMultiScreen = false
07-31 17:05:21.526  1851  4392 I HwOcrImeController: updateUser userId = 11 mIsOwnerUser = false
07-31 17:05:21.526  1851  4392 I HwOcrImeController: setOcrImeSupportProp mIsOcrImeValid = true mIsHardKeyboardAvailable = false mIsInMultiScreen = false mIsOwnerUser = false
07-31 17:05:21.526  1851  4392 I HwOcrImeController: setOcrImeSupportProp mIsOcrImeValid = true mIsHardKeyboardAvailable = false mIsInMultiScreen = false mIsOwnerUser = false
07-31 17:05:21.526  1851  4392 I SecInputMethodManagerService: ime focus result=0
07-31 17:05:21.526  1851  4392 I SecInputMethodManagerService: Client requesting input be hidden, uid=1000
07-31 17:05:21.526  1851  4392 I SecInputMethodManagerService: hideCurrentInputLocked inputShown:false, imeWindowVis:0
07-31 17:05:21.526  1851  4392 I HwInputMethodManagerService: windowfocus: hide secureIME isNeedWaitShow:false
07-31 17:05:21.527  1851  4392 E SecInputMethodManagerService: InputBindResult is @NonNull. startInputReason=Unknown=10000 windowFlags=#81810100 editorInfo=android.view.inputmethod.EditorInfo@5c6fbe8
07-31 17:05:21.528  1851  4392 I InputMethodManagerService: isSecMethodUsing set false
07-31 17:05:21.528  1851  4392 I InputMethodManagerService: waiting ime binding
07-31 17:05:21.528 15449 15449 I InputMethodManager: Starting input: Bind resultString=SUCCESS_WAITING_IME_BINDING
07-31 17:05:21.528  1851  1901 I HwDFRServicesFactory: getZrHungServicesFactory
07-31 17:05:21.529  1851  1901 I ZrHungServicesFactoryImpl: getZRHungService
07-31 17:05:21.531  1851  1901 I DropBoxManagerService: add tag=system_server_wtf isTagEnabled=true flags=0x2
07-31 17:05:21.533 23243 23243 I DecorView[InputMethod]: pkgName:io.github.ylimit.droidbotapp old windowMode:0 new windoMode:1, isFixedSize:false, isStackNeedCaptionView:true
07-31 17:05:21.535  1851  1901 I ActivityManager: before write dropbox time 1753952721531 eventType is wtf dataFile is false
07-31 17:05:21.536 23243 23243 I AbstractInputMethodService: inputMethodService onBind!
07-31 17:05:21.536  1851  4392 W ActivityManager: Sending non-protected broadcast huawei.action.floattasks.IME_WINDOW_STATE_CHANGED from system 4274:com.android.systemui/u0a73 pkg com.android.systemui
07-31 17:05:21.539  3015  4473 W BufferQueueProducer: [InputMethod#20(BLAST Consumer)20](id:bc700000014,api:0,p:-1,c:3015) disconnect: not connected (req=1)
07-31 17:05:21.539  1851  1851 I InputMethodManagerService: onServiceConnected! name=ComponentInfo{io.github.ylimit.droidbotapp/io.github.ylimit.droidbotapp.DroidBotIME}service=android.os.BinderProxy@3e8d71
07-31 17:05:21.539  3015  4473 W libEGL  : EGLNativeWindowType 0x6f8ce3e010 disconnect failed
07-31 17:05:21.539  1851  1851 I InputMethodManagerService: Initiating attach with token: android.os.Binder@ffde2c9
07-31 17:05:21.539  4274  6354 I KeyguardService: KGSvcCall setKeyguardEnabled. enabled:true
07-31 17:05:21.541  1851  4827 I ClipboardService: callingPackage:com.simplemobiletools.gallery.pro, uid =1110224, isFocusedWindow =true, allowed =true
07-31 17:05:21.541  4588  3792 I KStateManager: send binder call message, called pid:23243, calling pid:[1851]
07-31 17:05:21.541  4588  5225 I PG_ash  : 1851 binder call 23243
07-31 17:05:21.541  4588  5225 I PG_ash  : io.github.ylimit.droidbotapp BinderCallState: true, nextBinderCallTriggeringTime:283761283
07-31 17:05:21.543  1851  4827 I WindowManager: removeIfPossible: Window{2d66cc2 u11 InputMethod} callers=com.android.server.wm.WindowState.removeIfPossible:3430 com.android.server.wm.WindowManagerService.removeWindow:2942 com.android.server.wm.Session.remove:228 android.view.IWindowSession$Stub.onTransact:897 com.android.server.wm.Session.onTransact:179 
07-31 17:05:21.543  1851  4827 W InputManager-JNI: Input channel object '2d66cc2 InputMethod (client)' was disposed without first being removed with the input manager!
07-31 17:05:21.543  4588  5225 I ash_dh  : binder call 23243, delay to H, pkg: io.github.ylimit.droidbotapp
07-31 17:05:21.544  1851  4827 I HwInputMethodManagerService: WMS notifyImeStatus isShown:false
07-31 17:05:21.546  1851  4827 I WindowManager: Removing Window{2d66cc2 u11 InputMethod} from WindowToken{1c331d6 android.os.Binder@4dfc1f1}
07-31 17:05:21.546  1851  4827 I WindowManager: removeWindowToken: displayid:0 binder:android.os.Binder@4dfc1f1 token:null
07-31 17:05:21.548 23243 25340 W System.err: java.net.SocketException: Broken pipe
07-31 17:05:21.548 23243 25340 W System.err: 	at java.net.SocketOutputStream.socketWrite0(Native Method)
07-31 17:05:21.548 23243 25340 W System.err: 	at java.net.SocketOutputStream.socketWrite(SocketOutputStream.java:117)
07-31 17:05:21.548 23243 25340 W System.err: 	at java.net.SocketOutputStream.write(SocketOutputStream.java:149)
07-31 17:05:21.548 23243 25340 W System.err: 	at io.github.privacystreams.utils.PSDebugSocketServer$SocketSendThread.run(PSDebugSocketServer.java:119)
07-31 17:05:21.548 23243 23243 W Settings: Setting device_provisioned has moved from android.provider.Settings.Secure to android.provider.Settings.Global.
07-31 17:05:21.549 23243 23243 I Dialog  : show dialog,width:-1,height:-2
07-31 17:05:21.549 15449 15449 I InsetsController: ViewUI_insets updateState new source: InsetsSource: {mType=ITYPE_STATUS_BAR, mFrame=[0,0][1840,72], mVisible=true}
07-31 17:05:21.550 15449 15449 I InsetsController: ViewUI_insets updateState new source: InsetsSource: {mType=ITYPE_NAVIGATION_BAR, mFrame=[0,0][0,0], mVisible=false}
07-31 17:05:21.550   907   907 I Layer   : [*#13008] reparent null
07-31 17:05:21.551 15449 15449 I DecorView: updateColorViewInt type:0 size: 72 color:fffcfcff appColor:fffcfcff
07-31 17:05:21.552  4274  4274 I NotifSectionsManager: updateFirstAndLastViewsForAllSections, changed:false
07-31 17:05:21.553 23243 23243 E HwVideoDetectManager: metaData is null, return false.
07-31 17:05:21.553   907   907 I Layer   : InputMethod#13008: destroyed
07-31 17:05:21.554  3015  3015 I CeliaKeyboard_LatinIME: onDestroy
07-31 17:05:21.555  3015  3015 I WindowManager: trimMemory level: 20
07-31 17:05:21.557 12549 12549 W kworker/u24:1: type=1400 audit(0.0:121012): avc: granted { setsched } for scontext=u:r:kernel:s0 tcontext=u:r:untrusted_app:s0:c224,c256,c523,c768 tclass=process
07-31 17:05:21.564 23243 23243 I DecorView[InputMethod]: pkgName:io.github.ylimit.droidbotapp old windowMode:1 new windoMode:1, isFixedSize:false, isStackNeedCaptionView:true
07-31 17:05:21.564  1851  4392 I HwActivityManagerServiceEx: provider is prevented for not-prevent
07-31 17:05:21.564  1851  4392 I ContentProviderHelper: Successfully start provider ContentProviderRecord{3db123b u11 com.android.providers.media.module/com.android.providers.media.MediaProvider} launchingApp=null caller pid= 15449
07-31 17:05:21.566   907  1282 I Layer   : 1241673 InputMethod#13010: created
07-31 17:05:21.566   907  1282 I Layer   : Surface(name=1241673 InputMethod)/@0xbf079a9 - animation-leash of insets_animation#13011: created
07-31 17:05:21.567   907   907 I Layer   : [*#13006] reparent null
07-31 17:05:21.567   907   907 I Layer   : [*#13007] reparent null
07-31 17:05:21.567   907   907 I Layer   : [*#13005] reparent null
07-31 17:05:21.567  1851  4827 I WindowManager: addWindow: Window{1241673 u11 InputMethod} currentDisplayId:0 requestDisplayId:0 token:android.os.Binder@ffde2c9 appearance:8 fl_fullscreen=false vsysui_fullscreen=false
07-31 17:05:21.568   907   907 I Layer   : WindowToken{1c331d6 android.os.Binder@4dfc1f1}#13005: destroyed
07-31 17:05:21.568   907   907 I Layer   : 2d66cc2 InputMethod#13006: destroyed
07-31 17:05:21.568 23243 23243 I InsetsController: ViewUI_insets updateState new source: InsetsSource: {mType=ITYPE_STATUS_BAR, mFrame=[0,0][1840,72], mVisible=true}
07-31 17:05:21.568 23243 23243 I InsetsController: ViewUI_insets updateState new source: InsetsSource: {mType=ITYPE_NAVIGATION_BAR, mFrame=[0,2800][1840,2882], mVisible=false}
07-31 17:05:21.572 15449 15449 I InsetsController: ViewUI_insets updateState new source: InsetsSource: {mType=ITYPE_STATUS_BAR, mFrame=[0,0][1840,72], mVisible=true}
07-31 17:05:21.572 15449 15449 I InsetsController: ViewUI_insets updateState new source: InsetsSource: {mType=ITYPE_NAVIGATION_BAR, mFrame=[0,0][0,0], mVisible=false}
07-31 17:05:21.573  1851  4827 I HwOcrImeController: updateMultiWindow focus window = com.simplemobiletools.gallery.pro/com.simplemobiletools.gallery.pro.activities.MediaActivity mIsInMultiScreen = false
07-31 17:05:21.573  1851  4827 I HwOcrImeController: updateUser userId = 11 mIsOwnerUser = false
07-31 17:05:21.573  1851  4827 I HwOcrImeController: setOcrImeSupportProp mIsOcrImeValid = true mIsHardKeyboardAvailable = false mIsInMultiScreen = false mIsOwnerUser = false
07-31 17:05:21.573  1851  4827 I HwOcrImeController: setOcrImeSupportProp mIsOcrImeValid = true mIsHardKeyboardAvailable = false mIsInMultiScreen = false mIsOwnerUser = false
07-31 17:05:21.579 15449 15449 I InsetsController: ViewUI_insets updateState new source: InsetsSource: {mType=ITYPE_STATUS_BAR, mFrame=[0,0][1840,72], mVisible=true}
07-31 17:05:21.579 15449 15449 I InsetsController: ViewUI_insets updateState new source: InsetsSource: {mType=ITYPE_NAVIGATION_BAR, mFrame=[0,0][0,0], mVisible=false}
07-31 17:05:21.581 23243 23243 I HwSoraManager: SORA is disabled for InputMethod
07-31 17:05:21.585   907   907 I Layer   : Surface(name=2d66cc2 InputMethod)/@0x1ff6610 - animation-leash of insets_animation#13007: destroyed
07-31 17:05:21.585  1851  4769 I InputMethodManagerService: Attach new input asks to show input
07-31 17:05:21.585  1851  4769 I InputMethodManagerService: showCurrentInputLocked: mCurToken=android.os.Binder@ffde2c9
07-31 17:05:21.585 23243 25344 I HiTouch_HiTouchSensor: HiTouch restricted: Sub windows restricted.
07-31 17:05:21.587  1851  4769 I ActivityTaskManager: Cannot add android into io.github.ylimit.droidbotapp bound list.
07-31 17:05:21.588 23243 23243 I InsetsController: ViewUI_insets updateState new source: InsetsSource: {mType=ITYPE_STATUS_BAR, mFrame=[0,0][1840,72], mVisible=true}
07-31 17:05:21.588 23243 23243 I InsetsController: ViewUI_insets updateState new source: InsetsSource: {mType=ITYPE_NAVIGATION_BAR, mFrame=[0,2800][1840,2882], mVisible=true}
07-31 17:05:21.592  1851  4769 I ActivityManager: power push bindservice callingPkg:android, pkg:io.github.ylimit.droidbotapp, callerApp pid:1851, pid:23243
07-31 17:05:21.593  1851  4769 E InputMethodManagerService: bindCurrentInputMethodServiceLocked end: service = Intent { act=android.view.InputMethod cmp=io.github.ylimit.droidbotapp/.DroidBotIME (has extras) }, conn = com.android.server.inputmethod.InputMethodManagerService$2@75d7b36, result = true
07-31 17:05:21.593  4588  4837 I AppManager: dependence has been existed:1851 -> 23243
07-31 17:05:21.593 15449 15449 I InputMethodManager: Starting input: reason=BOUND_TO_IMMS
07-31 17:05:21.594 15449 15449 I InputMethodManager: Starting input: finished by someone else. servedView=androidx.appcompat.widget.l{760c2d6 VFED..CL. .F...... 90,0-1164,108 #7f090543 app:id/top_toolbar_search aid=1073741824},focus=true,windowFocus=true,autofillUiShowing=false,window=android.view.ViewRootImpl$W@b3a79a8,displayId=0,temporaryDetach=false,hasImeFocus=true mServedConnecting=false
07-31 17:05:21.599  1851  4827 I ClipboardService: callingPackage:com.simplemobiletools.gallery.pro, uid =1110224, isFocusedWindow =true, allowed =true
07-31 17:05:21.609 12549 12549 W kworker/u24:1: type=1400 audit(0.0:121013): avc: granted { setsched } for scontext=u:r:kernel:s0 tcontext=u:r:untrusted_app_27:s0:c523,c768 tclass=process
07-31 17:05:21.617  1851 15517 I ClipboardService: callingPackage:com.simplemobiletools.gallery.pro, uid =1110224, isFocusedWindow =true, allowed =true
07-31 17:05:21.629 12549 12549 W kworker/u24:1: type=1400 audit(0.0:121014): avc: granted { setsched } for scontext=u:r:kernel:s0 tcontext=u:r:untrusted_app_27:s0:c523,c768 tclass=process
07-31 17:05:21.635  1851 15517 I ClipboardService: callingPackage:com.simplemobiletools.gallery.pro, uid =1110224, isFocusedWindow =true, allowed =true
07-31 17:05:21.649 12549 12549 W kworker/u24:1: type=1400 audit(0.0:121015): avc: granted { setsched } for scontext=u:r:kernel:s0 tcontext=u:r:untrusted_app_27:s0:c523,c768 tclass=process
07-31 17:05:21.655  1851  4827 I ClipboardService: callingPackage:com.simplemobiletools.gallery.pro, uid =1110224, isFocusedWindow =true, allowed =true
07-31 17:05:21.665 12549 12549 W kworker/u24:1: type=1400 audit(0.0:121016): avc: granted { setsched } for scontext=u:r:kernel:s0 tcontext=u:r:untrusted_app_27:s0:c523,c768 tclass=process
07-31 17:05:21.671  1851 15517 I ClipboardService: callingPackage:com.simplemobiletools.gallery.pro, uid =1110224, isFocusedWindow =true, allowed =true
07-31 17:05:21.672  1851 15517 I Binder  : dump {serviceName:BinderService, formatArgs:, callChain:/apex/com.android.adbd/bin/adbd->dumpsys}
07-31 17:05:21.688 23243 23243 I InputMethod: showSoftInput()
07-31 17:05:21.690 23243 23243 I HwFreeFormUtils#WindowManager: Add freeform window, but getWindowAttachedActivity is null!
07-31 17:05:21.692 23243 23243 I InputMethodService: showWindow: draw decorView!
07-31 17:05:21.693  1851  4827 I InputMethodManagerService: setImeWindowStatus imeWindowVis 3
07-31 17:05:21.695  1851  4827 I HwInputMethodManagerServiceEx: NaviBar defValue = 1
07-31 17:05:21.695  1851  4827 I HwInputMethodManagerServiceEx: --- show navigation bar status: isEnableNavBar = true ,isGestureNavigation = true
07-31 17:05:21.696  1851  4827 I NotificationService: enqueueNotificationInternal: pkg=android id=8 notification=Notification(channel=VIRTUAL_KEYBOARD shortcut=null contentView=null vibrate=null sound=null defaults=0x0 flags=0x2 color=0x00000000 category=sys groupKey=ranker_group8 capsuleEnableStatus=-1 vis=PRIVATE), enqueue time: 1695778839
07-31 17:05:21.696  1851  4392 W ActivityManager: Sending non-protected broadcast huawei.action.floattasks.IME_WINDOW_STATE_CHANGED from system 4274:com.android.systemui/u0a73 pkg com.android.systemui
07-31 17:05:21.696  1851  4827 W HwNotificationManagerServiceEx: isBanNotification control information formats is invalid !
07-31 17:05:21.697  1851  4827 E SEAPP_C_SeAppPolicyManagerImpl: getPolicyType: ResponseParcel{code=400, message='cannot find seapp policy for policyName=unobtrusive-notification', result={}}
07-31 17:05:21.700  1851  4827 E SEAPP_C_SeAppPolicyManagerImpl: getStrategy: ResponseParcel{code=400, message='cannot find package strategy for policyName=weird-custom-notification, packageName=android', result={}}
07-31 17:05:21.701  1851  4827 I HwNotificationService: notification data size : 2092
07-31 17:05:21.701  1851  4827 I NotificationService: enqueueNotificationInternal Channel Info : pkg=android id=8 importance =2, channelType=1, notification=Notification(channel=VIRTUAL_KEYBOARD shortcut=null contentView=null vibrate=null sound=null defaults=0x0 flags=0x2 color=0x00000000 category=sys groupKey=ranker_group8 capsuleEnableStatus=-1 vis=PRIVATE)
07-31 17:05:21.701  1851  4827 I HwNotificationService: shouldBlockByMediaController : pkgName =android,isCustomNotification =false,isMediaNotification =false
07-31 17:05:21.702   907  6386 I Layer   : InputMethod#13012: created
07-31 17:05:21.703  1851  4827 I InputMethodManagerService: set DismissImeOnBackKeyPressed to true
07-31 17:05:21.703  1851  1851 I NotificationService: EnqueueNotificationRunnable.run for: -1|android|8|null|1000
07-31 17:05:21.705  1851  1851 I HwNotificationDecisionCenter: getRemindDevice, isPhoneUsing=true, isHeadphoneAvailbale=false, isWatchAvailable=false, decision result=phone,record key=-1|android|8|null|1000
07-31 17:05:21.705  1851  4769 I HwInputMethodManagerService: isFlagExists  value = true, userId = 11
07-31 17:05:21.705 15449 15449 I InsetsController: ViewUI_insets updateState new source: InsetsSource: {mType=ITYPE_STATUS_BAR, mFrame=[0,0][1840,72], mVisible=true}
07-31 17:05:21.705 15449 15449 I InsetsController: ViewUI_insets updateState new source: InsetsSource: {mType=ITYPE_NAVIGATION_BAR, mFrame=[0,0][0,0], mVisible=false}
07-31 17:05:21.706  1851  4392 I WindowManager: reportResized : win = Window{1241673 u11 InputMethod} drawState = DRAW_PENDING
07-31 17:05:21.706  1851  1851 I HwNotificationService: sbn is from push: false
07-31 17:05:21.710  1851  1851 I HwNotificationService: specialType is: ,topFullscreen is:false,isRequestSingleLine :false,HWMULTIWIN_ENABLED is:true
07-31 17:05:21.711 23243 23243 I DecorView[InputMethod]: pkgName:io.github.ylimit.droidbotapp old windowMode:1 new windoMode:1, isFixedSize:false, isStackNeedCaptionView:true
07-31 17:05:21.711  1851  1851 I NotificationListeners: enter notifyPostedLocked!!!
07-31 17:05:21.711 23243 23416 E OpenGLRenderer: Unable to match the desired swap behavior.
07-31 17:05:21.712  1851  1851 I SWAP_Scene: Entering notifySceneData notifySceneData. EventType:NOTIFICATION_RECEIVED pkg:android uid:1000 pid:8 proc: activity:null
07-31 17:05:21.713 23243 23243 I InsetsController: ViewUI_insets updateState new source: InsetsSource: {mType=ITYPE_STATUS_BAR, mFrame=[0,0][1840,72], mVisible=true}
07-31 17:05:21.713 23243 23243 I InsetsController: ViewUI_insets updateState new source: InsetsSource: {mType=ITYPE_NAVIGATION_BAR, mFrame=[0,2800][1840,2882], mVisible=true}
07-31 17:05:21.713  1851  1851 W NotificationHistory: Attempted to add notif for locked/gone/disabled user 0
07-31 17:05:21.713  1851  4769 I HwInputMethodManagerService: isFlagExists  value = true, userId = 11
07-31 17:05:21.714  1851  4769 W InputMethodManagerService: buildInputMethodListLocked: Skipping IME com.huawei.secime
07-31 17:05:21.714  1851  4769 I HwInputMethodManagerService: isFlagExists  value = true, userId = 11
07-31 17:05:21.714  1851  4769 I HwInputMethodManagerService: isFlagExists  value = true, userId = 11
07-31 17:05:21.714  1851  4827 I InputMethodManagerService: showImePostLayout token = android.os.BinderProxy@2aecd88
07-31 17:05:21.716 15449 15449 I InsetsController: ViewUI_insets updateState new source: InsetsSource: {mType=ITYPE_STATUS_BAR, mFrame=[0,0][1840,72], mVisible=true}
07-31 17:05:21.716 15449 15449 I InsetsController: ViewUI_insets updateState new source: InsetsSource: {mType=ITYPE_NAVIGATION_BAR, mFrame=[0,0][0,0], mVisible=false}
07-31 17:05:21.716  1350  1365 W AwareLog: iawared: ChangePropertyContent open /proc/23243/task/25361/static_vip fail errno(2)!
07-31 17:05:21.717  4588  5225 I PG_ash  : input default pkg: [io.github.ylimit.droidbotapp, com.huawei.secime]
07-31 17:05:21.717  4588  5225 I PG_ash  : io.github.ylimit.droidbotapp request for scron_front, D to R!
07-31 17:05:21.717  4588  5225 I ash_trans: io.github.ylimit.droidbotapp { doze duration=34733 Uptime=34733 } transition to: running reason:scron_front
07-31 17:05:21.717  4588  5225 I PG_ash  : clear_nap unP_GPS : io.github.ylimit.droidbotapp
07-31 17:05:21.717  4588  5225 I PG_ash  : clear_nap unproxy job : io.github.ylimit.droidbotapp
07-31 17:05:21.717  1851  4392 I PGManagerService: unproxy gps io.github.ylimit.droidbotapp 10242 success
07-31 17:05:21.718  4741  4924 I OllieMsgCenter: publishEvt=2135097353
07-31 17:05:21.719  1851  4392 I PGManagerService: unproxy gps io.github.ylimit.droidbotapp 1110242 success
07-31 17:05:21.719  4588  5497 I RtThreadDmePlugin: addRtThreadRecord: mRtThreadRecordList size is :1
07-31 17:05:21.719  1851  4392 I PGManagerService: proxyJob, sub type:1, list: [io.github.ylimit.droidbotapp]
07-31 17:05:21.719  4588  5225 I PG_ash  : unP_gps io.github.ylimit.droidbotapp OK !
07-31 17:05:21.719  4588  5225 I PG_ash  : unP_job io.github.ylimit.droidbotapp OK !
07-31 17:05:21.719  4588  5225 I PG_ash  : perform running actions!
07-31 17:05:21.719  4588  5225 I PG_ash  : running package: io.github.ylimit.droidbotapp, visible: false
07-31 17:05:21.719  4588  5497 E AwareLog: RtThreadDmePlugin: RtThreadDmePlugin NRTC_RT_THREAD_SET_EVENT_ID
07-31 17:05:21.719  4588  5451 I PGServer: report state:10005 event type:1 pid:0 uid:0 pkg:null to pid: 4588
07-31 17:05:21.719  4588  5451 W ApsPgPlug: APS: APK: onStateChanged pkg is null!
07-31 17:05:21.720 15449 15449 I DecorView: updateColorViewInt type:0 size: 72 color:fffcfcff appColor:fffcfcff
07-31 17:05:21.725  1851  9973 I ClipboardService: callingPackage:com.simplemobiletools.gallery.pro, uid =1110224, isFocusedWindow =true, allowed =true
07-31 17:05:21.726  1851  4827 I WindowManager: showIme target: Window{63d2321 u11 com.simplemobiletools.gallery.pro/com.simplemobiletools.gallery.pro.activities.MediaActivity} token: android.os.BinderProxy@2aecd88
07-31 17:05:21.726  1851  4827 I ImeInsetsSourceProvider: wm_insets Schedule IME show for 63d2321 com.simplemobiletools.gallery.pro/com.simplemobiletools.gallery.pro.activities.MediaActivity
07-31 17:05:21.728  1851  1884 I ImeInsetsSourceProvider: wm_insets dcTarget: 63d2321 com.simplemobiletools.gallery.pro/com.simplemobiletools.gallery.pro.activities.MediaActivity mImeRequester: 63d2321 com.simplemobiletools.gallery.pro/com.simplemobiletools.gallery.pro.activities.MediaActivity
07-31 17:05:21.730  4588  5497 I RtThreadDmePlugin: removeRtThreadRecord: mRtThreadRecordList size is :0
07-31 17:05:21.730  4274  4274 I NotificationListener: onNotificationPosted: StatusBarNotification(pkg=android user=UserHandle{-1} id=8 tag=null key=-1|android|8|null|1000 groupKey=-1|android|g:ranker_group8 overrideGroupKey=null: Notification(channel=VIRTUAL_KEYBOARD shortcut=null contentView=null vibrate=null sound=null defaults=0x0 flags=0x2 color=0x00000000 category=sys groupKey=ranker_group8 capsuleEnableStatus=-1 vis=PRIVATE)) important=2, post=1753952721701, when=0,showWhen=true, vis=0, userid=-1, hasFullScreenIntent=false,style=null, liveType: 0, channelType: 1, isUseSmallIcon: true, isFSWithoutSmallIcon:false
07-31 17:05:21.731  1851  1884 I HwInputMethodManagerService: WMS notifyImeStatus isShown:true
07-31 17:05:21.731  1851  1884 I WindowManager: inputmethod window show finished
07-31 17:05:21.731  1851  1884 I ImeInsetsSourceProvider: wm_insets dcTarget: 63d2321 com.simplemobiletools.gallery.pro/com.simplemobiletools.gallery.pro.activities.MediaActivity mImeRequester: 63d2321 com.simplemobiletools.gallery.pro/com.simplemobiletools.gallery.pro.activities.MediaActivity
07-31 17:05:21.731  1851  1884 I ImeInsetsSourceProvider: wm_insets Run showImeRunner
07-31 17:05:21.731  1851  1884 I ImeInsetsSourceProvider: wm_insets dcTarget: 63d2321 com.simplemobiletools.gallery.pro/com.simplemobiletools.gallery.pro.activities.MediaActivity mImeRequester: 63d2321 com.simplemobiletools.gallery.pro/com.simplemobiletools.gallery.pro.activities.MediaActivity
07-31 17:05:21.731  1851  1884 I ImeInsetsSourceProvider: wm_insets call showInsets(ime) on 63d2321 com.simplemobiletools.gallery.pro/com.simplemobiletools.gallery.pro.activities.MediaActivity
07-31 17:05:21.731  1851  1884 I ImeInsetsSourceProvider: wm_insets abortShowImePostLayout
07-31 17:05:21.731  4588  5497 E AwareLog: RtThreadDmePlugin: RtThreadDmePlugin NRTC_RT_THREAD_RESET_EVENT_ID
07-31 17:05:21.733  1851  4827 I InputMethodManagerService: setImeWindowStatus imeWindowVis 3
07-31 17:05:21.734   907   907 I Layer   : setFlags: InputMethod#13012 show
07-31 17:05:21.737  1851  4827 I HwInputMethodManagerServiceEx: NaviBar defValue = 1
07-31 17:05:21.738  1851  4827 I HwInputMethodManagerServiceEx: --- show navigation bar status: isEnableNavBar = true ,isGestureNavigation = true
07-31 17:05:21.738  1851  4827 I NotificationService: enqueueNotificationInternal: pkg=android id=8 notification=Notification(channel=VIRTUAL_KEYBOARD shortcut=null contentView=null vibrate=null sound=null defaults=0x0 flags=0x2 color=0x00000000 category=sys groupKey=ranker_group8 capsuleEnableStatus=-1 vis=PRIVATE), enqueue time: 1695778881
07-31 17:05:21.739  1851  4827 W HwNotificationManagerServiceEx: isBanNotification control information formats is invalid !
07-31 17:05:21.739  1851  7208 I ClipboardService: callingPackage:com.simplemobiletools.gallery.pro, uid =1110224, isFocusedWindow =true, allowed =true
07-31 17:05:21.739  4274  4274 I NotificationClickHandler: onPendingEntryAdded , key = -1|android|8|null|1000, hasFullScreenIntent = false
07-31 17:05:21.740  1851  4827 E SEAPP_C_SeAppPolicyManagerImpl: getPolicyType: ResponseParcel{code=400, message='cannot find seapp policy for policyName=unobtrusive-notification', result={}}
07-31 17:05:21.741  1851  4827 E SEAPP_C_SeAppPolicyManagerImpl: getStrategy: ResponseParcel{code=400, message='cannot find package strategy for policyName=weird-custom-notification, packageName=android', result={}}
07-31 17:05:21.741  1851  4827 I HwNotificationService: notification data size : 2092
07-31 17:05:21.742  1851  4827 I NotificationService: enqueueNotificationInternal Channel Info : pkg=android id=8 importance =2, channelType=1, notification=Notification(channel=VIRTUAL_KEYBOARD shortcut=null contentView=null vibrate=null sound=null defaults=0x0 flags=0x2 color=0x00000000 category=sys groupKey=ranker_group8 capsuleEnableStatus=-1 vis=PRIVATE)
07-31 17:05:21.742  1851  4827 I HwNotificationService: shouldBlockByMediaController : pkgName =android,isCustomNotification =false,isMediaNotification =false
07-31 17:05:21.743  1851  4827 I InputMethodManagerService: set DismissImeOnBackKeyPressed to true
07-31 17:05:21.743  1851  1851 I NotificationService: EnqueueNotificationRunnable.run for: -1|android|8|null|1000
07-31 17:05:21.744  1851  1851 I HwNotificationDecisionCenter: getRemindDevice, isPhoneUsing=true, isHeadphoneAvailbale=false, isWatchAvailable=false, decision result=phone,record key=-1|android|8|null|1000
07-31 17:05:21.745  1851  1851 I HwNotificationService: sbn is from push: false
07-31 17:05:21.746  1851  7208 I ClipboardService: callingPackage:com.simplemobiletools.gallery.pro, uid =1110224, isFocusedWindow =true, allowed =true
07-31 17:05:21.746  1851  1851 I HwNotificationService: specialType is: ,topFullscreen is:false,isRequestSingleLine :false,HWMULTIWIN_ENABLED is:true
07-31 17:05:21.746  1851  1851 I NotificationListeners: enter notifyPostedLocked!!!
07-31 17:05:21.748  4274  4274 I NotificationListener: onNotificationPosted: StatusBarNotification(pkg=android user=UserHandle{-1} id=8 tag=null key=-1|android|8|null|1000 groupKey=-1|android|g:ranker_group8 overrideGroupKey=null: Notification(channel=VIRTUAL_KEYBOARD shortcut=null contentView=null vibrate=null sound=null defaults=0x0 flags=0x2 color=0x00000000 category=sys groupKey=ranker_group8 capsuleEnableStatus=-1 vis=PRIVATE)) important=2, post=1753952721742, when=0,showWhen=true, vis=0, userid=-1, hasFullScreenIntent=false,style=null, liveType: 0, channelType: 1, isUseSmallIcon: true, isFSWithoutSmallIcon:false
07-31 17:05:21.749  4274  4274 E NotificationContentView: updateSingleLinePinnedState: new=false;old=false, entry:-1|android|8|null|1000
07-31 17:05:21.749  1851  1920 I HwAmbientLuxFilterAlgo: SceneBufferAmbientLux input error,end=30,start=-141,bufferSize=59
07-31 17:05:21.749  4274  4274 I NotifContentInflater: cancelContentViewFrees, key : -1|android|8|null|1000, contentViews : 3
07-31 17:05:21.749  4274  6340 I HwNotificationEntry: loadLargeIcon: true
07-31 17:05:21.749  4274  6340 W HwNotificationEntry: setCustomBackground bitBackgroundImage is null.
07-31 17:05:21.750  4274  6340 I HwNotificationEntry: load small icon as appIcon, key:-1|android|8|null|1000
07-31 17:05:21.757  4274  6340 I Bitmap  : source bitmap colorspace: sRGB IEC61966-2.1
07-31 17:05:21.758  4274  4274 I NotificationClickHandler: onPendingEntryAdded , key = -1|android|8|null|1000, hasFullScreenIntent = false
07-31 17:05:21.760  1851  4827 I ClipboardService: callingPackage:com.simplemobiletools.gallery.pro, uid =1110224, isFocusedWindow =true, allowed =true
07-31 17:05:21.760  4274  4274 E NotificationContentView: updateSingleLinePinnedState: new=false;old=false, entry:-1|android|8|null|1000
07-31 17:05:21.760  4274  4274 I NotifContentInflater: cancelContentViewFrees, key : -1|android|8|null|1000, contentViews : 3
07-31 17:05:21.761  4274  6340 I Bitmap  : source bitmap colorspace: sRGB IEC61966-2.1
07-31 17:05:21.762  4274  6340 I HwNotificationEntry: loadAodIcon source:appIcon, key:-1|android|8|null|1000
07-31 17:05:21.762  4274  6340 I HwNotificationEntry: loadLargeIcon: true
07-31 17:05:21.762  4274  6340 W HwNotificationEntry: setCustomBackground bitBackgroundImage is null.
07-31 17:05:21.762  4274  6340 I HwNotificationEntry: load small icon as appIcon, key:-1|android|8|null|1000
07-31 17:05:21.767  1851  4827 I Binder  : dump {serviceName:InputManagerServiceBridge, formatArgs:, callChain:/apex/com.android.adbd/bin/adbd->dumpsys}
07-31 17:05:21.770  4274  6340 I Bitmap  : source bitmap colorspace: sRGB IEC61966-2.1
07-31 17:05:21.770  1851  9973 I ClipboardService: callingPackage:com.simplemobiletools.gallery.pro, uid =1110224, isFocusedWindow =true, allowed =true
07-31 17:05:21.774  4274  6340 I Bitmap  : source bitmap colorspace: sRGB IEC61966-2.1
07-31 17:05:21.774  4274  6340 I HwNotificationEntry: loadAodIcon source:appIcon, key:-1|android|8|null|1000
07-31 17:05:21.775  4274  4274 I HwNotificationActionList: refreshActionType: 0
07-31 17:05:21.779  4274  4274 W HwActivetableNotificationViewImpl: isHeadsup=false, headsupAndPanelshrink=false, -1|android|8|null|1000, false
07-31 17:05:21.779  4274  4274 W HwActivetableNotificationViewImpl: not BLUR_FEATURE_ENABLED isScreenShotBlur: false
07-31 17:05:21.779  1851  9973 I ClipboardService: callingPackage:com.simplemobiletools.gallery.pro, uid =1110224, isFocusedWindow =true, allowed =true
07-31 17:05:21.780  4274  4274 I HwNotificationContentInflater: startInflateViews entry inflate finish: -1|android|8|null|1000, 3, false
07-31 17:05:21.780  4274  4274 I NotificationEntryMgr: getBucketForEntry :packageName:androidtype:1
07-31 17:05:21.781  1851  4827 I ClipboardService: callingPackage:com.simplemobiletools.gallery.pro, uid =1110224, isFocusedWindow =true, allowed =true
07-31 17:05:21.782  4274  4274 I ScrollLayout2: addContainerView 
07-31 17:05:21.786  1851  9973 I ClipboardService: callingPackage:com.simplemobiletools.gallery.pro, uid =1110224, isFocusedWindow =true, allowed =true
07-31 17:05:21.787  4274  4274 I NotifSectionsManager: updateFirstAndLastViewsForAllSections, changed:true
07-31 17:05:21.790  4274  4274 W HwActivetableNotificationViewImpl: isHeadsup=false, headsupAndPanelshrink=false, -1|android|8|null|1000, false
07-31 17:05:21.790  4274  4274 W HwActivetableNotificationViewImpl: not BLUR_FEATURE_ENABLED isScreenShotBlur: false
07-31 17:05:21.790  4274  4274 I HwNotificationContentInflater: startInflateViews entry inflate finish: -1|android|8|null|1000, 3, false
07-31 17:05:21.794  1851  4827 I ClipboardService: callingPackage:com.simplemobiletools.gallery.pro, uid =1110224, isFocusedWindow =true, allowed =true
07-31 17:05:21.800  4274  4289 W System  : A resource failed to call release. 
07-31 17:05:21.802  4274  4274 I NotifSectionsManager: updateFirstAndLastViewsForAllSections, changed:false
07-31 17:05:21.817   907   907 I Layer   : Task=1100096#12959: destroyed
07-31 17:05:21.845  1851  4827 I HwPhoneWindowManager: innerInterceptKeyBeforeQueueing keycode:82,action:0,isIntercept:false
07-31 17:05:21.845  1851  4827 I HwPhoneWindowManager: intercept Key : 82, isdown : true, flags : 0
07-31 17:05:21.845  1851  4827 I HwPhoneWindowManager: enter wakeupNoteEditor
07-31 17:05:21.845  1851  4827 E EasyWakeUpManager: enter wakeUpDoing !
07-31 17:05:21.845  1851  4827 I EasyWakeUpManager: keycode: 82 minKeyCode: 131 maxKeyCode: 131
07-31 17:05:21.845  1851  4827 I KeyCombinationManager: Key 82 is not an interested key.
07-31 17:05:21.845  1851  4827 I PhoneWindowManager: interceptKeyBeforeQueueing: key 82 , result : 1
07-31 17:05:21.847  1851  2134 I HwPhoneWindowManager: interceptKeyTi keyCode=82 isActionDown=true repeatCount=0 isInjected=true
07-31 17:05:21.848  1851  2134 I PhoneWindowManager: interceptKeyTi keyCode=82 down=true repeatCount=0 keyguardOn=false canceled=false
07-31 17:05:21.849  1315 26201 I AGPService: Bn-> set touch event - 1
07-31 17:05:21.849  1315 26201 I AGPService: AppDynamicFps: change lcd freq to 90 - touch id is 1
07-31 17:05:21.849  1315  1353 I AGPService: FrameRateManager:[CheckAnimationTimeOut] timeout animation check Before 0, After 0
07-31 17:05:21.849  1315  1353 I AGPService: FrameRateManager:[HandleFrameRateRefresh] currPkgName: com.simplemobiletools.gallery.pro, strategyCode 6090: dynamicCode 1, isFactor 0, min 60, max 90, down 90, idle 60
07-31 17:05:21.849  1315  1353 I AGPService: FrameRateManager:[JudgeFinalLcdFps] sceneinfo(60, 2, 2, 0);touchinfo(1, 0, 0, 90);isFHF 0 animFps -1 sfFps 45 damageFps -1 pkg  isSurface 1
07-31 17:05:21.849  1315  1353 I AGPService: FrameRateManager:[JudgeFinalLcdFps] Finish judging and final lcd fps: 60
07-31 17:05:21.849  1315  1353 I AGPService: FrameRateManager:[DecideAndSendRefreshRate] displayEngineLimitFps -1, sf: 45, overHeatLcdFps -1, final refresh rate 60
07-31 17:05:21.850  1851  9973 I InputManager: registerInputDevicesChangedListener android.hardware.input.IInputDevicesChangedListener$Stub$Proxy@e9f5524 from pid:15449
07-31 17:05:21.851  1315  1353 I AGPService: display get fps - current_fps:60;default_fps:120;support_fps_list:120,45,48,60,72,90,144;product_panel_num:1;current_panel_id:0;panel_id:0;panel_type:LTPO2;support_fps:120,45,48,60,72,90,144
07-31 17:05:21.851  1315  1360 I AGPService: FrameRateManager:[SetActiveConfigByFps] reset Pkg isSurface, AnimFps -1, fps to sf 60
07-31 17:05:21.851   907  6386 I SurfaceFlinger: changeRefreshRate: new mode 3, fps 60, active display 0
07-31 17:05:21.851   907  6386 I DisplayDevice: setDesiredActiveMode: already at the desired mode 3
07-31 17:05:21.851  1315  1360 I AGPService: FrameRateManager: set active config - fps 60 pkgName  isSurface 1
07-31 17:05:21.851  1315  1360 I AGPService: FrameRefreshThread: [CheckRefreshRateSuccess]: fps 60
07-31 17:05:21.852   852   852 E HW_DISPLAY_TEST: ltpo_set_fps: open file /sys/class/graphics/fb0/lcd_fps_cmd fail
07-31 17:05:21.852   852   852 E vendor.huawei.hardware.hwdisplay@1.1-service: call display_set_brightness failed: -1
07-31 17:05:21.852  1315  1360 E AGPService: DisplayFreqClient: displaySetFps error, freqIndex: 3, ret: -2
07-31 17:05:21.852  1315  1360 I AGPService: display get fps - current_fps:60;default_fps:120;support_fps_list:120,45,48,60,72,90,144;product_panel_num:1;current_panel_id:0;panel_id:0;panel_type:LTPO2;support_fps:120,45,48,60,72,90,144
07-31 17:05:21.852  1315  1360 I AGPService: FrameRefreshThread: set refreshrate finished, tryRefreshCount = 0, lcdFps = 60
07-31 17:05:21.853  1851  4827 I HwPhoneWindowManager: innerInterceptKeyBeforeQueueing keycode:82,action:1,isIntercept:false
07-31 17:05:21.853  1851  4827 I HwPhoneWindowManager: intercept Key : 82, isdown : false, flags : 0
07-31 17:05:21.853  1851  4827 I HwPhoneWindowManager: enter wakeupNoteEditor
07-31 17:05:21.853  1315  1360 E ITouchService: itouch OneFrameDetect instance is nullptr or oneFrameSwitch is not change
07-31 17:05:21.853  1851  4827 E EasyWakeUpManager: enter wakeUpDoing !
07-31 17:05:21.853  1851  4827 I EasyWakeUpManager: keycode: 82 minKeyCode: 131 maxKeyCode: 131
07-31 17:05:21.853  1851  4827 I PhoneWindowManager: interceptKeyBeforeQueueing: key 82 , result : 1
07-31 17:05:21.854  1851  2134 I HwPhoneWindowManager: interceptKeyTi keyCode=82 isActionDown=false repeatCount=0 isInjected=true
07-31 17:05:21.855  1851  2134 I PhoneWindowManager: interceptKeyTi keyCode=82 down=false repeatCount=0 keyguardOn=false canceled=false
07-31 17:05:21.855  1315 26201 I AGPService: Bn-> set touch event - 0
07-31 17:05:21.856 15449 15449 I AudioManager: querySoundEffectsEnabled fail id: 11
07-31 17:05:21.886  4588  5225 I PG_ash  : com.huawei.ohos.inputmethod timeout trigger time sources: BinderCall, triggerTime: 283757547
07-31 17:05:21.887  4588  5225 I PG_ash  : com.huawei.ohos.inputmethod update time, cur: 283758628, trigger: 283757547
07-31 17:05:21.887  4588  5225 I PG_ash  : com.huawei.ohos.inputmethod not go to H when screen on!
07-31 17:05:21.911  1851  4827 I HwPhoneWindowManager: innerInterceptKeyBeforeQueueing keycode:4,action:0,isIntercept:false
07-31 17:05:21.911  1851  4827 I HwPhoneWindowManager: intercept Key : 4, isdown : true, flags : 0
07-31 17:05:21.911  1851  4827 I HwPhoneWindowManager: enter wakeupNoteEditor
07-31 17:05:21.911  1851  4827 E EasyWakeUpManager: enter wakeUpDoing !
07-31 17:05:21.911  1851  4827 I EasyWakeUpManager: keycode: 4 minKeyCode: 131 maxKeyCode: 131
07-31 17:05:21.911  1851  4827 I HwPhoneWindowManager: interceptKeyBeforeQueueing deviceID:-1 isFrontFpNavi:false isSupportTrikey:false isMmiTest:false
07-31 17:05:21.911  1851  4827 I KeyCombinationManager: Key 4 is not an interested key.
07-31 17:05:21.911  1851  4827 I PhoneWindowManager: interceptKeyBeforeQueueing: key 4 , result : 1
07-31 17:05:21.912  1851  2134 I HwPhoneWindowManager: interceptKeyTi keyCode=4 isActionDown=true repeatCount=0 isInjected=true
07-31 17:05:21.912  1851  2134 I HwPhoneWindowManager: deviceID:-1 isFrontFpNavi:false isSupportTrikey:false isMmiTest:false
07-31 17:05:21.912  1851  2134 I PhoneWindowManager: interceptKeyTi keyCode=4 down=true repeatCount=0 keyguardOn=false canceled=false
07-31 17:05:21.912  1315 26201 I AGPService: Bn-> set touch event - 1
07-31 17:05:21.913  1851  4827 I HwPhoneWindowManager: innerInterceptKeyBeforeQueueing keycode:4,action:1,isIntercept:false
07-31 17:05:21.913  1851  4827 I HwPhoneWindowManager: intercept Key : 4, isdown : false, flags : 0
07-31 17:05:21.914  1851  4827 I HwPhoneWindowManager: enter wakeupNoteEditor
07-31 17:05:21.914  1851  4827 E EasyWakeUpManager: enter wakeUpDoing !
07-31 17:05:21.914  1851  4827 I EasyWakeUpManager: keycode: 4 minKeyCode: 131 maxKeyCode: 131
07-31 17:05:21.914  1851  4827 I HwPhoneWindowManager: interceptKeyBeforeQueueing deviceID:-1 isFrontFpNavi:false isSupportTrikey:false isMmiTest:false
07-31 17:05:21.914  1851  4827 I PhoneWindowManager: interceptKeyBeforeQueueing: key 4 , result : 1
07-31 17:05:21.915  1851  2134 I HwPhoneWindowManager: interceptKeyTi keyCode=4 isActionDown=false repeatCount=0 isInjected=true
07-31 17:05:21.915  1851  2134 I HwPhoneWindowManager: deviceID:-1 isFrontFpNavi:false isSupportTrikey:false isMmiTest:false
07-31 17:05:21.915  1851  2134 I PhoneWindowManager: interceptKeyTi keyCode=4 down=false repeatCount=0 keyguardOn=false canceled=false
07-31 17:05:21.915  1315 26201 I AGPService: Bn-> set touch event - 0
07-31 17:05:21.916 23243 23243 I InputMethodService: requestHideSelf, callers=android.inputmethodservice.InputMethodService.handleBack:3089 android.inputmethodservice.InputMethodService.onKeyUp:3210 io.github.ylimit.droidbotapp.DroidBotIME.onKeyUp:41 android.view.KeyEvent.dispatch:3266 
07-31 17:05:21.917  1851  9973 I InputMethodManagerService: hideMySoftInput, pid=0, token=android.os.Binder@ffde2c9
07-31 17:05:21.918  1851  9973 I ActivityTaskManager: Cannot add android into io.github.ylimit.droidbotapp bound list.
07-31 17:05:21.918  1851  9973 I ActivityTaskManager: Cannot add android into io.github.ylimit.droidbotapp bound list.
07-31 17:05:21.920  1851  9973 I HwInputMethodManagerService: hideCurrentInputLocked res:true
07-31 17:05:21.921 23243 23243 I InputMethod: hideSoftInput()
07-31 17:05:21.921  1851  9973 I InputMethodManagerService: hideIme token = android.os.BinderProxy@2aecd88, displayId = 0
07-31 17:05:21.921  1851  9973 I WindowManager: wm_insets hideIme target: Window{63d2321 u11 com.simplemobiletools.gallery.pro/com.simplemobiletools.gallery.pro.activities.MediaActivity} displayId: 0 token: android.os.BinderProxy@2aecd88
07-31 17:05:21.921  1851  9973 I ImeInsetsSourceProvider: wm_insets abortShowImePostLayout
07-31 17:05:21.921  1851  9973 I WindowManager: wm_insets hideIme Control target: Window{63d2321 u11 com.simplemobiletools.gallery.pro/com.simplemobiletools.gallery.pro.activities.MediaActivity}
07-31 17:05:21.922  1851  9973 I InputMethodManagerService: setImeWindowStatus imeWindowVis 0
07-31 17:05:21.922 15449 15449 I InsetsController: ViewUI_insets applyAnimation types:8,show:false, this:android.view.InsetsController@c7e2f36
07-31 17:05:21.922 15449 15449 I InsetsController: ViewUI_insets controlAnimation types: 8
07-31 17:05:21.922  1851  9973 I NotificationManager: android: cancel(8)
