07-31 17:05:25.326  1776  1776 E ndroid.launche: No package ID 9b found for ID 0x9b030300.
07-31 17:05:25.423  1851  4076 I TrafficMonitor: update:rxPkts:541,txPkts:2571,rxBytes:34335,txBytes:3269407
07-31 17:05:25.423  1851  4076 I TrafficMonitor: gettimer:interval=2000
07-31 17:05:25.429  1776  1776 E ndroid.launche: Invalid ID 0x9c000000.
07-31 17:05:25.429  1776  1776 E ndroid.launche: Invalid ID 0x9c000003.
07-31 17:05:25.429  1776  1776 E ndroid.launche: Invalid ID 0x9c000203.
07-31 17:05:25.429  1776  1776 E ndroid.launche: Invalid ID 0x9c000403.
07-31 17:05:25.429  1776  1776 E ndroid.launche: Invalid ID 0x9c000503.
07-31 17:05:25.429  1776  1776 E ndroid.launche: Invalid ID 0x9c000204.
07-31 17:05:25.429  1776  1776 E ndroid.launche: Invalid ID 0x9c000304.
07-31 17:05:25.429  1776  1776 E ndroid.launche: Invalid ID 0x9c000404.
07-31 17:05:25.429  1776  1776 E ndroid.launche: Invalid ID 0x9c000604.
07-31 17:05:25.429  1776  1776 W HwLauncher: TalkBackHelper needAnnounceAbilityForm input parameter is null
07-31 17:05:25.430  1776  1776 W HwLauncher: TalkBackHelper needAnnounceAbilityForm input parameter is null
07-31 17:05:25.432  1776  1776 W ContextImpl: Failed to ensure /data/user_de/11/com.huawei.android.totemweather/shared_prefs: mkdir failed: EACCES (Permission denied)
07-31 17:05:25.433  1776  1776 W ContextImpl: Failed to ensure /data/user_de/11/com.huawei.android.totemweather/shared_prefs: mkdir failed: EACCES (Permission denied)
07-31 17:05:25.433  1776  1776 W ContextImpl: Failed to ensure /data/user_de/11/com.huawei.android.totemweather/shared_prefs: mkdir failed: EACCES (Permission denied)
07-31 17:05:25.447  1776  1776 W ContextImpl: Failed to ensure /data/user_de/11/com.huawei.android.totemweather/shared_prefs: mkdir failed: EACCES (Permission denied)
07-31 17:05:25.447  1776  1776 W ContextImpl: Failed to ensure /data/user_de/11/com.huawei.android.totemweather/shared_prefs: mkdir failed: EACCES (Permission denied)
07-31 17:05:25.447  1776  1776 W ContextImpl: Failed to ensure /data/user_de/11/com.huawei.android.totemweather/shared_prefs: mkdir failed: EACCES (Permission denied)
07-31 17:05:25.449  1851  7207 I HwActivityManagerServiceEx: provider is prevented for not-prevent
07-31 17:05:25.450  1851  7207 I ContentProviderHelper: Successfully start provider ContentProviderRecord{f44a71c u11 com.huawei.android.totemweather/.provider.SharedPreferenceProvider} launchingApp=null caller pid= 1776
07-31 17:05:25.450  4588  4837 E NumberUtils: Number Format err! str: 
07-31 17:05:25.451  4588  5225 I PG_ash  : pkg com.huawei.android.launcher calling: com.huawei.android.totemweather, pid: -1 ,type: acquire_provider
07-31 17:05:25.451  4588  5225 I PG_ash  : com.huawei.android.totemweather is called by front app, D to R
07-31 17:05:25.451  4588  5225 I ash_trans: com.huawei.android.totemweather { doze duration=88662 Uptime=88662 } transition to: running reason:be_called_acquire_provider
07-31 17:05:25.451  4588  5225 I PG_ash  : clear_nap unP_GPS : com.huawei.android.totemweather
07-31 17:05:25.452  1851  7207 I PGManagerService: unproxy gps com.huawei.android.totemweather 10061 success
07-31 17:05:25.452  1851  7207 I PGManagerService: unproxy gps com.huawei.android.totemweather 1110061 success
07-31 17:05:25.453  1851  7207 I PGManagerService: unproxy gps com.huawei.android.totemweather 1199068 success
07-31 17:05:25.453  4588  5225 I PG_ash  : unP_gps com.huawei.android.totemweather OK !
07-31 17:05:25.453  4588  5225 I PG_ash  : perform running actions!
07-31 17:05:25.453  4588  5225 I PG_ash  : running package: com.huawei.android.totemweather, visible: false
07-31 17:05:25.453  4588  5225 I PG_ash  : has widget app: com.huawei.android.totemweather
07-31 17:05:25.449  4588  4588 W com.huawei.iaware: type=1400 audit(0.0:121026): avc: granted { getattr } for comm=616374696F6E732068616E646C6572 path="/data/system/users/0/appwidgets.xml" dev="sdd88" ino=172212 scontext=u:r:system_app:s0 tcontext=u:object_r:system_data_file:s0 tclass=file
07-31 17:05:25.478   907  6386 I SurfaceFlinger: hasCaptureBlackoutContentPermission: pid 25499, uid 2000, checkPermissionResult is false
07-31 17:05:25.478   907  6386 I SurfaceFlinger: captureDisplay: end, status 0
07-31 17:05:25.484   595   595 I hwservicemanager: getTransport: Cannot find entry android.hardware.graphics.mapper@4.0::IMapper/default in either framework or device VINTF manifest.
07-31 17:05:25.484 25499 25502 I Gralloc4: mapper 4.x is not supported
07-31 17:05:25.485   595   595 I hwservicemanager: getTransport: Cannot find entry android.hardware.graphics.mapper@3.0::IMapper/default in either framework or device VINTF manifest.
07-31 17:05:25.485 25499 25502 W Gralloc3: mapper 3.x is not supported
07-31 17:05:25.500  1776  1776 E ndroid.launche: No package ID 9c found for ID 0x9c010000.
07-31 17:05:25.500  1776  1776 E ndroid.launche: No package ID 9c found for ID 0x9c010100.
07-31 17:05:25.500  1776  1776 E ndroid.launche: No package ID 9c found for ID 0x9c010200.
07-31 17:05:25.500  1776  1776 E ndroid.launche: No package ID 9c found for ID 0x9c010300.
07-31 17:05:25.500  1776  1776 E ndroid.launche: No package ID 9c found for ID 0x9c010400.
07-31 17:05:25.502  1776  1776 E ndroid.launche: No package ID 9c found for ID 0x9c010001.
07-31 17:05:25.503  1776  1776 E ndroid.launche: No package ID 9c found for ID 0x9c010101.
07-31 17:05:25.504  1776  1776 E ndroid.launche: No package ID 9c found for ID 0x9c010201.
07-31 17:05:25.504  1776  1776 W HwLauncher: TalkBackHelper needAnnounceAbilityForm input parameter is null
07-31 17:05:25.506  1776  1776 E ndroid.launche: No package ID 9c found for ID 0x9c010301.
07-31 17:05:25.507  1776  1776 E ndroid.launche: No package ID 9c found for ID 0x9c010401.
07-31 17:05:25.507  1776  1776 W HwLauncher: TalkBackHelper needAnnounceAbilityForm input parameter is null
07-31 17:05:25.508  1776  1776 E ndroid.launche: No package ID 9c found for ID 0x9c010500.
07-31 17:05:25.509  1776  1776 W HwLauncher: TalkBackHelper needAnnounceAbilityForm input parameter is null
07-31 17:05:25.515  1776  1776 E ndroid.launche: No package ID 9c found for ID 0x9c010002.
07-31 17:05:25.516  1776  1776 E ndroid.launche: No package ID 9c found for ID 0x9c010003.
07-31 17:05:25.517  1776  1776 E ndroid.launche: No package ID 9c found for ID 0x9c010103.
07-31 17:05:25.518  1776  1776 E ndroid.launche: No package ID 9c found for ID 0x9c010203.
07-31 17:05:25.519  1776  1776 E ndroid.launche: No package ID 9c found for ID 0x9c010303.
07-31 17:05:25.521  1776  1776 E ndroid.launche: No package ID 9c found for ID 0x9c010403.
07-31 17:05:25.523  1776  1776 E ndroid.launche: No package ID 9c found for ID 0x9c010503.
07-31 17:05:25.524  1776  1776 E ndroid.launche: No package ID 9c found for ID 0x9c010004.
07-31 17:05:25.525  1776  1776 E ndroid.launche: No package ID 9c found for ID 0x9c010104.
07-31 17:05:25.527  1776  1776 E ndroid.launche: No package ID 9c found for ID 0x9c010104.
07-31 17:05:25.528  1776  1776 E ndroid.launche: No package ID 9c found for ID 0x9c010304.
07-31 17:05:25.529  1776  1776 E ndroid.launche: No package ID 9c found for ID 0x9c010404.
07-31 17:05:25.531  1776  1776 E ndroid.launche: No package ID 9c found for ID 0x9c010504.
07-31 17:05:25.532  1776  1776 E ndroid.launche: No package ID 9c found for ID 0x9c010604.
07-31 17:05:25.534  1776  1776 E ndroid.launche: No package ID 9c found for ID 0x9c010604.
07-31 17:05:25.536  1776  1776 E ndroid.launche: No package ID 9c found for ID 0x9c020000.
07-31 17:05:25.537  1776  1776 W HwLauncher: TalkBackHelper needAnnounceAbilityForm input parameter is null
07-31 17:05:25.537  1776  1776 W HwLauncher: TalkBackHelper needAnnounceAbilityForm input parameter is null
07-31 17:05:25.553  1776  1776 W HwLauncher: TalkBackHelper needAnnounceAbilityForm input parameter is null
07-31 17:05:25.588  1776  1776 W HwLauncher: TalkBackHelper needAnnounceAbilityForm input parameter is null
07-31 17:05:25.591  1776  1776 E ndroid.launche: Invalid ID 0x9b000000.
07-31 17:05:25.592  1776  1776 E ndroid.launche: No package ID 9b found for ID 0x9b010100.
07-31 17:05:25.592  1776  1776 E ndroid.launche: No package ID 9b found for ID 0x9b020200.
07-31 17:05:25.592  1776  1776 E ndroid.launche: No package ID 9b found for ID 0x9b030300.
07-31 17:05:25.592  1776  1776 E ndroid.launche: No package ID 9b found for ID 0x9b040400.
07-31 17:05:25.592  1776  1776 E ndroid.launche: No package ID 9b found for ID 0x9b050500.
07-31 17:05:25.592  1776  1776 E ndroid.launche: No package ID 9b found for ID 0x9b060600.
07-31 17:05:25.597  1776  1776 E ndroid.launche: No package ID 9b found for ID 0x9b090900.
07-31 17:05:25.597  1776  1776 E ndroid.launche: No package ID 9b found for ID 0x9b090900.
07-31 17:05:25.597  1776  1776 E ndroid.launche: No package ID 9b found for ID 0x9b080800.
07-31 17:05:25.598  1776  1776 E ndroid.launche: No package ID 9b found for ID 0x9b080800.
07-31 17:05:25.598  1776  1776 E ndroid.launche: No package ID 9b found for ID 0x9b080800.
07-31 17:05:25.598  1776  1776 E ndroid.launche: No package ID 9b found for ID 0x9b070700.
07-31 17:05:25.598  1776  1776 E ndroid.launche: No package ID 9b found for ID 0x9b060600.
07-31 17:05:25.599  1851  1920 I HwAmbientLuxFilterAlgo: SceneBufferAmbientLux input error,end=30,start=-141,bufferSize=59
07-31 17:05:25.601  1776  1776 E ndroid.launche: No package ID 9b found for ID 0x9b050500.
07-31 17:05:25.602  1776  1776 E ndroid.launche: No package ID 9b found for ID 0x9b040400.
07-31 17:05:25.603  1776  1776 E ndroid.launche: No package ID 9b found for ID 0x9b030300.
07-31 17:05:25.607   637   637 I android.system.suspend@1.0-service: incSuspendCounter kname=native_PowerManagerService.WakeLocks ++mSuspendCounter= 3
07-31 17:05:25.608  1851  4072 I NetworkStats: performPollLocked, pid = 1851
07-31 17:05:25.620  1851  4072 I NetworkStatsCollection: getSummary, uid = 1000stats size = 2
07-31 17:05:25.620  1851  4072 I NetworkStatsCollection: getSummary, uid = 1000stats size = 2
07-31 17:05:25.620  1851  4072 I NetworkStatsCollection: getSummary, uid = 1000stats size = 215
07-31 17:05:25.620  1851  4072 I NetworkStatsCollection: getSummary, uid = 1000stats size = 2
07-31 17:05:25.621  1851  4072 I NetworkStatsCollection: getSummary, uid = 1000stats size = 2
07-31 17:05:25.621  1851  4072 I NetworkStatsCollection: getSummary, uid = 1000stats size = 215
07-31 17:05:25.622  1851  4072 I NetworkStats: callingPid is system 1851
07-31 17:05:25.623   637   637 I android.system.suspend@1.0-service: decSuspendCounter kname=native_PowerManagerService.WakeLocks --mSuspendCounter= 2
07-31 17:05:25.623   808  4398 I netd    : bandwidthSetGlobalAlert(2097152) <0.19ms>
07-31 17:05:25.627  1851  4074 I HwConnectivityServiceEx: set 1000, metered: false, value: false
07-31 17:05:25.715  1776  1776 E ndroid.launche: Invalid ID 0x9c000000.
07-31 17:05:25.715  1776  1776 E ndroid.launche: Invalid ID 0x9c000003.
07-31 17:05:25.715  1776  1776 E ndroid.launche: Invalid ID 0x9c000203.
07-31 17:05:25.715  1776  1776 E ndroid.launche: Invalid ID 0x9c000403.
07-31 17:05:25.715  1776  1776 E ndroid.launche: Invalid ID 0x9c000503.
07-31 17:05:25.716  1776  1776 E ndroid.launche: Invalid ID 0x9c000204.
07-31 17:05:25.727  4741  4924 I OllieMsgCenter: publishEvt=2135097353
07-31 17:05:25.731  4588  5225 I PG_ash  : io.github.ylimit.droidbotapp timeout trigger time sources: BinderCall, triggerTime: 283761283
07-31 17:05:25.731  4588  5225 I PG_ash  : io.github.ylimit.droidbotapp update time, cur: 283762472, trigger: 283761283
07-31 17:05:25.731  4588  5225 I PG_ash  : io.github.ylimit.droidbotapp not go to H when screen on!
07-31 17:05:25.733  1776  1776 W HwLauncher: TalkBackHelper needAnnounceAbilityForm input parameter is null
07-31 17:05:25.741  1776  1776 W HwLauncher: TalkBackHelper needAnnounceAbilityForm input parameter is null
07-31 17:05:25.741  1776  1776 E ndroid.launche: Invalid ID 0x9c000304.
07-31 17:05:25.743  1776  1776 E ndroid.launche: Invalid ID 0x9c000404.
07-31 17:05:25.744  1776  1776 E ndroid.launche: Invalid ID 0x9c000604.
07-31 17:05:25.745  1776  1776 E ndroid.launche: No package ID 9c found for ID 0x9c010000.
07-31 17:05:25.745  1776  1776 E ndroid.launche: No package ID 9c found for ID 0x9c010100.
07-31 17:05:25.745  1776  1776 E ndroid.launche: No package ID 9c found for ID 0x9c010200.
07-31 17:05:25.745  1776  1776 E ndroid.launche: No package ID 9c found for ID 0x9c010300.
07-31 17:05:25.745  1776  1776 E ndroid.launche: No package ID 9c found for ID 0x9c010400.
07-31 17:05:25.745  1776  1776 E ndroid.launche: No package ID 9c found for ID 0x9c010001.
07-31 17:05:25.745  1776  1776 E ndroid.launche: No package ID 9c found for ID 0x9c010101.
07-31 17:05:25.745  1776  1776 E ndroid.launche: No package ID 9c found for ID 0x9c010201.
07-31 17:05:25.745  1776  1776 E ndroid.launche: No package ID 9c found for ID 0x9c010301.
07-31 17:05:25.745  1776  1776 E ndroid.launche: No package ID 9c found for ID 0x9c010401.
07-31 17:05:25.745  1776  1776 E ndroid.launche: No package ID 9c found for ID 0x9c010500.
07-31 17:05:25.750  1776  1776 W HwLauncher: TalkBackHelper needAnnounceAbilityForm input parameter is null
07-31 17:05:25.751  1776  1776 W HwLauncher: TalkBackHelper needAnnounceAbilityForm input parameter is null
07-31 17:05:25.756  1776  1776 W HwLauncher: TalkBackHelper needAnnounceAbilityForm input parameter is null
07-31 17:05:25.758  1776  1776 E ndroid.launche: No package ID 9c found for ID 0x9c010002.
07-31 17:05:25.760  1776  1776 E ndroid.launche: No package ID 9c found for ID 0x9c010003.
07-31 17:05:25.760  1776  1776 E ndroid.launche: No package ID 9c found for ID 0x9c010103.
07-31 17:05:25.761  1776  1776 E ndroid.launche: No package ID 9c found for ID 0x9c010203.
07-31 17:05:25.763  1776  1776 E ndroid.launche: No package ID 9c found for ID 0x9c010303.
07-31 17:05:25.764  1776  1776 E ndroid.launche: No package ID 9c found for ID 0x9c010403.
07-31 17:05:25.765  1776  1776 E ndroid.launche: No package ID 9c found for ID 0x9c010503.
07-31 17:05:25.765  1776  1776 E ndroid.launche: No package ID 9c found for ID 0x9c010004.
07-31 17:05:25.766  1776  1776 E ndroid.launche: No package ID 9c found for ID 0x9c010104.
07-31 17:05:25.767  1776  1776 E ndroid.launche: No package ID 9c found for ID 0x9c010104.
07-31 17:05:25.768  1776  1776 E ndroid.launche: No package ID 9c found for ID 0x9c010304.
07-31 17:05:25.769  1776  1776 E ndroid.launche: No package ID 9c found for ID 0x9c010404.
07-31 17:05:25.769  1776  1776 E ndroid.launche: No package ID 9c found for ID 0x9c010504.
07-31 17:05:25.770  1776  1776 E ndroid.launche: No package ID 9c found for ID 0x9c010604.
07-31 17:05:25.771  1776  1776 E ndroid.launche: No package ID 9c found for ID 0x9c010604.
07-31 17:05:25.772  1776  1776 E ndroid.launche: No package ID 9c found for ID 0x9c020000.
07-31 17:05:25.773  1776  1776 W HwLauncher: TalkBackHelper needAnnounceAbilityForm input parameter is null
07-31 17:05:25.773  1776  1776 W HwLauncher: TalkBackHelper needAnnounceAbilityForm input parameter is null
07-31 17:05:25.789  1776  1776 W HwLauncher: TalkBackHelper needAnnounceAbilityForm input parameter is null
07-31 17:05:25.822  1776  1776 W HwLauncher: TalkBackHelper needAnnounceAbilityForm input parameter is null
07-31 17:05:25.825  1776  1776 E ndroid.launche: Invalid ID 0x9b000000.
07-31 17:05:25.825  1776  1776 E ndroid.launche: No package ID 9b found for ID 0x9b010100.
07-31 17:05:25.825  1776  1776 E ndroid.launche: No package ID 9b found for ID 0x9b020200.
07-31 17:05:25.826  1776  1776 E ndroid.launche: No package ID 9b found for ID 0x9b030300.
07-31 17:05:25.826  1776  1776 E ndroid.launche: No package ID 9b found for ID 0x9b040400.
07-31 17:05:25.826  1776  1776 E ndroid.launche: No package ID 9b found for ID 0x9b050500.
07-31 17:05:25.826  1776  1776 E ndroid.launche: No package ID 9b found for ID 0x9b060600.
07-31 17:05:25.826  1776  1776 E ndroid.launche: Invalid ID 0x9b000000.
07-31 17:05:25.826  1776  1776 E ndroid.launche: No package ID 9b found for ID 0x9b010100.
07-31 17:05:25.826  1776  1776 E ndroid.launche: No package ID 9b found for ID 0x9b020200.
07-31 17:05:25.826  1776  1776 E ndroid.launche: No package ID 9b found for ID 0x9b030300.
07-31 17:05:25.826  1776  1776 E ndroid.launche: No package ID 9b found for ID 0x9b040400.
07-31 17:05:25.826  1776  1776 E ndroid.launche: No package ID 9b found for ID 0x9b050500.
07-31 17:05:25.826  1776  1776 E ndroid.launche: No package ID 9b found for ID 0x9b060600.
07-31 17:05:25.832  1776  1776 E ndroid.launche: No package ID 9b found for ID 0x9b090900.
07-31 17:05:25.832  1776  1776 E ndroid.launche: No package ID 9b found for ID 0x9b090900.
07-31 17:05:25.832  1776  1776 E ndroid.launche: No package ID 9b found for ID 0x9b080800.
07-31 17:05:25.832  1776  1776 E ndroid.launche: No package ID 9b found for ID 0x9b080800.
07-31 17:05:25.832  1776  1776 E ndroid.launche: No package ID 9b found for ID 0x9b080800.
07-31 17:05:25.832  1776  1776 E ndroid.launche: No package ID 9b found for ID 0x9b070700.
07-31 17:05:25.832  1776  1776 E ndroid.launche: No package ID 9b found for ID 0x9b060600.
07-31 17:05:25.832  1776  1776 E ndroid.launche: No package ID 9b found for ID 0x9b050500.
07-31 17:05:25.832  1776  1776 E ndroid.launche: No package ID 9b found for ID 0x9b040400.
07-31 17:05:25.832  1776  1776 E ndroid.launche: No package ID 9b found for ID 0x9b030300.
07-31 17:05:25.833  1776  1776 E ndroid.launche: No package ID 9b found for ID 0x9b090900.
07-31 17:05:25.833  1776  1776 E ndroid.launche: No package ID 9b found for ID 0x9b090900.
07-31 17:05:25.833  1776  1776 E ndroid.launche: No package ID 9b found for ID 0x9b080800.
07-31 17:05:25.833  1776  1776 E ndroid.launche: No package ID 9b found for ID 0x9b080800.
07-31 17:05:25.833  1776  1776 E ndroid.launche: No package ID 9b found for ID 0x9b080800.
07-31 17:05:25.833  1776  1776 E ndroid.launche: No package ID 9b found for ID 0x9b070700.
07-31 17:05:25.834  1776  1776 E ndroid.launche: No package ID 9b found for ID 0x9b060600.
07-31 17:05:25.834  1776  1776 E ndroid.launche: No package ID 9b found for ID 0x9b050500.
07-31 17:05:25.834  1776  1776 E ndroid.launche: No package ID 9b found for ID 0x9b040400.
07-31 17:05:25.834  1776  1776 E ndroid.launche: No package ID 9b found for ID 0x9b030300.
07-31 17:05:25.886  1325  2088 I dubaid  : [AmbientTempCalculator.cpp] UpdateSampleCurrent# Current jump, reset ambient sample.
07-31 17:05:25.894  4588  5497 I ThermalTraceService: code:1, appInfo:com.huawei.android.launcher#10000, levelInfo:0,warm_system_h,1#28,warm_fps,1#0,warm_shell_normal,1
07-31 17:05:25.895  4588  5497 W AwareLog: UniScheduleDMEPlugin: add load record in temp
07-31 17:05:25.895  4588  5497 W AwareLog: UniScheduleDMEPlugin: downgradeSwitch is not open.
07-31 17:05:25.946  1776  2056 I AbilityFormProxy-031: notifyFormsUpdateEnabled come from aar
07-31 17:05:25.949  1851  1920 I HwAmbientLuxFilterAlgo: SceneBufferAmbientLux input error,end=30,start=-141,bufferSize=59
07-31 17:05:25.950   594   594 I servicemanager: Notifying apexservice they have clients: 1
07-31 17:05:25.951   594   594 I servicemanager: Notifying apexservice they have clients: 0
07-31 17:05:25.951  1776  2056 I AbilityFormProxy-031: notifyWhetherVisibleForm come from aar, eventType is 1
07-31 17:05:25.951   594   594 I BpBinder: onLastStrongRef automatically unlinking death recipients: <uncached descriptor>
07-31 17:05:25.953  1776  1776 E ndroid.launche: Invalid ID 0x9c000000.
07-31 17:05:25.953  1776  1776 E ndroid.launche: Invalid ID 0x9c000003.
07-31 17:05:25.953  1776  1776 E ndroid.launche: Invalid ID 0x9c000203.
07-31 17:05:25.954  1776  1776 E ndroid.launche: Invalid ID 0x9c000403.
07-31 17:05:25.954  1776  1776 E ndroid.launche: Invalid ID 0x9c000503.
07-31 17:05:25.954  1776  1776 E ndroid.launche: Invalid ID 0x9c000204.
07-31 17:05:25.954  1776  1776 E ndroid.launche: Invalid ID 0x9c000304.
07-31 17:05:25.954  1776  1776 E ndroid.launche: Invalid ID 0x9c000404.
07-31 17:05:25.954  1776  1776 E ndroid.launche: Invalid ID 0x9c000604.
07-31 17:05:25.974  1776  1776 W HwLauncher: TalkBackHelper needAnnounceAbilityForm input parameter is null
07-31 17:05:25.982  1776  1776 W HwLauncher: TalkBackHelper needAnnounceAbilityForm input parameter is null
07-31 17:05:25.982  1776  1776 E ndroid.launche: No package ID 9c found for ID 0x9c010000.
07-31 17:05:25.983  1776  1776 E ndroid.launche: No package ID 9c found for ID 0x9c010100.
07-31 17:05:25.983  1776  1776 E ndroid.launche: No package ID 9c found for ID 0x9c010200.
07-31 17:05:25.983  1776  1776 E ndroid.launche: No package ID 9c found for ID 0x9c010300.
07-31 17:05:25.983  1776  1776 E ndroid.launche: No package ID 9c found for ID 0x9c010400.
07-31 17:05:25.983  1776  1776 E ndroid.launche: No package ID 9c found for ID 0x9c010001.
07-31 17:05:25.984  1776  1776 E ndroid.launche: No package ID 9c found for ID 0x9c010101.
07-31 17:05:25.985  1776  1776 E ndroid.launche: No package ID 9c found for ID 0x9c010201.
07-31 17:05:25.985  1776  1776 W HwLauncher: TalkBackHelper needAnnounceAbilityForm input parameter is null
07-31 17:05:25.986  1776  1776 E ndroid.launche: No package ID 9c found for ID 0x9c010301.
07-31 17:05:25.987  1776  1776 E ndroid.launche: No package ID 9c found for ID 0x9c010401.
07-31 17:05:25.987  1776  1776 W HwLauncher: TalkBackHelper needAnnounceAbilityForm input parameter is null
07-31 17:05:25.988  1776  1776 E ndroid.launche: No package ID 9c found for ID 0x9c010500.
07-31 17:05:25.988  1776  1776 W HwLauncher: TalkBackHelper needAnnounceAbilityForm input parameter is null
07-31 17:05:25.991  1776  1776 E ndroid.launche: No package ID 9c found for ID 0x9c010002.
07-31 17:05:25.992  1776  1776 E ndroid.launche: No package ID 9c found for ID 0x9c010003.
07-31 17:05:25.992  1776  1776 E ndroid.launche: No package ID 9c found for ID 0x9c010103.
07-31 17:05:25.993  1776  1776 E ndroid.launche: No package ID 9c found for ID 0x9c010203.
07-31 17:05:25.993  1776  1776 E ndroid.launche: No package ID 9c found for ID 0x9c010303.
07-31 17:05:25.994  1776  1776 E ndroid.launche: No package ID 9c found for ID 0x9c010403.
07-31 17:05:25.995  1776  1776 E ndroid.launche: No package ID 9c found for ID 0x9c010503.
07-31 17:05:25.995  1776  1776 E ndroid.launche: No package ID 9c found for ID 0x9c010004.
07-31 17:05:25.996  1776  1776 E ndroid.launche: No package ID 9c found for ID 0x9c010104.
07-31 17:05:25.997  1776  1776 E ndroid.launche: No package ID 9c found for ID 0x9c010104.
07-31 17:05:25.997  1776  1776 E ndroid.launche: No package ID 9c found for ID 0x9c010304.
07-31 17:05:25.998  1776  1776 E ndroid.launche: No package ID 9c found for ID 0x9c010404.
07-31 17:05:25.998  1776  1776 E ndroid.launche: No package ID 9c found for ID 0x9c010504.
07-31 17:05:25.999  1776  1776 E ndroid.launche: No package ID 9c found for ID 0x9c010604.
07-31 17:05:26.000  1776  1776 E ndroid.launche: No package ID 9c found for ID 0x9c010604.
07-31 17:05:26.001  1776  1776 E ndroid.launche: No package ID 9c found for ID 0x9c020000.
07-31 17:05:26.001  1776  1776 W HwLauncher: TalkBackHelper needAnnounceAbilityForm input parameter is null
07-31 17:05:26.011  1776  1776 W HwLauncher: TalkBackHelper needAnnounceAbilityForm input parameter is null
07-31 17:05:26.021  1776  1776 W HwLauncher: TalkBackHelper needAnnounceAbilityForm input parameter is null
07-31 17:05:26.040  1776  1776 W HwLauncher: TalkBackHelper needAnnounceAbilityForm input parameter is null
07-31 17:05:26.042  1776  1776 E ndroid.launche: Invalid ID 0x9b000000.
07-31 17:05:26.042  1776  1776 E ndroid.launche: No package ID 9b found for ID 0x9b010100.
07-31 17:05:26.043  1776  1776 E ndroid.launche: No package ID 9b found for ID 0x9b020200.
07-31 17:05:26.043  1776  1776 E ndroid.launche: No package ID 9b found for ID 0x9b030300.
07-31 17:05:26.043  1776  1776 E ndroid.launche: No package ID 9b found for ID 0x9b040400.
07-31 17:05:26.045  1776  1776 E ndroid.launche: No package ID 9b found for ID 0x9b050500.
07-31 17:05:26.046  1776  1776 E ndroid.launche: No package ID 9b found for ID 0x9b060600.
07-31 17:05:26.048  1776  1776 E ndroid.launche: No package ID 9b found for ID 0x9b090900.
07-31 17:05:26.048  1776  1776 E ndroid.launche: No package ID 9b found for ID 0x9b090900.
07-31 17:05:26.048  1776  1776 E ndroid.launche: No package ID 9b found for ID 0x9b080800.
07-31 17:05:26.048  1776  1776 E ndroid.launche: No package ID 9b found for ID 0x9b080800.
07-31 17:05:26.049  1776  1776 E ndroid.launche: No package ID 9b found for ID 0x9b080800.
07-31 17:05:26.049  1776  1776 E ndroid.launche: No package ID 9b found for ID 0x9b070700.
07-31 17:05:26.051  1776  1776 E ndroid.launche: No package ID 9b found for ID 0x9b060600.
07-31 17:05:26.052  1776  1776 E ndroid.launche: No package ID 9b found for ID 0x9b050500.
07-31 17:05:26.053  1776  1776 E ndroid.launche: No package ID 9b found for ID 0x9b040400.
07-31 17:05:26.054  1776  1776 E ndroid.launche: No package ID 9b found for ID 0x9b030300.
07-31 17:05:26.151  1776  1776 E ndroid.launche: Invalid ID 0x9c000000.
07-31 17:05:26.151  1776  1776 E ndroid.launche: Invalid ID 0x9c000003.
07-31 17:05:26.151  1776  1776 E ndroid.launche: Invalid ID 0x9c000203.
07-31 17:05:26.152  1776  1776 E ndroid.launche: Invalid ID 0x9c000403.
07-31 17:05:26.152  1776  1776 E ndroid.launche: Invalid ID 0x9c000503.
07-31 17:05:26.170  1776  1776 W HwLauncher: TalkBackHelper needAnnounceAbilityForm input parameter is null
07-31 17:05:26.177  1776  1776 W HwLauncher: TalkBackHelper needAnnounceAbilityForm input parameter is null
07-31 17:05:26.178  1776  1776 E ndroid.launche: Invalid ID 0x9c000204.
07-31 17:05:26.179  1776  1776 E ndroid.launche: Invalid ID 0x9c000304.
07-31 17:05:26.180  1776  1776 E ndroid.launche: Invalid ID 0x9c000404.
07-31 17:05:26.180  1776  1776 E ndroid.launche: Invalid ID 0x9c000604.
07-31 17:05:26.181  1776  1776 E ndroid.launche: No package ID 9c found for ID 0x9c010000.
07-31 17:05:26.181  1776  1776 E ndroid.launche: No package ID 9c found for ID 0x9c010100.
07-31 17:05:26.181  1776  1776 E ndroid.launche: No package ID 9c found for ID 0x9c010200.
07-31 17:05:26.181  1776  1776 E ndroid.launche: No package ID 9c found for ID 0x9c010300.
07-31 17:05:26.181  1776  1776 E ndroid.launche: No package ID 9c found for ID 0x9c010400.
07-31 17:05:26.181  1776  1776 E ndroid.launche: No package ID 9c found for ID 0x9c010001.
07-31 17:05:26.181  1776  1776 E ndroid.launche: No package ID 9c found for ID 0x9c010101.
07-31 17:05:26.182  1776  1776 E ndroid.launche: No package ID 9c found for ID 0x9c010201.
07-31 17:05:26.185  1776  1776 W HwLauncher: TalkBackHelper needAnnounceAbilityForm input parameter is null
07-31 17:05:26.185  1776  1776 E ndroid.launche: No package ID 9c found for ID 0x9c010301.
07-31 17:05:26.186  1776  1776 E ndroid.launche: No package ID 9c found for ID 0x9c010401.
07-31 17:05:26.186  1776  1776 W HwLauncher: TalkBackHelper needAnnounceAbilityForm input parameter is null
07-31 17:05:26.188  1776  1776 E ndroid.launche: No package ID 9c found for ID 0x9c010500.
07-31 17:05:26.189  1776  1776 W HwLauncher: TalkBackHelper needAnnounceAbilityForm input parameter is null
07-31 17:05:26.193  1776  1776 E ndroid.launche: No package ID 9c found for ID 0x9c010002.
07-31 17:05:26.194  1776  1776 E ndroid.launche: No package ID 9c found for ID 0x9c010003.
07-31 17:05:26.195  1776  1776 E ndroid.launche: No package ID 9c found for ID 0x9c010103.
07-31 17:05:26.196  1776  1776 E ndroid.launche: No package ID 9c found for ID 0x9c010203.
07-31 17:05:26.197  1776  1776 E ndroid.launche: No package ID 9c found for ID 0x9c010303.
07-31 17:05:26.197  1776  1776 E ndroid.launche: No package ID 9c found for ID 0x9c010403.
07-31 17:05:26.198  1776  1776 E ndroid.launche: No package ID 9c found for ID 0x9c010503.
07-31 17:05:26.199  1776  1776 E ndroid.launche: No package ID 9c found for ID 0x9c010004.
07-31 17:05:26.200  1776  1776 E ndroid.launche: No package ID 9c found for ID 0x9c010104.
07-31 17:05:26.201  1776  1776 E ndroid.launche: No package ID 9c found for ID 0x9c010104.
07-31 17:05:26.201  1776  1776 E ndroid.launche: No package ID 9c found for ID 0x9c010304.
07-31 17:05:26.202  1776  1776 E ndroid.launche: No package ID 9c found for ID 0x9c010404.
07-31 17:05:26.204  1776  1776 E ndroid.launche: No package ID 9c found for ID 0x9c010504.
07-31 17:05:26.204  1776  1776 E ndroid.launche: No package ID 9c found for ID 0x9c010604.
07-31 17:05:26.206  1776  1776 E ndroid.launche: No package ID 9c found for ID 0x9c010604.
07-31 17:05:26.208  1776  1776 E ndroid.launche: No package ID 9c found for ID 0x9c020000.
07-31 17:05:26.208  1776  1776 W HwLauncher: TalkBackHelper needAnnounceAbilityForm input parameter is null
07-31 17:05:26.208  1776  1776 W HwLauncher: TalkBackHelper needAnnounceAbilityForm input parameter is null
07-31 17:05:26.223  1776  1776 W HwLauncher: TalkBackHelper needAnnounceAbilityForm input parameter is null
07-31 17:05:26.266  1776  1776 W HwLauncher: TalkBackHelper needAnnounceAbilityForm input parameter is null
07-31 17:05:26.270  1776  1776 E ndroid.launche: Invalid ID 0x9b000000.
07-31 17:05:26.270  1776  1776 E ndroid.launche: No package ID 9b found for ID 0x9b010100.
07-31 17:05:26.271  1776  1776 E ndroid.launche: No package ID 9b found for ID 0x9b020200.
07-31 17:05:26.271  1776  1776 E ndroid.launche: No package ID 9b found for ID 0x9b030300.
07-31 17:05:26.271  1776  1776 E ndroid.launche: No package ID 9b found for ID 0x9b040400.
07-31 17:05:26.274  1776  1776 E ndroid.launche: No package ID 9b found for ID 0x9b050500.
07-31 17:05:26.275  1776  1776 E ndroid.launche: No package ID 9b found for ID 0x9b060600.
07-31 17:05:26.278  1776  1776 E ndroid.launche: No package ID 9b found for ID 0x9b090900.
07-31 17:05:26.279  1776  1776 E ndroid.launche: No package ID 9b found for ID 0x9b090900.
07-31 17:05:26.279  1776  1776 E ndroid.launche: No package ID 9b found for ID 0x9b080800.
07-31 17:05:26.281  1776  1776 E ndroid.launche: No package ID 9b found for ID 0x9b080800.
07-31 17:05:26.282  1776  1776 E ndroid.launche: No package ID 9b found for ID 0x9b080800.
07-31 17:05:26.283  1776  1776 E ndroid.launche: No package ID 9b found for ID 0x9b070700.
07-31 17:05:26.284 25137 25137 I HMSSDK_AnalyticsCacheManager: Timeout execCacheBi.
07-31 17:05:26.284 25137 25137 I HMSSDK_AnalyticsCacheManager: execCacheBi: cache size: 0
07-31 17:05:26.285  1776  1776 E ndroid.launche: No package ID 9b found for ID 0x9b060600.
07-31 17:05:26.286  1776  1776 E ndroid.launche: No package ID 9b found for ID 0x9b050500.
07-31 17:05:26.289  1776  1776 E ndroid.launche: No package ID 9b found for ID 0x9b040400.
07-31 17:05:26.291  1776  1776 E ndroid.launche: No package ID 9b found for ID 0x9b030300.
07-31 17:05:26.299  1851  1920 I HwAmbientLuxFilterAlgo: SceneBufferAmbientLux input error,end=30,start=-141,bufferSize=59
07-31 17:05:26.398  1851  4827 I InputMethodManagerService: reportStartInput to window:android.os.BinderProxy@d94b0b8
07-31 17:05:26.399  1776  1776 E ndroid.launche: Invalid ID 0x9c000000.
07-31 17:05:26.399  1776  1776 E ndroid.launche: Invalid ID 0x9c000003.
07-31 17:05:26.399  1776  1776 E ndroid.launche: Invalid ID 0x9c000203.
07-31 17:05:26.399  1776  1776 E ndroid.launche: Invalid ID 0x9c000403.
07-31 17:05:26.399  1776  1776 E ndroid.launche: Invalid ID 0x9c000503.
07-31 17:05:26.399  1776  1776 E ndroid.launche: Invalid ID 0x9c000204.
07-31 17:05:26.399  1776  1776 E ndroid.launche: Invalid ID 0x9c000304.
07-31 17:05:26.399  1776  1776 E ndroid.launche: Invalid ID 0x9c000404.
07-31 17:05:26.399  1776  1776 E ndroid.launche: Invalid ID 0x9c000604.
07-31 17:05:26.399  1776  1776 W HwLauncher: TalkBackHelper needAnnounceAbilityForm input parameter is null
07-31 17:05:26.400  1776  1776 W HwLauncher: TalkBackHelper needAnnounceAbilityForm input parameter is null
07-31 17:05:26.400   907  6386 I Layer   : Surface(name=1241673 InputMethod)/@0xbf079a9 - animation-leash of insets_animation#13020: created
07-31 17:05:26.402   808   876 I libnetd_resolv: ApiCount[0, 0, 0, 156, 0, 0, 0, 6, 0, 0, 600, 2479, 3941, 75, 74, 0, 127, 0, 9295, 24486, 0]
07-31 17:05:26.407  1776  1776 E ndroid.launche: Invalid ID 0x9c000000.
07-31 17:05:26.407  1776  1776 E ndroid.launche: Invalid ID 0x9c000003.
07-31 17:05:26.407  1776  1776 E ndroid.launche: Invalid ID 0x9c000203.
07-31 17:05:26.407  1776  1776 E ndroid.launche: Invalid ID 0x9c000403.
07-31 17:05:26.407  1776  1776 E ndroid.launche: Invalid ID 0x9c000503.
07-31 17:05:26.407  1776  1776 E ndroid.launche: Invalid ID 0x9c000204.
07-31 17:05:26.407  1776  1776 E ndroid.launche: Invalid ID 0x9c000304.
07-31 17:05:26.407  1776  1776 E ndroid.launche: Invalid ID 0x9c000404.
07-31 17:05:26.407  1776  1776 E ndroid.launche: Invalid ID 0x9c000604.
07-31 17:05:26.407  1851  4177 I HwOcrImeController: updateMultiWindow focus window = com.huawei.android.launcher/com.huawei.android.launcher.unihome.UniHomeLauncher mIsInMultiScreen = false
07-31 17:05:26.408  1776  1776 W HwLauncher: TalkBackHelper needAnnounceAbilityForm input parameter is null
07-31 17:05:26.408  1851  4177 I HwOcrImeController: updateUser userId = 11 mIsOwnerUser = false
07-31 17:05:26.408  1851  4177 I HwOcrImeController: setOcrImeSupportProp mIsOcrImeValid = true mIsHardKeyboardAvailable = false mIsInMultiScreen = false mIsOwnerUser = false
07-31 17:05:26.408  1851  4177 I HwOcrImeController: setOcrImeSupportProp mIsOcrImeValid = true mIsHardKeyboardAvailable = false mIsInMultiScreen = false mIsOwnerUser = false
07-31 17:05:26.408  1776  1776 W HwLauncher: TalkBackHelper needAnnounceAbilityForm input parameter is null
07-31 17:05:26.410   907  1418 I VSyncPredictor: setPeriod: 16666666
07-31 17:05:26.412   907   907 I Layer   : [*#13013] reparent null
07-31 17:05:26.422  1776  1776 E ndroid.launche: No package ID 9c found for ID 0x9c010000.
07-31 17:05:26.422  1776  1776 E ndroid.launche: No package ID 9c found for ID 0x9c010100.
07-31 17:05:26.422  1776  1776 E ndroid.launche: No package ID 9c found for ID 0x9c010200.
07-31 17:05:26.422  1776  1776 E ndroid.launche: No package ID 9c found for ID 0x9c010300.
07-31 17:05:26.422  1776  1776 E ndroid.launche: No package ID 9c found for ID 0x9c010400.
07-31 17:05:26.423  1776  1776 E ndroid.launche: No package ID 9c found for ID 0x9c010001.
07-31 17:05:26.424  1776  1776 E ndroid.launche: No package ID 9c found for ID 0x9c010101.
07-31 17:05:26.424  1776  1776 E ndroid.launche: No package ID 9c found for ID 0x9c010201.
07-31 17:05:26.424  1776  1776 W HwLauncher: TalkBackHelper needAnnounceAbilityForm input parameter is null
07-31 17:05:26.425  1776  1776 E ndroid.launche: No package ID 9c found for ID 0x9c010301.
07-31 17:05:26.426  1776  1776 E ndroid.launche: No package ID 9c found for ID 0x9c010401.
07-31 17:05:26.426  1776  1776 W HwLauncher: TalkBackHelper needAnnounceAbilityForm input parameter is null
07-31 17:05:26.426  1776  1776 E ndroid.launche: No package ID 9c found for ID 0x9c010500.
07-31 17:05:26.427  1776  1776 W HwLauncher: TalkBackHelper needAnnounceAbilityForm input parameter is null
07-31 17:05:26.430  1776  1776 E ndroid.launche: No package ID 9c found for ID 0x9c010002.
07-31 17:05:26.430  1776  1776 E ndroid.launche: No package ID 9c found for ID 0x9c010003.
07-31 17:05:26.431  1776  1776 E ndroid.launche: No package ID 9c found for ID 0x9c010103.
07-31 17:05:26.431  1776  1776 E ndroid.launche: No package ID 9c found for ID 0x9c010203.
07-31 17:05:26.432  1776  1776 E ndroid.launche: No package ID 9c found for ID 0x9c010303.
07-31 17:05:26.432  1776  1776 E ndroid.launche: No package ID 9c found for ID 0x9c010403.
07-31 17:05:26.432  1776  1776 E ndroid.launche: No package ID 9c found for ID 0x9c010503.
07-31 17:05:26.433  1776  1776 E ndroid.launche: No package ID 9c found for ID 0x9c010004.
07-31 17:05:26.433  1776  1776 E ndroid.launche: No package ID 9c found for ID 0x9c010104.
07-31 17:05:26.434  1776  1776 E ndroid.launche: No package ID 9c found for ID 0x9c010104.
07-31 17:05:26.434  1776  1776 E ndroid.launche: No package ID 9c found for ID 0x9c010304.
07-31 17:05:26.435  1776  1776 E ndroid.launche: No package ID 9c found for ID 0x9c010404.
07-31 17:05:26.435  1776  1776 E ndroid.launche: No package ID 9c found for ID 0x9c010504.
07-31 17:05:26.436  1776  1776 E ndroid.launche: No package ID 9c found for ID 0x9c010604.
07-31 17:05:26.436  1776  1776 E ndroid.launche: No package ID 9c found for ID 0x9c010604.
07-31 17:05:26.437  1776  1776 E ndroid.launche: No package ID 9c found for ID 0x9c020000.
07-31 17:05:26.437  1776  1776 W HwLauncher: TalkBackHelper needAnnounceAbilityForm input parameter is null
07-31 17:05:26.445  1776  1776 W HwLauncher: TalkBackHelper needAnnounceAbilityForm input parameter is null
07-31 17:05:26.450   638 25193 I keystore2: keystore2::watchdog: Watchdog thread idle -> terminating. Have a great day.
07-31 17:05:26.453  1776  1776 W HwLauncher: TalkBackHelper needAnnounceAbilityForm input parameter is null
07-31 17:05:26.467  1776  1776 W HwLauncher: TalkBackHelper needAnnounceAbilityForm input parameter is null
07-31 17:05:26.470  1776  1776 E ndroid.launche: Invalid ID 0x9b000000.
07-31 17:05:26.470  1776  1776 E ndroid.launche: No package ID 9b found for ID 0x9b010100.
07-31 17:05:26.470  1776  1776 E ndroid.launche: No package ID 9b found for ID 0x9b020200.
07-31 17:05:26.470  1776  1776 E ndroid.launche: No package ID 9b found for ID 0x9b030300.
07-31 17:05:26.470  1776  1776 E ndroid.launche: No package ID 9b found for ID 0x9b040400.
07-31 17:05:26.472  1776  1776 E ndroid.launche: No package ID 9b found for ID 0x9b050500.
07-31 17:05:26.473  1776  1776 E ndroid.launche: No package ID 9b found for ID 0x9b060600.
07-31 17:05:26.475  1776  1776 E ndroid.launche: No package ID 9b found for ID 0x9b090900.
07-31 17:05:26.475  1776  1776 E ndroid.launche: No package ID 9b found for ID 0x9b090900.
07-31 17:05:26.476  1776  1776 E ndroid.launche: No package ID 9b found for ID 0x9b080800.
07-31 17:05:26.476  1776  1776 E ndroid.launche: No package ID 9b found for ID 0x9b080800.
07-31 17:05:26.476  1776  1776 E ndroid.launche: No package ID 9b found for ID 0x9b080800.
07-31 17:05:26.476  1776  1776 E ndroid.launche: No package ID 9b found for ID 0x9b070700.
07-31 17:05:26.478  1776  1776 E ndroid.launche: No package ID 9b found for ID 0x9b060600.
07-31 17:05:26.479  1776  1776 E ndroid.launche: No package ID 9b found for ID 0x9b050500.
07-31 17:05:26.480  1776  1776 E ndroid.launche: No package ID 9b found for ID 0x9b040400.
07-31 17:05:26.480  1776  1776 E ndroid.launche: No package ID 9b found for ID 0x9b030300.
07-31 17:05:26.583  1776  1776 E ndroid.launche: Invalid ID 0x9c000000.
07-31 17:05:26.584  1776  1776 E ndroid.launche: Invalid ID 0x9c000003.
07-31 17:05:26.584  1776  1776 E ndroid.launche: Invalid ID 0x9c000203.
07-31 17:05:26.584  1776  1776 E ndroid.launche: Invalid ID 0x9c000403.
07-31 17:05:26.585  1776  1776 E ndroid.launche: Invalid ID 0x9c000503.
07-31 17:05:26.585  1776  1776 E ndroid.launche: Invalid ID 0x9c000204.
07-31 17:05:26.585  1776  1776 E ndroid.launche: Invalid ID 0x9c000304.
07-31 17:05:26.585  1776  1776 E ndroid.launche: Invalid ID 0x9c000404.
07-31 17:05:26.586  1776  1776 E ndroid.launche: Invalid ID 0x9c000604.
07-31 17:05:26.586  1776  1776 W HwLauncher: TalkBackHelper needAnnounceAbilityForm input parameter is null
07-31 17:05:26.587  1776  1776 W HwLauncher: TalkBackHelper needAnnounceAbilityForm input parameter is null
07-31 17:05:26.603  3015  3031 W hos.inputmetho: ApkAssets: Deleting an ApkAssets object '<empty> and /system/priv-app/Settings/Settings.apk' with 1 weak references
07-31 17:05:26.606  3015  3031 W hos.inputmetho: ApkAssets: Deleting an ApkAssets object '<empty> and /system/priv-app/Settings/Resolution.apk' with 1 weak references
07-31 17:05:26.607  3015  3031 W hos.inputmetho: ApkAssets: Deleting an ApkAssets object '<empty> and /system/priv-app/Settings/Restores.apk' with 1 weak references
07-31 17:05:26.607  3015  3031 W hos.inputmetho: ApkAssets: Deleting an ApkAssets object '<empty> and /system/priv-app/Settings/SettingsTheme.apk' with 1 weak references
07-31 17:05:26.625 23243 23243 I InputMethodService: removeImeSurface window.hide
07-31 17:05:26.625  1851  4177 I HwInputMethodManagerService: hideCurrentInputMethodFromWindowNoToken
07-31 17:05:26.649  1851  1920 I HwAmbientLuxFilterAlgo: SceneBufferAmbientLux input error,end=30,start=-141,bufferSize=59
07-31 17:05:26.864  1851 10380 E TaskPersister: File error accessing recents directory (directory doesn't exist?).
07-31 17:05:26.999  1851  1920 I HwAmbientLuxFilterAlgo: SceneBufferAmbientLux input error,end=30,start=-141,bufferSize=59
07-31 17:05:27.093  1040  1565 E aptouch_daemon: PreTp::CheckMemory[932]used 3396Kb(max 15360Kb), power 51, 
07-31 17:05:27.162  1350  8694 I CPU_STATS: iawared: query next cpu load with 2!
07-31 17:05:27.162  1350  8694 I CPU_STATS: total cost time 2004078124 ns
07-31 17:05:27.164  1350  8694 I CPU_STATS: iawared: current total load is 0.285143, capacity : 5166, pre load:  14873778204368, current load : 14876661117562
07-31 17:05:27.166  1350  8694 I CPU_STATS: read once cost time 4019 us
07-31 17:05:27.274  4588  5225 I PG_ash  : com.huawei.ohos.systemmanager timeout trigger time sources: BinderCall, triggerTime: 283758012
07-31 17:05:27.275  4588  5225 I PG_ash  : com.huawei.ohos.systemmanager update time, cur: 283764016, trigger: 283758012
07-31 17:05:27.275  4588  5225 I AppManager: check dependency pid: 29891 is depended by pid: 15621
07-31 17:05:27.275  4588  5225 I PG_ash  :  can not ignore depended about hide app: com.huawei.ohos.systemmanager
07-31 17:05:27.349  1851  1920 I HwAmbientLuxFilterAlgo: SceneBufferAmbientLux input error,end=30,start=-141,bufferSize=59
07-31 17:05:27.403   637   637 I android.system.suspend@1.0-service: incSuspendCounter kname=native_PowerManagerService.WakeLocks ++mSuspendCounter= 3
07-31 17:05:27.405  1851  4072 I NetworkStats: performPollLocked, pid = 1851
07-31 17:05:27.417  1851  4072 I NetworkStatsCollection: getSummary, uid = 1000stats size = 2
07-31 17:05:27.417  1851  4072 I NetworkStatsCollection: getSummary, uid = 1000stats size = 2
07-31 17:05:27.417  1851  4072 I NetworkStatsCollection: getSummary, uid = 1000stats size = 215
07-31 17:05:27.418  1851  4072 I NetworkStatsCollection: getSummary, uid = 1000stats size = 2
07-31 17:05:27.418  1851  4072 I NetworkStatsCollection: getSummary, uid = 1000stats size = 2
07-31 17:05:27.418  1851  4072 I NetworkStatsCollection: getSummary, uid = 1000stats size = 215
07-31 17:05:27.422  1851  4072 I NetworkStats: callingPid is system 1851
07-31 17:05:27.423   637   637 I android.system.suspend@1.0-service: decSuspendCounter kname=native_PowerManagerService.WakeLocks --mSuspendCounter= 2
07-31 17:05:27.425   808  4398 I netd    : bandwidthSetGlobalAlert(2097152) <0.37ms>
07-31 17:05:27.427  1851  4076 I TrafficMonitor: update:rxPkts:257,txPkts:1147,rxBytes:15992,txBytes:1398583
07-31 17:05:27.428  1851  4076 I TrafficMonitor: gettimer:interval=2000
07-31 17:05:27.499  1851  4076 I WifiNl80211Manager: Noise: -90, Snr: 34, Chload: 101, rssi: -61, txBitrate: 243, rxBitrate: 229, frequency: 5745, UlDelay: 0, currentTxBytes: 408369258, currentTxPackets: 4366432, currentTxFailed: 12, currentRxBytes: 191388333, currentRxPackets: 1155986
07-31 17:05:27.610  4588  5225 I PG_ash  : com.huawei.recsys timeout trigger time sources: BinderCall, triggerTime: 283734348
07-31 17:05:27.611  4588  5225 I PG_ash  : com.huawei.recsys update time, cur: 283764352, trigger: 283734348
07-31 17:05:27.611  4588  5225 I AppManager: check dependency pid: 4847 is depended by pid: 2399
07-31 17:05:27.611  4588  5225 I PG_ash  :  can not ignore depended about hide app: com.huawei.recsys
07-31 17:05:27.700  1851  1920 I HwAmbientLuxFilterAlgo: SceneBufferAmbientLux input error,end=30,start=-141,bufferSize=59
07-31 17:05:27.730  4741  4924 I OllieMsgCenter: publishEvt=2135097353
07-31 17:05:28.049  1851  1920 I HwAmbientLuxFilterAlgo: SceneBufferAmbientLux input error,end=30,start=-141,bufferSize=59
07-31 17:05:28.399  1851  1920 I HwAmbientLuxFilterAlgo: SceneBufferAmbientLux input error,end=30,start=-141,bufferSize=59
07-31 17:05:28.423  1851  4076 I TrafficMonitor: expired arrive. level:-1
07-31 17:05:28.423  1851  4076 I TrafficMonitor: during_ms:2004,period_ms:2000
07-31 17:05:28.424  1851  4076 I TrafficMonitor: count:319,rx_sum:257,tx_sum:1147,rxBytes:15992,during_ms:2004,rx_speed:7980.039920159681,tx_speed:697895.7085828343,rto:0.22406277244986922
07-31 17:05:28.424  1851  4076 I HuaweiWifiWatchdogStateMachine: Get speed information rx_speed = 7980 ,tx_speed = 697895 ,isSpeedOk = true ,mBestSpeedInPeriod = 7980
07-31 17:05:28.737  1851  4172 I WifiNl80211Manager: Noise: -90, Snr: 32, Chload: 101, rssi: -61, txBitrate: 229, rxBitrate: 216, frequency: 5745, UlDelay: 0, currentTxBytes: 408519787, currentTxPackets: 4366597, currentTxFailed: 12, currentRxBytes: 191392285, currentRxPackets: 1156043
07-31 17:05:28.737  1851  4168 I WiFi_PRO: MSG_RETURN_AP_CURRY_RSSI rssi = -61
07-31 17:05:28.737  1851  4168 I QosMonitor: queryRtt: rttType = 3
07-31 17:05:28.737  1851  4168 I QosMonitor: call ctrlHwWifiNetwork
07-31 17:05:28.737  1851  4172 I HuaweiWifiWatchdogStateMachine: POta txb txg rxg:0, 3754, 0. Lr =0% Totpkt=3754
07-31 17:05:28.739  1851  4168 I QosMonitor: postEventFromNative: msg=100,arg1=4,arg2=10
07-31 17:05:28.739  1851  4168 I QosMonitor: call ctrlHwWifiNetwork
07-31 17:05:28.740  1851  4168 I QosMonitor: postEventFromNative: msg=100,arg1=0,arg2=10
07-31 17:05:28.740  1851  4168 I MQoS    : rtt=1160,tcpTxPkts=681265,tcpRxPkts=916865
07-31 17:05:28.741  1851 11821 I HwConnectivityServiceEx: set 1000, metered: false, value: false
07-31 17:05:28.743  1851  4172 I HuaweiWifiWatchdogStateMachine: PTcp RTT:0, rtt pkt=0, tcp_rx=0, tcp_tx=0, tcp_reTran=0, rtRate=0
07-31 17:05:28.743  1851  4172 I HuaweiWifiWatchdogStateMachine: start computeQosLevel tcpRtt = 0 ,rssi = -61 ,mBestSpeedInPeriod = 7980
07-31 17:05:28.743  1851  4172 I HuaweiWifiWatchdogStateMachine: smoothConsecutiveQosResults, currentQosLevel = 3
07-31 17:05:28.744  1851  4168 I QosMonitor: resetRtt: rttType = 3
07-31 17:05:28.744  1851  4168 I QosMonitor: call ctrlHwWifiNetwork
07-31 17:05:28.745  1851 11821 I MQoS    : QOS_level:0(0),wifi-link;SIM error;use level-0
07-31 17:05:28.745  1851 11821 I MQoS    : skip-low-Level:0(0),wifi-link;SIM error;use level-0
07-31 17:05:28.749  1851  1920 I HwAmbientLuxFilterAlgo: SceneBufferAmbientLux input error,end=30,start=-141,bufferSize=59
07-31 17:05:29.096  1851  4177 I HwConnectivityServiceEx: set 10197, metered: false, value: false
07-31 17:05:29.099  1851  1920 I HwAmbientLuxFilterAlgo: SceneBufferAmbientLux input error,end=30,start=-141,bufferSize=59
07-31 17:05:29.148  1851  4177 E UserInfoExt: setUserInfo: userInfo is null!
07-31 17:05:29.148  1851  4177 E UserInfoExt: isClonedProfile: mUserInfo is null!
07-31 17:05:29.148  1851  4177 E UserInfoExt: setUserInfo: userInfo is null!
07-31 17:05:29.159  2935  2935 I MediaReceiver: onReceive android.intent.action.MEDIA_SCANNER_SCAN_FILE
07-31 17:05:29.170  1350  8694 I CPU_STATS: iawared: query next cpu load with 2!
07-31 17:05:29.171  1350  8694 I CPU_STATS: total cost time 2008336979 ns
07-31 17:05:29.173  1350  8694 I CPU_STATS: iawared: current total load is 0.225168, capacity : 5166, pre load:  14876661117562, current load : 14878942501220
07-31 17:05:29.176  1851  7207 I ActivityManager: power push bindservice callingPkg:android, pkg:com.android.providers.media.module, callerApp pid:1851, pid:2935
07-31 17:05:29.178  1350  8694 I CPU_STATS: read once cost time 6689 us
07-31 17:05:29.181  1851  7232 I BroadcastQueue: Finished with ordered [background] broadcast BroadcastRecord{a2dc572 u11 android.intent.action.MEDIA_SCANNER_SCAN_FILE} cost time 31,receiversNum 1,max receiver ResolveInfo{cccb31f com.android.providers.media.module/com.android.providers.media.MediaReceiver m=0x208000} cost time 31
07-31 17:05:29.181  2935  2935 I MediaService: onCreate {MediaVolume name: [external_primary] id: [emulated;11] user: [UserHandle{11}] path: [/storage/emulated/11]}
07-31 17:05:29.181  2935  2935 I MediaService: onBind
07-31 17:05:29.184   637   637 I android.system.suspend@1.0-service: incSuspendCounter kname=native_PowerManagerService.WakeLocks ++mSuspendCounter= 3
07-31 17:05:29.186  2935  3699 I MediaService: Begin Intent { act=android.intent.action.MEDIA_SCANNER_SCAN_FILE dat=file:///sdcard/screen_2025-07-31_170525.png flg=0x1400010 cmp=com.android.providers.media.module/com.android.providers.media.MediaService }file:///sdcard/screen_2025-07-31_170525.png
07-31 17:05:29.195  2935  3699 I MediaProvider: handleScanSingleFile but scan path is not single file!
07-31 17:05:29.201  2935  3699 I ModernMediaScanner: max id 38
07-31 17:05:29.202  2935  3699 W ModernMediaScanner: Failed to visit one file, meet exception
07-31 17:05:29.202  2935  3699 I ModernMediaScanner: sqlSelection ifnull(format,12288) != 47621 AND (_data LIKE ? ESCAPE '\' OR _data LIKE ? ESCAPE '\') AND generation_added <= 75
07-31 17:05:29.202  2935  3699 W Bundle  : Key android:query-arg-match-trashed expected String but value was a java.lang.Integer.  The default value <null> was returned.
07-31 17:05:29.202  2935  3699 W Bundle  : Attempt to cast generated internal exception:
07-31 17:05:29.202  2935  3699 W Bundle  : java.lang.ClassCastException: java.lang.Integer cannot be cast to java.lang.String
07-31 17:05:29.202  2935  3699 W Bundle  : 	at android.os.BaseBundle.getString(BaseBundle.java:1298)
07-31 17:05:29.202  2935  3699 W Bundle  : 	at com.android.providers.media.scan.ModernMediaScanner$Scan.reconcileAndClean(ModernMediaScanner.java:674)
